


materialPath: E:\Games\Steam\SteamApps\common\Team Fortress 2\tf\materials
Loading C:\Users\Jürgen\Dropbox\Public\Coding\vmf\td_firstone_v3_fixed_1.vmf
material "td_firstone5/teleportengineer_256" not found.
Material not found!: TD_FIRSTONE5/TELEPORTENGINEER_256
ConVarRef mat_reduceparticles doesn't point to an existing ConVar
material "td_firstone5/teleportdemo_256" not found.
Material not found!: TD_FIRSTONE5/TELEPORTDEMO_256
material "td_firstone5/teleportminigun_256" not found.
Material not found!: TD_FIRSTONE5/TELEPORTMINIGUN_256
material "td_firstone5/teleportflare_256" not found.
Material not found!: TD_FIRSTONE5/TELEPORTFLARE_256
material "td_firstone5/teleportrocket_256" not found.
Material not found!: TD_FIRSTONE5/TELEPORTROCKET_256
material "td_firstone5/teleportpyro_256" not found.
Material not found!: TD_FIRSTONE5/TELEPORTPYRO_256
material "td_firstone5/teleportsniper_256" not found.
Material not found!: TD_FIRSTONE5/TELEPORTSNIPER_256
material "td_firstone5/teleportjarate" not found.
Material not found!: TD_FIRSTONE5/TELEPORTJARATE
material "td_firstone5/teleport_medic" not found.
Material not found!: TD_FIRSTONE5/TELEPORT_MEDIC
material "td_firstone5/teleportantiairflaretower_256" not found.
Material not found!: TD_FIRSTONE5/TELEPORTANTIAIRFLARETOWER_256
material "td_firstone5/teleportshotguntower_256" not found.
Material not found!: TD_FIRSTONE5/TELEPORTSHOTGUNTOWER_256
material "td_firstone5/teleportantiairtower_256" not found.
Material not found!: TD_FIRSTONE5/TELEPORTANTIAIRTOWER_256
material "td_firstone5/teleportautoflaretower" not found.
Material not found!: TD_FIRSTONE5/TELEPORTAUTOFLARETOWER
material "td_firstone5/teleportarrowtower" not found.
Material not found!: TD_FIRSTONE5/TELEPORTARROWTOWER
Patching WVT material: maps/td_firstone_v3_fixed_1/egypt/sand_grass_blend_01_wvt_patch
fixing up env_cubemap materials on brush sides...
0...1...2...3...4...5...6...7...8...9...100...1...2...3...4...5...6...7...8...9...10Processing areas...done (0)
Building Faces...done (0)
Chop Details...done (0)
Find Visible Detail Sides...
Merged 202 detail faces...done (0)
Merging details...done (0)
FixTjuncs...
PruneNodes...
WriteBSP...
done (0)
writing C:\Users\Jürgen\Dropbox\Public\Coding\vmf\td_firstone_v3_fixed_1.prt...Building visibility clusters...
done (0)
Creating default LDR cubemaps for env_cubemap using skybox materials:
   skybox/sky_hydro_01*.vmt
 ! Run buildcubemaps in the engine to get the correct cube maps.
Creating default HDR cubemaps for env_cubemap using skybox materials:
   skybox/sky_hydro_01*.vmt
 ! Run buildcubemaps in the engine to get the correct cube maps.
Finding displacement neighbors...
Finding lightmap sample positions...
Displacement Alpha : 0...1...2...3...4...5...6...7...8...9...10
material "td_firstone5/price" not found.
Building Physics collision data...
done (1) (225076 bytes)
Error loading studio model "models/jungle/palm4_static.mdl"!
Placing detail props : 0...1...2...3...4...5...6...7...8...9...10
Compacting texture/material tables...
Reduced 902 texinfos to 530
Reduced 53 texdatas to 49 (1475 bytes to 1346)
Writing C:\Users\Jürgen\Dropbox\Public\Coding\vmf\td_firstone_v3_fixed_1.bsp
1 second elapsed



8 threads
reading c:\users\jürgen\dropbox\public\coding\vmf\td_firstone_v3_fixed_1.bsp
reading c:\users\jürgen\dropbox\public\coding\vmf\td_firstone_v3_fixed_1.prt
 245 portalclusters
 585 numportals
0...1...2...3...4...5...6...7...8...9...10Optimized: 2 visible clusters (0.00%)
Total clusters visible: 57351
Average clusters visible: 234
Building PAS...
Average clusters audible: 235
visdatasize:16904  compressed from 15680
writing c:\users\jürgen\dropbox\public\coding\vmf\td_firstone_v3_fixed_1.bsp
0 seconds elapsed



[Reading texlights from 'lights.rad']
[34 texlights parsed from 'lights.rad']

Loading c:\users\jürgen\dropbox\public\coding\vmf\td_firstone_v3_fixed_1.bsp
2128 faces
2821817 square feet [406341760.00 square inches]
4 Displacements
108954 Square Feet [15689472.00 Square Inches]
2128 patches before subdivision
11516 patches after subdivision
7 direct lights
0...1...2...3...4...5...6...7...8...9...100...1...2...3...4...5...6...7...8...9...10transfers 744416, max 427
transfer lists:   5.7 megs
0...1...2...3...4...5...6...7...8...9...10	Bounce #1 added RGB(55104, 41672, 20705)
0...1...2...3...4...5...6...7...8...9...10	Bounce #2 added RGB(4049, 2463, 1456)
0...1...2...3...4...5...6...7...8...9...10	Bounce #3 added RGB(965, 406, 176)
0...1...2...3...4...5...6...7...8...9...10	Bounce #4 added RGB(95, 41, 19)
0...1...2...3...4...5...6...7...8...9...10	Bounce #5 added RGB(29, 7, 2)
0...1...2...3...4...5...6...7...8...9...10	Bounce #6 added RGB(3, 1, 0)
0...1...2...3...4...5...6...7...8...9...10	Bounce #7 added RGB(1, 0, 0)
0...1...2...3...4...5...6...7...8...9...10	Bounce #8 added RGB(0, 0, 0)
Build Patch/Sample Hash Table(s).....Done<0.0054 sec>
0...1...2...3...4...5...6...7...8...9...10FinalLightFace Done
0 of 0 (0% of) surface lights went in leaf ambient cubes.
0...1...2...3...4...5...6...7...8...9...10Writing leaf ambient...done
Ready to Finish

Object names       Objects/Maxobjs  Memory / Maxmem  Fullness 
------------       ---------------  ---------------  -------- 
models                 106/1024         5088/49152    (10.4%) 
brushes                437/8192         5244/98304    ( 5.3%) 
brushsides            3035/65536       24280/524288   ( 4.6%) 
planes                2430/65536       48600/1310720  ( 3.7%) 
vertexes              3363/65536       40356/786432   ( 5.1%) 
nodes                 1460/65536       46720/2097152  ( 2.2%) 
texinfos               530/12288       38160/884736   ( 4.3%) 
texdata                 49/2048         1568/65536    ( 2.4%) 
dispinfos                4/0             704/0        ( 0.0%) 
disp_verts             324/0            6480/0        ( 0.0%) 
disp_tris              512/0            1024/0        ( 0.0%) 
disp_lmsamples       63504/0           63504/0        ( 0.0%) 
faces                 2128/65536      119168/3670016  ( 3.2%) 
hdr faces                0/65536           0/3670016  ( 0.0%) 
origfaces             1438/65536       80528/3670016  ( 2.2%) 
leaves                1567/65536       50144/2097152  ( 2.4%) 
leaffaces             2771/65536        5542/131072   ( 4.2%) 
leafbrushes           1525/65536        3050/131072   ( 2.3%) 
areas                    3/256            24/2048     ( 1.2%) 
surfedges            15712/512000      62848/2048000  ( 3.1%) 
edges                 9176/256000      36704/1024000  ( 3.6%) 
LDR worldlights          7/8192          616/720896   ( 0.1%) 
HDR worldlights          0/8192            0/720896   ( 0.0%) 
leafwaterdata            0/32768           0/393216   ( 0.0%) 
waterstrips            144/32768        1440/327680   ( 0.4%) 
waterverts               0/65536           0/786432   ( 0.0%) 
waterindices          3201/65536        6402/131072   ( 4.9%) 
cubemapsamples           3/1024           48/16384    ( 0.3%) 
overlays                 3/512          1056/180224   ( 0.6%) 
LDR lightdata         [variable]      448012/0        ( 0.0%) 
HDR lightdata         [variable]           0/0        ( 0.0%) 
visdata               [variable]       16904/16777216 ( 0.1%) 
entdata               [variable]       64852/393216   (16.5%) 
LDR ambient table     1567/65536        6268/262144   ( 2.4%) 
HDR ambient table     1567/65536        6268/262144   ( 2.4%) 
LDR leaf ambient      5812/65536      162736/1835008  ( 8.9%) 
HDR leaf ambient      1567/65536       43876/1835008  ( 2.4%) 
occluders                0/0               0/0        ( 0.0%) 
occluder polygons        0/0               0/0        ( 0.0%) 
occluder vert ind        0/0               0/0        ( 0.0%) 
detail props          [variable]           1/12       ( 8.3%) 
static props          [variable]           1/3538     ( 0.0%) 
pakfile               [variable]      424561/0        ( 0.0%) 
physics               [variable]      225076/4194304  ( 5.4%) 
physics terrain       [variable]        1432/1048576  ( 0.1%) 

Level flags = 0

Total triangle count: 5628
Writing c:\users\jürgen\dropbox\public\coding\vmf\td_firstone_v3_fixed_1.bsp
18 seconds elapsed



materialPath: E:\Games\Steam\SteamApps\common\Team Fortress 2\tf\materials
Loading C:\Users\Jürgen\Dropbox\Public\Coding\vmf\td_firstone_v3_fixed_1.vmf
material "td_firstone5/teleportengineer_256" not found.
Material not found!: TD_FIRSTONE5/TELEPORTENGINEER_256
ConVarRef mat_reduceparticles doesn't point to an existing ConVar
material "td_firstone5/teleportdemo_256" not found.
Material not found!: TD_FIRSTONE5/TELEPORTDEMO_256
material "td_firstone5/teleportminigun_256" not found.
Material not found!: TD_FIRSTONE5/TELEPORTMINIGUN_256
material "td_firstone5/teleportflare_256" not found.
Material not found!: TD_FIRSTONE5/TELEPORTFLARE_256
material "td_firstone5/teleportrocket_256" not found.
Material not found!: TD_FIRSTONE5/TELEPORTROCKET_256
material "td_firstone5/teleportpyro_256" not found.
Material not found!: TD_FIRSTONE5/TELEPORTPYRO_256
material "td_firstone5/teleportsniper_256" not found.
Material not found!: TD_FIRSTONE5/TELEPORTSNIPER_256
material "td_firstone5/teleportjarate" not found.
Material not found!: TD_FIRSTONE5/TELEPORTJARATE
material "td_firstone5/teleport_medic" not found.
Material not found!: TD_FIRSTONE5/TELEPORT_MEDIC
material "td_firstone5/teleportantiairflaretower_256" not found.
Material not found!: TD_FIRSTONE5/TELEPORTANTIAIRFLARETOWER_256
material "td_firstone5/teleportshotguntower_256" not found.
Material not found!: TD_FIRSTONE5/TELEPORTSHOTGUNTOWER_256
material "td_firstone5/teleportantiairtower_256" not found.
Material not found!: TD_FIRSTONE5/TELEPORTANTIAIRTOWER_256
material "td_firstone5/teleportautoflaretower" not found.
Material not found!: TD_FIRSTONE5/TELEPORTAUTOFLARETOWER
material "td_firstone5/teleportarrowtower" not found.
Material not found!: TD_FIRSTONE5/TELEPORTARROWTOWER
Patching WVT material: maps/td_firstone_v3_fixed_1/egypt/sand_grass_blend_01_wvt_patch
fixing up env_cubemap materials on brush sides...
0...1...2...3...4...5...6...7...8...9...100...1...2...3...4...5...6...7...8...9...10Processing areas...done (0)
Building Faces...done (0)
Chop Details...done (0)
Find Visible Detail Sides...
Merged 202 detail faces...done (0)
Merging details...done (0)
FixTjuncs...
PruneNodes...
WriteBSP...
done (1)
writing C:\Users\Jürgen\Dropbox\Public\Coding\vmf\td_firstone_v3_fixed_1.prt...Building visibility clusters...
done (0)
material "skybox/sky_island_01rt" not found.
Can't load skybox file skybox/sky_island_01 to build the default cubemap!
Can't load skybox file skybox/sky_island_01 to build the default cubemap!
Finding displacement neighbors...
Finding lightmap sample positions...
Displacement Alpha : 0...1...2...3...4...5...6...7...8...9...10
material "td_firstone5/price" not found.
Building Physics collision data...
done (0) (225076 bytes)
Error loading studio model "models/jungle/palm4_static.mdl"!
Placing detail props : 0...1...2...3...4...5...6...7...8...9...10
Compacting texture/material tables...
Reduced 902 texinfos to 530
Reduced 53 texdatas to 49 (1475 bytes to 1346)
Writing C:\Users\Jürgen\Dropbox\Public\Coding\vmf\td_firstone_v3_fixed_1.bsp
1 second elapsed



8 threads
reading c:\users\jürgen\dropbox\public\coding\vmf\td_firstone_v3_fixed_1.bsp
reading c:\users\jürgen\dropbox\public\coding\vmf\td_firstone_v3_fixed_1.prt
 245 portalclusters
 585 numportals
0...1...2...3...4...5...6...7...8...9...10Optimized: 2 visible clusters (0.00%)
Total clusters visible: 57351
Average clusters visible: 234
Building PAS...
Average clusters audible: 235
visdatasize:16904  compressed from 15680
writing c:\users\jürgen\dropbox\public\coding\vmf\td_firstone_v3_fixed_1.bsp
0 seconds elapsed



[Reading texlights from 'lights.rad']
[34 texlights parsed from 'lights.rad']

Loading c:\users\jürgen\dropbox\public\coding\vmf\td_firstone_v3_fixed_1.bsp
2128 faces
2821817 square feet [406341760.00 square inches]
4 Displacements
108954 Square Feet [15689472.00 Square Inches]
2128 patches before subdivision
11516 patches after subdivision
7 direct lights
0...1...2...3...4...5...6...7...8...9...100...1...2...3...4...5...6...7...8...9...10transfers 744416, max 427
transfer lists:   5.7 megs
0...1...2...3...4...5...6...7...8...9...10	Bounce #1 added RGB(55104, 41672, 20705)
0...1...2...3...4...5...6...7...8...9...10	Bounce #2 added RGB(4049, 2463, 1456)
0...1...2...3...4...5...6...7...8...9...10	Bounce #3 added RGB(965, 406, 176)
0...1...2...3...4...5...6...7...8...9...10	Bounce #4 added RGB(95, 41, 19)
0...1...2...3...4...5...6...7...8...9...10	Bounce #5 added RGB(29, 7, 2)
0...1...2...3...4...5...6...7...8...9...10	Bounce #6 added RGB(3, 1, 0)
0...1...2...3...4...5...6...7...8...9...10	Bounce #7 added RGB(1, 0, 0)
0...1...2...3...4...5...6...7...8...9...10	Bounce #8 added RGB(0, 0, 0)
Build Patch/Sample Hash Table(s).....Done<0.0055 sec>
0...1...2...3...4...5...6...7...8...9...10FinalLightFace Done
0 of 0 (0% of) surface lights went in leaf ambient cubes.
0...1...2...3...4...5...6...7...8...9...10Writing leaf ambient...done
Ready to Finish

Object names       Objects/Maxobjs  Memory / Maxmem  Fullness 
------------       ---------------  ---------------  -------- 
models                 106/1024         5088/49152    (10.4%) 
brushes                437/8192         5244/98304    ( 5.3%) 
brushsides            3035/65536       24280/524288   ( 4.6%) 
planes                2430/65536       48600/1310720  ( 3.7%) 
vertexes              3363/65536       40356/786432   ( 5.1%) 
nodes                 1460/65536       46720/2097152  ( 2.2%) 
texinfos               530/12288       38160/884736   ( 4.3%) 
texdata                 49/2048         1568/65536    ( 2.4%) 
dispinfos                4/0             704/0        ( 0.0%) 
disp_verts             324/0            6480/0        ( 0.0%) 
disp_tris              512/0            1024/0        ( 0.0%) 
disp_lmsamples       63504/0           63504/0        ( 0.0%) 
faces                 2128/65536      119168/3670016  ( 3.2%) 
hdr faces                0/65536           0/3670016  ( 0.0%) 
origfaces             1438/65536       80528/3670016  ( 2.2%) 
leaves                1567/65536       50144/2097152  ( 2.4%) 
leaffaces             2771/65536        5542/131072   ( 4.2%) 
leafbrushes           1525/65536        3050/131072   ( 2.3%) 
areas                    3/256            24/2048     ( 1.2%) 
surfedges            15712/512000      62848/2048000  ( 3.1%) 
edges                 9176/256000      36704/1024000  ( 3.6%) 
LDR worldlights          7/8192          616/720896   ( 0.1%) 
HDR worldlights          0/8192            0/720896   ( 0.0%) 
leafwaterdata            0/32768           0/393216   ( 0.0%) 
waterstrips            144/32768        1440/327680   ( 0.4%) 
waterverts               0/65536           0/786432   ( 0.0%) 
waterindices          3201/65536        6402/131072   ( 4.9%) 
cubemapsamples           3/1024           48/16384    ( 0.3%) 
overlays                 3/512          1056/180224   ( 0.6%) 
LDR lightdata         [variable]      448012/0        ( 0.0%) 
HDR lightdata         [variable]           0/0        ( 0.0%) 
visdata               [variable]       16904/16777216 ( 0.1%) 
entdata               [variable]       64853/393216   (16.5%) 
LDR ambient table     1567/65536        6268/262144   ( 2.4%) 
HDR ambient table     1567/65536        6268/262144   ( 2.4%) 
LDR leaf ambient      5812/65536      162736/1835008  ( 8.9%) 
HDR leaf ambient      1567/65536       43876/1835008  ( 2.4%) 
occluders                0/0               0/0        ( 0.0%) 
occluder polygons        0/0               0/0        ( 0.0%) 
occluder vert ind        0/0               0/0        ( 0.0%) 
detail props          [variable]           1/12       ( 8.3%) 
static props          [variable]           1/3538     ( 0.0%) 
pakfile               [variable]        1897/0        ( 0.0%) 
physics               [variable]      225076/4194304  ( 5.4%) 
physics terrain       [variable]        1432/1048576  ( 0.1%) 

Level flags = 0

Total triangle count: 5628
Writing c:\users\jürgen\dropbox\public\coding\vmf\td_firstone_v3_fixed_1.bsp
18 seconds elapsed



materialPath: E:\Games\Steam\SteamApps\common\Team Fortress 2\tf\materials
Loading C:\Users\Jürgen\Dropbox\Public\Coding\vmf\td_firstone_v3_fixed_1.vmf
material "td_firstone5/teleportengineer_256" not found.
Material not found!: TD_FIRSTONE5/TELEPORTENGINEER_256
ConVarRef mat_reduceparticles doesn't point to an existing ConVar
material "td_firstone5/teleportdemo_256" not found.
Material not found!: TD_FIRSTONE5/TELEPORTDEMO_256
material "td_firstone5/teleportminigun_256" not found.
Material not found!: TD_FIRSTONE5/TELEPORTMINIGUN_256
material "td_firstone5/teleportflare_256" not found.
Material not found!: TD_FIRSTONE5/TELEPORTFLARE_256
material "td_firstone5/teleportrocket_256" not found.
Material not found!: TD_FIRSTONE5/TELEPORTROCKET_256
material "td_firstone5/teleportpyro_256" not found.
Material not found!: TD_FIRSTONE5/TELEPORTPYRO_256
material "td_firstone5/teleportsniper_256" not found.
Material not found!: TD_FIRSTONE5/TELEPORTSNIPER_256
material "td_firstone5/teleportjarate" not found.
Material not found!: TD_FIRSTONE5/TELEPORTJARATE
material "td_firstone5/teleport_medic" not found.
Material not found!: TD_FIRSTONE5/TELEPORT_MEDIC
material "td_firstone5/teleportantiairflaretower_256" not found.
Material not found!: TD_FIRSTONE5/TELEPORTANTIAIRFLARETOWER_256
material "td_firstone5/teleportshotguntower_256" not found.
Material not found!: TD_FIRSTONE5/TELEPORTSHOTGUNTOWER_256
material "td_firstone5/teleportantiairtower_256" not found.
Material not found!: TD_FIRSTONE5/TELEPORTANTIAIRTOWER_256
material "td_firstone5/teleportautoflaretower" not found.
Material not found!: TD_FIRSTONE5/TELEPORTAUTOFLARETOWER
material "td_firstone5/teleportarrowtower" not found.
Material not found!: TD_FIRSTONE5/TELEPORTARROWTOWER
Patching WVT material: maps/td_firstone_v3_fixed_1/egypt/sand_grass_blend_01_wvt_patch
fixing up env_cubemap materials on brush sides...
0...1...2...3...4...5...6...7...8...9...100...1...2...3...4...5...6...7...8...9...10Processing areas...done (0)
Building Faces...done (0)
Chop Details...done (0)
Find Visible Detail Sides...
Merged 202 detail faces...done (0)
Merging details...done (0)
FixTjuncs...
PruneNodes...
WriteBSP...
done (0)
writing C:\Users\Jürgen\Dropbox\Public\Coding\vmf\td_firstone_v3_fixed_1.prt...Building visibility clusters...
done (0)
Creating default LDR cubemaps for env_cubemap using skybox materials:
   skybox/sky_island_01*.vmt
 ! Run buildcubemaps in the engine to get the correct cube maps.
Creating default HDR cubemaps for env_cubemap using skybox materials:
   skybox/sky_island_01*.vmt
 ! Run buildcubemaps in the engine to get the correct cube maps.
Finding displacement neighbors...
Finding lightmap sample positions...
Displacement Alpha : 0...1...2...3...4...5...6...7...8...9...10
material "td_firstone5/price" not found.
Building Physics collision data...
done (0) (225076 bytes)
Error loading studio model "models/jungle/palm4_static.mdl"!
Placing detail props : 0...1...2...3...4...5...6...7...8...9...10
Compacting texture/material tables...
Reduced 902 texinfos to 530
Reduced 53 texdatas to 49 (1475 bytes to 1346)
Writing C:\Users\Jürgen\Dropbox\Public\Coding\vmf\td_firstone_v3_fixed_1.bsp
2 seconds elapsed



8 threads
reading c:\users\jürgen\dropbox\public\coding\vmf\td_firstone_v3_fixed_1.bsp
reading c:\users\jürgen\dropbox\public\coding\vmf\td_firstone_v3_fixed_1.prt
 245 portalclusters
 585 numportals
0...1...2...3...4...5...6...7...8...9...10Optimized: 2 visible clusters (0.00%)
Total clusters visible: 57351
Average clusters visible: 234
Building PAS...
Average clusters audible: 235
visdatasize:16904  compressed from 15680
writing c:\users\jürgen\dropbox\public\coding\vmf\td_firstone_v3_fixed_1.bsp
0 seconds elapsed



[Reading texlights from 'lights.rad']
[34 texlights parsed from 'lights.rad']

Loading c:\users\jürgen\dropbox\public\coding\vmf\td_firstone_v3_fixed_1.bsp
2128 faces
2821817 square feet [406341760.00 square inches]
4 Displacements
108954 Square Feet [15689472.00 Square Inches]
2128 patches before subdivision
11516 patches after subdivision
7 direct lights
0...1...2...3...4...5...6...7...8...9...100...1...2...3...4...5...6...7...8...9...10transfers 744416, max 427
transfer lists:   5.7 megs
0...1...2...3...4...5...6...7...8...9...10	Bounce #1 added RGB(55104, 41672, 20705)
0...1...2...3...4...5...6...7...8...9...10	Bounce #2 added RGB(4049, 2463, 1456)
0...1...2...3...4...5...6...7...8...9...10	Bounce #3 added RGB(965, 406, 176)
0...1...2...3...4...5...6...7...8...9...10	Bounce #4 added RGB(95, 41, 19)
0...1...2...3...4...5...6...7...8...9...10	Bounce #5 added RGB(29, 7, 2)
0...1...2...3...4...5...6...7...8...9...10	Bounce #6 added RGB(3, 1, 0)
0...1...2...3...4...5...6...7...8...9...10	Bounce #7 added RGB(1, 0, 0)
0...1...2...3...4...5...6...7...8...9...10	Bounce #8 added RGB(0, 0, 0)
Build Patch/Sample Hash Table(s).....Done<0.0058 sec>
0...1...2...3...4...5...6...7...8...9...10FinalLightFace Done
0 of 0 (0% of) surface lights went in leaf ambient cubes.
0...1...2...3...4...5...6...7...8...9...10Writing leaf ambient...done
Ready to Finish

Object names       Objects/Maxobjs  Memory / Maxmem  Fullness 
------------       ---------------  ---------------  -------- 
models                 106/1024         5088/49152    (10.4%) 
brushes                437/8192         5244/98304    ( 5.3%) 
brushsides            3035/65536       24280/524288   ( 4.6%) 
planes                2430/65536       48600/1310720  ( 3.7%) 
vertexes              3363/65536       40356/786432   ( 5.1%) 
nodes                 1460/65536       46720/2097152  ( 2.2%) 
texinfos               530/12288       38160/884736   ( 4.3%) 
texdata                 49/2048         1568/65536    ( 2.4%) 
dispinfos                4/0             704/0        ( 0.0%) 
disp_verts             324/0            6480/0        ( 0.0%) 
disp_tris              512/0            1024/0        ( 0.0%) 
disp_lmsamples       63504/0           63504/0        ( 0.0%) 
faces                 2128/65536      119168/3670016  ( 3.2%) 
hdr faces                0/65536           0/3670016  ( 0.0%) 
origfaces             1438/65536       80528/3670016  ( 2.2%) 
leaves                1567/65536       50144/2097152  ( 2.4%) 
leaffaces             2771/65536        5542/131072   ( 4.2%) 
leafbrushes           1525/65536        3050/131072   ( 2.3%) 
areas                    3/256            24/2048     ( 1.2%) 
surfedges            15712/512000      62848/2048000  ( 3.1%) 
edges                 9176/256000      36704/1024000  ( 3.6%) 
LDR worldlights          7/8192          616/720896   ( 0.1%) 
HDR worldlights          0/8192            0/720896   ( 0.0%) 
leafwaterdata            0/32768           0/393216   ( 0.0%) 
waterstrips            144/32768        1440/327680   ( 0.4%) 
waterverts               0/65536           0/786432   ( 0.0%) 
waterindices          3201/65536        6402/131072   ( 4.9%) 
cubemapsamples           3/1024           48/16384    ( 0.3%) 
overlays                 3/512          1056/180224   ( 0.6%) 
LDR lightdata         [variable]      448012/0        ( 0.0%) 
HDR lightdata         [variable]           0/0        ( 0.0%) 
visdata               [variable]       16904/16777216 ( 0.1%) 
entdata               [variable]       64853/393216   (16.5%) 
LDR ambient table     1567/65536        6268/262144   ( 2.4%) 
HDR ambient table     1567/65536        6268/262144   ( 2.4%) 
LDR leaf ambient      5812/65536      162736/1835008  ( 8.9%) 
HDR leaf ambient      1567/65536       43876/1835008  ( 2.4%) 
occluders                0/0               0/0        ( 0.0%) 
occluder polygons        0/0               0/0        ( 0.0%) 
occluder vert ind        0/0               0/0        ( 0.0%) 
detail props          [variable]           1/12       ( 8.3%) 
static props          [variable]           1/3538     ( 0.0%) 
pakfile               [variable]      329389/0        ( 0.0%) 
physics               [variable]      225076/4194304  ( 5.4%) 
physics terrain       [variable]        1432/1048576  ( 0.1%) 

Level flags = 0

Total triangle count: 5628
Writing c:\users\jürgen\dropbox\public\coding\vmf\td_firstone_v3_fixed_1.bsp
17 seconds elapsed
