PRT1
49
137
4 0 10 (5632 -1024 64 ) (5632 -1024 831.666992 ) (5120 -1024 831.666992 ) (5120 -1024 64 ) 
4 0 1 (5120 -1024 64 ) (5120 -1024 831.666992 ) (5120 0 831.666992 ) (5120 0 64 ) 
4 1 16 (5120 -1024 64 ) (5120 -1024 88 ) (4160 -1024 88 ) (4160 -1024 64 ) 
4 1 13 (5120 -1024 88 ) (5120 -1024 104 ) (4160 -1024 104 ) (4160 -1024 88 ) 
4 1 12 (5120 -1024 104 ) (5120 -1024 831.666992 ) (4160 -1024 831.666992 ) (4160 -1024 104 ) 
4 1 3 (4160 -1024 104 ) (4160 -1024 831.666992 ) (4160 -704 831.666992 ) (4160 -704 104 ) 
4 1 4 (4160 -704 64 ) (4160 -1024 64 ) (4160 -1024 88 ) (4160 -704 88 ) 
4 1 2 (4160 0 64 ) (4160 -704 64 ) (4160 -704 831.666992 ) (4160 0 831.666992 ) 
4 2 9 (4096 0 88 ) (4096 0 64 ) (4096 -704 64 ) (4096 -704 88 ) 
4 2 6 (4096 0 104 ) (4096 0 88 ) (4096 -704 88 ) (4096 -704 104 ) 
4 2 5 (4096 -704 831.666992 ) (4096 0 831.666992 ) (4096 0 104 ) (4096 -704 104 ) 
4 2 3 (4160 -704 104 ) (4160 -704 831.666992 ) (4096 -704 831.666992 ) (4096 -704 104 ) 
4 2 4 (4096 -704 64 ) (4160 -704 64 ) (4160 -704 88 ) (4096 -704 88 ) 
4 3 12 (4160 -1024 831.666992 ) (4096 -1024 831.666992 ) (4096 -1024 104 ) (4160 -1024 104 ) 
4 3 5 (4096 -1024 104 ) (4096 -1024 831.666992 ) (4096 -704 831.666992 ) (4096 -704 104 ) 
4 4 16 (4096 -1024 88 ) (4096 -1024 64 ) (4160 -1024 64 ) (4160 -1024 88 ) 
4 4 9 (4096 -1024 64 ) (4096 -1024 88 ) (4096 -704 88 ) (4096 -704 64 ) 
4 5 30 (3072 -1024 104 ) (3072 -1024 831.666992 ) (3072 0 831.666992 ) (3072 0 104 ) 
4 5 17 (4096 -1024 104 ) (4096 -1024 831.666992 ) (3072 -1024 831.666992 ) (3072 -1024 104 ) 
4 5 8 (4032 -1024 104 ) (3136 -1024 104 ) (3136 -832 104 ) (4032 -832 104 ) 
4 5 7 (3072 -704 104 ) (3072 0 104 ) (4032 0 104 ) (4032 -704 104 ) 
4 5 6 (4032 -704 104 ) (4032 0 104 ) (4096 0 104 ) (4096 -704 104 ) 
4 6 9 (4032 0 88 ) (4096 0 88 ) (4096 -704 88 ) (4032 -704 88 ) 
4 6 7 (4032 0 88 ) (4032 -704 88 ) (4032 -704 104 ) (4032 0 104 ) 
4 7 31 (3072 -704 104 ) (3072 0 104 ) (3072 0 88 ) (3072 -704 88 ) 
4 7 9 (3072 -704 88 ) (3072 0 88 ) (4032 0 88 ) (4032 -704 88 ) 
4 8 21 (3760 -1024 104 ) (3408 -1024 104 ) (3376 -1024 88 ) (3792 -1024 88 ) 
4 8 20 (3408 -1024 104 ) (3136 -1024 104 ) (3136 -1024 88 ) (3376 -1024 88 ) 
4 8 19 (4032 -1024 104 ) (3760 -1024 104 ) (3792 -1024 88 ) (4032 -1024 88 ) 
4 8 9 (3136 -832 88 ) (4032 -832 88 ) (4032 -1024 88 ) (3136 -1024 88 ) 
4 9 34 (3072 -1024 64 ) (3072 -1024 88 ) (3072 0 88 ) (3072 0 64 ) 
4 9 26 (3136 -1024 88 ) (3072 -1024 88 ) (3072 -1024 64 ) (3136 -1024 64 ) 
4 9 21 (3792 -1024 88 ) (3376 -1024 88 ) (3328 -1024 64 ) (3840 -1024 64 ) 
4 9 20 (3376 -1024 88 ) (3136 -1024 88 ) (3136 -1024 64 ) (3328 -1024 64 ) 
4 9 19 (4032 -1024 88 ) (3792 -1024 88 ) (3840 -1024 64 ) (4032 -1024 64 ) 
4 9 18 (4096 -1024 64 ) (4096 -1024 88 ) (4032 -1024 88 ) (4032 -1024 64 ) 
4 10 16 (5120 -1024 88 ) (5120 -1024 64 ) (5120 -2048 64 ) (5120 -2048 88 ) 
4 10 14 (5120 -1216 88 ) (5120 -2048 88 ) (5120 -2048 104 ) (5120 -1216 104 ) 
4 10 13 (5120 -1024 104 ) (5120 -1024 88 ) (5120 -1216 88 ) (5120 -1216 104 ) 
4 10 12 (5120 -1024 831.666992 ) (5120 -1024 104 ) (5120 -2048 104 ) (5120 -2048 831.666992 ) 
4 10 11 (5632 -2048 64 ) (5632 -2048 831.666992 ) (5120 -2048 831.666992 ) (5120 -2048 64 ) 
4 11 28 (5120 -2560 64 ) (5120 -2560 831.666992 ) (5120 -2048 831.666992 ) (5120 -2048 64 ) 
4 12 28 (5120 -2048 104 ) (5120 -2048 831.666992 ) (4096 -2048 831.666992 ) (4096 -2048 104 ) 
4 12 17 (4096 -1024 831.666992 ) (4096 -1024 104 ) (4096 -2048 104 ) (4096 -2048 831.666992 ) 
4 12 15 (4096 -2048 104 ) (4096 -1344 104 ) (4160 -1344 104 ) (4160 -2048 104 ) 
4 12 14 (4160 -1216 104 ) (5120 -1216 104 ) (5120 -2048 104 ) (4160 -2048 104 ) 
4 12 13 (4160 -1024 104 ) (5120 -1024 104 ) (5120 -1216 104 ) (4160 -1216 104 ) 
4 13 16 (4160 -1024 88 ) (5120 -1024 88 ) (5120 -1216 88 ) (4160 -1216 88 ) 
4 13 14 (4160 -1216 88 ) (5120 -1216 88 ) (5120 -1216 104 ) (4160 -1216 104 ) 
4 14 28 (5120 -2048 88 ) (5120 -2048 104 ) (4160 -2048 104 ) (4160 -2048 88 ) 
4 14 16 (5120 -2048 88 ) (4160 -2048 88 ) (4160 -1216 88 ) (5120 -1216 88 ) 
4 14 15 (4160 -1344 88 ) (4160 -2048 88 ) (4160 -2048 104 ) (4160 -1344 104 ) 
4 15 28 (4160 -2048 104 ) (4096 -2048 104 ) (4096 -2048 88 ) (4160 -2048 88 ) 
4 15 24 (4096 -1344 88 ) (4096 -2048 88 ) (4096 -2048 104 ) (4096 -1344 104 ) 
4 15 16 (4160 -2048 88 ) (4096 -2048 88 ) (4096 -1344 88 ) (4160 -1344 88 ) 
4 16 28 (5120 -2048 64 ) (5120 -2048 88 ) (4096 -2048 88 ) (4096 -2048 64 ) 
4 16 24 (4096 -1344 64 ) (4096 -2048 64 ) (4096 -2048 88 ) (4096 -1344 88 ) 
4 16 23 (4096 -1216 64 ) (4096 -1344 64 ) (4096 -1344 88 ) (4096 -1216 88 ) 
4 16 18 (4096 -1024 88 ) (4096 -1024 64 ) (4096 -1216 64 ) (4096 -1216 88 ) 
4 17 37 (3072 -2048 104 ) (3072 -2048 831.666992 ) (3072 -1024 831.666992 ) (3072 -1024 104 ) 
4 17 29 (4096 -2048 104 ) (4096 -2048 831.666992 ) (3072 -2048 831.666992 ) (3072 -2048 104 ) 
4 17 27 (3136 -2048 104 ) (3072 -2048 104 ) (3072 -1344 104 ) (3136 -1344 104 ) 
4 17 25 (3760 -2048 104 ) (3408 -2048 104 ) (3408 -1456 104 ) (3760 -1456 104 ) 
4 17 24 (4096 -1344 104 ) (4096 -2048 104 ) (3760 -2048 104 ) (3760 -1344 104 ) 
4 17 22 (3408 -2048 104 ) (3136 -2048 104 ) (3136 -1216 104 ) (3408 -1216 104 ) 
4 17 21 (3408 -1104 104 ) (3408 -1024 104 ) (3760 -1024 104 ) (3760 -1104 104 ) 
4 17 20 (3408 -1216 104 ) (3136 -1216 104 ) (3136 -1024 104 ) (3408 -1024 104 ) 
4 17 19 (4032 -1216 104 ) (3760 -1216 104 ) (3760 -1024 104 ) (4032 -1024 104 ) 
4 18 23 (4032 -1216 64 ) (4096 -1216 64 ) (4096 -1216 88 ) (4032 -1216 88 ) 
4 18 19 (4032 -1024 64 ) (4032 -1216 64 ) (4032 -1216 88 ) (4032 -1024 88 ) 
4 19 23 (3840 -1216 64 ) (4032 -1216 64 ) (4032 -1216 88 ) (3792 -1216 88 ) 
3 19 21 (3840 -1024 64 ) (3760 -1104 104 ) (3760 -1024 104 ) 
4 20 26 (3136 -1024 64 ) (3136 -1216 64 ) (3136 -1216 88 ) (3136 -1024 88 ) 
4 20 22 (3136 -1216 104 ) (3136 -1216 64 ) (3328 -1216 64 ) (3408 -1216 104 ) 
3 20 21 (3408 -1024 104 ) (3408 -1104 104 ) (3328 -1024 64 ) 
4 22 29 (3408 -2048 104 ) (3136 -2048 104 ) (3136 -2048 64 ) (3328 -2048 64 ) 
4 22 26 (3136 -1216 64 ) (3136 -1344 64 ) (3136 -1344 88 ) (3136 -1216 88 ) 
4 22 27 (3136 -1344 64 ) (3136 -2048 64 ) (3136 -2048 104 ) (3136 -1344 104 ) 
4 22 25 (3328.003906 -2048 64 ) (3328.003906 -1536 64 ) (3408.003906 -1456 104 ) (3408.003906 -2048 104 ) 
4 23 24 (3840 -1344 64 ) (4096 -1344 64 ) (4096 -1344 88 ) (3792 -1344 88 ) 
4 24 29 (4096 -2048 64 ) (4096 -2048 104 ) (3760 -2048 104 ) (3840 -2048 64 ) 
4 24 25 (3759.996094 -2048 104 ) (3759.996094 -1456 104 ) (3839.996094 -1536 64 ) (3839.996094 -2048 64 ) 
4 25 29 (3760 -2048 104 ) (3408 -2048 104 ) (3328 -2048 64 ) (3840 -2048 64 ) 
4 26 41 (3072 -1024 88 ) (3072 -1024 64 ) (3072 -1344 64 ) (3072 -1344 88 ) 
4 26 27 (3072 -1344 64 ) (3136 -1344 64 ) (3136 -1344 88 ) (3072 -1344 88 ) 
4 27 41 (3072 -2048 64 ) (3072 -2048 88 ) (3072 -1344 88 ) (3072 -1344 64 ) 
4 27 38 (3072 -2048 88 ) (3072 -2048 104 ) (3072 -1344 104 ) (3072 -1344 88 ) 
4 27 29 (3136 -2048 104 ) (3072 -2048 104 ) (3072 -2048 64 ) (3136 -2048 64 ) 
4 28 29 (4096 -2560 64 ) (4096 -2560 831.666992 ) (4096 -2048 831.666992 ) (4096 -2048 64 ) 
4 29 47 (3072 -2560 64 ) (3072 -2560 831.666992 ) (3072 -2048 831.666992 ) (3072 -2048 64 ) 
4 30 37 (3072 -1024 104 ) (3072 -1024 831.666992 ) (2048 -1024 831.666992 ) (2048 -1024 104 ) 
4 30 35 (2048 -1024 104 ) (2048 -1024 831.666992 ) (2048 0 831.666992 ) (2048 0 104 ) 
4 30 33 (3008 -1024 104 ) (2048 -1024 104 ) (2048 -832 104 ) (3008 -832 104 ) 
4 30 31 (3008 0 104 ) (3072 0 104 ) (3072 -704 104 ) (3008 -704 104 ) 
4 30 32 (2048 -832 104 ) (2048 0 104 ) (3008 0 104 ) (3008 -832 104 ) 
4 31 34 (3008 0 88 ) (3072 0 88 ) (3072 -704 88 ) (3008 -704 88 ) 
4 31 32 (3008 0 88 ) (3008 -704 88 ) (3008 -704 104 ) (3008 0 104 ) 
4 32 35 (2048 -832 104 ) (2048 0 104 ) (2048 0 88 ) (2048 -832 88 ) 
4 32 34 (2048 0 88 ) (3008 0 88 ) (3008 -832 88 ) (2048 -832 88 ) 
4 32 33 (2048 -832 88 ) (3008 -832 88 ) (3008 -832 104 ) (2048 -832 104 ) 
4 33 39 (3008 -1024 104 ) (2048 -1024 104 ) (2048 -1024 88 ) (3008 -1024 88 ) 
4 33 35 (2048 -1024 88 ) (2048 -1024 104 ) (2048 -832 104 ) (2048 -832 88 ) 
4 33 34 (3008 -1024 88 ) (2048 -1024 88 ) (2048 -832 88 ) (3008 -832 88 ) 
4 34 41 (3072 -1024 64 ) (3072 -1024 88 ) (2048 -1024 88 ) (2048 -1024 64 ) 
4 34 35 (2048 -1024 64 ) (2048 -1024 88 ) (2048 0 88 ) (2048 0 64 ) 
4 35 46 (2048 -1024 64 ) (2048 -1024 88 ) (1536 -1024 88 ) (1536 -1024 64 ) 
4 35 42 (2048 -1024 88 ) (2048 -1024 831.666992 ) (1792 -1024 831.666992 ) (1792 -1024 88 ) 
4 35 45 (1792 -1024 831.666992 ) (1536 -1024 831.666992 ) (1536 -1024 88 ) (1792 -1024 88 ) 
4 37 47 (3072 -2048 104 ) (3072 -2048 831.666992 ) (2048 -2048 831.666992 ) (2048 -2048 104 ) 
4 37 43 (2048 -1216 104 ) (2048 -1344 104 ) (2048 -1344 831.666992 ) (2048 -1216 831.666992 ) 
4 37 42 (2048 -1024 831.666992 ) (2048 -1024 104 ) (2048 -1216 104 ) (2048 -1216 831.666992 ) 
4 37 44 (2048 -1344 104 ) (2048 -2048 104 ) (2048 -2048 831.666992 ) (2048 -1344 831.666992 ) 
4 37 39 (2048 -1216 104 ) (2048 -1024 104 ) (3008 -1024 104 ) (3008 -1216 104 ) 
4 37 40 (2048 -2048 104 ) (2048 -1344 104 ) (3008 -1344 104 ) (3008 -2048 104 ) 
4 37 38 (3072 -1344 104 ) (3072 -2048 104 ) (3008 -2048 104 ) (3008 -1344 104 ) 
4 38 47 (3072 -2048 88 ) (3072 -2048 104 ) (3008 -2048 104 ) (3008 -2048 88 ) 
4 38 41 (3072 -2048 88 ) (3008 -2048 88 ) (3008 -1344 88 ) (3072 -1344 88 ) 
4 38 40 (3008 -1344 88 ) (3008 -2048 88 ) (3008 -2048 104 ) (3008 -1344 104 ) 
4 39 42 (2048 -1024 104 ) (2048 -1024 88 ) (2048 -1216 88 ) (2048 -1216 104 ) 
4 39 41 (2048 -1216 88 ) (2048 -1024 88 ) (3008 -1024 88 ) (3008 -1216 88 ) 
4 40 47 (3008 -2048 104 ) (2048 -2048 104 ) (2048 -2048 88 ) (3008 -2048 88 ) 
4 40 44 (2048 -1344 88 ) (2048 -2048 88 ) (2048 -2048 104 ) (2048 -1344 104 ) 
4 40 41 (3008 -2048 88 ) (2048 -2048 88 ) (2048 -1344 88 ) (3008 -1344 88 ) 
4 41 47 (3072 -2048 64 ) (3072 -2048 88 ) (2048 -2048 88 ) (2048 -2048 64 ) 
4 41 46 (2048 -1024 88 ) (2048 -1024 64 ) (2048 -2048 64 ) (2048 -2048 88 ) 
4 42 46 (1792 -1024 88 ) (2048 -1024 88 ) (2048 -1216 88 ) (1792 -1216 88 ) 
4 42 43 (1792 -1216 831.666992 ) (1792 -1216 104 ) (2048 -1216 104 ) (2048 -1216 831.666992 ) 
4 42 45 (1792 -1024 88 ) (1792 -1216 88 ) (1792 -1216 831.666992 ) (1792 -1024 831.666992 ) 
4 43 45 (1792 -1344 104 ) (1792 -1344 831.666992 ) (1792 -1216 831.666992 ) (1792 -1216 104 ) 
4 43 44 (1792 -1344 831.666992 ) (1792 -1344 104 ) (2048 -1344 104 ) (2048 -1344 831.666992 ) 
4 44 48 (2048 -2048 88 ) (2048 -2048 831.666992 ) (1792 -2048 831.666992 ) (1792 -2048 88 ) 
4 44 46 (2048 -1344 88 ) (2048 -2048 88 ) (1792 -2048 88 ) (1792 -1344 88 ) 
4 44 45 (1792 -1344 88 ) (1792 -2048 88 ) (1792 -2048 831.666992 ) (1792 -1344 831.666992 ) 
4 45 48 (1792 -2048 831.666992 ) (1536 -2048 831.666992 ) (1536 -2048 88 ) (1792 -2048 88 ) 
4 45 46 (1536 -2048 88 ) (1536 -1024 88 ) (1792 -1024 88 ) (1792 -2048 88 ) 
4 46 48 (2048 -2048 64 ) (2048 -2048 88 ) (1536 -2048 88 ) (1536 -2048 64 ) 
4 47 48 (2048 -2560 64 ) (2048 -2560 831.666992 ) (2048 -2048 831.666992 ) (2048 -2048 64 ) 
