


materialPath: E:\Backup\Backups\tf\materials
Loading C:\Users\Jürgen\Dropbox\Public\Coding\vmf\td_firstyard_a2.vmf
Patching WVT material: maps/td_firstyard_a2/dev/dev_blendmeasure2_wvt_patch
fixing up env_cubemap materials on brush sides...
0...1...2...3...4...5...6...7...8...9...100...1...2...3...4...5...6...7...8...9...10Processing areas...done (0)
Building Faces...done (0)
Chop Details...done (0)
Find Visible Detail Sides...done (0)
Merging details...done (0)
FixTjuncs...
PruneNodes...
WriteBSP...
done (0)
writing C:\Users\Jürgen\adfafadfasfDropbox\Public\Coding\vmf\td_firstyard_a2.prt...Building visibility clusters...
done (0)
Creating default LDR cubemaps for env_cubemap using skybox materials:
   skybox/sky_day01_01*.vmt
 ! Run buildcubemaps in the engine to get the correct cube maps.
Creating default HDR cubemaps for env_cubemap using skybox materials:
   skybox/sky_day01_01*.vmt
 ! Run buildcubemaps in the engine to get the correct cube maps.
Finding displacement neighbors...
Finding lightmap sample positions...
Displacement Alpha : 0...1...2...3...4...5...6...7...8...9...10
Building Physics collision data...
done (0) (19302 bytes)
Placing detail props : 0...1...2...3...4...5...6...7...8...9...10
Compacting texture/material tables...
Reduced 57 texinfos to 26
Reduced 10 texdatas to 9 (270 bytes to 248)
Writing C:\Users\Jürgen\Dropbox\Public\Coding\vmf\td_firstyard_a2.bsp
0 seconds elapsed



8 threads
reading c:\users\jürgen\dropbox\public\coding\vmf\td_firstyard_a2.bsp
reading c:\users\jürgen\dropbox\public\coding\vmf\td_firstyard_a2.prt
  49 portalclusters
 137 numportals
0...1...2...3...4...5...6...7...8...9...10Optimized: 7 visible clusters (0.31%)
Total clusters visible: 2248
Average clusters visible: 45
Building PAS...
Average clusters audible: 47
visdatasize:1078  compressed from 784
writing c:\users\jürgen\dropbox\public\coding\vmf\td_firstyard_a2.bsp
0 seconds elapsed



[Reading texlights from 'lights.rad']
[34 texlights parsed from 'lights.rad']

Loading c:\users\jürgen\dropbox\public\coding\vmf\td_firstyard_a2.bsp
275 faces
263308 square feet [37916380.00 square inches]
0 Displacements
0 Square Feet [0.00 Square Inches]
275 patches before subdivision
20953 patches after subdivision
2 direct lights
0...1...2...3...4...5...6...7...8...9...100...1...2...3...4...5...6...7...8...9...10transfers 2331055, max 361
transfer lists:  17.8 megs
0...1...2...3...4...5...6...7...8...9...10	Bounce #1 added RGB(5040, 6068, 7551)
0...1...2...3...4...5...6...7...8...9...10	Bounce #2 added RGB(327, 426, 635)
0...1...2...3...4...5...6...7...8...9...10	Bounce #3 added RGB(27, 31, 54)
0...1...2...3...4...5...6...7...8...9...10	Bounce #4 added RGB(5, 2, 5)
0...1...2...3...4...5...6...7...8...9...10	Bounce #5 added RGB(1, 0, 0)
Build Patch/Sample Hash Table(s).....Done<0.0081 sec>
0...1...2...3...4...5...6...7...8...9...10FinalLightFace Done
0 of 0 (0% of) surface lights went in leaf ambient cubes.
0...1...2...3...4...5...6...7...8...9...10Writing leaf ambient...done
Ready to Finish

Object names       Objects/Maxobjs  Memory / Maxmem  Fullness 
------------       ---------------  ---------------  -------- 
models                   7/1024          336/49152    ( 0.7%) 
brushes                 50/8192          600/98304    ( 0.6%) 
brushsides             315/65536        2520/524288   ( 0.5%) 
planes                 246/65536        4920/1310720  ( 0.4%) 
vertexes               376/65536        4512/786432   ( 0.6%) 
nodes                  161/65536        5152/2097152  ( 0.2%) 
texinfos                26/12288        1872/884736   ( 0.2%) 
texdata                  9/2048          288/65536    ( 0.4%) 
dispinfos                0/0               0/0        ( 0.0%) 
disp_verts               0/0               0/0        ( 0.0%) 
disp_tris                0/0               0/0        ( 0.0%) 
disp_lmsamples           0/0               0/0        ( 0.0%) 
faces                  275/65536       15400/3670016  ( 0.4%) 
hdr faces                0/65536           0/3670016  ( 0.0%) 
origfaces               78/65536        4368/3670016  ( 0.1%) 
leaves                 169/65536        5408/2097152  ( 0.3%) 
leaffaces              405/65536         810/131072   ( 0.6%) 
leafbrushes            168/65536         336/131072   ( 0.3%) 
areas                    3/256            24/2048     ( 1.2%) 
surfedges             1504/512000       6016/2048000  ( 0.3%) 
edges                  789/256000       3156/1024000  ( 0.3%) 
LDR worldlights          2/8192          176/720896   ( 0.0%) 
HDR worldlights          0/8192            0/720896   ( 0.0%) 
leafwaterdata            0/32768           0/393216   ( 0.0%) 
waterstrips              7/32768          70/327680   ( 0.0%) 
waterverts               0/65536           0/786432   ( 0.0%) 
waterindices            90/65536         180/131072   ( 0.1%) 
cubemapsamples           0/1024            0/16384    ( 0.0%) 
overlays                 0/512             0/180224   ( 0.0%) 
LDR lightdata         [variable]      418588/0        ( 0.0%) 
HDR lightdata         [variable]           0/0        ( 0.0%) 
visdata               [variable]        1078/16777216 ( 0.0%) 
entdata               [variable]        5295/393216   ( 1.3%) 
LDR ambient table      169/65536         676/262144   ( 0.3%) 
HDR ambient table      169/65536         676/262144   ( 0.3%) 
LDR leaf ambient       661/65536       18508/1835008  ( 1.0%) 
HDR leaf ambient       169/65536        4732/1835008  ( 0.3%) 
occluders                0/0               0/0        ( 0.0%) 
occluder polygons        0/0               0/0        ( 0.0%) 
occluder vert ind        0/0               0/0        ( 0.0%) 
detail props          [variable]           1/12       ( 8.3%) 
static props          [variable]           1/12       ( 8.3%) 
pakfile               [variable]      106034/0        ( 0.0%) 
physics               [variable]       19302/4194304  ( 0.5%) 
physics terrain       [variable]           2/1048576  ( 0.0%) 

Level flags = 0

Total triangle count: 642
Writing c:\users\jürgen\dropbox\public\coding\vmf\td_firstyard_a2.bsp
8 seconds elapsed
