PRT1
245
585
4 0 2 (8192 6144 -308.796997 ) (8192 6144 849.734070 ) (8192 6666.589844 849.734070 ) (8192 6666.589844 -308.796997 ) 
4 0 1 (8192 6144 849.734070 ) (8192 6144 -308.796997 ) (8201.849609 6144 -308.796997 ) (8201.849609 6144 849.734070 ) 
4 1 6 (8201.849609 5120 849.734070 ) (8192 5120 849.734070 ) (8192 5120 -308.796997 ) (8201.849609 5120 -308.796997 ) 
4 1 4 (8192 5120 -308.796997 ) (8192 5120 849.734070 ) (8192 6144 849.734070 ) (8192 6144 -308.796997 ) 
4 2 4 (8192 6144 -308.796997 ) (8192 6144 849.734070 ) (7168 6144 849.734070 ) (7168 6144 -308.796997 ) 
4 2 3 (7168 6666.589844 -308.796997 ) (7168 6144 -308.796997 ) (7168 6144 849.734070 ) (7168 6666.589844 849.734070 ) 
4 3 18 (6144 6144 -308.796997 ) (6144 6144 849.734070 ) (6144 6666.589844 849.734070 ) (6144 6666.589844 -308.796997 ) 
4 3 5 (6144 6144 849.734070 ) (6144 6144 -308.796997 ) (7168 6144 -308.796997 ) (7168 6144 849.734070 ) 
4 4 8 (8192 5120 -308.796997 ) (8192 5120 849.734070 ) (7168 5120 849.734070 ) (7168 5120 -308.796997 ) 
4 4 5 (7168 6144 849.734070 ) (7168 6144 -308.796997 ) (7168 5120 -308.796997 ) (7168 5120 849.734070 ) 
4 5 20 (6144 5120 -308.796997 ) (6144 5120 849.734070 ) (6144 6144 849.734070 ) (6144 6144 -308.796997 ) 
4 5 9 (7168 5120 -308.796997 ) (7168 5120 849.734070 ) (6144 5120 849.734070 ) (6144 5120 -308.796997 ) 
4 6 8 (8192 4096 -308.796997 ) (8192 4096 849.734070 ) (8192 5120 849.734070 ) (8192 5120 -308.796997 ) 
4 6 7 (8201.849609 4096 849.734070 ) (8192 4096 849.734070 ) (8192 4096 -308.796997 ) (8201.849609 4096 -308.796997 ) 
4 7 12 (8201.849609 3072 849.734070 ) (8192 3072 849.734070 ) (8192 3072 -308.796997 ) (8201.849609 3072 -308.796997 ) 
4 7 10 (8192 3072 -308.796997 ) (8192 3072 849.734070 ) (8192 4096 849.734070 ) (8192 4096 -308.796997 ) 
4 8 10 (8192 4096 -308.796997 ) (8192 4096 849.734070 ) (7168 4096 849.734070 ) (7168 4096 -308.796997 ) 
4 8 9 (7168 4096 -308.796997 ) (7168 4096 849.734070 ) (7168 5120 849.734070 ) (7168 5120 -308.796997 ) 
4 9 26 (6144 4096 -308.796997 ) (6144 4096 849.734070 ) (6144 5120 849.734070 ) (6144 5120 -308.796997 ) 
4 9 11 (6144 4096 849.734070 ) (6144 4096 -308.796997 ) (7168 4096 -308.796997 ) (7168 4096 849.734070 ) 
4 10 14 (8192 3072 -308.796997 ) (8192 3072 849.734070 ) (7168 3072 849.734070 ) (7168 3072 -308.796997 ) 
4 10 11 (7168 4096 849.734070 ) (7168 4096 -308.796997 ) (7168 3072 -308.796997 ) (7168 3072 849.734070 ) 
4 11 28 (6144 3072 -308.796997 ) (6144 3072 849.734070 ) (6144 4096 849.734070 ) (6144 4096 -308.796997 ) 
4 11 15 (6144 3072 849.734070 ) (6144 3072 -308.796997 ) (7168 3072 -308.796997 ) (7168 3072 849.734070 ) 
4 12 14 (8192 3072 849.734070 ) (8192 3072 -308.796997 ) (8192 2048 -308.796997 ) (8192 2048 849.734070 ) 
4 12 13 (8201.849609 2048 849.734070 ) (8192 2048 849.734070 ) (8192 2048 -308.796997 ) (8201.849609 2048 -308.796997 ) 
4 13 42 (8201.849609 1024 849.734070 ) (8192 1024 849.734070 ) (8192 1024 -308.796997 ) (8201.849609 1024 -308.796997 ) 
4 13 16 (8192 1024 -308.796997 ) (8192 1024 849.734070 ) (8192 2048 849.734070 ) (8192 2048 -308.796997 ) 
4 14 16 (8192 2048 -308.796997 ) (8192 2048 849.734070 ) (7168 2048 849.734070 ) (7168 2048 -308.796997 ) 
4 14 15 (7168 3072 849.734070 ) (7168 3072 -308.796997 ) (7168 2048 -308.796997 ) (7168 2048 849.734070 ) 
4 15 34 (6144 2048 -308.796997 ) (6144 2048 849.734070 ) (6144 3072 849.734070 ) (6144 3072 -308.796997 ) 
4 15 17 (6144 2048 849.734070 ) (6144 2048 -308.796997 ) (7168 2048 -308.796997 ) (7168 2048 849.734070 ) 
4 16 45 (8192 1024 -308.796997 ) (8192 1024 849.734070 ) (7168 1024 849.734070 ) (7168 1024 -308.796997 ) 
4 16 17 (7168 2048 849.734070 ) (7168 2048 -308.796997 ) (7168 1024 -308.796997 ) (7168 1024 849.734070 ) 
4 17 46 (7168 1024 -308.796997 ) (7168 1024 849.734070 ) (6144 1024 849.734070 ) (6144 1024 -308.796997 ) 
4 17 36 (6144 1024 -308.796997 ) (6144 1024 849.734070 ) (6144 2048 849.734070 ) (6144 2048 -308.796997 ) 
4 18 20 (6144 6144 -308.796997 ) (6144 6144 849.734070 ) (5120 6144 849.734070 ) (5120 6144 -308.796997 ) 
4 18 19 (5120 6666.589844 -308.796997 ) (5120 6144 -308.796997 ) (5120 6144 849.734070 ) (5120 6666.589844 849.734070 ) 
4 19 22 (4096 6144 -308.796997 ) (4096 6144 849.734070 ) (4096 6666.589844 849.734070 ) (4096 6666.589844 -308.796997 ) 
4 19 21 (4096 6144 849.734070 ) (4096 6144 -308.796997 ) (5120 6144 -308.796997 ) (5120 6144 849.734070 ) 
4 20 26 (6144 5120 -308.796997 ) (6144 5120 849.734070 ) (5120 5120 849.734070 ) (5120 5120 -308.796997 ) 
4 20 21 (5120 6144 849.734070 ) (5120 6144 -308.796997 ) (5120 5120 -308.796997 ) (5120 5120 849.734070 ) 
4 21 27 (5120 5120 -308.796997 ) (5120 5120 849.734070 ) (4096 5120 849.734070 ) (4096 5120 -308.796997 ) 
4 21 24 (4096 5120 -308.796997 ) (4096 5120 849.734070 ) (4096 6144 849.734070 ) (4096 6144 -308.796997 ) 
4 22 24 (4096 6144 -308.796997 ) (4096 6144 849.734070 ) (3072 6144 849.734070 ) (3072 6144 -308.796997 ) 
4 22 23 (3072 6666.589844 -308.796997 ) (3072 6144 -308.796997 ) (3072 6144 849.734070 ) (3072 6666.589844 849.734070 ) 
4 23 84 (2048 6144 -308.796997 ) (2048 6144 849.734070 ) (2048 6666.589844 849.734070 ) (2048 6666.589844 -308.796997 ) 
4 23 25 (2048 6144 849.734070 ) (2048 6144 -308.796997 ) (3072 6144 -308.796997 ) (3072 6144 849.734070 ) 
4 24 30 (4096 5120 -308.796997 ) (4096 5120 849.734070 ) (3072 5120 849.734070 ) (3072 5120 -308.796997 ) 
4 24 25 (3072 6144 849.734070 ) (3072 6144 -308.796997 ) (3072 5120 -308.796997 ) (3072 5120 849.734070 ) 
4 25 86 (2048 5120 -308.796997 ) (2048 5120 849.734070 ) (2048 6144 849.734070 ) (2048 6144 -308.796997 ) 
4 25 31 (3072 5120 -308.796997 ) (3072 5120 849.734070 ) (2048 5120 849.734070 ) (2048 5120 -308.796997 ) 
4 26 28 (6144 4096 -308.796997 ) (6144 4096 849.734070 ) (5120 4096 849.734070 ) (5120 4096 -308.796997 ) 
4 26 27 (5120 4096 -308.796997 ) (5120 4096 849.734070 ) (5120 5120 849.734070 ) (5120 5120 -308.796997 ) 
4 27 30 (4096 4096 -308.796997 ) (4096 4096 849.734070 ) (4096 5120 849.734070 ) (4096 5120 -308.796997 ) 
4 27 29 (5120 4096 -308.796997 ) (5120 4096 849.734070 ) (4096 4096 849.734070 ) (4096 4096 -308.796997 ) 
4 28 34 (6144 3072 -308.796997 ) (6144 3072 849.734070 ) (5120 3072 849.734070 ) (5120 3072 -308.796997 ) 
4 28 29 (5120 4096 849.734070 ) (5120 4096 -308.796997 ) (5120 3072 -308.796997 ) (5120 3072 849.734070 ) 
4 29 35 (5120 3072 -308.796997 ) (5120 3072 849.734070 ) (4096 3072 849.734070 ) (4096 3072 -308.796997 ) 
4 29 32 (4096 3072 -308.796997 ) (4096 3072 849.734070 ) (4096 4096 849.734070 ) (4096 4096 -308.796997 ) 
4 30 32 (4096 4096 -308.796997 ) (4096 4096 849.734070 ) (3072 4096 849.734070 ) (3072 4096 -308.796997 ) 
4 30 31 (3072 4096 -308.796997 ) (3072 4096 849.734070 ) (3072 5120 849.734070 ) (3072 5120 -308.796997 ) 
4 31 92 (2048 4096 -308.796997 ) (2048 4096 849.734070 ) (2048 5120 849.734070 ) (2048 5120 -308.796997 ) 
4 31 33 (2048 4096 849.734070 ) (2048 4096 -308.796997 ) (3072 4096 -308.796997 ) (3072 4096 849.734070 ) 
4 32 38 (4096 3072 -308.796997 ) (4096 3072 849.734070 ) (3072 3072 849.734070 ) (3072 3072 -308.796997 ) 
4 32 33 (3072 4096 849.734070 ) (3072 4096 -308.796997 ) (3072 3072 -308.796997 ) (3072 3072 849.734070 ) 
4 33 94 (2048 3072 -308.796997 ) (2048 3072 849.734070 ) (2048 4096 849.734070 ) (2048 4096 -308.796997 ) 
4 33 39 (2048 3072 849.734070 ) (2048 3072 -308.796997 ) (3072 3072 -308.796997 ) (3072 3072 849.734070 ) 
4 34 36 (6144 2048 -308.796997 ) (6144 2048 849.734070 ) (5120 2048 849.734070 ) (5120 2048 -308.796997 ) 
4 34 35 (5120 3072 849.734070 ) (5120 3072 -308.796997 ) (5120 2048 -308.796997 ) (5120 2048 849.734070 ) 
4 35 38 (4096 3072 849.734070 ) (4096 3072 -308.796997 ) (4096 2048 -308.796997 ) (4096 2048 849.734070 ) 
4 35 37 (5120 2048 -308.796997 ) (5120 2048 849.734070 ) (4096 2048 849.734070 ) (4096 2048 -308.796997 ) 
4 36 60 (6144 1024 -308.796997 ) (6144 1024 849.734070 ) (5120 1024 849.734070 ) (5120 1024 -308.796997 ) 
4 36 37 (5120 2048 849.734070 ) (5120 2048 -308.796997 ) (5120 1024 -308.796997 ) (5120 1024 849.734070 ) 
4 37 61 (5120 1024 -308.796997 ) (5120 1024 849.734070 ) (4096 1024 849.734070 ) (4096 1024 -308.796997 ) 
4 37 40 (4096 1024 -308.796997 ) (4096 1024 849.734070 ) (4096 2048 849.734070 ) (4096 2048 -308.796997 ) 
4 38 40 (4096 2048 -308.796997 ) (4096 2048 849.734070 ) (3072 2048 849.734070 ) (3072 2048 -308.796997 ) 
4 38 39 (3072 3072 849.734070 ) (3072 3072 -308.796997 ) (3072 2048 -308.796997 ) (3072 2048 849.734070 ) 
4 39 100 (2048 2048 -308.796997 ) (2048 2048 849.734070 ) (2048 3072 849.734070 ) (2048 3072 -308.796997 ) 
4 39 41 (2048 2048 849.734070 ) (2048 2048 -308.796997 ) (3072 2048 -308.796997 ) (3072 2048 849.734070 ) 
4 40 66 (4096 1024 -308.796997 ) (4096 1024 849.734070 ) (3072 1024 849.734070 ) (3072 1024 -308.796997 ) 
4 40 41 (3072 2048 849.734070 ) (3072 2048 -308.796997 ) (3072 1024 -308.796997 ) (3072 1024 849.734070 ) 
4 41 102 (2048 1024 -308.796997 ) (2048 1024 849.734070 ) (2048 2048 849.734070 ) (2048 2048 -308.796997 ) 
4 41 67 (3072 1024 -308.796997 ) (3072 1024 849.734070 ) (2048 1024 849.734070 ) (2048 1024 -308.796997 ) 
4 42 45 (8192 1024 849.734070 ) (8192 1024 -308.796997 ) (8192 0 -308.796997 ) (8192 0 849.734070 ) 
4 42 43 (8201.849609 0 849.734070 ) (8192 0 849.734070 ) (8192 0 -308.796997 ) (8201.849609 0 -308.796997 ) 
4 43 47 (8192 -1024 -308.796997 ) (8192 -1024 849.734070 ) (8192 0 849.734070 ) (8192 0 -308.796997 ) 
4 43 44 (8192 -1024 849.734070 ) (8192 -1024 -308.796997 ) (8201.849609 -1024 -308.796997 ) (8201.849609 -1024 849.734070 ) 
4 44 51 (8201.849609 -2048 849.734070 ) (8192 -2048 849.734070 ) (8192 -2048 -308.796997 ) (8201.849609 -2048 -308.796997 ) 
4 44 49 (8192 -2048 -308.796997 ) (8192 -2048 849.734070 ) (8192 -1024 849.734070 ) (8192 -1024 -308.796997 ) 
4 45 47 (8192 0 -308.796997 ) (8192 0 849.734070 ) (7168 0 849.734070 ) (7168 0 -308.796997 ) 
4 45 46 (7168 1024 849.734070 ) (7168 1024 -308.796997 ) (7168 0 -308.796997 ) (7168 0 849.734070 ) 
4 46 60 (6144 1024 849.734070 ) (6144 1024 -308.796997 ) (6144 0 -308.796997 ) (6144 0 849.734070 ) 
4 46 48 (7168 0 -308.796997 ) (7168 0 849.734070 ) (6144 0 849.734070 ) (6144 0 -308.796997 ) 
4 47 49 (8192 -1024 -308.796997 ) (8192 -1024 849.734070 ) (7168 -1024 849.734070 ) (7168 -1024 -308.796997 ) 
4 47 48 (7168 -1024 -308.796997 ) (7168 -1024 849.734070 ) (7168 0 849.734070 ) (7168 0 -308.796997 ) 
4 48 62 (6144 -1024 -308.796997 ) (6144 -1024 849.734070 ) (6144 0 849.734070 ) (6144 0 -308.796997 ) 
4 48 50 (6144 -1024 849.734070 ) (6144 -1024 -308.796997 ) (7168 -1024 -308.796997 ) (7168 -1024 849.734070 ) 
4 49 53 (8192 -2048 -308.796997 ) (8192 -2048 849.734070 ) (7168 -2048 849.734070 ) (7168 -2048 -308.796997 ) 
4 49 50 (7168 -1024 849.734070 ) (7168 -1024 -308.796997 ) (7168 -2048 -308.796997 ) (7168 -2048 849.734070 ) 
4 50 64 (6144 -2048 -308.796997 ) (6144 -2048 849.734070 ) (6144 -1024 849.734070 ) (6144 -1024 -308.796997 ) 
4 50 54 (7168 -2048 -308.796997 ) (7168 -2048 849.734070 ) (6144 -2048 849.734070 ) (6144 -2048 -308.796997 ) 
4 51 53 (8192 -3072 -308.796997 ) (8192 -3072 849.734070 ) (8192 -2048 849.734070 ) (8192 -2048 -308.796997 ) 
4 51 52 (8201.849609 -3072 849.734070 ) (8192 -3072 849.734070 ) (8192 -3072 -308.796997 ) (8201.849609 -3072 -308.796997 ) 
4 52 57 (8201.849609 -4096 849.734070 ) (8192 -4096 849.734070 ) (8192 -4096 -308.796997 ) (8201.849609 -4096 -308.796997 ) 
4 52 55 (8192 -4096 -308.796997 ) (8192 -4096 849.734070 ) (8192 -3072 849.734070 ) (8192 -3072 -308.796997 ) 
4 53 55 (8192 -3072 -308.796997 ) (8192 -3072 849.734070 ) (7168 -3072 849.734070 ) (7168 -3072 -308.796997 ) 
4 53 54 (7168 -3072 -308.796997 ) (7168 -3072 849.734070 ) (7168 -2048 849.734070 ) (7168 -2048 -308.796997 ) 
4 54 72 (6144 -3072 -308.796997 ) (6144 -3072 849.734070 ) (6144 -2048 849.734070 ) (6144 -2048 -308.796997 ) 
4 54 56 (6144 -3072 849.734070 ) (6144 -3072 -308.796997 ) (7168 -3072 -308.796997 ) (7168 -3072 849.734070 ) 
4 55 58 (8192 -4096 -308.796997 ) (8192 -4096 849.734070 ) (7168 -4096 849.734070 ) (7168 -4096 -308.796997 ) 
4 55 56 (7168 -3072 849.734070 ) (7168 -3072 -308.796997 ) (7168 -4096 -308.796997 ) (7168 -4096 849.734070 ) 
4 56 74 (6144 -4096 -308.796997 ) (6144 -4096 849.734070 ) (6144 -3072 849.734070 ) (6144 -3072 -308.796997 ) 
4 56 59 (6144 -4096 849.734070 ) (6144 -4096 -308.796997 ) (7168 -4096 -308.796997 ) (7168 -4096 849.734070 ) 
4 57 58 (8192 -4096 849.734070 ) (8192 -4096 -308.796997 ) (8192 -4931.589844 -308.796997 ) (8192 -4931.589844 849.734070 ) 
4 58 59 (7168 -4096 849.734070 ) (7168 -4096 -308.796997 ) (7168 -4931.589844 -308.796997 ) (7168 -4931.589844 849.734070 ) 
4 59 80 (6144 -4931.589844 849.734070 ) (6144 -4096 849.734070 ) (6144 -4096 -308.796997 ) (6144 -4931.589844 -308.796997 ) 
4 60 62 (6144 0 -308.796997 ) (6144 0 849.734070 ) (5120 0 849.734070 ) (5120 0 -308.796997 ) 
4 60 61 (5120 1024 849.734070 ) (5120 1024 -308.796997 ) (5120 0 -308.796997 ) (5120 0 849.734070 ) 
4 61 66 (4096 1024 849.734070 ) (4096 1024 -308.796997 ) (4096 0 -308.796997 ) (4096 0 849.734070 ) 
4 61 63 (5120 0 -308.796997 ) (5120 0 849.734070 ) (4096 0 849.734070 ) (4096 0 -308.796997 ) 
4 62 64 (6144 -1024 -308.796997 ) (6144 -1024 849.734070 ) (5120 -1024 849.734070 ) (5120 -1024 -308.796997 ) 
4 62 63 (5120 -1024 -308.796997 ) (5120 -1024 849.734070 ) (5120 0 849.734070 ) (5120 0 -308.796997 ) 
4 63 68 (4096 -1024 -308.796997 ) (4096 -1024 849.734070 ) (4096 0 849.734070 ) (4096 0 -308.796997 ) 
4 63 65 (4096 -1024 849.734070 ) (4096 -1024 -308.796997 ) (5120 -1024 -308.796997 ) (5120 -1024 849.734070 ) 
4 64 72 (6144 -2048 -308.796997 ) (6144 -2048 849.734070 ) (5120 -2048 849.734070 ) (5120 -2048 -308.796997 ) 
4 64 65 (5120 -1024 849.734070 ) (5120 -1024 -308.796997 ) (5120 -2048 -308.796997 ) (5120 -2048 849.734070 ) 
4 65 73 (5120 -2048 -308.796997 ) (5120 -2048 849.734070 ) (4096 -2048 849.734070 ) (4096 -2048 -308.796997 ) 
4 65 70 (4096 -2048 -308.796997 ) (4096 -2048 849.734070 ) (4096 -1024 849.734070 ) (4096 -1024 -308.796997 ) 
4 66 68 (4096 0 -308.796997 ) (4096 0 849.734070 ) (3072 0 849.734070 ) (3072 0 -308.796997 ) 
4 66 67 (3072 1024 849.734070 ) (3072 1024 -308.796997 ) (3072 0 -308.796997 ) (3072 0 849.734070 ) 
4 67 149 (2048 0 -308.796997 ) (2048 0 849.734070 ) (2048 1024 849.734070 ) (2048 1024 -308.796997 ) 
4 67 69 (3072 0 -308.796997 ) (3072 0 849.734070 ) (2048 0 849.734070 ) (2048 0 -308.796997 ) 
4 68 70 (4096 -1024 -308.796997 ) (4096 -1024 849.734070 ) (3072 -1024 849.734070 ) (3072 -1024 -308.796997 ) 
4 68 69 (3072 -1024 -308.796997 ) (3072 -1024 849.734070 ) (3072 0 849.734070 ) (3072 0 -308.796997 ) 
4 69 158 (2048 -1024 -308.796997 ) (2048 -1024 849.734070 ) (2048 0 849.734070 ) (2048 0 -308.796997 ) 
4 69 71 (2048 -1024 849.734070 ) (2048 -1024 -308.796997 ) (3072 -1024 -308.796997 ) (3072 -1024 849.734070 ) 
4 70 76 (4096 -2048 -308.796997 ) (4096 -2048 849.734070 ) (3072 -2048 849.734070 ) (3072 -2048 -308.796997 ) 
4 70 71 (3072 -1024 849.734070 ) (3072 -1024 -308.796997 ) (3072 -2048 -308.796997 ) (3072 -2048 849.734070 ) 
4 71 190 (2048 -2048 -308.796997 ) (2048 -2048 849.734070 ) (2048 -1024 849.734070 ) (2048 -1024 -308.796997 ) 
4 71 77 (3072 -2048 -308.796997 ) (3072 -2048 849.734070 ) (2048 -2048 849.734070 ) (2048 -2048 -308.796997 ) 
4 72 74 (6144 -3072 -308.796997 ) (6144 -3072 849.734070 ) (5120 -3072 849.734070 ) (5120 -3072 -308.796997 ) 
4 72 73 (5120 -3072 -308.796997 ) (5120 -3072 849.734070 ) (5120 -2048 849.734070 ) (5120 -2048 -308.796997 ) 
4 73 76 (4096 -3072 -308.796997 ) (4096 -3072 849.734070 ) (4096 -2048 849.734070 ) (4096 -2048 -308.796997 ) 
4 73 75 (5120 -3072 -308.796997 ) (5120 -3072 849.734070 ) (4096 -3072 849.734070 ) (4096 -3072 -308.796997 ) 
4 74 80 (6144 -4096 -308.796997 ) (6144 -4096 849.734070 ) (5120 -4096 849.734070 ) (5120 -4096 -308.796997 ) 
4 74 75 (5120 -3072 849.734070 ) (5120 -3072 -308.796997 ) (5120 -4096 -308.796997 ) (5120 -4096 849.734070 ) 
4 75 81 (5120 -4096 -308.796997 ) (5120 -4096 849.734070 ) (4096 -4096 849.734070 ) (4096 -4096 -308.796997 ) 
4 75 78 (4096 -4096 -308.796997 ) (4096 -4096 849.734070 ) (4096 -3072 849.734070 ) (4096 -3072 -308.796997 ) 
4 76 78 (4096 -3072 -308.796997 ) (4096 -3072 849.734070 ) (3072 -3072 849.734070 ) (3072 -3072 -308.796997 ) 
4 76 77 (3072 -3072 -308.796997 ) (3072 -3072 849.734070 ) (3072 -2048 849.734070 ) (3072 -2048 -308.796997 ) 
4 77 209 (2048 -3072 -308.796997 ) (2048 -3072 849.734070 ) (2048 -2048 849.734070 ) (2048 -2048 -308.796997 ) 
4 77 79 (2048 -3072 849.734070 ) (2048 -3072 -308.796997 ) (3072 -3072 -308.796997 ) (3072 -3072 849.734070 ) 
4 78 82 (4096 -4096 -308.796997 ) (4096 -4096 849.734070 ) (3072 -4096 849.734070 ) (3072 -4096 -308.796997 ) 
4 78 79 (3072 -3072 849.734070 ) (3072 -3072 -308.796997 ) (3072 -4096 -308.796997 ) (3072 -4096 849.734070 ) 
4 79 211 (2048 -4096 -308.796997 ) (2048 -4096 849.734070 ) (2048 -3072 849.734070 ) (2048 -3072 -308.796997 ) 
4 79 83 (2048 -4096 849.734070 ) (2048 -4096 -308.796997 ) (3072 -4096 -308.796997 ) (3072 -4096 849.734070 ) 
4 80 81 (5120 -4096 849.734070 ) (5120 -4096 -308.796997 ) (5120 -4931.589844 -308.796997 ) (5120 -4931.589844 849.734070 ) 
4 81 82 (4096 -4096 849.734070 ) (4096 -4096 -308.796997 ) (4096 -4931.589844 -308.796997 ) (4096 -4931.589844 849.734070 ) 
4 82 83 (3072 -4096 849.734070 ) (3072 -4096 -308.796997 ) (3072 -4931.589844 -308.796997 ) (3072 -4931.589844 849.734070 ) 
4 83 217 (2048 -4931.589844 849.734070 ) (2048 -4096 849.734070 ) (2048 -4096 -308.796997 ) (2048 -4931.589844 -308.796997 ) 
4 84 86 (2048 6144 -308.796997 ) (2048 6144 849.734070 ) (1024 6144 849.734070 ) (1024 6144 -308.796997 ) 
4 84 85 (1024 6666.589844 -308.796997 ) (1024 6144 -308.796997 ) (1024 6144 849.734070 ) (1024 6666.589844 849.734070 ) 
4 85 88 (0 6144 -308.796997 ) (0 6144 849.734070 ) (0 6666.589844 849.734070 ) (0 6666.589844 -308.796997 ) 
4 85 87 (0 6144 849.734070 ) (0 6144 -308.796997 ) (1024 6144 -308.796997 ) (1024 6144 849.734070 ) 
4 86 92 (2048 5120 -308.796997 ) (2048 5120 849.734070 ) (1024 5120 849.734070 ) (1024 5120 -308.796997 ) 
4 86 87 (1024 6144 849.734070 ) (1024 6144 -308.796997 ) (1024 5120 -308.796997 ) (1024 5120 849.734070 ) 
4 87 93 (1024 5120 -308.796997 ) (1024 5120 849.734070 ) (0 5120 849.734070 ) (0 5120 -308.796997 ) 
4 87 90 (0 5120 -308.796997 ) (0 5120 849.734070 ) (0 6144 849.734070 ) (0 6144 -308.796997 ) 
4 88 90 (0 6144 -308.796997 ) (0 6144 849.734070 ) (-1024 6144 849.734070 ) (-1024 6144 -308.796997 ) 
4 88 89 (-1024 6666.589844 -308.796997 ) (-1024 6144 -308.796997 ) (-1024 6144 849.734070 ) (-1024 6666.589844 849.734070 ) 
4 89 125 (-2048 6144 -308.796997 ) (-2048 6144 849.734070 ) (-2048 6666.589844 849.734070 ) (-2048 6666.589844 -308.796997 ) 
4 89 91 (-2048 6144 849.734070 ) (-2048 6144 -308.796997 ) (-1024 6144 -308.796997 ) (-1024 6144 849.734070 ) 
4 90 96 (0 5120 -308.796997 ) (0 5120 849.734070 ) (-1024 5120 849.734070 ) (-1024 5120 -308.796997 ) 
4 90 91 (-1024 6144 849.734070 ) (-1024 6144 -308.796997 ) (-1024 5120 -308.796997 ) (-1024 5120 849.734070 ) 
4 91 127 (-2048 5120 -308.796997 ) (-2048 5120 849.734070 ) (-2048 6144 849.734070 ) (-2048 6144 -308.796997 ) 
4 91 97 (-1024 5120 -308.796997 ) (-1024 5120 849.734070 ) (-2048 5120 849.734070 ) (-2048 5120 -308.796997 ) 
4 92 94 (2048 4096 -308.796997 ) (2048 4096 849.734070 ) (1024 4096 849.734070 ) (1024 4096 -308.796997 ) 
4 92 93 (1024 4096 -308.796997 ) (1024 4096 849.734070 ) (1024 5120 849.734070 ) (1024 5120 -308.796997 ) 
4 93 96 (0 4096 -308.796997 ) (0 4096 849.734070 ) (0 5120 849.734070 ) (0 5120 -308.796997 ) 
4 93 95 (1024 4096 -308.796997 ) (1024 4096 849.734070 ) (0 4096 849.734070 ) (0 4096 -308.796997 ) 
4 94 100 (2048 3072 -308.796997 ) (2048 3072 849.734070 ) (1024 3072 849.734070 ) (1024 3072 -308.796997 ) 
4 94 95 (1024 4096 849.734070 ) (1024 4096 -308.796997 ) (1024 3072 -308.796997 ) (1024 3072 849.734070 ) 
4 95 101 (1024 3072 -308.796997 ) (1024 3072 849.734070 ) (0 3072 849.734070 ) (0 3072 -308.796997 ) 
4 95 98 (0 3072 -308.796997 ) (0 3072 849.734070 ) (0 4096 849.734070 ) (0 4096 -308.796997 ) 
4 96 98 (0 4096 -308.796997 ) (0 4096 849.734070 ) (-1024 4096 849.734070 ) (-1024 4096 -308.796997 ) 
4 96 97 (-1024 4096 -308.796997 ) (-1024 4096 849.734070 ) (-1024 5120 849.734070 ) (-1024 5120 -308.796997 ) 
4 97 133 (-2048 4096 -308.796997 ) (-2048 4096 849.734070 ) (-2048 5120 849.734070 ) (-2048 5120 -308.796997 ) 
4 97 99 (-2048 4096 849.734070 ) (-2048 4096 -308.796997 ) (-1024 4096 -308.796997 ) (-1024 4096 849.734070 ) 
4 98 116 (-616 3072 849.734070 ) (-1024 3072 849.734070 ) (-1024 3072 -308.796997 ) (-616 3072 -308.796997 ) 
4 98 114 (0 3072 -308.796997 ) (0 3072 849.734070 ) (-616 3072 849.734070 ) (-616 3072 -308.796997 ) 
4 98 99 (-1024 4096 849.734070 ) (-1024 4096 -308.796997 ) (-1024 3072 -308.796997 ) (-1024 3072 849.734070 ) 
4 99 135 (-2048 3072 -308.796997 ) (-2048 3072 849.734070 ) (-2048 4096 849.734070 ) (-2048 4096 -308.796997 ) 
4 99 121 (-2048 3072 849.734070 ) (-2048 3072 -308.796997 ) (-1024 3072 -308.796997 ) (-1024 3072 849.734070 ) 
4 100 102 (2048 2048 -308.796997 ) (2048 2048 849.734070 ) (1024 2048 849.734070 ) (1024 2048 -308.796997 ) 
4 100 101 (1024 3072 849.734070 ) (1024 3072 -308.796997 ) (1024 2048 -308.796997 ) (1024 2048 849.734070 ) 
4 101 114 (0 3072 849.734070 ) (0 3072 -308.796997 ) (0 2048 -308.796997 ) (0 2048 849.734070 ) 
4 101 113 (200 2048 849.734070 ) (0 2048 849.734070 ) (0 2048 -308.796997 ) (200 2048 -308.796997 ) 
4 101 112 (200 2048 64 ) (200 2048 -308.796997 ) (280 2048 -308.796997 ) (280 2048 64 ) 
4 101 105 (280 2048 849.734070 ) (200 2048 849.734070 ) (200 2048 64 ) (280 2048 64 ) 
4 101 103 (1024 2048 -308.796997 ) (1024 2048 849.734070 ) (280 2048 849.734070 ) (280 2048 -308.796997 ) 
4 102 149 (2048 1024 -308.796997 ) (2048 1024 849.734070 ) (1024 1024 849.734070 ) (1024 1024 -308.796997 ) 
4 102 103 (1024 2048 849.734070 ) (1024 2048 -308.796997 ) (1024 1024 -308.796997 ) (1024 1024 849.734070 ) 
4 103 157 (1024 1024 -308.796997 ) (1024 1024 112 ) (280 1024 112 ) (280 1024 -308.796997 ) 
4 103 150 (1024 1024 112 ) (1024 1024 849.734070 ) (280 1024 849.734070 ) (280 1024 112 ) 
4 103 112 (280 2048 64 ) (280 2048 -308.796997 ) (280 1024 -308.796997 ) (280 1024 64 ) 
5 103 111 (280 1271.857178 64 ) (280 1024 64 ) (280 1024 849.734070 ) (280 1364 849.734070 ) (280 1364 136.336365 ) 
4 103 110 (280 1364 136.336411 ) (280 1364 849.734070 ) (280 1440 849.734070 ) (280 1440 196 ) 
4 103 109 (280 1440 64 ) (280 1364 64 ) (280 1364 112 ) (280 1440 192.004028 ) 
4 103 108 (280 1548 64 ) (280 1440 64 ) (280 1440 849.734070 ) (280 1548 849.734070 ) 
4 103 107 (280 1548 196 ) (280 1548 849.734070 ) (280 1620 849.734070 ) (280 1620 139.476624 ) 
5 103 105 (280 2048 849.734070 ) (280 2048 64 ) (280 1716.142822 64 ) (280 1620 139.476608 ) (280 1620 849.734070 ) 
4 103 104 (280 1620 64 ) (280 1548 64 ) (280 1548 191.995911 ) (280 1620 111.995888 ) 
4 104 113 (200 1620 64 ) (200 1548 64 ) (200 1548 192 ) (200 1620 112 ) 
4 104 112 (200 1548 64 ) (200 1620 64 ) (280 1620 64 ) (280 1548 64 ) 
4 104 108 (200 1548 64 ) (280 1548 64 ) (280 1548 191.995911 ) (200 1548 192 ) 
5 105 113 (200 1620 849.734070 ) (200 2048 849.734070 ) (200 2048 64 ) (200 1716.137573 64 ) (200 1620 139.472595 ) 
4 105 112 (200 1716.137573 64 ) (200 2048 64 ) (280 2048 64 ) (280 1716.142822 64 ) 
4 105 107 (280 1620 139.476547 ) (280 1620 849.734070 ) (200 1620 849.734070 ) (200 1620 139.472595 ) 
4 105 106 (280 1620 139.476883 ) (200 1620 139.472885 ) (200 1716.137695 64 ) (280 1716.142822 64 ) 
4 107 113 (200 1548 849.734070 ) (200 1620 849.734070 ) (200 1620 139.472595 ) (200 1548 195.995972 ) 
4 107 108 (280 1548 196 ) (280 1548 849.734070 ) (200 1548 849.734070 ) (200 1548 195.996033 ) 
4 108 113 (200 1440 849.734070 ) (200 1548 849.734070 ) (200 1548 64 ) (200 1440 64 ) 
4 108 112 (200 1440 64 ) (200 1548 64 ) (280 1548 64 ) (280 1440 64 ) 
4 108 110 (280 1440 196 ) (280 1440 849.734070 ) (200 1440 849.734070 ) (200 1440 196 ) 
4 108 109 (200 1440 64 ) (280 1440 64 ) (280 1440 192.004044 ) (200 1440 192.004028 ) 
4 109 113 (200 1440 192.004028 ) (200 1440 64 ) (200 1364 64 ) (200 1364 112 ) 
4 109 112 (200 1364 64 ) (200 1440 64 ) (280 1440 64 ) (280 1364 64 ) 
4 110 113 (200 1364 849.734070 ) (200 1440 849.734070 ) (200 1440 196 ) (200 1364 136.336411 ) 
4 110 111 (280 1364 136.336411 ) (280 1364 849.734070 ) (200 1364 849.734070 ) (200 1364 136.336426 ) 
4 111 157 (280 1024 64 ) (280 1024 112 ) (200 1024 112 ) (200 1024 64 ) 
4 111 151 (280 1024 112 ) (280 1024 849.734070 ) (200 1024 849.734070 ) (200 1024 112 ) 
5 111 113 (200 1024 64 ) (200 1024 849.734070 ) (200 1364 849.734070 ) (200 1364 136.336365 ) (200 1271.857178 64 ) 
4 111 112 (200 1024 64 ) (200 1271.857178 64 ) (280 1271.857178 64 ) (280 1024 64 ) 
4 112 157 (280 1024 -308.796997 ) (280 1024 64 ) (200 1024 64 ) (200 1024 -308.796997 ) 
4 112 113 (200 1024 -308.796997 ) (200 1024 64 ) (200 2048 64 ) (200 2048 -308.796997 ) 
4 113 157 (200 1024 -308.796997 ) (200 1024 112 ) (0 1024 112 ) (0 1024 -308.796997 ) 
4 113 156 (200 1024 112 ) (200 1024 849.734070 ) (0 1024 849.734070 ) (0 1024 112 ) 
4 113 123 (0 1024 -308.796997 ) (0 1024 849.734070 ) (0 2048 849.734070 ) (0 2048 -308.796997 ) 
4 114 123 (0 2048 -308.796997 ) (0 2048 849.734070 ) (-616 2048 849.734070 ) (-616 2048 -308.796997 ) 
4 114 117 (-616 2197 -308.796997 ) (-616 2048 -308.796997 ) (-616 2048 849.734070 ) (-616 2197 849.734070 ) 
4 114 116 (-616 3072 849.734070 ) (-616 3072 -308.796997 ) (-616 2197 -308.796997 ) (-616 2197 849.734070 ) 
4 115 119 (-616 2747 -502 ) (-616 2197 -502 ) (-616 2197 -423 ) (-616 2747 -423 ) 
4 115 118 (-616 2197 -423 ) (-616 2197 -359 ) (-616 2747 -359 ) (-616 2747 -423 ) 
4 116 121 (-1024 3072 849.734070 ) (-1024 3072 -308.796997 ) (-1024 2197 -308.796997 ) (-1024 2197 849.734070 ) 
4 116 117 (-616 2197 -308.796997 ) (-616 2197 849.734070 ) (-1024 2197 849.734070 ) (-1024 2197 -308.796997 ) 
4 117 123 (-1024 2048 849.734070 ) (-1024 2048 -308.796997 ) (-616 2048 -308.796997 ) (-616 2048 849.734070 ) 
4 117 121 (-1024 2048 -308.796997 ) (-1024 2048 849.734070 ) (-1024 2197 849.734070 ) (-1024 2197 -308.796997 ) 
4 118 120 (-661 2197 -359 ) (-661 2747 -359 ) (-661 2747 -423 ) (-661 2197 -423 ) 
4 118 119 (-661 2197 -423 ) (-661 2747 -423 ) (-616 2747 -423 ) (-616 2197 -423 ) 
4 119 120 (-661 2747 -502 ) (-661 2197 -502 ) (-661 2197 -423 ) (-661 2747 -423 ) 
4 120 122 (-1024 2747 -502 ) (-1024 2197 -502 ) (-1024 2197 -359 ) (-1024 2747 -359 ) 
4 121 137 (-2048 2048 -308.796997 ) (-2048 2048 849.734070 ) (-2048 3072 849.734070 ) (-2048 3072 -308.796997 ) 
4 121 124 (-2048 2048 849.734070 ) (-2048 2048 -308.796997 ) (-1024 2048 -308.796997 ) (-1024 2048 849.734070 ) 
4 123 192 (0 1024 -308.796997 ) (0 1024 849.734070 ) (-1024 1024 849.734070 ) (-1024 1024 -308.796997 ) 
4 123 124 (-1024 2048 849.734070 ) (-1024 2048 -308.796997 ) (-1024 1024 -308.796997 ) (-1024 1024 849.734070 ) 
4 124 193 (-1024 1024 -308.796997 ) (-1024 1024 849.734070 ) (-2048 1024 849.734070 ) (-2048 1024 -308.796997 ) 
4 124 139 (-2048 1024 -308.796997 ) (-2048 1024 849.734070 ) (-2048 2048 849.734070 ) (-2048 2048 -308.796997 ) 
4 125 127 (-2048 6144 -308.796997 ) (-2048 6144 849.734070 ) (-3072 6144 849.734070 ) (-3072 6144 -308.796997 ) 
4 125 126 (-3072 6666.589844 -308.796997 ) (-3072 6144 -308.796997 ) (-3072 6144 849.734070 ) (-3072 6666.589844 849.734070 ) 
4 126 129 (-4096 6144 -308.796997 ) (-4096 6144 849.734070 ) (-4096 6666.589844 849.734070 ) (-4096 6666.589844 -308.796997 ) 
4 126 128 (-4096 6144 849.734070 ) (-4096 6144 -308.796997 ) (-3072 6144 -308.796997 ) (-3072 6144 849.734070 ) 
4 127 133 (-2048 5120 -308.796997 ) (-2048 5120 849.734070 ) (-3072 5120 849.734070 ) (-3072 5120 -308.796997 ) 
4 127 128 (-3072 6144 849.734070 ) (-3072 6144 -308.796997 ) (-3072 5120 -308.796997 ) (-3072 5120 849.734070 ) 
4 128 134 (-3072 5120 -308.796997 ) (-3072 5120 849.734070 ) (-4096 5120 849.734070 ) (-4096 5120 -308.796997 ) 
4 128 130 (-4096 5120 -308.796997 ) (-4096 5120 849.734070 ) (-4096 6144 849.734070 ) (-4096 6144 -308.796997 ) 
4 129 131 (-5120 6144 -308.796997 ) (-5120 6144 849.734070 ) (-5120 6666.589844 849.734070 ) (-5120 6666.589844 -308.796997 ) 
4 129 130 (-4096 6144 -308.796997 ) (-4096 6144 849.734070 ) (-5120 6144 849.734070 ) (-5120 6144 -308.796997 ) 
4 130 141 (-4096 5120 -308.796997 ) (-4096 5120 849.734070 ) (-5120 5120 849.734070 ) (-5120 5120 -308.796997 ) 
4 130 132 (-5120 5120 -308.796997 ) (-5120 5120 849.734070 ) (-5120 6144 849.734070 ) (-5120 6144 -308.796997 ) 
4 131 132 (-5120 6144 -308.796997 ) (-5120 6144 849.734070 ) (-5634.850586 6144 849.734070 ) (-5634.850586 6144 -308.796997 ) 
4 132 143 (-5120 5120 -308.796997 ) (-5120 5120 849.734070 ) (-5634.850586 5120 849.734070 ) (-5634.850586 5120 -308.796997 ) 
4 133 135 (-2048 4096 -308.796997 ) (-2048 4096 849.734070 ) (-3072 4096 849.734070 ) (-3072 4096 -308.796997 ) 
4 133 134 (-3072 4096 -308.796997 ) (-3072 4096 849.734070 ) (-3072 5120 849.734070 ) (-3072 5120 -308.796997 ) 
4 134 141 (-4096 5120 849.734070 ) (-4096 5120 -308.796997 ) (-4096 4096 -308.796997 ) (-4096 4096 849.734070 ) 
4 134 136 (-4096 4096 849.734070 ) (-4096 4096 -308.796997 ) (-3072 4096 -308.796997 ) (-3072 4096 849.734070 ) 
4 135 137 (-2048 3072 -308.796997 ) (-2048 3072 849.734070 ) (-3072 3072 849.734070 ) (-3072 3072 -308.796997 ) 
4 135 136 (-3072 4096 849.734070 ) (-3072 4096 -308.796997 ) (-3072 3072 -308.796997 ) (-3072 3072 849.734070 ) 
4 136 142 (-4096 3072 -308.796997 ) (-4096 3072 849.734070 ) (-4096 4096 849.734070 ) (-4096 4096 -308.796997 ) 
4 136 138 (-3072 3072 -308.796997 ) (-3072 3072 849.734070 ) (-4096 3072 849.734070 ) (-4096 3072 -308.796997 ) 
4 137 139 (-2048 2048 -308.796997 ) (-2048 2048 849.734070 ) (-3072 2048 849.734070 ) (-3072 2048 -308.796997 ) 
4 137 138 (-3072 2048 -308.796997 ) (-3072 2048 849.734070 ) (-3072 3072 849.734070 ) (-3072 3072 -308.796997 ) 
4 138 145 (-4096 2048 -308.796997 ) (-4096 2048 849.734070 ) (-4096 3072 849.734070 ) (-4096 3072 -308.796997 ) 
4 138 140 (-4096 2048 849.734070 ) (-4096 2048 -308.796997 ) (-3072 2048 -308.796997 ) (-3072 2048 849.734070 ) 
4 139 221 (-2048 1024 -308.796997 ) (-2048 1024 849.734070 ) (-3072 1024 849.734070 ) (-3072 1024 -308.796997 ) 
4 139 140 (-3072 2048 849.734070 ) (-3072 2048 -308.796997 ) (-3072 1024 -308.796997 ) (-3072 1024 849.734070 ) 
4 140 222 (-3072 1024 -308.796997 ) (-3072 1024 849.734070 ) (-4096 1024 849.734070 ) (-4096 1024 -308.796997 ) 
4 140 146 (-4096 1024 -308.796997 ) (-4096 1024 849.734070 ) (-4096 2048 849.734070 ) (-4096 2048 -308.796997 ) 
4 141 143 (-5120 5120 849.734070 ) (-5120 5120 -308.796997 ) (-5120 4096 -308.796997 ) (-5120 4096 849.734070 ) 
4 141 142 (-4096 4096 -308.796997 ) (-4096 4096 849.734070 ) (-5120 4096 849.734070 ) (-5120 4096 -308.796997 ) 
4 142 145 (-4096 3072 -308.796997 ) (-4096 3072 849.734070 ) (-5120 3072 849.734070 ) (-5120 3072 -308.796997 ) 
4 142 144 (-5120 3072 -308.796997 ) (-5120 3072 849.734070 ) (-5120 4096 849.734070 ) (-5120 4096 -308.796997 ) 
4 143 144 (-5120 4096 -308.796997 ) (-5120 4096 849.734070 ) (-5634.850586 4096 849.734070 ) (-5634.850586 4096 -308.796997 ) 
4 144 147 (-5120 3072 -308.796997 ) (-5120 3072 849.734070 ) (-5634.850586 3072 849.734070 ) (-5634.850586 3072 -308.796997 ) 
4 145 147 (-5120 3072 849.734070 ) (-5120 3072 -308.796997 ) (-5120 2048 -308.796997 ) (-5120 2048 849.734070 ) 
4 145 146 (-4096 2048 -308.796997 ) (-4096 2048 849.734070 ) (-5120 2048 849.734070 ) (-5120 2048 -308.796997 ) 
4 146 227 (-4096 1024 -308.796997 ) (-4096 1024 849.734070 ) (-5120 1024 849.734070 ) (-5120 1024 -308.796997 ) 
4 146 148 (-5120 1024 -308.796997 ) (-5120 1024 849.734070 ) (-5120 2048 849.734070 ) (-5120 2048 -308.796997 ) 
4 147 148 (-5120 2048 -308.796997 ) (-5120 2048 849.734070 ) (-5634.850586 2048 849.734070 ) (-5634.850586 2048 -308.796997 ) 
4 148 228 (-5120 1024 -308.796997 ) (-5120 1024 849.734070 ) (-5634.850586 1024 849.734070 ) (-5634.850586 1024 -308.796997 ) 
4 149 158 (2048 0 -308.796997 ) (2048 0 849.734070 ) (1024 0 849.734070 ) (1024 0 -308.796997 ) 
4 149 157 (1024 1024 112 ) (1024 1024 -308.796997 ) (1024 0 -308.796997 ) (1024 0 112 ) 
4 149 150 (1024 1024 849.734070 ) (1024 1024 112 ) (1024 0 112 ) (1024 0 849.734070 ) 
4 150 179 (304 0 849.734070 ) (280 0 849.734070 ) (280 0 112 ) (304 0 112 ) 
4 150 165 (1024 0 112 ) (1024 0 178 ) (304 0 178 ) (304 0 112 ) 
4 150 160 (500 0 849.734070 ) (404.149994 0 849.734070 ) (404.149994 0 178 ) (500 0 178 ) 
4 150 159 (1024 0 178 ) (1024 0 849.734070 ) (500 0 849.734070 ) (500 0 178 ) 
4 150 164 (404.149994 0 849.734070 ) (304 0 849.734070 ) (304 0 178 ) (404.149994 0 178 ) 
4 150 157 (280 1024 112 ) (1024 1024 112 ) (1024 0 112 ) (280 0 112 ) 
5 150 155 (280 609 112 ) (280 0 112 ) (280 0 849.734070 ) (280 716 849.734070 ) (280 716 196 ) 
3 150 154 (280 716 112 ) (280 640 112 ) (280 716 192 ) 
4 150 153 (280 824 112 ) (280 716 112 ) (280 716 849.734070 ) (280 824 849.734070 ) 
3 150 152 (280 895.995911 112 ) (280 824 112 ) (280 824 191.995972 ) 
5 150 151 (280 1024 112 ) (280 931 112 ) (280 824 196 ) (280 824 849.734070 ) (280 1024 849.734070 ) 
4 151 157 (200 1024 112 ) (280 1024 112 ) (280 931 112 ) (200 931 112 ) 
4 151 153 (200 824 849.734070 ) (200 824 196 ) (280 824 196 ) (280 824 849.734070 ) 
5 151 156 (200 1024 112 ) (200 931 112 ) (200 824 196 ) (200 824 849.734070 ) (200 1024 849.734070 ) 
4 152 157 (280 895.995911 112 ) (280 824 112 ) (200 824 112 ) (200 895.995850 112 ) 
4 152 153 (200 824 191.995987 ) (200 824 112 ) (280 824 112 ) (280 824 191.995972 ) 
3 152 156 (200 895.995911 112 ) (200 824 112 ) (200 824 191.995972 ) 
4 153 157 (280 824 112 ) (280 716 112 ) (200 716 112 ) (200 824 112 ) 
4 153 155 (200 716 849.734070 ) (200 716 196 ) (280 716 196 ) (280 716 849.734070 ) 
4 153 154 (200 716 192 ) (200 716 112 ) (280 716 112 ) (280 716 192 ) 
4 153 156 (200 824 112 ) (200 716 112 ) (200 716 849.734070 ) (200 824 849.734070 ) 
4 154 157 (280 716 112 ) (280 640 112 ) (200 640 112 ) (200 716 112 ) 
3 154 156 (200 716 112 ) (200 640 112 ) (200 716 192 ) 
4 155 179 (280 0 849.734070 ) (202 0 849.734070 ) (202 0 112 ) (280 0 112 ) 
4 155 182 (202 0 849.734070 ) (200 0 849.734070 ) (200 0 112 ) (202 0 112 ) 
4 155 157 (280 609 112 ) (280 0 112 ) (200 0 112 ) (200 609 112 ) 
5 155 156 (200 609 112 ) (200 0 112 ) (200 0 849.734070 ) (200 716 849.734070 ) (200 716 196 ) 
4 156 192 (0 1024 849.734070 ) (0 1024 112 ) (0 0 112 ) (0 0 849.734070 ) 
4 156 184 (40 0 849.734070 ) (0 0 849.734070 ) (0 0 112 ) (40 0 112 ) 
4 156 182 (200 0 849.734070 ) (40 0 849.734070 ) (40 0 112 ) (200 0 112 ) 
4 156 157 (0 1024 112 ) (200 1024 112 ) (200 0 112 ) (0 0 112 ) 
4 157 192 (0 1024 112 ) (0 1024 -308.796997 ) (0 0 -308.796997 ) (0 0 112 ) 
4 157 189 (0 0 64 ) (0 0 -308.796997 ) (40 0 -308.796997 ) (40 0 64 ) 
4 157 184 (40 0 112 ) (0 0 112 ) (0 0 64 ) (40 0 64 ) 
4 157 183 (1024 0 -308.796997 ) (1024 0 20 ) (40 0 20 ) (40 0 -308.796997 ) 
4 157 179 (304 0 112 ) (202 0 112 ) (202 0 20 ) (304 0 20 ) 
4 157 182 (202 0 112 ) (40 0 112 ) (40 0 20 ) (202 0 20 ) 
4 157 165 (1024 0 78 ) (1024 0 112 ) (304 0 112 ) (304 0 78 ) 
4 157 173 (1024 0 20 ) (1024 0 78 ) (304 0 78 ) (304 0 20 ) 
4 158 190 (2048 -1024 -308.796997 ) (2048 -1024 849.734070 ) (1024 -1024 849.734070 ) (1024 -1024 -308.796997 ) 
4 158 183 (1024 -1024 -308.796997 ) (1024 -1024 20 ) (1024 0 20 ) (1024 0 -308.796997 ) 
4 158 174 (1024 -1024 20 ) (1024 -1024 178 ) (1024 -1002 178 ) (1024 -1002 20 ) 
4 158 166 (1024 -1002 178 ) (1024 -672 178 ) (1024 -672 78 ) (1024 -1002 78 ) 
4 158 165 (1024 -672 178 ) (1024 0 178 ) (1024 0 78 ) (1024 -672 78 ) 
4 158 173 (1024 0 78 ) (1024 0 20 ) (1024 -1002 20 ) (1024 -1002 78 ) 
4 158 159 (1024 -1024 178 ) (1024 -1024 849.734070 ) (1024 0 849.734070 ) (1024 0 178 ) 
4 159 191 (1024 -1024 178 ) (1024 -1024 849.734070 ) (500 -1024 849.734070 ) (500 -1024 178 ) 
4 159 174 (1024 -1002 178 ) (1024 -1024 178 ) (500 -1024 178 ) (500 -1002 178 ) 
4 159 166 (1024 -672 178 ) (1024 -1002 178 ) (500 -1002 178 ) (500 -672 178 ) 
4 159 165 (500 0 178 ) (1024 0 178 ) (1024 -672 178 ) (500 -672 178 ) 
4 159 162 (500 -672 178 ) (500 -1004 178 ) (500 -1004 180 ) (500 -672 180 ) 
4 159 161 (500 -1004 180 ) (500 -1004 849.734070 ) (500 -672 849.734070 ) (500 -672 180 ) 
4 159 160 (500 0 178 ) (500 -672 178 ) (500 -672 849.734070 ) (500 0 849.734070 ) 
4 159 163 (500 -1004 178 ) (500 -1024 178 ) (500 -1024 849.734070 ) (500 -1004 849.734070 ) 
4 160 165 (404.149994 0 178 ) (500 0 178 ) (500 -672 178 ) (404.149994 -672 178 ) 
4 160 162 (404.149994 -672 180 ) (404.149994 -672 178 ) (500 -672 178 ) (500 -672 180 ) 
4 160 161 (404.149994 -672 849.734070 ) (404.149994 -672 180 ) (500 -672 180 ) (500 -672 849.734070 ) 
4 160 164 (404.149994 0 178 ) (404.149994 -672 178 ) (404.149994 -672 849.734070 ) (404.149994 0 849.734070 ) 
4 161 164 (404.149994 -1004 180 ) (404.149994 -1004 849.734070 ) (404.149994 -672 849.734070 ) (404.149994 -672 180 ) 
4 161 163 (404.149994 -1004 849.734070 ) (404.149994 -1004 180 ) (500 -1004 180 ) (500 -1004 849.734070 ) 
4 161 162 (500 -1004 180 ) (404.149994 -1004 180 ) (404.149994 -672 180 ) (500 -672 180 ) 
4 162 175 (499.340027 -1004 178 ) (404.149994 -1004 178 ) (404.149994 -1002 178 ) (499.340027 -1002 178 ) 
4 162 174 (500 -1002 178 ) (500 -1004 178 ) (499.340027 -1004 178 ) (499.340027 -1002 178 ) 
4 162 170 (496.942993 -1002 178 ) (406 -1002 178 ) (406 -674 178 ) (496.942993 -674 178 ) 
4 162 169 (500 -674 178 ) (500 -1002 178 ) (496.942993 -1002 178 ) (496.942993 -674 178 ) 
4 162 171 (406 -1002 178 ) (404.149994 -1002 178 ) (404.149994 -674 178 ) (406 -674 178 ) 
4 162 168 (406 -674 178 ) (404.149994 -674 178 ) (404.149994 -672 178 ) (406 -672 178 ) 
4 162 167 (500 -672 178 ) (500 -674 178 ) (406 -674 178 ) (406 -672 178 ) 
4 162 164 (404.149994 -672 178 ) (404.149994 -1004 178 ) (404.149994 -1004 180 ) (404.149994 -672 180 ) 
4 162 163 (404.149994 -1004 180 ) (404.149994 -1004 178 ) (500 -1004 178 ) (500 -1004 180 ) 
4 163 191 (500 -1024 849.734070 ) (404.149994 -1024 849.734070 ) (404.149994 -1024 178 ) (500 -1024 178 ) 
4 163 177 (499.340027 -1024 178 ) (404.149994 -1024 178 ) (404.149994 -1004 178 ) (499.340027 -1004 178 ) 
4 163 174 (500 -1004 178 ) (500 -1024 178 ) (499.340027 -1024 178 ) (499.340027 -1004 178 ) 
4 163 164 (404.149994 -1004 178 ) (404.149994 -1024 178 ) (404.149994 -1024 849.734070 ) (404.149994 -1004 849.734070 ) 
4 164 191 (404.149994 -1024 849.734070 ) (304 -1024 849.734070 ) (304 -1024 178 ) (404.149994 -1024 178 ) 
4 164 180 (304 -586 849.734070 ) (304 -580 849.734070 ) (304 -580 178 ) (304 -586 178 ) 
4 164 179 (304 -580 849.734070 ) (304 0 849.734070 ) (304 0 178 ) (304 -580 178 ) 
4 164 181 (304 -1024 178 ) (304 -1024 849.734070 ) (304 -586 849.734070 ) (304 -586 178 ) 
4 164 178 (304 -1024 178 ) (304 -1002 178 ) (404.149994 -1002 178 ) (404.149994 -1024 178 ) 
4 164 172 (304 -1002 178 ) (304 -672 178 ) (404.149994 -672 178 ) (404.149994 -1002 178 ) 
4 164 165 (304 -672 178 ) (304 0 178 ) (404.149994 0 178 ) (404.149994 -672 178 ) 
4 165 180 (304 -586 178 ) (304 -580 178 ) (304 -580 132 ) (304 -586 132 ) 
4 165 179 (304 -580 178 ) (304 0 178 ) (304 0 78 ) (304 -580 78 ) 
4 165 181 (304 -672 178 ) (304 -586 178 ) (304 -586 78 ) (304 -672 78 ) 
4 165 168 (404 -672 78 ) (406 -672 78 ) (406 -672 178 ) (404 -672 178 ) 
4 165 167 (406 -672 78 ) (500 -672 78 ) (500 -672 178 ) (406 -672 178 ) 
4 165 172 (304 -672 78 ) (404 -672 78 ) (404 -672 178 ) (304 -672 178 ) 
4 165 166 (500 -672 78 ) (1024 -672 78 ) (1024 -672 178 ) (500 -672 178 ) 
4 165 173 (304 -672 78 ) (304 0 78 ) (1024 0 78 ) (1024 -672 78 ) 
4 166 174 (1024 -1002 178 ) (500 -1002 178 ) (500 -1002 78 ) (1024 -1002 78 ) 
4 166 169 (500 -674 78 ) (500 -1002 78 ) (500 -1002 178 ) (500 -674 178 ) 
4 166 167 (500 -672 178 ) (500 -672 78 ) (500 -674 78 ) (500 -674 178 ) 
4 166 173 (1024 -1002 78 ) (500 -1002 78 ) (500 -672 78 ) (1024 -672 78 ) 
4 167 170 (406 -674 78 ) (496.942993 -674 78 ) (496.942993 -674 178 ) (406 -674 178 ) 
4 167 169 (496.942993 -674 78 ) (500 -674 78 ) (500 -674 178 ) (496.942993 -674 178 ) 
4 167 173 (406 -672 78 ) (500 -672 78 ) (500 -674 78 ) (406 -674 78 ) 
4 167 168 (406 -672 178 ) (406 -672 78 ) (406 -674 78 ) (406 -674 178 ) 
4 168 171 (404 -674 178 ) (404 -674 78 ) (406 -674 78 ) (406 -674 178 ) 
4 168 173 (404 -674 78 ) (404 -672 78 ) (406 -672 78 ) (406 -674 78 ) 
4 168 172 (404 -672 178 ) (404 -672 78 ) (404 -674 78 ) (404 -674 178 ) 
4 169 175 (499.340027 -1002 178 ) (496.942993 -1002 178 ) (496.942993 -1002 78 ) (499.340027 -1002 78 ) 
4 169 174 (500 -1002 178 ) (499.340027 -1002 178 ) (499.340027 -1002 78 ) (500 -1002 78 ) 
4 169 173 (500 -1002 78 ) (496.942993 -1002 78 ) (496.942993 -674 78 ) (500 -674 78 ) 
4 169 170 (496.942993 -674 178 ) (496.942993 -674 78 ) (496.942993 -1002 78 ) (496.942993 -1002 178 ) 
4 170 175 (496.942993 -1002 178 ) (406 -1002 178 ) (406 -1002 78 ) (496.942993 -1002 78 ) 
4 170 171 (406 -674 178 ) (406 -674 78 ) (406 -1002 78 ) (406 -1002 178 ) 
4 170 173 (496.942993 -1002 78 ) (406 -1002 78 ) (406 -674 78 ) (496.942993 -674 78 ) 
4 171 175 (406 -1002 178 ) (404 -1002 178 ) (404 -1002 78 ) (406 -1002 78 ) 
4 171 173 (406 -1002 78 ) (404 -1002 78 ) (404 -674 78 ) (406 -674 78 ) 
4 171 172 (404 -674 78 ) (404 -1002 78 ) (404 -1002 178 ) (404 -674 178 ) 
4 172 181 (304 -1002 78 ) (304 -1002 178 ) (304 -672 178 ) (304 -672 78 ) 
4 172 178 (404 -1002 178 ) (304 -1002 178 ) (304 -1002 78 ) (404 -1002 78 ) 
4 172 173 (404 -1002 78 ) (304 -1002 78 ) (304 -672 78 ) (404 -672 78 ) 
4 173 183 (304 0 20 ) (1024 0 20 ) (1024 -1002 20 ) (304 -1002 20 ) 
4 173 179 (304 0 20 ) (304 -580 20 ) (304 -580 78 ) (304 0 78 ) 
4 173 181 (304 -586 20 ) (304 -1002 20 ) (304 -1002 78 ) (304 -586 78 ) 
4 173 176 (404 -1002 20 ) (499.340027 -1002 20 ) (499.340027 -1002 76 ) (404 -1002 76 ) 
4 173 175 (499.340027 -1002 76 ) (499.340027 -1002 78 ) (404 -1002 78 ) (404 -1002 76 ) 
4 173 174 (499.340027 -1002 20 ) (1024 -1002 20 ) (1024 -1002 78 ) (499.340027 -1002 78 ) 
4 173 178 (304 -1002 78 ) (304 -1002 20 ) (404 -1002 20 ) (404 -1002 78 ) 
4 174 191 (1024 -1024 20 ) (1024 -1024 178 ) (499.340027 -1024 178 ) (499.340027 -1024 20 ) 
4 174 183 (1024 -1002 20 ) (1024 -1024 20 ) (499.340027 -1024 20 ) (499.340027 -1002 20 ) 
4 174 176 (499.340027 -1002 76 ) (499.340027 -1002 20 ) (499.340027 -1004 20 ) (499.340027 -1004 76 ) 
4 174 175 (499.340027 -1002 178 ) (499.340027 -1002 76 ) (499.340027 -1004 76 ) (499.340027 -1004 178 ) 
4 174 177 (499.340027 -1004 20 ) (499.340027 -1024 20 ) (499.340027 -1024 178 ) (499.340027 -1004 178 ) 
4 175 177 (404 -1004 178 ) (404 -1004 76 ) (499.340027 -1004 76 ) (499.340027 -1004 178 ) 
4 175 178 (404 -1002 178 ) (404 -1002 76 ) (404 -1004 76 ) (404 -1004 178 ) 
4 175 176 (499.340027 -1004 76 ) (404 -1004 76 ) (404 -1002 76 ) (499.340027 -1002 76 ) 
4 176 183 (404 -1004 20 ) (404 -1002 20 ) (499.340027 -1002 20 ) (499.340027 -1004 20 ) 
4 176 177 (404 -1004 76 ) (404 -1004 20 ) (499.340027 -1004 20 ) (499.340027 -1004 76 ) 
4 176 178 (404 -1002 76 ) (404 -1002 20 ) (404 -1004 20 ) (404 -1004 76 ) 
4 177 191 (499.340027 -1024 178 ) (404 -1024 178 ) (404 -1024 20 ) (499.340027 -1024 20 ) 
4 177 183 (499.340027 -1024 20 ) (404 -1024 20 ) (404 -1004 20 ) (499.340027 -1004 20 ) 
4 177 178 (404 -1004 20 ) (404 -1024 20 ) (404 -1024 178 ) (404 -1004 178 ) 
4 178 191 (404 -1024 178 ) (304 -1024 178 ) (304 -1024 20 ) (404 -1024 20 ) 
4 178 183 (404 -1024 20 ) (304 -1024 20 ) (304 -1002 20 ) (404 -1002 20 ) 
4 178 181 (304 -1002 20 ) (304 -1024 20 ) (304 -1024 178 ) (304 -1002 178 ) 
4 179 183 (202 0 20 ) (304 0 20 ) (304 -580 20 ) (202 -580 20 ) 
4 179 180 (202 -580 849.734070 ) (202 -580 132 ) (304 -580 132 ) (304 -580 849.734070 ) 
4 179 182 (202 0 20 ) (202 -580 20 ) (202 -580 849.734070 ) (202 0 849.734070 ) 
4 180 182 (202 -586 132 ) (202 -586 849.734070 ) (202 -580 849.734070 ) (202 -580 132 ) 
4 180 181 (202 -586 849.734070 ) (202 -586 132 ) (304 -586 132 ) (304 -586 849.734070 ) 
4 181 191 (304 -1024 849.734070 ) (202 -1024 849.734070 ) (202 -1024 20 ) (304 -1024 20 ) 
4 181 183 (304 -586 20 ) (304 -1024 20 ) (202 -1024 20 ) (202 -586 20 ) 
4 181 182 (202 -586 20 ) (202 -1024 20 ) (202 -1024 849.734070 ) (202 -586 849.734070 ) 
4 182 191 (202 -1024 849.734070 ) (40 -1024 849.734070 ) (40 -1024 20 ) (202 -1024 20 ) 
4 182 189 (40 0 64 ) (40 0 20 ) (40 -1024 20 ) (40 -1024 64 ) 
4 182 188 (40 -752 64 ) (40 -1024 64 ) (40 -1024 68 ) (40 -752 68 ) 
4 182 187 (40 -1024 68 ) (40 -1024 849.734070 ) (40 -746.670044 849.734070 ) (40 -746.670044 68 ) 
4 182 186 (40 -746.670044 72 ) (40 -746.670044 849.734070 ) (40 -741.330017 849.734070 ) (40 -741.330017 72 ) 
4 182 185 (40 -741.330017 76 ) (40 -741.330017 849.734070 ) (40 -736 849.734070 ) (40 -736 76 ) 
4 182 184 (40 0 849.734070 ) (40 0 64 ) (40 -736 64 ) (40 -736 849.734070 ) 
4 182 183 (40 -1024 20 ) (40 0 20 ) (202 0 20 ) (202 -1024 20 ) 
4 183 191 (1024 -1024 -308.796997 ) (1024 -1024 20 ) (40 -1024 20 ) (40 -1024 -308.796997 ) 
4 183 189 (40 0 20 ) (40 0 -308.796997 ) (40 -1024 -308.796997 ) (40 -1024 20 ) 
4 184 194 (0 0 849.734070 ) (0 0 64 ) (0 -736 64 ) (0 -736 849.734070 ) 
4 184 189 (0 -736 64 ) (0 0 64 ) (40 0 64 ) (40 -736 64 ) 
4 184 185 (40 -736 76 ) (40 -736 849.734070 ) (0 -736 849.734070 ) (0 -736 76 ) 
4 185 195 (0 -741.330017 76 ) (0 -741.330017 849.734070 ) (0 -736 849.734070 ) (0 -736 76 ) 
4 185 186 (0 -741.330017 849.734070 ) (0 -741.330017 76 ) (40 -741.330017 76 ) (40 -741.330017 849.734070 ) 
4 186 196 (0 -741.330017 849.734070 ) (0 -741.330017 72 ) (0 -746.670044 72 ) (0 -746.670044 849.734070 ) 
4 186 187 (40 -746.670044 72 ) (40 -746.670044 849.734070 ) (0 -746.670044 849.734070 ) (0 -746.670044 72 ) 
4 187 197 (0 -1024 68 ) (0 -1024 849.734070 ) (0 -746.670044 849.734070 ) (0 -746.670044 68 ) 
4 187 191 (0 -1024 849.734070 ) (0 -1024 68 ) (40 -1024 68 ) (40 -1024 849.734070 ) 
4 187 188 (40 -752 68 ) (40 -1024 68 ) (0 -1024 68 ) (0 -752 68 ) 
4 188 198 (0 -1024 64 ) (0 -1024 68 ) (0 -752 68 ) (0 -752 64 ) 
4 188 191 (0 -1024 68 ) (0 -1024 64 ) (40 -1024 64 ) (40 -1024 68 ) 
4 188 189 (0 -1024 64 ) (0 -752 64 ) (40 -752 64 ) (40 -1024 64 ) 
4 189 200 (0 -1024 -308.796997 ) (0 -1024 64 ) (0 0 64 ) (0 0 -308.796997 ) 
4 189 191 (0 -1024 64 ) (0 -1024 -308.796997 ) (40 -1024 -308.796997 ) (40 -1024 64 ) 
4 190 209 (2048 -2048 -308.796997 ) (2048 -2048 849.734070 ) (1024 -2048 849.734070 ) (1024 -2048 -308.796997 ) 
4 190 191 (1024 -1024 849.734070 ) (1024 -1024 -308.796997 ) (1024 -2048 -308.796997 ) (1024 -2048 849.734070 ) 
4 191 210 (1024 -2048 -308.796997 ) (1024 -2048 849.734070 ) (0 -2048 849.734070 ) (0 -2048 -308.796997 ) 
4 191 207 (0 -2048 -308.796997 ) (0 -2048 849.734070 ) (0 -1024 849.734070 ) (0 -1024 -308.796997 ) 
4 192 201 (-768 0 64 ) (-776 0 64 ) (-776 0 -308.796997 ) (-768 0 -308.796997 ) 
4 192 200 (0 0 -308.796997 ) (0 0 64 ) (-768 0 64 ) (-768 0 -308.796997 ) 
4 192 205 (-776 0 64 ) (-1024 0 64 ) (-1024 0 -308.796997 ) (-776 0 -308.796997 ) 
4 192 199 (-56 0 849.734070 ) (-1024 0 849.734070 ) (-1024 0 64 ) (-56 0 64 ) 
4 192 194 (0 0 64 ) (0 0 849.734070 ) (-56 0 849.734070 ) (-56 0 64 ) 
4 192 193 (-1024 1024 849.734070 ) (-1024 1024 -308.796997 ) (-1024 0 -308.796997 ) (-1024 0 849.734070 ) 
4 193 221 (-2048 1024 849.734070 ) (-2048 1024 -308.796997 ) (-2048 0 -308.796997 ) (-2048 0 849.734070 ) 
4 193 206 (-1024 0 -308.796997 ) (-1024 0 849.734070 ) (-2048 0 849.734070 ) (-2048 0 -308.796997 ) 
4 194 200 (-56 -736 64 ) (-56 0 64 ) (0 0 64 ) (0 -736 64 ) 
4 194 199 (-56 0 64 ) (-56 -736 64 ) (-56 -736 849.734070 ) (-56 0 849.734070 ) 
4 194 195 (0 -736 849.734070 ) (-56 -736 849.734070 ) (-56 -736 76 ) (0 -736 76 ) 
4 195 199 (-56 -741.330017 76 ) (-56 -741.330017 849.734070 ) (-56 -736 849.734070 ) (-56 -736 76 ) 
4 195 196 (-56 -741.330017 849.734070 ) (-56 -741.330017 76 ) (0 -741.330017 76 ) (0 -741.330017 849.734070 ) 
4 196 199 (-56 -746.670044 72 ) (-56 -746.670044 849.734070 ) (-56 -741.330017 849.734070 ) (-56 -741.330017 72 ) 
4 196 197 (-56 -746.670044 849.734070 ) (-56 -746.670044 72 ) (0 -746.670044 72 ) (0 -746.670044 849.734070 ) 
4 197 207 (0 -1024 68 ) (0 -1024 849.734070 ) (-56 -1024 849.734070 ) (-56 -1024 68 ) 
4 197 199 (-56 -1024 68 ) (-56 -1024 849.734070 ) (-56 -746.670044 849.734070 ) (-56 -746.670044 68 ) 
4 197 198 (0 -1024 68 ) (-56 -1024 68 ) (-56 -752 68 ) (0 -752 68 ) 
4 198 207 (0 -1024 64 ) (0 -1024 68 ) (-56 -1024 68 ) (-56 -1024 64 ) 
4 198 200 (0 -1024 64 ) (-56 -1024 64 ) (-56 -752 64 ) (0 -752 64 ) 
4 198 199 (-56 -752 64 ) (-56 -1024 64 ) (-56 -1024 68 ) (-56 -752 68 ) 
4 199 207 (-1024 -1024 849.734070 ) (-1024 -1024 64 ) (-56 -1024 64 ) (-56 -1024 849.734070 ) 
4 199 206 (-1024 -1024 64 ) (-1024 -1024 849.734070 ) (-1024 0 849.734070 ) (-1024 0 64 ) 
4 199 202 (-776 -480 64 ) (-776 -472 64 ) (-768 -472 64 ) (-768 -480 64 ) 
4 199 201 (-776 -472 64 ) (-776 0 64 ) (-768 0 64 ) (-768 -472 64 ) 
4 199 204 (-768 -1024 64 ) (-776 -1024 64 ) (-776 -480 64 ) (-768 -480 64 ) 
4 199 200 (-56 -1024 64 ) (-768 -1024 64 ) (-768 0 64 ) (-56 0 64 ) 
4 199 205 (-776 -1024 64 ) (-1024 -1024 64 ) (-1024 0 64 ) (-776 0 64 ) 
4 200 207 (0 -1024 -308.796997 ) (0 -1024 64 ) (-768 -1024 64 ) (-768 -1024 -308.796997 ) 
4 200 202 (-768 -480 56 ) (-768 -480 64 ) (-768 -472 64 ) (-768 -472 56 ) 
4 200 203 (-768 -472 -308.796997 ) (-768 -480 -308.796997 ) (-768 -480 -48 ) (-768 -472 -48 ) 
4 200 201 (-768 0 -308.796997 ) (-768 -472 -308.796997 ) (-768 -472 64 ) (-768 0 64 ) 
4 200 204 (-768 -480 -308.796997 ) (-768 -1024 -308.796997 ) (-768 -1024 64 ) (-768 -480 64 ) 
4 201 202 (-776 -472 64 ) (-776 -472 56 ) (-768 -472 56 ) (-768 -472 64 ) 
4 201 203 (-776 -472 -48 ) (-776 -472 -308.796997 ) (-768 -472 -308.796997 ) (-768 -472 -48 ) 
4 201 205 (-776 0 -308.796997 ) (-776 -472 -308.796997 ) (-776 -472 64 ) (-776 0 64 ) 
4 202 204 (-776 -480 64 ) (-776 -480 56 ) (-768 -480 56 ) (-768 -480 64 ) 
4 202 205 (-776 -480 56 ) (-776 -480 64 ) (-776 -472 64 ) (-776 -472 56 ) 
4 203 205 (-776 -472 -308.796997 ) (-776 -480 -308.796997 ) (-776 -480 -48 ) (-776 -472 -48 ) 
4 203 204 (-776 -480 -48 ) (-776 -480 -308.796997 ) (-768 -480 -308.796997 ) (-768 -480 -48 ) 
4 204 207 (-768 -1024 64 ) (-776 -1024 64 ) (-776 -1024 -308.796997 ) (-768 -1024 -308.796997 ) 
4 204 205 (-776 -480 -308.796997 ) (-776 -1024 -308.796997 ) (-776 -1024 64 ) (-776 -480 64 ) 
4 205 207 (-776 -1024 64 ) (-1024 -1024 64 ) (-1024 -1024 -308.796997 ) (-776 -1024 -308.796997 ) 
4 205 206 (-1024 -1024 -308.796997 ) (-1024 -1024 64 ) (-1024 0 64 ) (-1024 0 -308.796997 ) 
4 206 223 (-2048 -1024 -308.796997 ) (-2048 -1024 849.734070 ) (-2048 0 849.734070 ) (-2048 0 -308.796997 ) 
4 206 208 (-2048 -1024 849.734070 ) (-2048 -1024 -308.796997 ) (-1024 -1024 -308.796997 ) (-1024 -1024 849.734070 ) 
4 207 213 (0 -2048 -308.796997 ) (0 -2048 849.734070 ) (-1024 -2048 849.734070 ) (-1024 -2048 -308.796997 ) 
4 207 208 (-1024 -1024 849.734070 ) (-1024 -1024 -308.796997 ) (-1024 -2048 -308.796997 ) (-1024 -2048 849.734070 ) 
4 208 225 (-2048 -2048 -308.796997 ) (-2048 -2048 849.734070 ) (-2048 -1024 849.734070 ) (-2048 -1024 -308.796997 ) 
4 208 214 (-1024 -2048 -308.796997 ) (-1024 -2048 849.734070 ) (-2048 -2048 849.734070 ) (-2048 -2048 -308.796997 ) 
4 209 211 (2048 -3072 -308.796997 ) (2048 -3072 849.734070 ) (1024 -3072 849.734070 ) (1024 -3072 -308.796997 ) 
4 209 210 (1024 -3072 -308.796997 ) (1024 -3072 849.734070 ) (1024 -2048 849.734070 ) (1024 -2048 -308.796997 ) 
4 210 213 (0 -3072 -308.796997 ) (0 -3072 849.734070 ) (0 -2048 849.734070 ) (0 -2048 -308.796997 ) 
4 210 212 (1024 -3072 -308.796997 ) (1024 -3072 849.734070 ) (0 -3072 849.734070 ) (0 -3072 -308.796997 ) 
4 211 217 (2048 -4096 -308.796997 ) (2048 -4096 849.734070 ) (1024 -4096 849.734070 ) (1024 -4096 -308.796997 ) 
4 211 212 (1024 -3072 849.734070 ) (1024 -3072 -308.796997 ) (1024 -4096 -308.796997 ) (1024 -4096 849.734070 ) 
4 212 218 (1024 -4096 -308.796997 ) (1024 -4096 849.734070 ) (0 -4096 849.734070 ) (0 -4096 -308.796997 ) 
4 212 215 (0 -4096 -308.796997 ) (0 -4096 849.734070 ) (0 -3072 849.734070 ) (0 -3072 -308.796997 ) 
4 213 215 (0 -3072 -308.796997 ) (0 -3072 849.734070 ) (-1024 -3072 849.734070 ) (-1024 -3072 -308.796997 ) 
4 213 214 (-1024 -3072 -308.796997 ) (-1024 -3072 849.734070 ) (-1024 -2048 849.734070 ) (-1024 -2048 -308.796997 ) 
4 214 233 (-2048 -3072 -308.796997 ) (-2048 -3072 849.734070 ) (-2048 -2048 849.734070 ) (-2048 -2048 -308.796997 ) 
4 214 216 (-2048 -3072 849.734070 ) (-2048 -3072 -308.796997 ) (-1024 -3072 -308.796997 ) (-1024 -3072 849.734070 ) 
4 215 219 (0 -4096 -308.796997 ) (0 -4096 849.734070 ) (-1024 -4096 849.734070 ) (-1024 -4096 -308.796997 ) 
4 215 216 (-1024 -3072 849.734070 ) (-1024 -3072 -308.796997 ) (-1024 -4096 -308.796997 ) (-1024 -4096 849.734070 ) 
4 216 235 (-2048 -4096 -308.796997 ) (-2048 -4096 849.734070 ) (-2048 -3072 849.734070 ) (-2048 -3072 -308.796997 ) 
4 216 220 (-2048 -4096 849.734070 ) (-2048 -4096 -308.796997 ) (-1024 -4096 -308.796997 ) (-1024 -4096 849.734070 ) 
4 217 218 (1024 -4096 849.734070 ) (1024 -4096 -308.796997 ) (1024 -4931.589844 -308.796997 ) (1024 -4931.589844 849.734070 ) 
4 218 219 (0 -4096 849.734070 ) (0 -4096 -308.796997 ) (0 -4931.589844 -308.796997 ) (0 -4931.589844 849.734070 ) 
4 219 220 (-1024 -4096 849.734070 ) (-1024 -4096 -308.796997 ) (-1024 -4931.589844 -308.796997 ) (-1024 -4931.589844 849.734070 ) 
4 220 237 (-2048 -4931.589844 849.734070 ) (-2048 -4096 849.734070 ) (-2048 -4096 -308.796997 ) (-2048 -4931.589844 -308.796997 ) 
4 221 223 (-2048 0 -308.796997 ) (-2048 0 849.734070 ) (-3072 0 849.734070 ) (-3072 0 -308.796997 ) 
4 221 222 (-3072 1024 849.734070 ) (-3072 1024 -308.796997 ) (-3072 0 -308.796997 ) (-3072 0 849.734070 ) 
4 222 227 (-4096 1024 849.734070 ) (-4096 1024 -308.796997 ) (-4096 0 -308.796997 ) (-4096 0 849.734070 ) 
4 222 224 (-3072 0 -308.796997 ) (-3072 0 849.734070 ) (-4096 0 849.734070 ) (-4096 0 -308.796997 ) 
4 223 225 (-2048 -1024 -308.796997 ) (-2048 -1024 849.734070 ) (-3072 -1024 849.734070 ) (-3072 -1024 -308.796997 ) 
4 223 224 (-3072 -1024 -308.796997 ) (-3072 -1024 849.734070 ) (-3072 0 849.734070 ) (-3072 0 -308.796997 ) 
4 224 229 (-4096 -1024 -308.796997 ) (-4096 -1024 849.734070 ) (-4096 0 849.734070 ) (-4096 0 -308.796997 ) 
4 224 226 (-4096 -1024 849.734070 ) (-4096 -1024 -308.796997 ) (-3072 -1024 -308.796997 ) (-3072 -1024 849.734070 ) 
4 225 233 (-2048 -2048 -308.796997 ) (-2048 -2048 849.734070 ) (-3072 -2048 849.734070 ) (-3072 -2048 -308.796997 ) 
4 225 226 (-3072 -1024 849.734070 ) (-3072 -1024 -308.796997 ) (-3072 -2048 -308.796997 ) (-3072 -2048 849.734070 ) 
4 226 234 (-3072 -2048 -308.796997 ) (-3072 -2048 849.734070 ) (-4096 -2048 849.734070 ) (-4096 -2048 -308.796997 ) 
4 226 230 (-4096 -2048 -308.796997 ) (-4096 -2048 849.734070 ) (-4096 -1024 849.734070 ) (-4096 -1024 -308.796997 ) 
4 227 229 (-4096 0 -308.796997 ) (-4096 0 849.734070 ) (-5120 0 849.734070 ) (-5120 0 -308.796997 ) 
4 227 228 (-5120 1024 849.734070 ) (-5120 1024 -308.796997 ) (-5120 0 -308.796997 ) (-5120 0 849.734070 ) 
4 228 231 (-5120 0 -308.796997 ) (-5120 0 849.734070 ) (-5634.850586 0 849.734070 ) (-5634.850586 0 -308.796997 ) 
4 229 231 (-5120 0 849.734070 ) (-5120 0 -308.796997 ) (-5120 -1024 -308.796997 ) (-5120 -1024 849.734070 ) 
4 229 230 (-4096 -1024 -308.796997 ) (-4096 -1024 849.734070 ) (-5120 -1024 849.734070 ) (-5120 -1024 -308.796997 ) 
4 230 239 (-4096 -2048 -308.796997 ) (-4096 -2048 849.734070 ) (-5120 -2048 849.734070 ) (-5120 -2048 -308.796997 ) 
4 230 232 (-5120 -2048 -308.796997 ) (-5120 -2048 849.734070 ) (-5120 -1024 849.734070 ) (-5120 -1024 -308.796997 ) 
4 231 232 (-5120 -1024 -308.796997 ) (-5120 -1024 849.734070 ) (-5634.850586 -1024 849.734070 ) (-5634.850586 -1024 -308.796997 ) 
4 232 241 (-5120 -2048 -308.796997 ) (-5120 -2048 849.734070 ) (-5634.850586 -2048 849.734070 ) (-5634.850586 -2048 -308.796997 ) 
4 233 235 (-2048 -3072 -308.796997 ) (-2048 -3072 849.734070 ) (-3072 -3072 849.734070 ) (-3072 -3072 -308.796997 ) 
4 233 234 (-3072 -3072 -308.796997 ) (-3072 -3072 849.734070 ) (-3072 -2048 849.734070 ) (-3072 -2048 -308.796997 ) 
4 234 239 (-4096 -2048 849.734070 ) (-4096 -2048 -308.796997 ) (-4096 -3072 -308.796997 ) (-4096 -3072 849.734070 ) 
4 234 236 (-4096 -3072 849.734070 ) (-4096 -3072 -308.796997 ) (-3072 -3072 -308.796997 ) (-3072 -3072 849.734070 ) 
4 235 237 (-2048 -4096 -308.796997 ) (-2048 -4096 849.734070 ) (-3072 -4096 849.734070 ) (-3072 -4096 -308.796997 ) 
4 235 236 (-3072 -3072 849.734070 ) (-3072 -3072 -308.796997 ) (-3072 -4096 -308.796997 ) (-3072 -4096 849.734070 ) 
4 236 240 (-4096 -4096 -308.796997 ) (-4096 -4096 849.734070 ) (-4096 -3072 849.734070 ) (-4096 -3072 -308.796997 ) 
4 236 238 (-3072 -4096 -308.796997 ) (-3072 -4096 849.734070 ) (-4096 -4096 849.734070 ) (-4096 -4096 -308.796997 ) 
4 237 238 (-3072 -4931.589844 849.734070 ) (-3072 -4096 849.734070 ) (-3072 -4096 -308.796997 ) (-3072 -4931.589844 -308.796997 ) 
4 238 243 (-4096 -4931.589844 849.734070 ) (-4096 -4096 849.734070 ) (-4096 -4096 -308.796997 ) (-4096 -4931.589844 -308.796997 ) 
4 239 241 (-5120 -2048 849.734070 ) (-5120 -2048 -308.796997 ) (-5120 -3072 -308.796997 ) (-5120 -3072 849.734070 ) 
4 239 240 (-4096 -3072 -308.796997 ) (-4096 -3072 849.734070 ) (-5120 -3072 849.734070 ) (-5120 -3072 -308.796997 ) 
4 240 243 (-4096 -4096 -308.796997 ) (-4096 -4096 849.734070 ) (-5120 -4096 849.734070 ) (-5120 -4096 -308.796997 ) 
4 240 242 (-5120 -4096 -308.796997 ) (-5120 -4096 849.734070 ) (-5120 -3072 849.734070 ) (-5120 -3072 -308.796997 ) 
4 241 242 (-5120 -3072 -308.796997 ) (-5120 -3072 849.734070 ) (-5634.850586 -3072 849.734070 ) (-5634.850586 -3072 -308.796997 ) 
4 242 244 (-5120 -4096 -308.796997 ) (-5120 -4096 849.734070 ) (-5634.850586 -4096 849.734070 ) (-5634.850586 -4096 -308.796997 ) 
4 243 244 (-5120 -4096 849.734070 ) (-5120 -4096 -308.796997 ) (-5120 -4931.589844 -308.796997 ) (-5120 -4931.589844 849.734070 ) 
