PRT1
137
338
4 0 7 (1469.329956 1024 992 ) (1024 1024 992 ) (1024 1024 -480 ) (1469.329956 1024 -480 ) 
4 0 2 (1024 1024 64 ) (1024 1024 992 ) (1024 1280 992 ) (1024 1280 64 ) 
4 0 3 (1024 1024 -480 ) (1024 1024 0 ) (1024 1280 0 ) (1024 1280 -480 ) 
4 0 1 (1024 1280 992 ) (1024 1485.329956 992 ) (1024 1485.329956 -480 ) (1024 1280 -480 ) 
4 1 4 (0 1280 992 ) (0 1485.329956 992 ) (0 1485.329956 -480 ) (0 1280 -480 ) 
4 1 2 (1024 1280 64 ) (1024 1280 992 ) (0 1280 992 ) (0 1280 64 ) 
4 1 3 (0 1280 -480 ) (1024 1280 -480 ) (1024 1280 0 ) (0 1280 0 ) 
4 2 10 (1024 1024 64 ) (1024 1024 72 ) (56 1024 72 ) (56 1024 64 ) 
4 2 9 (1024 1024 72 ) (1024 1024 992 ) (0 1024 992 ) (0 1024 72 ) 
4 2 5 (0 1024 64 ) (0 1024 992 ) (0 1280 992 ) (0 1280 64 ) 
4 3 12 (1024 1024 -480 ) (1024 1024 0 ) (0 1024 0 ) (0 1024 -480 ) 
4 3 6 (0 1024 -480 ) (0 1024 0 ) (0 1280 0 ) (0 1280 -480 ) 
4 4 45 (-1024 1280 992 ) (-1024 1485.329956 992 ) (-1024 1485.329956 -480 ) (-1024 1280 -480 ) 
4 4 5 (0 1280 64 ) (0 1280 992 ) (-1024 1280 992 ) (-1024 1280 64 ) 
4 4 6 (-1024 1280 -480 ) (0 1280 -480 ) (0 1280 0 ) (-1024 1280 0 ) 
4 5 46 (-1024 1024 64 ) (-1024 1024 992 ) (-1024 1280 992 ) (-1024 1280 64 ) 
4 5 14 (-896 1024 64 ) (-56 1024 64 ) (-56 1024 72 ) (-896 1024 72 ) 
4 5 16 (-1024 1024 72 ) (-1024 1024 64 ) (-896 1024 64 ) (-896 1024 72 ) 
4 5 13 (-1024 1024 992 ) (-1024 1024 72 ) (0 1024 72 ) (0 1024 992 ) 
4 6 47 (-1024 1024 -480 ) (-1024 1024 0 ) (-1024 1280 0 ) (-1024 1280 -480 ) 
4 6 17 (-1024 1024 0 ) (-1024 1024 -480 ) (0 1024 -480 ) (0 1024 0 ) 
4 7 12 (1024 1024 0 ) (1024 1024 -480 ) (1024 0 -480 ) (1024 0 0 ) 
4 7 10 (1024 1024 72 ) (1024 1024 64 ) (1024 0 64 ) (1024 0 72 ) 
4 7 9 (1024 1024 992 ) (1024 1024 72 ) (1024 0 72 ) (1024 0 992 ) 
4 7 8 (1469.329956 0 992 ) (1024 0 992 ) (1024 0 -480 ) (1469.329956 0 -480 ) 
4 8 24 (1469.329956 -1024 992 ) (1024 -1024 992 ) (1024 -1024 -480 ) (1469.329956 -1024 -480 ) 
4 8 19 (1024 -1024 -480 ) (1024 -1024 0 ) (1024 0 0 ) (1024 0 -480 ) 
4 8 18 (1024 -1024 64 ) (1024 -1024 992 ) (1024 0 992 ) (1024 0 64 ) 
4 9 18 (1024 0 72 ) (1024 0 992 ) (0 0 992 ) (0 0 72 ) 
4 9 13 (0 1024 992 ) (0 1024 72 ) (0 0 72 ) (0 0 992 ) 
4 9 11 (0 0 72 ) (0 128 72 ) (56 128 72 ) (56 0 72 ) 
4 9 10 (56 1024 72 ) (1024 1024 72 ) (1024 0 72 ) (56 0 72 ) 
4 10 18 (1024 0 64 ) (1024 0 72 ) (56 0 72 ) (56 0 64 ) 
4 10 11 (56 128 64 ) (56 0 64 ) (56 0 72 ) (56 128 72 ) 
4 11 18 (56 0 72 ) (0 0 72 ) (0 0 64 ) (56 0 64 ) 
4 11 15 (0 128 64 ) (0 0 64 ) (0 0 72 ) (0 128 72 ) 
4 12 19 (1024 0 -480 ) (1024 0 0 ) (0 0 0 ) (0 0 -480 ) 
4 12 17 (0 1024 0 ) (0 1024 -480 ) (0 0 -480 ) (0 0 0 ) 
4 13 52 (-1024 0 72 ) (-1024 0 992 ) (-1024 1024 992 ) (-1024 1024 72 ) 
4 13 21 (-896 0 72 ) (-792 0 72 ) (-792 0 992 ) (-896 0 992 ) 
4 13 20 (-792 0 72 ) (0 0 72 ) (0 0 992 ) (-792 0 992 ) 
4 13 22 (-1024 0 992 ) (-1024 0 72 ) (-896 0 72 ) (-896 0 992 ) 
4 13 15 (0 0 72 ) (-792 0 72 ) (-792 128 72 ) (0 128 72 ) 
4 13 14 (-896 240 72 ) (-896 1024 72 ) (-56 1024 72 ) (-56 240 72 ) 
4 13 16 (-896 0 72 ) (-1024 0 72 ) (-1024 1024 72 ) (-896 1024 72 ) 
4 14 16 (-896 1024 64 ) (-896 240 64 ) (-896 240 72 ) (-896 1024 72 ) 
4 15 20 (-792 0 64 ) (0 0 64 ) (0 0 72 ) (-792 0 72 ) 
4 16 52 (-1024 0 64 ) (-1024 0 72 ) (-1024 1024 72 ) (-1024 1024 64 ) 
4 16 22 (-1024 0 72 ) (-1024 0 64 ) (-896 0 64 ) (-896 0 72 ) 
4 17 53 (-1024 0 -480 ) (-1024 0 0 ) (-1024 1024 0 ) (-1024 1024 -480 ) 
4 17 23 (-1024 0 0 ) (-1024 0 -480 ) (0 0 -480 ) (0 0 0 ) 
4 18 26 (1024 -1024 64 ) (1024 -1024 992 ) (0 -1024 992 ) (0 -1024 64 ) 
4 18 20 (0 0 992 ) (0 0 64 ) (0 -1024 64 ) (0 -1024 992 ) 
4 19 27 (1024 -1024 -480 ) (1024 -1024 0 ) (0 -1024 0 ) (0 -1024 -480 ) 
4 19 23 (0 0 0 ) (0 0 -480 ) (0 -1024 -480 ) (0 -1024 0 ) 
4 20 29 (0 -1024 64 ) (0 -1024 248 ) (-792 -1024 248 ) (-792 -1024 64 ) 
4 20 28 (0 -1024 248 ) (0 -1024 992 ) (-792 -1024 992 ) (-792 -1024 248 ) 
5 20 21 (-792 -704 72 ) (-792 -1024 197.714279 ) (-792 -1024 992 ) (-792 0 992 ) (-792 0 72 ) 
4 21 30 (-896 -1024 248 ) (-896 -1024 197.714294 ) (-792 -1024 197.714279 ) (-792 -1024 248 ) 
4 21 28 (-792 -1024 992 ) (-896 -1024 992 ) (-896 -1024 248 ) (-792 -1024 248 ) 
5 21 22 (-896 -704 72 ) (-896 -1024 197.714279 ) (-896 -1024 992 ) (-896 0 992 ) (-896 0 72 ) 
4 22 59 (-1024 -1024 64 ) (-1024 -1024 992 ) (-1024 0 992 ) (-1024 0 64 ) 
4 22 31 (-1024 -1024 248 ) (-1024 -1024 64 ) (-896 -1024 64 ) (-896 -1024 248 ) 
4 22 28 (-896 -1024 992 ) (-1024 -1024 992 ) (-1024 -1024 248 ) (-896 -1024 248 ) 
4 23 60 (-1024 -1024 -480 ) (-1024 -1024 0 ) (-1024 0 0 ) (-1024 0 -480 ) 
4 23 37 (0 -1024 -480 ) (0 -1024 0 ) (-1024 -1024 0 ) (-1024 -1024 -480 ) 
4 24 27 (1024 -2048 -480 ) (1024 -2048 0 ) (1024 -1024 0 ) (1024 -1024 -480 ) 
4 24 26 (1024 -2048 64 ) (1024 -2048 992 ) (1024 -1024 992 ) (1024 -1024 64 ) 
4 24 25 (1469.329956 -2048 992 ) (1024 -2048 992 ) (1024 -2048 -480 ) (1469.329956 -2048 -480 ) 
4 25 42 (1469.329956 -3072 992 ) (1024 -3072 992 ) (1024 -3072 -480 ) (1469.329956 -3072 -480 ) 
4 25 39 (1024 -3072 -480 ) (1024 -3072 0 ) (1024 -2048 0 ) (1024 -2048 -480 ) 
4 25 38 (1024 -3072 64 ) (1024 -3072 992 ) (1024 -2048 992 ) (1024 -2048 64 ) 
4 26 38 (1024 -2048 64 ) (1024 -2048 992 ) (0 -2048 992 ) (0 -2048 64 ) 
4 26 33 (0 -1920 248 ) (0 -1152 248 ) (0 -1152 64 ) (0 -1920 64 ) 
4 26 36 (0 -2048 64 ) (0 -2048 248 ) (0 -1920 248 ) (0 -1920 64 ) 
4 26 29 (0 -1152 248 ) (0 -1024 248 ) (0 -1024 64 ) (0 -1152 64 ) 
4 26 28 (0 -2048 248 ) (0 -2048 992 ) (0 -1024 992 ) (0 -1024 248 ) 
4 27 39 (1024 -2048 -480 ) (1024 -2048 0 ) (0 -2048 0 ) (0 -2048 -480 ) 
4 27 37 (0 -2048 -480 ) (0 -2048 0 ) (0 -1024 0 ) (0 -1024 -480 ) 
4 28 83 (-1024 -2048 248 ) (-1024 -2048 992 ) (-1024 -1024 992 ) (-1024 -1024 248 ) 
4 28 40 (-1024 -2048 992 ) (-1024 -2048 248 ) (0 -2048 248 ) (0 -2048 992 ) 
4 28 33 (-792 -1152 248 ) (0 -1152 248 ) (0 -1920 248 ) (-792 -1920 248 ) 
4 28 35 (-1024 -1670.153931 248 ) (-1024 -1152 248 ) (-896 -1152 248 ) (-896 -1808 248 ) 
3 28 32 (-1024 -1808 248 ) (-1024 -1670.153931 248 ) (-896 -1808 248 ) 
4 28 36 (0 -2048 248 ) (-1024 -2048 248 ) (-1024 -1920 248 ) (0 -1920 248 ) 
4 28 30 (-896 -1024 248 ) (-792 -1024 248 ) (-792 -1152 248 ) (-896 -1152 248 ) 
4 28 29 (-792 -1024 248 ) (0 -1024 248 ) (0 -1152 248 ) (-792 -1152 248 ) 
4 28 31 (-1024 -1152 248 ) (-1024 -1024 248 ) (-896 -1024 248 ) (-896 -1152 248 ) 
4 29 33 (-792 -1152 64 ) (0 -1152 64 ) (0 -1152 248 ) (-792 -1152 248 ) 
3 29 30 (-792 -1152 248 ) (-792 -1024 248 ) (-792 -1024 197.714294 ) 
3 30 31 (-896 -1152 248 ) (-896 -1024 248 ) (-896 -1024 197.714294 ) 
4 31 84 (-1024 -1152 248 ) (-1024 -1024 248 ) (-1024 -1024 64 ) (-1024 -1152 64 ) 
4 31 35 (-1024 -1152 64 ) (-896 -1152 64 ) (-896 -1152 248 ) (-1024 -1152 248 ) 
4 32 84 (-1024 -1808 248 ) (-1024 -1670.153931 248 ) (-1024 -1670.153809 64 ) (-1024 -1808 64 ) 
4 32 35 (-896 -1808 64 ) (-1024 -1670.153442 64 ) (-1024 -1670.153442 248 ) (-896 -1808 248 ) 
4 33 34 (-792 -1152 240 ) (-792 -1152 64 ) (-792 -1920 64 ) (-792 -1920 240 ) 
4 33 36 (-792 -1920 64 ) (0 -1920 64 ) (0 -1920 248 ) (-792 -1920 248 ) 
4 34 35 (-896 -1152 240 ) (-896 -1152 64 ) (-896 -1808 64 ) (-896 -1808 240 ) 
4 35 84 (-1024 -1670.153931 248 ) (-1024 -1152 248 ) (-1024 -1152 64 ) (-1024 -1670.153809 64 ) 
4 36 86 (-1024 -2048 64 ) (-1024 -2048 248 ) (-1024 -1920 248 ) (-1024 -1920 64 ) 
4 36 40 (-1024 -2048 248 ) (-1024 -2048 64 ) (0 -2048 64 ) (0 -2048 248 ) 
4 37 90 (-1024 -2048 -480 ) (-1024 -2048 0 ) (-1024 -1024 0 ) (-1024 -1024 -480 ) 
4 37 41 (-1024 -2048 0 ) (-1024 -2048 -480 ) (0 -2048 -480 ) (0 -2048 0 ) 
4 38 43 (1024 -3072 64 ) (1024 -3072 992 ) (0 -3072 992 ) (0 -3072 64 ) 
4 38 40 (0 -2048 992 ) (0 -2048 64 ) (0 -3072 64 ) (0 -3072 992 ) 
4 39 43 (1024 -3072 -480 ) (1024 -3072 0 ) (0 -3072 0 ) (0 -3072 -480 ) 
4 39 41 (0 -2048 0 ) (0 -2048 -480 ) (0 -3072 -480 ) (0 -3072 0 ) 
4 40 105 (-1024 -3072 64 ) (-1024 -3072 72 ) (-1024 -2640 72 ) (-1024 -2640 64 ) 
4 40 103 (-1024 -2640 72 ) (-1024 -2048 72 ) (-1024 -2048 64 ) (-1024 -2640 64 ) 
4 40 102 (-1024 -3072 72 ) (-1024 -3072 992 ) (-1024 -2048 992 ) (-1024 -2048 72 ) 
4 40 44 (-1024 -3072 992 ) (-1024 -3072 64 ) (0 -3072 64 ) (0 -3072 992 ) 
4 41 107 (-1024 -3072 -480 ) (-1024 -3072 0 ) (-1024 -2048 0 ) (-1024 -2048 -480 ) 
4 41 44 (-1024 -3072 0 ) (-1024 -3072 -480 ) (0 -3072 -480 ) (0 -3072 0 ) 
4 42 43 (1024 -3072 992 ) (1024 -3072 -480 ) (1024 -3277.330078 -480 ) (1024 -3277.330078 992 ) 
4 43 44 (0 -3072 992 ) (0 -3072 -480 ) (0 -3277.330078 -480 ) (0 -3277.330078 992 ) 
4 44 118 (-1024 -3277.330078 992 ) (-1024 -3072 992 ) (-1024 -3072 -480 ) (-1024 -3277.330078 -480 ) 
4 45 48 (-2048 1280 992 ) (-2048 1485.329956 992 ) (-2048 1485.329956 -480 ) (-2048 1280 -480 ) 
4 45 46 (-1024 1280 64 ) (-1024 1280 992 ) (-2048 1280 992 ) (-2048 1280 64 ) 
4 45 47 (-2048 1280 -480 ) (-1024 1280 -480 ) (-1024 1280 0 ) (-2048 1280 0 ) 
4 46 52 (-1024 1024 64 ) (-1024 1024 992 ) (-2048 1024 992 ) (-2048 1024 64 ) 
4 46 49 (-2048 1024 64 ) (-2048 1024 992 ) (-2048 1280 992 ) (-2048 1280 64 ) 
4 47 53 (-1024 1024 -480 ) (-1024 1024 0 ) (-2048 1024 0 ) (-2048 1024 -480 ) 
4 47 50 (-2048 1024 -480 ) (-2048 1024 0 ) (-2048 1280 0 ) (-2048 1280 -480 ) 
4 48 66 (-3072 1280 992 ) (-3072 1485.329956 992 ) (-3072 1485.329956 -480 ) (-3072 1280 -480 ) 
4 48 49 (-2048 1280 64 ) (-2048 1280 992 ) (-2704 1280 992 ) (-2704 1280 64 ) 
4 48 50 (-2704 1280 -480 ) (-2048 1280 -480 ) (-2048 1280 0 ) (-2704 1280 0 ) 
4 48 51 (-3072 1280 -480 ) (-2704 1280 -480 ) (-2704 1280 992 ) (-3072 1280 992 ) 
4 49 54 (-2048 1024 64 ) (-2048 1024 992 ) (-2704 1024 992 ) (-2704 1024 64 ) 
4 49 51 (-2704 1280 992 ) (-2704 1280 64 ) (-2704 1024 64 ) (-2704 1024 992 ) 
4 50 56 (-2048 1024 -480 ) (-2048 1024 0 ) (-2704 1024 0 ) (-2704 1024 -480 ) 
4 50 51 (-2704 1280 0 ) (-2704 1280 -480 ) (-2704 1024 -480 ) (-2704 1024 0 ) 
4 51 66 (-3072 1024 -480 ) (-3072 1024 992 ) (-3072 1280 992 ) (-3072 1280 -480 ) 
4 51 57 (-3072 1024 0 ) (-3072 1024 -192 ) (-2704 1024 -192 ) (-2704 1024 0 ) 
4 51 58 (-3072 1024 -228 ) (-3072 1024 -480 ) (-2704 1024 -480 ) (-2704 1024 -228 ) 
4 51 55 (-2704 1024 992 ) (-3072 1024 992 ) (-3072 1024 0 ) (-2704 1024 0 ) 
4 52 59 (-1024 0 64 ) (-1024 0 992 ) (-2048 0 992 ) (-2048 0 64 ) 
4 52 54 (-2048 0 64 ) (-2048 0 992 ) (-2048 1024 992 ) (-2048 1024 64 ) 
4 53 60 (-1024 0 -480 ) (-1024 0 0 ) (-2048 0 0 ) (-2048 0 -480 ) 
4 53 56 (-2048 0 -480 ) (-2048 0 0 ) (-2048 1024 0 ) (-2048 1024 -480 ) 
4 54 61 (-2048 0 64 ) (-2048 0 992 ) (-2704 0 992 ) (-2704 0 64 ) 
4 54 55 (-2704 0 64 ) (-2704 0 992 ) (-2704 1024 992 ) (-2704 1024 64 ) 
4 55 68 (-3072 0 0 ) (-3072 0 992 ) (-3072 1024 992 ) (-3072 1024 0 ) 
4 55 62 (-3072 0 992 ) (-3072 0 0 ) (-2704 0 0 ) (-2704 0 992 ) 
4 55 57 (-3072 1024 0 ) (-2704 1024 0 ) (-2704 0 0 ) (-3072 0 0 ) 
4 56 63 (-2704 0 -480 ) (-2048 0 -480 ) (-2048 0 0 ) (-2704 0 0 ) 
4 56 57 (-2704 0 -192 ) (-2704 0 0 ) (-2704 1024 0 ) (-2704 1024 -192 ) 
4 56 58 (-2704 1024 -480 ) (-2704 0 -480 ) (-2704 0 -228 ) (-2704 1024 -228 ) 
4 57 68 (-3072 0 -192 ) (-3072 0 0 ) (-3072 1024 0 ) (-3072 1024 -192 ) 
4 57 64 (-3072 0 0 ) (-3072 0 -192 ) (-2704 0 -192 ) (-2704 0 0 ) 
4 58 72 (-3072 0 -480 ) (-3072 0 -228 ) (-3072 1024 -228 ) (-3072 1024 -480 ) 
4 58 65 (-3072 0 -228 ) (-3072 0 -480 ) (-2704 0 -480 ) (-2704 0 -228 ) 
4 59 88 (-1968 -1024 64 ) (-1856 -1024 64 ) (-1856 -1024 72 ) (-1968 -1024 72 ) 
4 59 89 (-2048 -1024 72 ) (-2048 -1024 64 ) (-1968 -1024 64 ) (-1968 -1024 72 ) 
4 59 87 (-1856 -1024 992 ) (-2048 -1024 992 ) (-2048 -1024 72 ) (-1856 -1024 72 ) 
4 59 84 (-1024 -1024 64 ) (-1024 -1024 248 ) (-1856 -1024 248 ) (-1856 -1024 64 ) 
4 59 83 (-1024 -1024 248 ) (-1024 -1024 992 ) (-1856 -1024 992 ) (-1856 -1024 248 ) 
4 59 61 (-2048 0 992 ) (-2048 0 64 ) (-2048 -1024 64 ) (-2048 -1024 992 ) 
4 60 90 (-1024 -1024 -480 ) (-1024 -1024 0 ) (-2048 -1024 0 ) (-2048 -1024 -480 ) 
4 60 63 (-2048 0 0 ) (-2048 0 -480 ) (-2048 -1024 -480 ) (-2048 -1024 0 ) 
4 61 91 (-2048 -1024 64 ) (-2048 -1024 992 ) (-2704 -1024 992 ) (-2704 -1024 64 ) 
4 61 62 (-2704 -1024 64 ) (-2704 -1024 992 ) (-2704 0 992 ) (-2704 0 64 ) 
4 62 97 (-2816 -1024 992 ) (-3072 -1024 992 ) (-3072 -1024 0 ) (-2816 -1024 0 ) 
4 62 94 (-2816 -1024 8 ) (-2816 -1024 0 ) (-2704 -1024 0 ) (-2704 -1024 8 ) 
4 62 93 (-2704 -1024 992 ) (-2816 -1024 992 ) (-2816 -1024 8 ) (-2704 -1024 8 ) 
4 62 73 (-3072 -1024 0 ) (-3072 -1024 992 ) (-3072 0 992 ) (-3072 0 0 ) 
4 62 64 (-3072 -1024 0 ) (-3072 0 0 ) (-2704 0 0 ) (-2704 -1024 0 ) 
4 63 100 (-2048 -1024 -480 ) (-2048 -1024 -192 ) (-2704 -1024 -192 ) (-2704 -1024 -480 ) 
4 63 92 (-2048 -1024 -192 ) (-2048 -1024 0 ) (-2704 -1024 0 ) (-2704 -1024 -192 ) 
4 63 64 (-2704 -1024 -192 ) (-2704 -1024 0 ) (-2704 0 0 ) (-2704 0 -192 ) 
4 63 65 (-2704 0 -480 ) (-2704 -1024 -480 ) (-2704 -1024 -228 ) (-2704 0 -228 ) 
4 64 97 (-2816 -1024 0 ) (-3072 -1024 0 ) (-3072 -1024 -192 ) (-2816 -1024 -192 ) 
4 64 94 (-2704 -1024 0 ) (-2816 -1024 0 ) (-2816 -1024 -192 ) (-2704 -1024 -192 ) 
4 64 73 (-3072 -1024 -192 ) (-3072 -1024 0 ) (-3072 0 0 ) (-3072 0 -192 ) 
4 65 101 (-3072 -1024 -228 ) (-3072 -1024 -480 ) (-2704 -1024 -480 ) (-2704 -1024 -228 ) 
4 65 76 (-3072 -1024 -480 ) (-3072 -1024 -228 ) (-3072 0 -228 ) (-3072 0 -480 ) 
4 66 72 (-3072 1024 -480 ) (-3072 1024 -228 ) (-4096 1024 -228 ) (-4096 1024 -480 ) 
4 66 69 (-3712 1024 992 ) (-3824 1024 992 ) (-3824 1024 -192 ) (-3712 1024 -192 ) 
4 66 68 (-3072 1024 -192 ) (-3072 1024 992 ) (-3712 1024 992 ) (-3712 1024 -192 ) 
4 66 71 (-3824 1024 992 ) (-4096 1024 992 ) (-4096 1024 -192 ) (-3824 1024 -192 ) 
4 66 67 (-4096 1024 -480 ) (-4096 1024 992 ) (-4096 1485.329956 992 ) (-4096 1485.329956 -480 ) 
4 67 79 (-4140 1024 992 ) (-4797.330078 1024 992 ) (-4797.330078 1024 -480 ) (-4140 1024 -480 ) 
4 67 77 (-4096 1024 -192 ) (-4096 1024 992 ) (-4140 1024 992 ) (-4140 1024 -192 ) 
4 67 78 (-4096 1024 -480 ) (-4096 1024 -228 ) (-4140 1024 -228 ) (-4140 1024 -480 ) 
4 68 73 (-3072 0 -192 ) (-3072 0 992 ) (-3712 0 992 ) (-3712 0 -192 ) 
4 68 70 (-3712 0 -184 ) (-3712 0 992 ) (-3712 128 992 ) (-3712 128 -184 ) 
4 68 69 (-3712 1024 -192 ) (-3712 128 -192 ) (-3712 128 992 ) (-3712 1024 992 ) 
4 69 70 (-3824 128 992 ) (-3824 128 -184 ) (-3712 128 -184 ) (-3712 128 992 ) 
4 69 71 (-3824 1024 -192 ) (-3824 128 -192 ) (-3824 128 992 ) (-3824 1024 992 ) 
4 70 74 (-3712 0 992 ) (-3824 0 992 ) (-3824 0 -184 ) (-3712 0 -184 ) 
4 70 71 (-3824 0 -184 ) (-3824 0 992 ) (-3824 128 992 ) (-3824 128 -184 ) 
4 71 77 (-4096 1024 992 ) (-4096 1024 -192 ) (-4096 0 -192 ) (-4096 0 992 ) 
4 71 75 (-3824 0 992 ) (-4096 0 992 ) (-4096 0 -192 ) (-3824 0 -192 ) 
4 72 78 (-4096 1024 -228 ) (-4096 1024 -480 ) (-4096 0 -480 ) (-4096 0 -228 ) 
4 72 76 (-3072 0 -480 ) (-3072 0 -228 ) (-4096 0 -228 ) (-4096 0 -480 ) 
4 73 120 (-3072 -1024 -192 ) (-3072 -1024 992 ) (-3712 -1024 992 ) (-3712 -1024 -192 ) 
4 73 74 (-3712 -1024 -184 ) (-3712 -1024 992 ) (-3712 0 992 ) (-3712 0 -184 ) 
4 74 123 (-3712 -1024 992 ) (-3824 -1024 992 ) (-3824 -1024 -184 ) (-3712 -1024 -184 ) 
4 74 75 (-3824 -1024 -184 ) (-3824 -1024 992 ) (-3824 0 992 ) (-3824 0 -184 ) 
4 75 125 (-4096 -1024 -184 ) (-4096 -1024 -192 ) (-3824 -1024 -192 ) (-3824 -1024 -184 ) 
4 75 123 (-3824 -1024 992 ) (-4096 -1024 992 ) (-4096 -1024 -184 ) (-3824 -1024 -184 ) 
4 75 80 (-4096 -1024 -192 ) (-4096 -1024 992 ) (-4096 0 992 ) (-4096 0 -192 ) 
4 76 126 (-3072 -1024 -480 ) (-3072 -1024 -228 ) (-4096 -1024 -228 ) (-4096 -1024 -480 ) 
4 76 81 (-4096 -1024 -480 ) (-4096 -1024 -228 ) (-4096 0 -228 ) (-4096 0 -480 ) 
4 77 80 (-4096 0 -192 ) (-4096 0 992 ) (-4140 0 992 ) (-4140 0 -192 ) 
4 77 79 (-4140 0 -192 ) (-4140 0 992 ) (-4140 1024 992 ) (-4140 1024 -192 ) 
4 78 81 (-4096 0 -480 ) (-4096 0 -228 ) (-4140 0 -228 ) (-4140 0 -480 ) 
4 78 79 (-4140 1024 -480 ) (-4140 0 -480 ) (-4140 0 -228 ) (-4140 1024 -228 ) 
4 79 82 (-4140 0 992 ) (-4797.330078 0 992 ) (-4797.330078 0 -480 ) (-4140 0 -480 ) 
4 80 129 (-4096 -1024 -192 ) (-4096 -1024 992 ) (-4140 -1024 992 ) (-4140 -1024 -192 ) 
4 80 82 (-4140 -1024 -192 ) (-4140 -1024 992 ) (-4140 0 992 ) (-4140 0 -192 ) 
4 81 130 (-4096 -1024 -480 ) (-4096 -1024 -228 ) (-4140 -1024 -228 ) (-4140 -1024 -480 ) 
4 81 82 (-4140 0 -480 ) (-4140 -1024 -480 ) (-4140 -1024 -228 ) (-4140 0 -228 ) 
4 82 131 (-4140 -1024 992 ) (-4797.330078 -1024 992 ) (-4797.330078 -1024 -480 ) (-4140 -1024 -480 ) 
4 83 102 (-1024 -2048 248 ) (-1024 -2048 992 ) (-1856 -2048 992 ) (-1856 -2048 248 ) 
4 83 87 (-1856 -2048 248 ) (-1856 -2048 992 ) (-1856 -1024 992 ) (-1856 -1024 248 ) 
4 83 85 (-1856 -1920 248 ) (-1856 -1808 248 ) (-1100.229980 -1808 248 ) (-1100.230103 -1920 248 ) 
4 83 84 (-1856 -1808 248 ) (-1856 -1024 248 ) (-1024 -1024 248 ) (-1024 -1808 248 ) 
4 83 86 (-1024 -2048 248 ) (-1856 -2048 248 ) (-1856 -1920 248 ) (-1024 -1920 248 ) 
4 84 88 (-1856 -1024 64 ) (-1856 -1808 64 ) (-1856 -1808 72 ) (-1856 -1024 72 ) 
4 84 87 (-1856 -1808 72 ) (-1856 -1808 248 ) (-1856 -1024 248 ) (-1856 -1024 72 ) 
3 84 85 (-1100.230103 -1808 248 ) (-1856 -1808 248 ) (-1856 -1808 72 ) 
4 85 87 (-1856 -1920 72 ) (-1856 -1920 248 ) (-1856 -1808 248 ) (-1856 -1808 72 ) 
3 85 86 (-1100.230103 -1920 248 ) (-1856 -1920 248 ) (-1856 -1920 72 ) 
4 86 103 (-1024 -2048 64 ) (-1024 -2048 72 ) (-1856 -2048 72 ) (-1856 -2048 64 ) 
4 86 102 (-1024 -2048 72 ) (-1024 -2048 248 ) (-1856 -2048 248 ) (-1856 -2048 72 ) 
4 86 87 (-1856 -2048 72 ) (-1856 -2048 248 ) (-1856 -1920 248 ) (-1856 -1920 72 ) 
4 87 102 (-2048 -2048 992 ) (-2048 -2048 72 ) (-1856 -2048 72 ) (-1856 -2048 992 ) 
4 87 91 (-2048 -2048 72 ) (-2048 -2048 992 ) (-2048 -1024 992 ) (-2048 -1024 72 ) 
4 87 88 (-1968 -1024 72 ) (-1856 -1024 72 ) (-1856 -1808 72 ) (-1968 -1808 72 ) 
4 87 89 (-2048 -1024 72 ) (-1968 -1024 72 ) (-1968 -2048 72 ) (-2048 -2048 72 ) 
4 88 89 (-1968 -1024 64 ) (-1968 -1808 64 ) (-1968 -1808 72 ) (-1968 -1024 72 ) 
4 89 104 (-2048 -2048 72 ) (-2048 -2048 64 ) (-1968 -2048 64 ) (-1968 -2048 72 ) 
4 89 91 (-2048 -2048 64 ) (-2048 -2048 72 ) (-2048 -1024 72 ) (-2048 -1024 64 ) 
4 90 107 (-1024 -2048 -480 ) (-1024 -2048 0 ) (-2048 -2048 0 ) (-2048 -2048 -480 ) 
4 90 100 (-2048 -2048 -480 ) (-2048 -2048 -192 ) (-2048 -1024 -192 ) (-2048 -1024 -480 ) 
4 90 92 (-2048 -2048 -192 ) (-2048 -2048 0 ) (-2048 -1024 0 ) (-2048 -1024 -192 ) 
4 91 109 (-2048 -2048 64 ) (-2048 -2048 72 ) (-2704 -2048 72 ) (-2704 -2048 64 ) 
4 91 108 (-2048 -2048 72 ) (-2048 -2048 992 ) (-2704 -2048 992 ) (-2704 -2048 72 ) 
4 91 95 (-2704 -2048 64 ) (-2704 -2048 992 ) (-2704 -1408 992 ) (-2704 -1408 64 ) 
4 91 93 (-2704 -1408 992 ) (-2704 -1024 992 ) (-2704 -1024 64 ) (-2704 -1408 64 ) 
4 92 111 (-2704 -2048 -192 ) (-2048 -2048 -192 ) (-2048 -2048 0 ) (-2704 -2048 0 ) 
4 92 100 (-2048 -1024 -192 ) (-2048 -2048 -192 ) (-2704 -2048 -192 ) (-2704 -1024 -192 ) 
4 92 96 (-2704 -1408 -192 ) (-2704 -2048 -192 ) (-2704 -2048 0 ) (-2704 -1408 0 ) 
4 92 94 (-2704 -1024 -192 ) (-2704 -1296 -192 ) (-2704 -1296 0 ) (-2704 -1024 0 ) 
4 93 98 (-2816 -1296 8 ) (-2816 -1408 8 ) (-2816 -1408 992 ) (-2816 -1296 992 ) 
4 93 97 (-2816 -1024 992 ) (-2816 -1024 8 ) (-2816 -1296 8 ) (-2816 -1296 992 ) 
4 93 95 (-2816 -1408 992 ) (-2816 -1408 8 ) (-2704 -1408 8 ) (-2704 -1408 992 ) 
4 93 94 (-2816 -1296 8 ) (-2816 -1024 8 ) (-2704 -1024 8 ) (-2704 -1296 8 ) 
4 94 97 (-2816 -1024 8 ) (-2816 -1024 -192 ) (-2816 -1296 -192 ) (-2816 -1296 8 ) 
4 95 113 (-2704 -2048 41.246754 ) (-2704 -2048 72 ) (-2816 -2048 72 ) (-2816 -2048 41.246765 ) 
4 95 112 (-2704 -2048 72 ) (-2704 -2048 992 ) (-2816 -2048 992 ) (-2816 -2048 72 ) 
4 95 99 (-2816 -2048 41.246754 ) (-2816 -2048 992 ) (-2816 -1408 992 ) (-2816 -1408 8 ) 
4 96 114 (-2816 -2048 -192 ) (-2704 -2048 -192 ) (-2704 -2048 0 ) (-2816 -2048 0 ) 
4 96 99 (-2816 -1408 -192 ) (-2816 -2048 -192 ) (-2816 -2048 0 ) (-2816 -1408 0 ) 
4 97 120 (-3072 -1024 992 ) (-3072 -1024 -192 ) (-3072 -1296 -192 ) (-3072 -1296 992 ) 
4 97 98 (-2816 -1296 8 ) (-2816 -1296 992 ) (-3072 -1296 992 ) (-3072 -1296 -46.857056 ) 
4 98 121 (-3072 -1408 -46.857132 ) (-3072 -1408 992 ) (-3072 -1296 992 ) (-3072 -1296 -46.857056 ) 
4 98 99 (-2816 -1408 8 ) (-2816 -1408 992 ) (-3072 -1408 992 ) (-3072 -1408 -46.857056 ) 
4 99 122 (-3072 -1408 -192 ) (-3072 -2048 -192 ) (-3072 -2048 992 ) (-3072 -1408 992 ) 
4 99 116 (-3072 -2048 72 ) (-3072 -2048 -192 ) (-2816 -2048 -192 ) (-2816 -2048 72 ) 
4 99 112 (-3072 -2048 992 ) (-3072 -2048 72 ) (-2816 -2048 72 ) (-2816 -2048 992 ) 
4 100 111 (-2704 -2048 -480 ) (-2048 -2048 -480 ) (-2048 -2048 -192 ) (-2704 -2048 -192 ) 
4 100 101 (-2704 -1024 -480 ) (-2704 -2048 -480 ) (-2704 -2048 -228 ) (-2704 -1024 -228 ) 
4 101 126 (-3072 -1024 -228 ) (-3072 -1024 -480 ) (-3072 -2048 -480 ) (-3072 -2048 -228 ) 
4 101 117 (-3072 -2048 -228 ) (-3072 -2048 -480 ) (-2704 -2048 -480 ) (-2704 -2048 -228 ) 
4 102 118 (-1024 -3072 72 ) (-1024 -3072 992 ) (-2048 -3072 992 ) (-2048 -3072 72 ) 
4 102 108 (-2048 -2048 992 ) (-2048 -2048 72 ) (-2048 -3072 72 ) (-2048 -3072 992 ) 
4 102 106 (-1856 -3072 72 ) (-2048 -3072 72 ) (-2048 -2752 72 ) (-1856 -2752 72 ) 
4 102 105 (-1024 -3072 72 ) (-1856 -3072 72 ) (-1856 -2640 72 ) (-1024 -2640 72 ) 
4 102 103 (-1856 -2048 72 ) (-1024 -2048 72 ) (-1024 -2640 72 ) (-1856 -2640 72 ) 
4 102 104 (-2048 -2640 72 ) (-2048 -2048 72 ) (-1968 -2048 72 ) (-1968 -2640 72 ) 
4 103 105 (-1856 -2640 64 ) (-1024 -2640 64 ) (-1024 -2640 72 ) (-1856 -2640 72 ) 
4 104 109 (-2048 -2048 72 ) (-2048 -2048 64 ) (-2048 -2640 64 ) (-2048 -2640 72 ) 
4 105 118 (-1024 -3072 64 ) (-1024 -3072 72 ) (-1856 -3072 72 ) (-1856 -3072 64 ) 
4 105 106 (-1856 -2752 64 ) (-1856 -3072 64 ) (-1856 -3072 72 ) (-1856 -2752 72 ) 
4 106 118 (-1856 -3072 72 ) (-2048 -3072 72 ) (-2048 -3072 64 ) (-1856 -3072 64 ) 
4 106 110 (-2048 -2752 64 ) (-2048 -3072 64 ) (-2048 -3072 72 ) (-2048 -2752 72 ) 
4 107 118 (-1024 -3072 -480 ) (-1024 -3072 0 ) (-2048 -3072 0 ) (-2048 -3072 -480 ) 
4 107 111 (-2048 -2048 0 ) (-2048 -2048 -480 ) (-2048 -3072 -480 ) (-2048 -3072 0 ) 
4 108 119 (-2048 -3072 72 ) (-2048 -3072 992 ) (-2704 -3072 992 ) (-2704 -3072 72 ) 
4 108 112 (-2704 -3072 72 ) (-2704 -3072 992 ) (-2704 -2048 992 ) (-2704 -2048 72 ) 
4 108 109 (-2704 -2640 72 ) (-2704 -2048 72 ) (-2048 -2048 72 ) (-2048 -2640 72 ) 
4 108 110 (-2704 -3072 72 ) (-2704 -2752 72 ) (-2048 -2752 72 ) (-2048 -3072 72 ) 
4 109 113 (-2704 -2640 72 ) (-2704 -2048 72 ) (-2704 -2048 64 ) (-2704 -2486 64 ) 
4 110 119 (-2048 -3072 64 ) (-2048 -3072 72 ) (-2704 -3072 72 ) (-2704 -3072 64 ) 
4 110 115 (-2704 -3072 64 ) (-2704 -3072 72 ) (-2704 -2752 72 ) (-2704 -2752 64 ) 
4 111 119 (-2048 -3072 -480 ) (-2048 -3072 0 ) (-2704 -3072 0 ) (-2704 -3072 -480 ) 
4 111 117 (-2704 -3072 -480 ) (-2704 -3072 -228 ) (-2704 -2048 -228 ) (-2704 -2048 -480 ) 
4 111 114 (-2704 -2752 0 ) (-2704 -2048 0 ) (-2704 -2048 -192 ) (-2704 -2752 -192 ) 
4 111 115 (-2704 -3072 -192 ) (-2704 -3072 0 ) (-2704 -2752 0 ) (-2704 -2752 -192 ) 
4 112 127 (-3072 -3072 72 ) (-3072 -3072 992 ) (-3072 -2048 992 ) (-3072 -2048 72 ) 
4 112 119 (-2704 -3072 72 ) (-2704 -3072 992 ) (-3072 -3072 992 ) (-3072 -3072 72 ) 
4 112 113 (-2816 -2048 72 ) (-2704 -2048 72 ) (-2704 -2640 72 ) (-2816 -2640 72 ) 
4 112 115 (-2704 -2752 72 ) (-2704 -3072 72 ) (-2816 -3072 72 ) (-2816 -2752 72 ) 
4 112 116 (-3072 -3072 72 ) (-3072 -2048 72 ) (-2816 -2048 72 ) (-2816 -3072 72 ) 
3 113 116 (-2816 -2640 72 ) (-2816 -2048 72 ) (-2816 -2048 41.246758 ) 
4 114 115 (-2816 -2752 0 ) (-2816 -2752 -192 ) (-2704 -2752 -192 ) (-2704 -2752 0 ) 
4 114 116 (-2816 -2048 -192 ) (-2816 -2752 -192 ) (-2816 -2752 0 ) (-2816 -2048 0 ) 
4 115 119 (-2704 -3072 -192 ) (-2704 -3072 72 ) (-2816 -3072 72 ) (-2816 -3072 -192 ) 
4 115 116 (-2816 -2752 -192 ) (-2816 -3072 -192 ) (-2816 -3072 72 ) (-2816 -2752 72 ) 
4 116 127 (-3072 -3072 -192 ) (-3072 -3072 72 ) (-3072 -2048 72 ) (-3072 -2048 -192 ) 
4 116 119 (-2816 -3072 72 ) (-3072 -3072 72 ) (-3072 -3072 -192 ) (-2816 -3072 -192 ) 
4 117 128 (-3072 -3072 -480 ) (-3072 -3072 -228 ) (-3072 -2048 -228 ) (-3072 -2048 -480 ) 
4 117 119 (-2704 -3072 -480 ) (-2704 -3072 -228 ) (-3072 -3072 -228 ) (-3072 -3072 -480 ) 
4 118 119 (-2048 -3277.330078 992 ) (-2048 -3072 992 ) (-2048 -3072 -480 ) (-2048 -3277.330078 -480 ) 
4 119 135 (-3072 -3277.330078 992 ) (-3072 -3072 992 ) (-3072 -3072 -480 ) (-3072 -3277.330078 -480 ) 
4 120 123 (-3712 -1296 -184 ) (-3712 -1296 992 ) (-3712 -1024 992 ) (-3712 -1024 -184 ) 
4 120 121 (-3072 -1296 992 ) (-3712 -1296 992 ) (-3712 -1296 -184 ) (-3072 -1296 -46.857132 ) 
4 121 123 (-3712 -1408 -184 ) (-3712 -1408 992 ) (-3712 -1296 992 ) (-3712 -1296 -184 ) 
4 121 122 (-3072 -1408 992 ) (-3712 -1408 992 ) (-3712 -1408 -184 ) (-3072 -1408 -46.857132 ) 
4 122 127 (-3072 -2048 -192 ) (-3072 -2048 992 ) (-3712 -2048 992 ) (-3712 -2048 -192 ) 
4 122 124 (-3712 -1408 -192 ) (-3712 -2048 -192 ) (-3712 -2048 -184 ) (-3712 -1408 -184 ) 
4 122 123 (-3712 -2048 -184 ) (-3712 -2048 992 ) (-3712 -1408 992 ) (-3712 -1408 -184 ) 
4 123 129 (-4096 -1024 992 ) (-4096 -1024 -184 ) (-4096 -2048 -184 ) (-4096 -2048 992 ) 
4 123 127 (-4096 -2048 992 ) (-4096 -2048 -184 ) (-3712 -2048 -184 ) (-3712 -2048 992 ) 
4 123 124 (-3712 -1408 -184 ) (-3712 -2048 -184 ) (-3824 -2048 -184 ) (-3824 -1408 -184 ) 
4 123 125 (-4096 -2048 -184 ) (-4096 -1024 -184 ) (-3824 -1024 -184 ) (-3824 -2048 -184 ) 
4 124 127 (-3824 -2048 -192 ) (-3712 -2048 -192 ) (-3712 -2048 -184 ) (-3824 -2048 -184 ) 
4 124 125 (-3824 -1408 -192 ) (-3824 -2048 -192 ) (-3824 -2048 -184 ) (-3824 -1408 -184 ) 
4 125 129 (-4096 -1024 -184 ) (-4096 -1024 -192 ) (-4096 -2048 -192 ) (-4096 -2048 -184 ) 
4 125 127 (-4096 -2048 -184 ) (-4096 -2048 -192 ) (-3824 -2048 -192 ) (-3824 -2048 -184 ) 
4 126 130 (-4096 -1024 -228 ) (-4096 -1024 -480 ) (-4096 -2048 -480 ) (-4096 -2048 -228 ) 
4 126 128 (-3072 -2048 -480 ) (-3072 -2048 -228 ) (-4096 -2048 -228 ) (-4096 -2048 -480 ) 
4 127 135 (-3072 -3072 -192 ) (-3072 -3072 992 ) (-4096 -3072 992 ) (-4096 -3072 -192 ) 
4 127 132 (-4096 -3072 -192 ) (-4096 -3072 992 ) (-4096 -2048 992 ) (-4096 -2048 -192 ) 
4 128 135 (-3072 -3072 -480 ) (-3072 -3072 -228 ) (-4096 -3072 -228 ) (-4096 -3072 -480 ) 
4 128 133 (-4096 -3072 -480 ) (-4096 -3072 -228 ) (-4096 -2048 -228 ) (-4096 -2048 -480 ) 
4 129 132 (-4096 -2048 -192 ) (-4096 -2048 992 ) (-4140 -2048 992 ) (-4140 -2048 -192 ) 
4 129 131 (-4140 -2048 -192 ) (-4140 -2048 992 ) (-4140 -1024 992 ) (-4140 -1024 -192 ) 
4 130 133 (-4096 -2048 -480 ) (-4096 -2048 -228 ) (-4140 -2048 -228 ) (-4140 -2048 -480 ) 
4 130 131 (-4140 -1024 -480 ) (-4140 -2048 -480 ) (-4140 -2048 -228 ) (-4140 -1024 -228 ) 
4 131 134 (-4140 -2048 992 ) (-4797.330078 -2048 992 ) (-4797.330078 -2048 -480 ) (-4140 -2048 -480 ) 
4 132 136 (-4096 -3072 -192 ) (-4096 -3072 992 ) (-4140 -3072 992 ) (-4140 -3072 -192 ) 
4 132 134 (-4140 -3072 -192 ) (-4140 -3072 992 ) (-4140 -2048 992 ) (-4140 -2048 -192 ) 
4 133 136 (-4096 -3072 -480 ) (-4096 -3072 -228 ) (-4140 -3072 -228 ) (-4140 -3072 -480 ) 
4 133 134 (-4140 -2048 -480 ) (-4140 -3072 -480 ) (-4140 -3072 -228 ) (-4140 -2048 -228 ) 
4 134 136 (-4140 -3072 992 ) (-4797.330078 -3072 992 ) (-4797.330078 -3072 -480 ) (-4140 -3072 -480 ) 
4 135 136 (-4096 -3072 992 ) (-4096 -3072 -480 ) (-4096 -3277.330078 -480 ) (-4096 -3277.330078 992 ) 
