PRT1
320
1075
4 0 6 (8825.599609 1024 3296 ) (8192 1024 3296 ) (8192 1024 -416 ) (8825.599609 1024 -416 ) 
4 0 3 (8192 1024 -416 ) (8192 1024 3296 ) (8192 1785.599976 3296 ) (8192 1785.599976 -416 ) 
4 0 1 (8825.599609 1024 -416 ) (8192 1024 -416 ) (8192 1785.599976 -416 ) (8825.599609 1785.599976 -416 ) 
4 1 7 (8825.599609 1024 -416 ) (8192 1024 -416 ) (8192 1024 -736 ) (8825.599609 1024 -736 ) 
4 1 4 (8192 1024 -736 ) (8192 1024 -416 ) (8192 1785.599976 -416 ) (8192 1785.599976 -736 ) 
4 1 2 (8192 1785.599976 -736 ) (8825.599609 1785.599976 -736 ) (8825.599609 1024 -736 ) (8192 1024 -736 ) 
4 2 8 (8192 1024 -736 ) (8192 1024 -800 ) (8825.599609 1024 -800 ) (8825.599609 1024 -736 ) 
4 2 5 (8192 1024 -800 ) (8192 1024 -736 ) (8192 1785.599976 -736 ) (8192 1785.599976 -800 ) 
4 3 12 (7168 1024 -416 ) (7168 1024 3296 ) (7168 1785.599976 3296 ) (7168 1785.599976 -416 ) 
4 3 9 (8192 1024 -416 ) (8192 1024 3296 ) (7168 1024 3296 ) (7168 1024 -416 ) 
4 3 4 (8192 1785.599976 -416 ) (8192 1024 -416 ) (7168 1024 -416 ) (7168 1785.599976 -416 ) 
4 4 13 (7168 1024 -736 ) (7168 1024 -416 ) (7168 1785.599976 -416 ) (7168 1785.599976 -736 ) 
4 4 10 (8192 1024 -736 ) (8192 1024 -416 ) (7168 1024 -416 ) (7168 1024 -736 ) 
4 4 5 (8192 1024 -736 ) (7168 1024 -736 ) (7168 1785.599976 -736 ) (8192 1785.599976 -736 ) 
4 5 14 (7168 1024 -800 ) (7168 1024 -736 ) (7168 1785.599976 -736 ) (7168 1785.599976 -800 ) 
4 5 11 (8192 1024 -800 ) (8192 1024 -736 ) (7168 1024 -736 ) (7168 1024 -800 ) 
4 6 30 (8825.599609 0 3296 ) (8192 0 3296 ) (8192 0 -416 ) (8825.599609 0 -416 ) 
4 6 9 (8192 1024 3296 ) (8192 1024 -416 ) (8192 0 -416 ) (8192 0 3296 ) 
4 6 7 (8825.599609 0 -416 ) (8192 0 -416 ) (8192 1024 -416 ) (8825.599609 1024 -416 ) 
4 7 31 (8825.599609 0 -416 ) (8192 0 -416 ) (8192 0 -736 ) (8825.599609 0 -736 ) 
4 7 10 (8192 1024 -416 ) (8192 1024 -736 ) (8192 0 -736 ) (8192 0 -416 ) 
4 7 8 (8192 0 -736 ) (8192 1024 -736 ) (8825.599609 1024 -736 ) (8825.599609 0 -736 ) 
4 8 32 (8192 0 -736 ) (8192 0 -800 ) (8825.599609 0 -800 ) (8825.599609 0 -736 ) 
4 8 11 (8192 1024 -736 ) (8192 1024 -800 ) (8192 0 -800 ) (8192 0 -736 ) 
4 9 33 (8192 0 -416 ) (8192 0 3296 ) (7168 0 3296 ) (7168 0 -416 ) 
4 9 18 (7168 0 -416 ) (7168 0 3296 ) (7168 1024 3296 ) (7168 1024 -416 ) 
4 9 10 (8192 1024 -416 ) (8192 0 -416 ) (7168 0 -416 ) (7168 1024 -416 ) 
4 10 34 (8192 0 -736 ) (8192 0 -416 ) (7168 0 -416 ) (7168 0 -736 ) 
4 10 19 (7168 0 -736 ) (7168 0 -416 ) (7168 1024 -416 ) (7168 1024 -736 ) 
4 10 11 (8192 1024 -736 ) (8192 0 -736 ) (7168 0 -736 ) (7168 1024 -736 ) 
4 11 35 (8192 0 -800 ) (8192 0 -736 ) (7168 0 -736 ) (7168 0 -800 ) 
4 11 20 (7168 0 -800 ) (7168 0 -736 ) (7168 1024 -736 ) (7168 1024 -800 ) 
4 12 18 (7168 1024 -416 ) (7168 1024 3296 ) (6144 1024 3296 ) (6144 1024 -416 ) 
4 12 15 (6144 1785.599976 -416 ) (6144 1024 -416 ) (6144 1024 3296 ) (6144 1785.599976 3296 ) 
4 12 13 (7168 1024 -416 ) (6144 1024 -416 ) (6144 1785.599976 -416 ) (7168 1785.599976 -416 ) 
4 13 19 (7168 1024 -736 ) (7168 1024 -416 ) (6144 1024 -416 ) (6144 1024 -736 ) 
4 13 16 (6144 1024 -736 ) (6144 1024 -416 ) (6144 1785.599976 -416 ) (6144 1785.599976 -736 ) 
4 13 14 (6144 1024 -736 ) (6144 1785.599976 -736 ) (7168 1785.599976 -736 ) (7168 1024 -736 ) 
4 14 20 (7168 1024 -800 ) (7168 1024 -736 ) (6144 1024 -736 ) (6144 1024 -800 ) 
4 14 17 (6144 1785.599976 -800 ) (6144 1024 -800 ) (6144 1024 -736 ) (6144 1785.599976 -736 ) 
4 15 24 (5120 1024 -416 ) (5120 1024 3296 ) (5120 1785.599976 3296 ) (5120 1785.599976 -416 ) 
4 15 21 (5120 1024 3296 ) (5120 1024 -416 ) (6144 1024 -416 ) (6144 1024 3296 ) 
4 15 16 (6144 1785.599976 -416 ) (6144 1024 -416 ) (5120 1024 -416 ) (5120 1785.599976 -416 ) 
4 16 25 (5120 1024 -736 ) (5120 1024 -416 ) (5120 1785.599976 -416 ) (5120 1785.599976 -736 ) 
4 16 22 (5120 1024 -416 ) (5120 1024 -736 ) (6144 1024 -736 ) (6144 1024 -416 ) 
4 16 17 (6144 1024 -736 ) (5120 1024 -736 ) (5120 1785.599976 -736 ) (6144 1785.599976 -736 ) 
4 17 26 (5120 1024 -800 ) (5120 1024 -736 ) (5120 1785.599976 -736 ) (5120 1785.599976 -800 ) 
4 17 23 (5120 1024 -736 ) (5120 1024 -800 ) (6144 1024 -800 ) (6144 1024 -736 ) 
4 18 48 (7168 0 -416 ) (7168 0 3296 ) (6144 0 3296 ) (6144 0 -416 ) 
4 18 21 (6144 1024 3296 ) (6144 1024 -416 ) (6144 0 -416 ) (6144 0 3296 ) 
4 18 19 (6144 1024 -416 ) (7168 1024 -416 ) (7168 0 -416 ) (6144 0 -416 ) 
4 19 49 (7168 0 -736 ) (7168 0 -416 ) (6144 0 -416 ) (6144 0 -736 ) 
4 19 22 (6144 1024 -416 ) (6144 1024 -736 ) (6144 0 -736 ) (6144 0 -416 ) 
4 19 20 (6144 1024 -736 ) (7168 1024 -736 ) (7168 0 -736 ) (6144 0 -736 ) 
4 20 50 (7168 0 -800 ) (7168 0 -736 ) (6144 0 -736 ) (6144 0 -800 ) 
4 20 23 (6144 1024 -736 ) (6144 1024 -800 ) (6144 0 -800 ) (6144 0 -736 ) 
4 21 51 (6144 0 -416 ) (6144 0 3296 ) (5120 0 3296 ) (5120 0 -416 ) 
4 21 27 (5120 0 -416 ) (5120 0 3296 ) (5120 1024 3296 ) (5120 1024 -416 ) 
4 21 22 (5120 0 -416 ) (5120 1024 -416 ) (6144 1024 -416 ) (6144 0 -416 ) 
4 22 52 (6144 0 -736 ) (6144 0 -416 ) (5120 0 -416 ) (5120 0 -736 ) 
4 22 28 (5120 0 -736 ) (5120 0 -416 ) (5120 1024 -416 ) (5120 1024 -736 ) 
4 22 23 (5120 0 -736 ) (5120 1024 -736 ) (6144 1024 -736 ) (6144 0 -736 ) 
4 23 53 (6144 0 -800 ) (6144 0 -736 ) (5120 0 -736 ) (5120 0 -800 ) 
4 23 29 (5120 0 -800 ) (5120 0 -736 ) (5120 1024 -736 ) (5120 1024 -800 ) 
4 24 27 (5120 1024 -416 ) (5120 1024 3296 ) (4729.600586 1024 3296 ) (4729.600586 1024 -416 ) 
4 24 25 (5120 1024 -416 ) (4729.600586 1024 -416 ) (4729.600586 1785.599976 -416 ) (5120 1785.599976 -416 ) 
4 25 28 (5120 1024 -736 ) (5120 1024 -416 ) (4729.600586 1024 -416 ) (4729.600586 1024 -736 ) 
4 25 26 (5120 1024 -736 ) (4729.600586 1024 -736 ) (4729.600586 1785.599976 -736 ) (5120 1785.599976 -736 ) 
4 26 29 (5120 1024 -800 ) (5120 1024 -736 ) (4729.600586 1024 -736 ) (4729.600586 1024 -800 ) 
4 27 60 (5120 0 -416 ) (5120 0 3296 ) (4729.600586 0 3296 ) (4729.600586 0 -416 ) 
4 27 28 (5120 0 -416 ) (4729.600586 0 -416 ) (4729.600586 1024 -416 ) (5120 1024 -416 ) 
4 28 61 (5120 0 -736 ) (5120 0 -416 ) (4729.600586 0 -416 ) (4729.600586 0 -736 ) 
4 28 29 (4729.600586 0 -736 ) (4729.600586 1024 -736 ) (5120 1024 -736 ) (5120 0 -736 ) 
4 29 62 (5120 0 -800 ) (5120 0 -736 ) (4729.600586 0 -736 ) (4729.600586 0 -800 ) 
4 30 36 (8825.599609 -1024 3296 ) (8192 -1024 3296 ) (8192 -1024 -416 ) (8825.599609 -1024 -416 ) 
4 30 33 (8192 0 3296 ) (8192 0 -416 ) (8192 -1024 -416 ) (8192 -1024 3296 ) 
4 30 31 (8825.599609 -1024 -416 ) (8192 -1024 -416 ) (8192 0 -416 ) (8825.599609 0 -416 ) 
4 31 37 (8825.599609 -1024 -416 ) (8192 -1024 -416 ) (8192 -1024 -736 ) (8825.599609 -1024 -736 ) 
4 31 34 (8192 0 -416 ) (8192 0 -736 ) (8192 -1024 -736 ) (8192 -1024 -416 ) 
4 31 32 (8192 -1024 -736 ) (8192 0 -736 ) (8825.599609 0 -736 ) (8825.599609 -1024 -736 ) 
4 32 38 (8192 -1024 -736 ) (8192 -1024 -800 ) (8825.599609 -1024 -800 ) (8825.599609 -1024 -736 ) 
4 32 35 (8192 0 -736 ) (8192 0 -800 ) (8192 -1024 -800 ) (8192 -1024 -736 ) 
4 33 48 (7168 0 3296 ) (7168 0 -416 ) (7168 -1024 -416 ) (7168 -1024 3296 ) 
4 33 39 (8192 -1024 -416 ) (8192 -1024 3296 ) (7168 -1024 3296 ) (7168 -1024 -416 ) 
4 33 34 (7168 0 -416 ) (8192 0 -416 ) (8192 -1024 -416 ) (7168 -1024 -416 ) 
4 34 49 (7168 0 -416 ) (7168 0 -736 ) (7168 -1024 -736 ) (7168 -1024 -416 ) 
4 34 40 (8192 -1024 -736 ) (8192 -1024 -416 ) (7168 -1024 -416 ) (7168 -1024 -736 ) 
4 34 35 (7168 0 -736 ) (8192 0 -736 ) (8192 -1024 -736 ) (7168 -1024 -736 ) 
4 35 50 (7168 0 -736 ) (7168 0 -800 ) (7168 -1024 -800 ) (7168 -1024 -736 ) 
4 35 41 (8192 -1024 -800 ) (8192 -1024 -736 ) (7168 -1024 -736 ) (7168 -1024 -800 ) 
4 36 42 (8825.599609 -2048 3296 ) (8192 -2048 3296 ) (8192 -2048 -416 ) (8825.599609 -2048 -416 ) 
4 36 39 (8192 -1024 3296 ) (8192 -1024 -416 ) (8192 -2048 -416 ) (8192 -2048 3296 ) 
4 36 37 (8825.599609 -2048 -416 ) (8192 -2048 -416 ) (8192 -1024 -416 ) (8825.599609 -1024 -416 ) 
4 37 43 (8825.599609 -2048 -416 ) (8192 -2048 -416 ) (8192 -2048 -736 ) (8825.599609 -2048 -736 ) 
4 37 40 (8192 -1024 -416 ) (8192 -1024 -736 ) (8192 -2048 -736 ) (8192 -2048 -416 ) 
4 37 38 (8192 -2048 -736 ) (8192 -1024 -736 ) (8825.599609 -1024 -736 ) (8825.599609 -2048 -736 ) 
4 38 44 (8192 -2048 -736 ) (8192 -2048 -800 ) (8825.599609 -2048 -800 ) (8825.599609 -2048 -736 ) 
4 38 41 (8192 -1024 -736 ) (8192 -1024 -800 ) (8192 -2048 -800 ) (8192 -2048 -736 ) 
4 39 54 (7168 -2048 -416 ) (7168 -2048 3296 ) (7168 -1024 3296 ) (7168 -1024 -416 ) 
4 39 45 (8192 -2048 -416 ) (8192 -2048 3296 ) (7168 -2048 3296 ) (7168 -2048 -416 ) 
4 39 40 (8192 -1024 -416 ) (8192 -2048 -416 ) (7168 -2048 -416 ) (7168 -1024 -416 ) 
4 40 55 (7168 -2048 -736 ) (7168 -2048 -416 ) (7168 -1024 -416 ) (7168 -1024 -736 ) 
4 40 46 (8192 -2048 -736 ) (8192 -2048 -416 ) (7168 -2048 -416 ) (7168 -2048 -736 ) 
4 40 41 (8192 -1024 -736 ) (8192 -2048 -736 ) (7168 -2048 -736 ) (7168 -1024 -736 ) 
4 41 56 (7168 -2048 -800 ) (7168 -2048 -736 ) (7168 -1024 -736 ) (7168 -1024 -800 ) 
4 41 47 (8192 -2048 -800 ) (8192 -2048 -736 ) (7168 -2048 -736 ) (7168 -2048 -800 ) 
4 42 45 (8192 -2048 3296 ) (8192 -2048 -416 ) (8192 -2310.399902 -416 ) (8192 -2310.399902 3296 ) 
4 42 43 (8192 -2310.399902 -416 ) (8192 -2048 -416 ) (8825.599609 -2048 -416 ) (8825.599609 -2310.399902 -416 ) 
4 43 46 (8192 -2048 -416 ) (8192 -2048 -736 ) (8192 -2310.399902 -736 ) (8192 -2310.399902 -416 ) 
4 43 44 (8825.599609 -2310.399902 -736 ) (8192 -2310.399902 -736 ) (8192 -2048 -736 ) (8825.599609 -2048 -736 ) 
4 44 47 (8192 -2048 -736 ) (8192 -2048 -800 ) (8192 -2310.399902 -800 ) (8192 -2310.399902 -736 ) 
4 45 66 (7168 -2310.399902 3296 ) (7168 -2048 3296 ) (7168 -2048 -416 ) (7168 -2310.399902 -416 ) 
4 45 46 (8192 -2048 -416 ) (8192 -2310.399902 -416 ) (7168 -2310.399902 -416 ) (7168 -2048 -416 ) 
4 46 67 (7168 -2310.399902 -416 ) (7168 -2048 -416 ) (7168 -2048 -736 ) (7168 -2310.399902 -736 ) 
4 46 47 (8192 -2310.399902 -736 ) (7168 -2310.399902 -736 ) (7168 -2048 -736 ) (8192 -2048 -736 ) 
4 47 68 (7168 -2048 -736 ) (7168 -2048 -800 ) (7168 -2310.399902 -800 ) (7168 -2310.399902 -736 ) 
4 48 54 (7168 -1024 -416 ) (7168 -1024 3296 ) (6144 -1024 3296 ) (6144 -1024 -416 ) 
4 48 51 (6144 0 3296 ) (6144 0 -416 ) (6144 -1024 -416 ) (6144 -1024 3296 ) 
4 48 49 (7168 -1024 -416 ) (6144 -1024 -416 ) (6144 0 -416 ) (7168 0 -416 ) 
4 49 55 (7168 -1024 -736 ) (7168 -1024 -416 ) (6144 -1024 -416 ) (6144 -1024 -736 ) 
4 49 52 (6144 0 -416 ) (6144 0 -736 ) (6144 -1024 -736 ) (6144 -1024 -416 ) 
4 49 50 (7168 -1024 -736 ) (6144 -1024 -736 ) (6144 0 -736 ) (7168 0 -736 ) 
4 50 56 (7168 -1024 -800 ) (7168 -1024 -736 ) (6144 -1024 -736 ) (6144 -1024 -800 ) 
4 50 53 (6144 0 -736 ) (6144 0 -800 ) (6144 -1024 -800 ) (6144 -1024 -736 ) 
4 51 60 (5120 0 3296 ) (5120 0 -416 ) (5120 -1024 -416 ) (5120 -1024 3296 ) 
4 51 57 (6144 -1024 -416 ) (6144 -1024 3296 ) (5120 -1024 3296 ) (5120 -1024 -416 ) 
4 51 52 (5120 0 -416 ) (6144 0 -416 ) (6144 -1024 -416 ) (5120 -1024 -416 ) 
4 52 61 (5120 0 -416 ) (5120 0 -736 ) (5120 -1024 -736 ) (5120 -1024 -416 ) 
4 52 58 (6144 -1024 -736 ) (6144 -1024 -416 ) (5120 -1024 -416 ) (5120 -1024 -736 ) 
4 52 53 (5120 0 -736 ) (6144 0 -736 ) (6144 -1024 -736 ) (5120 -1024 -736 ) 
4 53 62 (5120 0 -736 ) (5120 0 -800 ) (5120 -1024 -800 ) (5120 -1024 -736 ) 
4 53 59 (6144 -1024 -800 ) (6144 -1024 -736 ) (5120 -1024 -736 ) (5120 -1024 -800 ) 
4 54 66 (7168 -2048 -416 ) (7168 -2048 3296 ) (6144 -2048 3296 ) (6144 -2048 -416 ) 
4 54 57 (6144 -1024 3296 ) (6144 -1024 -416 ) (6144 -2048 -416 ) (6144 -2048 3296 ) 
4 54 55 (7168 -2048 -416 ) (6144 -2048 -416 ) (6144 -1024 -416 ) (7168 -1024 -416 ) 
4 55 67 (7168 -2048 -736 ) (7168 -2048 -416 ) (6144 -2048 -416 ) (6144 -2048 -736 ) 
4 55 58 (6144 -1024 -416 ) (6144 -1024 -736 ) (6144 -2048 -736 ) (6144 -2048 -416 ) 
4 55 56 (7168 -2048 -736 ) (6144 -2048 -736 ) (6144 -1024 -736 ) (7168 -1024 -736 ) 
4 56 68 (7168 -2048 -800 ) (7168 -2048 -736 ) (6144 -2048 -736 ) (6144 -2048 -800 ) 
4 56 59 (6144 -1024 -736 ) (6144 -1024 -800 ) (6144 -2048 -800 ) (6144 -2048 -736 ) 
4 57 69 (6144 -2048 -416 ) (6144 -2048 3296 ) (5120 -2048 3296 ) (5120 -2048 -416 ) 
4 57 63 (5120 -2048 -416 ) (5120 -2048 3296 ) (5120 -1024 3296 ) (5120 -1024 -416 ) 
4 57 58 (6144 -1024 -416 ) (6144 -2048 -416 ) (5120 -2048 -416 ) (5120 -1024 -416 ) 
4 58 70 (6144 -2048 -736 ) (6144 -2048 -416 ) (5120 -2048 -416 ) (5120 -2048 -736 ) 
4 58 64 (5120 -2048 -736 ) (5120 -2048 -416 ) (5120 -1024 -416 ) (5120 -1024 -736 ) 
4 58 59 (6144 -1024 -736 ) (6144 -2048 -736 ) (5120 -2048 -736 ) (5120 -1024 -736 ) 
4 59 71 (6144 -2048 -800 ) (6144 -2048 -736 ) (5120 -2048 -736 ) (5120 -2048 -800 ) 
4 59 65 (5120 -2048 -800 ) (5120 -2048 -736 ) (5120 -1024 -736 ) (5120 -1024 -800 ) 
4 60 63 (5120 -1024 -416 ) (5120 -1024 3296 ) (4729.600586 -1024 3296 ) (4729.600586 -1024 -416 ) 
4 60 61 (5120 -1024 -416 ) (4729.600586 -1024 -416 ) (4729.600586 0 -416 ) (5120 0 -416 ) 
4 61 64 (5120 -1024 -736 ) (5120 -1024 -416 ) (4729.600586 -1024 -416 ) (4729.600586 -1024 -736 ) 
4 61 62 (4729.600586 -1024 -736 ) (4729.600586 0 -736 ) (5120 0 -736 ) (5120 -1024 -736 ) 
4 62 65 (5120 -1024 -800 ) (5120 -1024 -736 ) (4729.600586 -1024 -736 ) (4729.600586 -1024 -800 ) 
4 63 72 (5120 -2048 -416 ) (5120 -2048 3296 ) (4729.600586 -2048 3296 ) (4729.600586 -2048 -416 ) 
4 63 64 (4729.600586 -1024 -416 ) (5120 -1024 -416 ) (5120 -2048 -416 ) (4729.600586 -2048 -416 ) 
4 64 73 (5120 -2048 -736 ) (5120 -2048 -416 ) (4729.600586 -2048 -416 ) (4729.600586 -2048 -736 ) 
4 64 65 (5120 -2048 -736 ) (4729.600586 -2048 -736 ) (4729.600586 -1024 -736 ) (5120 -1024 -736 ) 
4 65 74 (5120 -2048 -800 ) (5120 -2048 -736 ) (4729.600586 -2048 -736 ) (4729.600586 -2048 -800 ) 
4 66 69 (6144 -2048 3296 ) (6144 -2048 -416 ) (6144 -2310.399902 -416 ) (6144 -2310.399902 3296 ) 
4 66 67 (6144 -2310.399902 -416 ) (6144 -2048 -416 ) (7168 -2048 -416 ) (7168 -2310.399902 -416 ) 
4 67 70 (6144 -2048 -416 ) (6144 -2048 -736 ) (6144 -2310.399902 -736 ) (6144 -2310.399902 -416 ) 
4 67 68 (7168 -2310.399902 -736 ) (6144 -2310.399902 -736 ) (6144 -2048 -736 ) (7168 -2048 -736 ) 
4 68 71 (6144 -2048 -736 ) (6144 -2048 -800 ) (6144 -2310.399902 -800 ) (6144 -2310.399902 -736 ) 
4 69 72 (5120 -2048 3296 ) (5120 -2048 -416 ) (5120 -2310.399902 -416 ) (5120 -2310.399902 3296 ) 
4 69 70 (5120 -2048 -416 ) (6144 -2048 -416 ) (6144 -2310.399902 -416 ) (5120 -2310.399902 -416 ) 
4 70 73 (5120 -2048 -416 ) (5120 -2048 -736 ) (5120 -2310.399902 -736 ) (5120 -2310.399902 -416 ) 
4 70 71 (6144 -2310.399902 -736 ) (5120 -2310.399902 -736 ) (5120 -2048 -736 ) (6144 -2048 -736 ) 
4 71 74 (5120 -2048 -736 ) (5120 -2048 -800 ) (5120 -2310.399902 -800 ) (5120 -2310.399902 -736 ) 
4 72 73 (4729.600586 -2310.399902 -416 ) (4729.600586 -2048 -416 ) (5120 -2048 -416 ) (5120 -2310.399902 -416 ) 
4 73 74 (5120 -2310.399902 -736 ) (4729.600586 -2310.399902 -736 ) (4729.600586 -2048 -736 ) (5120 -2048 -736 ) 
4 75 100 (2048 1024 -768 ) (2048 1024 -376 ) (2048 1440 -376 ) (2048 1440 -768 ) 
4 75 99 (2048 1440 -376 ) (2048 1612.800171 -376 ) (2048 1612.800171 -768 ) (2048 1440 -768 ) 
4 75 93 (2048 1024 -376 ) (2048 1024 -220 ) (2048 1056 -220 ) (2048 1056 -376 ) 
4 75 86 (2048 1056 -220 ) (2048 1124 -220 ) (2048 1124 -376 ) (2048 1056 -376 ) 
4 75 83 (2048 1124 -220 ) (2048 1612.800171 -220 ) (2048 1612.800171 -376 ) (2048 1124 -376 ) 
5 75 80 (2048 1024 -102.929428 ) (2048 1024 768 ) (2048 1612.800171 768 ) (2048 1612.800171 -220 ) (2048 1120.232056 -220 ) 
3 75 77 (2048 1024 -220 ) (2048 1024 -102.929428 ) (2048 1120.232056 -220 ) 
4 75 76 (2150.399902 1024 768 ) (2048 1024 768 ) (2048 1024 -768 ) (2150.399902 1024 -768 ) 
4 76 243 (2150.399902 0 768 ) (2048 0 768 ) (2048 0 -768 ) (2150.399902 0 -768 ) 
4 76 149 (2048 0 -768 ) (2048 0 -480 ) (2048 1024 -480 ) (2048 1024 -768 ) 
4 76 147 (2048 0 -480 ) (2048 0 -444 ) (2048 352 -444 ) (2048 352 -480 ) 
4 76 145 (2048 352 -444 ) (2048 512 -444 ) (2048 512 -480 ) (2048 352 -480 ) 
4 76 143 (2048 512 -444 ) (2048 1024 -444 ) (2048 1024 -480 ) (2048 512 -480 ) 
4 76 131 (2048 0 -444 ) (2048 0 -220 ) (2048 868 -220 ) (2048 868 -444 ) 
4 76 123 (2048 868 -220 ) (2048 1024 -220 ) (2048 1024 -384 ) (2048 868 -384 ) 
4 76 130 (2048 1024 -384 ) (2048 1024 -444 ) (2048 868 -444 ) (2048 868 -384 ) 
3 76 120 (2048 992 -64 ) (2048 1024 -64 ) (2048 1024 -102.929398 ) 
5 76 114 (2048 0 -220 ) (2048 0 -64 ) (2048 992 -64 ) (2048 1024 -102.929398 ) (2048 1024 -220 ) 
4 76 113 (2048 0 -64 ) (2048 0 768 ) (2048 1024 768 ) (2048 1024 -64 ) 
4 77 116 (1512 1024 -102.929443 ) (1504 1024 -102.929443 ) (1504 1024 -220 ) (1512 1024 -220 ) 
4 77 114 (2048 1024 -220 ) (2048 1024 -102.929436 ) (1512 1024 -102.929443 ) (1512 1024 -220 ) 
4 77 93 (2048 1056 -220 ) (2048 1024 -220 ) (1504 1024 -220 ) (1504 1056 -220 ) 
4 77 87 (1504 1120.232056 -220 ) (1512 1120.232056 -220 ) (1512 1056 -220 ) (1504 1056 -220 ) 
4 77 86 (1512 1120.232056 -220 ) (2048 1120.231934 -220 ) (2048 1056 -220 ) (1512 1056 -220 ) 
4 77 80 (2048 1120.234375 -220 ) (1512 1120.234375 -220 ) (1512 1024 -102.926132 ) (2048 1024 -102.926125 ) 
4 78 117 (1496 1024 -102.929443 ) (1296 1024 -102.929443 ) (1296 1024 -220 ) (1496 1024 -220 ) 
4 78 94 (1496 1056 -220 ) (1496 1024 -220 ) (1296 1024 -220 ) (1296 1056 -220 ) 
4 78 89 (1496 1116 -220 ) (1496 1056 -220 ) (1296 1056 -220 ) (1296 1116 -220 ) 
4 79 118 (1288 1024 -102.929443 ) (1280 1024 -102.929443 ) (1280 1024 -220 ) (1288 1024 -220 ) 
4 79 119 (1280 1024 -102.929443 ) (1024 1024 -102.929443 ) (1024 1024 -220 ) (1280 1024 -220 ) 
3 79 109 (1024 1024 -220 ) (1024 1024 -102.929436 ) (1024 1120.231934 -220 ) 
4 79 98 (1024 1024 -220 ) (1024 1056 -220 ) (1288 1056 -220 ) (1288 1024 -220 ) 
4 79 90 (1280 1120.232056 -220 ) (1288 1120.232056 -220 ) (1288 1056 -220 ) (1280 1056 -220 ) 
4 79 92 (1024 1056 -220 ) (1024 1120.232056 -220 ) (1280 1120.232056 -220 ) (1280 1056 -220 ) 
4 79 82 (1280 1120.234375 -220 ) (1024 1120.234375 -220 ) (1024 1024 -102.926132 ) (1280 1024 -102.926132 ) 
4 80 120 (2048 1024 -102.929436 ) (2048 1024 -64 ) (1512 1024 -64 ) (1512 1024 -102.929443 ) 
4 80 113 (2048 1024 -64 ) (2048 1024 768 ) (1512 1024 768 ) (1512 1024 -64 ) 
4 80 86 (2048 1124 -220 ) (2048 1120.231934 -220 ) (1512 1120.232056 -220 ) (1512 1124 -220 ) 
4 80 83 (1512 1612.800171 -220 ) (2048 1612.800171 -220 ) (2048 1124 -220 ) (1512 1124 -220 ) 
5 80 81 (1512 1612.800171 768 ) (1512 1612.800171 -220 ) (1512 1128.711914 -220 ) (1512 1024 -92.613113 ) (1512 1024 768 ) 
4 81 121 (1280 1024 -64 ) (1280 1024 -92.613159 ) (1512 1024 -92.613205 ) (1512 1024 -64 ) 
4 81 113 (1512 1024 768 ) (1280 1024 768 ) (1280 1024 -64 ) (1512 1024 -64 ) 
4 81 84 (1280 1612.800171 -220 ) (1512 1612.800171 -220 ) (1512 1128.712036 -220 ) (1280 1128.712036 -220 ) 
5 81 82 (1280 1612.800171 768 ) (1280 1612.800171 -220 ) (1280 1128.711914 -220 ) (1280 1024 -92.613113 ) (1280 1024 768 ) 
4 82 122 (1024 1024 -64 ) (1024 1024 -102.929443 ) (1280 1024 -102.929443 ) (1280 1024 -64 ) 
4 82 113 (1280 1024 768 ) (1024 1024 768 ) (1024 1024 -64 ) (1280 1024 -64 ) 
5 82 109 (1024 1024 -102.929436 ) (1024 1024 768 ) (1024 1280 768 ) (1024 1280 -220 ) (1024 1120.231934 -220 ) 
4 82 107 (1024 1280 768 ) (1024 1440 768 ) (1024 1440 -220 ) (1024 1280 -220 ) 
4 82 106 (1024 1440 768 ) (1024 1612.800171 768 ) (1024 1612.800171 -220 ) (1024 1440 -220 ) 
4 82 92 (1024 1120.232056 -220 ) (1024 1612.800171 -220 ) (1280 1612.800171 -220 ) (1280 1120.232056 -220 ) 
4 83 103 (1512 1280 -376 ) (1512 1440 -376 ) (1792 1440 -376 ) (1792 1280 -376 ) 
4 83 105 (1792 1124 -376 ) (1512 1124 -376 ) (1512 1280 -376 ) (1792 1280 -376 ) 
4 83 101 (1952 1124 -376 ) (1792 1124 -376 ) (1792 1440 -376 ) (1952 1440 -376 ) 
4 83 100 (2048 1440 -376 ) (2048 1124 -376 ) (1952 1124 -376 ) (1952 1440 -376 ) 
4 83 99 (1512 1612.800171 -376 ) (2048 1612.800171 -376 ) (2048 1440 -376 ) (1512 1440 -376 ) 
4 83 86 (1512 1124 -376 ) (2048 1124 -376 ) (2048 1124 -220 ) (1512 1124 -220 ) 
4 83 84 (1512 1612.800171 -220 ) (1512 1612.800171 -224 ) (1512 1132 -224 ) (1512 1128.711914 -220 ) 
4 83 85 (1512 1612.800171 -224 ) (1512 1612.800171 -376 ) (1512 1124 -376 ) (1512 1124 -224 ) 
4 84 85 (1512 1612.800171 -224 ) (1512 1132 -224 ) (1280 1132 -224 ) (1280 1612.800171 -224 ) 
4 84 92 (1280 1612.800171 -220 ) (1280 1612.800171 -224 ) (1280 1132 -224 ) (1280 1128.711914 -220 ) 
4 85 103 (1512 1440 -376 ) (1512 1280 -376 ) (1280 1280 -376 ) (1280 1440 -376 ) 
4 85 105 (1512 1280 -376 ) (1512 1124 -376 ) (1280 1124 -376 ) (1280 1280 -376 ) 
4 85 99 (1280 1612.800171 -376 ) (1512 1612.800171 -376 ) (1512 1440 -376 ) (1280 1440 -376 ) 
4 85 91 (1280 1124 -224 ) (1280 1124 -376 ) (1288 1124 -376 ) (1288 1124 -224 ) 
4 85 88 (1504 1124 -376 ) (1512 1124 -376 ) (1512 1124 -224 ) (1504 1124 -224 ) 
4 85 92 (1280 1612.800171 -224 ) (1280 1612.800171 -376 ) (1280 1124 -376 ) (1280 1124 -224 ) 
4 86 105 (1792 1056 -376 ) (1512 1056 -376 ) (1512 1124 -376 ) (1792 1124 -376 ) 
4 86 101 (1952 1056 -376 ) (1792 1056 -376 ) (1792 1124 -376 ) (1952 1124 -376 ) 
4 86 100 (2048 1124 -376 ) (2048 1056 -376 ) (1952 1056 -376 ) (1952 1124 -376 ) 
4 86 93 (1512 1056 -376 ) (2048 1056 -376 ) (2048 1056 -220 ) (1512 1056 -220 ) 
4 86 88 (1512 1124 -224 ) (1512 1124 -376 ) (1512 1056 -376 ) (1512 1056 -224 ) 
4 86 87 (1512 1123.520020 -224 ) (1512 1056 -224 ) (1512 1056 -220 ) (1512 1120.231934 -220 ) 
4 87 93 (1512 1056 -224 ) (1512 1056 -220 ) (1504 1056 -220 ) (1504 1056 -224 ) 
4 87 88 (1512 1123.520020 -224 ) (1512 1056 -224 ) (1504 1056 -224 ) (1504 1123.520020 -224 ) 
4 88 105 (1512 1056 -376 ) (1504 1056 -376 ) (1504 1124 -376 ) (1512 1124 -376 ) 
4 88 93 (1504 1056 -376 ) (1512 1056 -376 ) (1512 1056 -224 ) (1504 1056 -224 ) 
4 89 105 (1496 1056 -376 ) (1296 1056 -376 ) (1296 1116 -376 ) (1496 1116 -376 ) 
4 89 97 (1296 1056 -376 ) (1496 1056 -376 ) (1496 1056 -320 ) (1296 1056 -320 ) 
4 89 95 (1496 1056 -320 ) (1496 1056 -256 ) (1296 1056 -256 ) (1296 1056 -320 ) 
4 89 94 (1496 1056 -256 ) (1496 1056 -220 ) (1296 1056 -220 ) (1296 1056 -256 ) 
4 90 98 (1288 1056 -220 ) (1280 1056 -220 ) (1280 1056 -224 ) (1288 1056 -224 ) 
4 90 91 (1280 1056 -224 ) (1280 1123.520020 -224 ) (1288 1123.520020 -224 ) (1288 1056 -224 ) 
4 90 92 (1280 1056 -224 ) (1280 1056 -220 ) (1280 1120.231934 -220 ) (1280 1123.520020 -224 ) 
4 91 105 (1288 1056 -376 ) (1280 1056 -376 ) (1280 1124 -376 ) (1288 1124 -376 ) 
4 91 98 (1280 1056 -376 ) (1288 1056 -376 ) (1288 1056 -224 ) (1280 1056 -224 ) 
4 91 92 (1280 1124 -376 ) (1280 1056 -376 ) (1280 1056 -224 ) (1280 1124 -224 ) 
4 92 109 (1024 1056 -220 ) (1024 1280 -220 ) (1024 1280 -376 ) (1024 1056 -376 ) 
4 92 107 (1024 1280 -220 ) (1024 1440 -220 ) (1024 1440 -376 ) (1024 1280 -376 ) 
4 92 106 (1024 1440 -220 ) (1024 1612.800171 -220 ) (1024 1612.800171 -376 ) (1024 1440 -376 ) 
4 92 103 (1024 1280 -376 ) (1024 1440 -376 ) (1280 1440 -376 ) (1280 1280 -376 ) 
4 92 105 (1024 1056 -376 ) (1024 1280 -376 ) (1280 1280 -376 ) (1280 1056 -376 ) 
4 92 99 (1024 1440 -376 ) (1024 1612.800171 -376 ) (1280 1612.800171 -376 ) (1280 1440 -376 ) 
4 92 98 (1024 1056 -376 ) (1280 1056 -376 ) (1280 1056 -220 ) (1024 1056 -220 ) 
4 93 125 (1504 1024 -224 ) (1504 1024 -376 ) (1512 1024 -376 ) (1512 1024 -224 ) 
4 93 124 (1512 1024 -220 ) (1504 1024 -220 ) (1504 1024 -224 ) (1512 1024 -224 ) 
4 93 123 (2048 1024 -376 ) (2048 1024 -220 ) (1512 1024 -220 ) (1512 1024 -376 ) 
4 93 105 (1792 1024 -376 ) (1504 1024 -376 ) (1504 1056 -376 ) (1792 1056 -376 ) 
4 93 101 (1952 1024 -376 ) (1792 1024 -376 ) (1792 1056 -376 ) (1952 1056 -376 ) 
4 93 100 (2048 1024 -376 ) (1952 1024 -376 ) (1952 1056 -376 ) (2048 1056 -376 ) 
4 94 128 (1430 1024 -220 ) (1296 1024 -220 ) (1296 1024 -256 ) (1430 1024 -256 ) 
4 94 127 (1496 1024 -220 ) (1430 1024 -220 ) (1430 1024 -256 ) (1496 1024 -256 ) 
4 94 95 (1296 1056 -256 ) (1496 1056 -256 ) (1496 1024 -256 ) (1296 1024 -256 ) 
4 95 128 (1296 1024 -320 ) (1430 1024 -320 ) (1430 1024 -256 ) (1296 1024 -256 ) 
4 95 127 (1430 1024 -320 ) (1496 1024 -320 ) (1496 1024 -256 ) (1430 1024 -256 ) 
4 95 97 (1296 1056 -320 ) (1496 1056 -320 ) (1496 1024 -320 ) (1296 1024 -320 ) 
4 95 96 (1296 1056 -320 ) (1296 1024 -320 ) (1296 1024 -256 ) (1296 1056 -256 ) 
4 96 134 (1288 1024 -256 ) (1288 1024 -320 ) (1296 1024 -320 ) (1296 1024 -256 ) 
4 96 98 (1288 1056 -256 ) (1288 1056 -320 ) (1288 1024 -320 ) (1288 1024 -256 ) 
4 97 128 (1296 1024 -376 ) (1430 1024 -376 ) (1430 1024 -320 ) (1296 1024 -320 ) 
4 97 127 (1430 1024 -376 ) (1496 1024 -376 ) (1496 1024 -320 ) (1430 1024 -320 ) 
4 97 105 (1496 1024 -376 ) (1296 1024 -376 ) (1296 1056 -376 ) (1496 1056 -376 ) 
4 98 136 (1288 1024 -220 ) (1024 1024 -220 ) (1024 1024 -376 ) (1288 1024 -376 ) 
4 98 109 (1024 1024 -376 ) (1024 1024 -220 ) (1024 1056 -220 ) (1024 1056 -376 ) 
4 98 105 (1288 1024 -376 ) (1024 1024 -376 ) (1024 1056 -376 ) (1288 1056 -376 ) 
4 99 112 (1024 1612.800171 -480 ) (1024 1612.800171 -768 ) (1024 1440 -768 ) (1024 1440 -480 ) 
4 99 106 (1024 1440 -376 ) (1024 1612.800171 -376 ) (1024 1612.800171 -480 ) (1024 1440 -480 ) 
4 99 103 (1792 1440 -444 ) (1792 1440 -376 ) (1024 1440 -376 ) (1024 1440 -444 ) 
4 99 104 (1024 1440 -768 ) (1792 1440 -768 ) (1792 1440 -480 ) (1024 1440 -480 ) 
4 99 101 (1952 1440 -444 ) (1952 1440 -376 ) (1792 1440 -376 ) (1792 1440 -444 ) 
4 99 102 (1792 1440 -768 ) (1952 1440 -768 ) (1952 1440 -480 ) (1792 1440 -480 ) 
4 99 100 (1952 1440 -768 ) (2048 1440 -768 ) (2048 1440 -376 ) (1952 1440 -376 ) 
4 100 149 (2048 1024 -768 ) (2048 1024 -480 ) (1952 1024 -480 ) (1952 1024 -768 ) 
4 100 143 (2048 1024 -480 ) (2048 1024 -444 ) (1952 1024 -444 ) (1952 1024 -480 ) 
4 100 123 (2048 1024 -384 ) (2048 1024 -376 ) (1952 1024 -376 ) (1952 1024 -384 ) 
4 100 130 (2048 1024 -444 ) (2048 1024 -384 ) (1952 1024 -384 ) (1952 1024 -444 ) 
4 100 101 (1952 1440 -376 ) (1952 1440 -444 ) (1952 1024 -444 ) (1952 1024 -376 ) 
4 100 102 (1952 1440 -480 ) (1952 1440 -768 ) (1952 1024 -768 ) (1952 1024 -480 ) 
4 101 123 (1952 1024 -376 ) (1792 1024 -376 ) (1792 1024 -384 ) (1952 1024 -384 ) 
4 101 130 (1792 1024 -384 ) (1792 1024 -444 ) (1952 1024 -444 ) (1952 1024 -384 ) 
4 101 103 (1792 1440 -376 ) (1792 1440 -444 ) (1792 1280 -444 ) (1792 1280 -376 ) 
4 101 105 (1792 1280 -444 ) (1792 1024 -444 ) (1792 1024 -376 ) (1792 1280 -376 ) 
4 102 149 (1792 1024 -480 ) (1792 1024 -768 ) (1952 1024 -768 ) (1952 1024 -480 ) 
4 102 104 (1792 1440 -480 ) (1792 1440 -768 ) (1792 1280 -768 ) (1792 1280 -480 ) 
4 102 105 (1792 1280 -768 ) (1792 1024 -768 ) (1792 1024 -480 ) (1792 1280 -480 ) 
4 103 107 (1024 1280 -376 ) (1024 1440 -376 ) (1024 1440 -444 ) (1024 1280 -444 ) 
4 103 105 (1792 1280 -444 ) (1792 1280 -376 ) (1024 1280 -376 ) (1024 1280 -444 ) 
4 104 112 (1024 1440 -480 ) (1024 1440 -768 ) (1024 1280 -768 ) (1024 1280 -480 ) 
4 104 105 (1024 1280 -768 ) (1792 1280 -768 ) (1792 1280 -480 ) (1024 1280 -480 ) 
4 105 149 (1024 1024 -480 ) (1024 1024 -768 ) (1792 1024 -768 ) (1792 1024 -480 ) 
4 105 144 (1024 1024 -444 ) (1024 1024 -480 ) (1792 1024 -480 ) (1792 1024 -444 ) 
4 105 135 (1296 1024 -376 ) (1288 1024 -376 ) (1288 1024 -444 ) (1296 1024 -444 ) 
4 105 136 (1288 1024 -376 ) (1024 1024 -376 ) (1024 1024 -444 ) (1288 1024 -444 ) 
4 105 128 (1430 1024 -376 ) (1296 1024 -376 ) (1296 1024 -384 ) (1430 1024 -384 ) 
4 105 127 (1496 1024 -376 ) (1430 1024 -376 ) (1430 1024 -384 ) (1496 1024 -384 ) 
4 105 126 (1512 1024 -376 ) (1496 1024 -376 ) (1496 1024 -384 ) (1512 1024 -384 ) 
4 105 123 (1792 1024 -376 ) (1512 1024 -376 ) (1512 1024 -384 ) (1792 1024 -384 ) 
4 105 130 (1296 1024 -384 ) (1296 1024 -444 ) (1792 1024 -444 ) (1792 1024 -384 ) 
4 105 112 (1024 1024 -768 ) (1024 1024 -480 ) (1024 1280 -480 ) (1024 1280 -768 ) 
4 105 109 (1024 1024 -444 ) (1024 1024 -376 ) (1024 1280 -376 ) (1024 1280 -444 ) 
4 106 175 (0 1612.800171 -480 ) (0 1440 -480 ) (0 1440 768 ) (0 1612.800171 768 ) 
4 106 112 (1024 1612.800171 -480 ) (1024 1440 -480 ) (0 1440 -480 ) (0 1612.800171 -480 ) 
4 106 108 (512 1440 -480 ) (864 1440 -480 ) (864 1440 -444 ) (512 1440 -444 ) 
4 106 107 (1024 1440 -444 ) (1024 1440 768 ) (0 1440 768 ) (0 1440 -444 ) 
4 107 176 (0 1280 -444 ) (0 1280 768 ) (0 1440 768 ) (0 1440 -444 ) 
4 107 109 (0 1280 768 ) (0 1280 -444 ) (1024 1280 -444 ) (1024 1280 768 ) 
4 107 108 (864 1280 -444 ) (512 1280 -444 ) (512 1440 -444 ) (864 1440 -444 ) 
4 108 112 (864 1280 -480 ) (512 1280 -480 ) (512 1440 -480 ) (864 1440 -480 ) 
4 108 110 (512 1280 -480 ) (864 1280 -480 ) (864 1280 -444 ) (512 1280 -444 ) 
4 109 179 (0 1024 -444 ) (0 1024 768 ) (0 1280 768 ) (0 1280 -444 ) 
4 109 150 (1024 1024 -444 ) (1024 1024 768 ) (0 1024 768 ) (0 1024 -444 ) 
4 109 110 (512 1280 -444 ) (864 1280 -444 ) (864 1024 -444 ) (512 1024 -444 ) 
4 109 111 (0 1280 -444 ) (352 1280 -444 ) (352 1024 -444 ) (0 1024 -444 ) 
4 110 151 (864 1024 -444 ) (512 1024 -444 ) (512 1024 -480 ) (864 1024 -480 ) 
4 110 112 (864 1024 -480 ) (512 1024 -480 ) (512 1280 -480 ) (864 1280 -480 ) 
4 111 179 (0 1024 -480 ) (0 1024 -444 ) (0 1280 -444 ) (0 1280 -480 ) 
4 111 152 (352 1024 -444 ) (0 1024 -444 ) (0 1024 -480 ) (352 1024 -480 ) 
4 111 112 (352 1024 -480 ) (0 1024 -480 ) (0 1280 -480 ) (352 1280 -480 ) 
4 112 179 (0 1024 -768 ) (0 1024 -480 ) (0 1280 -480 ) (0 1280 -768 ) 
4 112 177 (0 1280 -480 ) (0 1440 -480 ) (0 1440 -768 ) (0 1280 -768 ) 
4 112 175 (0 1440 -480 ) (0 1612.800171 -480 ) (0 1612.800171 -768 ) (0 1440 -768 ) 
4 112 172 (1012 1024 -484 ) (0 1024 -484 ) (0 1024 -768 ) (1012 1024 -768 ) 
4 112 171 (1024 1024 -768 ) (1024 1024 -484 ) (1012 1024 -484 ) (1012 1024 -768 ) 
4 112 153 (1024 1024 -484 ) (1024 1024 -480 ) (0 1024 -480 ) (0 1024 -484 ) 
4 113 246 (1948 0 768 ) (1932 0 768 ) (1932 0 -64 ) (1948 0 -64 ) 
4 113 245 (2048 0 -64 ) (2048 0 768 ) (1948 0 768 ) (1948 0 -64 ) 
4 113 248 (1932 0 768 ) (1024 0 768 ) (1024 0 -64 ) (1932 0 -64 ) 
4 113 155 (1024 768 -64 ) (1024 0 -64 ) (1024 0 768 ) (1024 768 768 ) 
4 113 150 (1024 1024 768 ) (1024 1024 -64 ) (1024 768 -64 ) (1024 768 768 ) 
4 113 121 (1280 1024 -64 ) (1512 1024 -64 ) (1512 1000.479980 -64 ) (1280 1000.479980 -64 ) 
4 113 120 (1512 1024 -64 ) (2048 1024 -64 ) (2048 992 -64 ) (1512 992 -64 ) 
4 113 122 (1024 992 -64 ) (1024 1024 -64 ) (1280 1024 -64 ) (1280 992 -64 ) 
4 113 115 (1512 0 -64 ) (1280 0 -64 ) (1280 983.742004 -64 ) (1512 983.742004 -64 ) 
4 113 114 (2048 0 -64 ) (1512 0 -64 ) (1512 992 -64 ) (2048 992 -64 ) 
4 113 119 (1280 0 -64 ) (1024 0 -64 ) (1024 992 -64 ) (1280 992 -64 ) 
4 114 246 (1948 0 -64 ) (1932 0 -64 ) (1932 0 -220 ) (1948 0 -220 ) 
4 114 245 (2048 0 -220 ) (2048 0 -64 ) (1948 0 -64 ) (1948 0 -220 ) 
4 114 248 (1932 0 -64 ) (1512 0 -64 ) (1512 0 -220 ) (1932 0 -220 ) 
4 114 131 (2048 868 -220 ) (2048 0 -220 ) (1512 0 -220 ) (1512 868 -220 ) 
4 114 123 (1512 1024 -220 ) (2048 1024 -220 ) (2048 868 -220 ) (1512 868 -220 ) 
4 114 120 (1512 992 -64 ) (2048 992 -64 ) (2048 1024 -102.929688 ) (1512 1024 -102.929688 ) 
4 114 116 (1512 992 -64 ) (1512 1024 -102.929428 ) (1512 1024 -220 ) (1512 875.251526 -220 ) 
4 114 115 (1512 866.993591 -220 ) (1512 0 -220 ) (1512 0 -64 ) (1512 983.741943 -64 ) 
4 115 248 (1512 0 -64 ) (1280 0 -64 ) (1280 0 -220 ) (1512 0 -220 ) 
4 115 139 (1296 0 -220 ) (1280 0 -220 ) (1280 866.993591 -220 ) (1296 866.993591 -220 ) 
4 115 132 (1512 866.993591 -220 ) (1512 0 -220 ) (1296 0 -220 ) (1296 866.993591 -220 ) 
4 115 119 (1280 866.993591 -220 ) (1280 0 -220 ) (1280 0 -64 ) (1280 983.741943 -64 ) 
4 116 124 (1504 1024 -220 ) (1512 1024 -220 ) (1512 875.251526 -220 ) (1504 875.251526 -220 ) 
4 117 128 (1296 1024 -220 ) (1430 1024 -220 ) (1430 876 -220 ) (1296 876 -220 ) 
4 117 127 (1430 1024 -220 ) (1496 1024 -220 ) (1496 876 -220 ) (1430 876 -220 ) 
4 118 137 (1288 928 -220 ) (1288 875.251526 -220 ) (1280 875.251526 -220 ) (1280 928 -220 ) 
4 118 136 (1280 1024 -220 ) (1288 1024 -220 ) (1288 928 -220 ) (1280 928 -220 ) 
4 118 119 (1280 992 -64 ) (1280 1024 -102.929428 ) (1280 1024 -220 ) (1280 875.251526 -220 ) 
4 119 248 (1280 0 -64 ) (1024 0 -64 ) (1024 0 -220 ) (1280 0 -220 ) 
4 119 155 (1024 768 -220 ) (1024 0 -220 ) (1024 0 -64 ) (1024 768 -64 ) 
5 119 150 (1024 1024 -102.929398 ) (1024 1024 -220 ) (1024 768 -220 ) (1024 768 -64 ) (1024 992 -64 ) 
4 119 142 (1280 928 -220 ) (1280 0 -220 ) (1024 0 -220 ) (1024 928 -220 ) 
4 119 136 (1024 1024 -220 ) (1280 1024 -220 ) (1280 928 -220 ) (1024 928 -220 ) 
4 119 122 (1024 992 -64 ) (1280 992 -64 ) (1280 1024 -102.929688 ) (1024 1024 -102.929688 ) 
3 120 121 (1512 1000.479980 -64 ) (1512 1024 -64 ) (1512 1024 -92.613144 ) 
3 121 122 (1280 1000.479980 -64 ) (1280 1024 -64 ) (1280 1024 -92.613144 ) 
3 122 150 (1024 1024 -64 ) (1024 1024 -102.929398 ) (1024 992 -64 ) 
4 123 131 (1512 868 -384 ) (2048 868 -384 ) (2048 868 -220 ) (1512 868 -220 ) 
4 123 125 (1512 868 -376 ) (1512 868 -224 ) (1512 1024 -224 ) (1512 1024 -376 ) 
4 123 124 (1512 875.251648 -220 ) (1512 1024 -220 ) (1512 1024 -224 ) (1512 872.258057 -224 ) 
4 123 126 (1512 1024 -384 ) (1512 868 -384 ) (1512 868 -376 ) (1512 1024 -376 ) 
4 123 130 (2048 868 -384 ) (1512 868 -384 ) (1512 1024 -384 ) (2048 1024 -384 ) 
4 124 125 (1504 1024 -224 ) (1512 1024 -224 ) (1512 872.258057 -224 ) (1504 872.258057 -224 ) 
4 125 133 (1512 868 -376 ) (1512 868 -224 ) (1504 868 -224 ) (1504 868 -376 ) 
4 125 126 (1504 1024 -376 ) (1512 1024 -376 ) (1512 868 -376 ) (1504 868 -376 ) 
4 126 133 (1496 868 -384 ) (1512 868 -384 ) (1512 868 -376 ) (1496 868 -376 ) 
4 126 127 (1496 1024 -384 ) (1496 876 -384 ) (1496 876 -376 ) (1496 1024 -376 ) 
4 126 130 (1512 868 -384 ) (1496 868 -384 ) (1496 1024 -384 ) (1512 1024 -384 ) 
4 127 128 (1430 1024 -384 ) (1430 876 -384 ) (1430 876 -220 ) (1430 1024 -220 ) 
4 127 130 (1430 876 -384 ) (1430 1024 -384 ) (1496 1024 -384 ) (1496 876 -384 ) 
4 128 141 (1296 928 -376 ) (1296 928 -384 ) (1296 876 -384 ) (1296 876 -376 ) 
4 128 135 (1296 1024 -376 ) (1296 1024 -384 ) (1296 928 -384 ) (1296 928 -376 ) 
4 128 134 (1296 1024 -256 ) (1296 1024 -320 ) (1296 928 -320 ) (1296 928 -256 ) 
4 128 129 (1360 876 -384 ) (1430 876 -384 ) (1430 876 -252 ) (1360 876 -252 ) 
4 128 130 (1296 876 -384 ) (1296 1024 -384 ) (1430 1024 -384 ) (1430 876 -384 ) 
4 129 133 (1360 868 -384 ) (1430 868 -384 ) (1430 868 -252 ) (1360 868 -252 ) 
4 129 130 (1430 868 -384 ) (1360 868 -384 ) (1360 876 -384 ) (1430 876 -384 ) 
4 130 143 (1952 1024 -444 ) (2048 1024 -444 ) (2048 868 -444 ) (1952 868 -444 ) 
4 130 144 (1296 868 -444 ) (1296 1024 -444 ) (1792 1024 -444 ) (1792 868 -444 ) 
4 130 141 (1296 928 -444 ) (1296 868 -444 ) (1296 868 -384 ) (1296 928 -384 ) 
4 130 135 (1296 1024 -444 ) (1296 928 -444 ) (1296 928 -384 ) (1296 1024 -384 ) 
4 130 133 (1296 868 -384 ) (1296 868 -444 ) (1512 868 -444 ) (1512 868 -384 ) 
4 130 131 (1512 868 -444 ) (2048 868 -444 ) (2048 868 -384 ) (1512 868 -384 ) 
4 131 249 (2048 0 -444 ) (2048 0 -418 ) (1512 0 -418 ) (1512 0 -444 ) 
4 131 246 (1948 0 -220 ) (1932 0 -220 ) (1932 0 -418 ) (1948 0 -418 ) 
4 131 245 (2048 0 -418 ) (2048 0 -220 ) (1948 0 -220 ) (1948 0 -418 ) 
4 131 248 (1932 0 -220 ) (1512 0 -220 ) (1512 0 -418 ) (1932 0 -418 ) 
4 131 147 (2048 0 -444 ) (1512 0 -444 ) (1512 352 -444 ) (2048 352 -444 ) 
4 131 145 (1952 512 -444 ) (2048 512 -444 ) (2048 352 -444 ) (1952 352 -444 ) 
4 131 143 (1952 868 -444 ) (2048 868 -444 ) (2048 512 -444 ) (1952 512 -444 ) 
4 131 144 (1512 512 -444 ) (1512 868 -444 ) (1792 868 -444 ) (1792 512 -444 ) 
4 131 132 (1512 864 -224 ) (1512 0 -224 ) (1512 0 -220 ) (1512 866.993591 -220 ) 
4 131 133 (1512 868 -224 ) (1512 868 -444 ) (1512 0 -444 ) (1512 0 -224 ) 
4 132 248 (1512 0 -220 ) (1296 0 -220 ) (1296 0 -224 ) (1512 0 -224 ) 
4 132 139 (1296 0 -224 ) (1296 0 -220 ) (1296 866.993591 -220 ) (1296 864 -224 ) 
4 132 133 (1296 0 -224 ) (1296 864 -224 ) (1512 864 -224 ) (1512 0 -224 ) 
4 133 250 (1296 0 -418 ) (1296 0 -444 ) (1440 0 -444 ) (1440 0 -418 ) 
4 133 249 (1440 0 -444 ) (1512 0 -444 ) (1512 0 -418 ) (1440 0 -418 ) 
4 133 248 (1296 0 -224 ) (1296 0 -418 ) (1512 0 -418 ) (1512 0 -224 ) 
4 133 147 (1512 0 -444 ) (1440 0 -444 ) (1440 352 -444 ) (1512 352 -444 ) 
4 133 144 (1296 512 -444 ) (1296 868 -444 ) (1512 868 -444 ) (1512 512 -444 ) 
4 133 140 (1296 0 -376 ) (1296 0 -224 ) (1296 868 -224 ) (1296 868 -376 ) 
4 133 141 (1296 868 -444 ) (1296 0 -444 ) (1296 0 -376 ) (1296 868 -376 ) 
4 134 136 (1288 928 -320 ) (1288 928 -256 ) (1288 1024 -256 ) (1288 1024 -320 ) 
4 135 144 (1288 1024 -444 ) (1296 1024 -444 ) (1296 928 -444 ) (1288 928 -444 ) 
4 135 141 (1288 928 -444 ) (1296 928 -444 ) (1296 928 -376 ) (1288 928 -376 ) 
4 135 136 (1288 1024 -444 ) (1288 928 -444 ) (1288 928 -376 ) (1288 1024 -376 ) 
4 136 150 (1024 1024 -220 ) (1024 1024 -444 ) (1024 928 -444 ) (1024 928 -220 ) 
4 136 144 (1024 928 -444 ) (1024 1024 -444 ) (1288 1024 -444 ) (1288 928 -444 ) 
4 136 138 (1288 928 -376 ) (1288 928 -224 ) (1280 928 -224 ) (1280 928 -376 ) 
4 136 137 (1288 928 -224 ) (1288 928 -220 ) (1280 928 -220 ) (1280 928 -224 ) 
4 136 141 (1280 928 -444 ) (1288 928 -444 ) (1288 928 -376 ) (1280 928 -376 ) 
4 136 142 (1024 928 -444 ) (1280 928 -444 ) (1280 928 -220 ) (1024 928 -220 ) 
4 137 138 (1280 872.257996 -224 ) (1280 928 -224 ) (1288 928 -224 ) (1288 872.258057 -224 ) 
4 137 142 (1280 928 -220 ) (1280 928 -224 ) (1280 872.258057 -224 ) (1280 875.251587 -220 ) 
4 138 140 (1280 868 -224 ) (1280 868 -376 ) (1288 868 -376 ) (1288 868 -224 ) 
4 138 141 (1280 868 -376 ) (1280 928 -376 ) (1288 928 -376 ) (1288 868 -376 ) 
4 138 142 (1280 928 -224 ) (1280 928 -376 ) (1280 868 -376 ) (1280 868 -224 ) 
4 139 248 (1296 0 -220 ) (1280 0 -220 ) (1280 0 -224 ) (1296 0 -224 ) 
4 139 140 (1280 0 -224 ) (1280 864 -224 ) (1296 864 -224 ) (1296 0 -224 ) 
4 139 142 (1280 0 -224 ) (1280 0 -220 ) (1280 866.993591 -220 ) (1280 864 -224 ) 
4 140 248 (1280 0 -224 ) (1280 0 -376 ) (1296 0 -376 ) (1296 0 -224 ) 
4 140 142 (1280 868 -376 ) (1280 0 -376 ) (1280 0 -224 ) (1280 868 -224 ) 
4 140 141 (1280 0 -376 ) (1280 868 -376 ) (1296 868 -376 ) (1296 0 -376 ) 
4 141 250 (1280 0 -418 ) (1280 0 -444 ) (1296 0 -444 ) (1296 0 -418 ) 
4 141 248 (1280 0 -376 ) (1280 0 -418 ) (1296 0 -418 ) (1296 0 -376 ) 
4 141 144 (1280 512 -444 ) (1280 928 -444 ) (1296 928 -444 ) (1296 512 -444 ) 
4 141 142 (1280 928 -376 ) (1280 928 -444 ) (1280 0 -444 ) (1280 0 -376 ) 
4 142 251 (1024 0 -418 ) (1024 0 -444 ) (1280 0 -444 ) (1280 0 -418 ) 
4 142 248 (1280 0 -220 ) (1024 0 -220 ) (1024 0 -418 ) (1280 0 -418 ) 
4 142 168 (1024 336 -444 ) (1024 0 -444 ) (1024 0 -442 ) (1024 336 -442 ) 
4 142 165 (1024 0 -442 ) (1024 0 -290 ) (1024 336 -290 ) (1024 336 -442 ) 
5 142 162 (1024 418.094147 -444 ) (1024 336 -444 ) (1024 336 -386.041321 ) (1024 768 -351.938965 ) (1024 768 -416.383179 ) 
3 142 160 (1024 768 -444 ) (1024 418.094147 -444 ) (1024 768 -416.383179 ) 
4 142 159 (1024 336 -386.041321 ) (1024 336 -290 ) (1024 768 -290 ) (1024 768 -351.938965 ) 
4 142 156 (1024 0 -290 ) (1024 0 -266 ) (1024 768 -266 ) (1024 768 -290 ) 
4 142 155 (1024 0 -266 ) (1024 0 -220 ) (1024 768 -220 ) (1024 768 -266 ) 
4 142 150 (1024 928 -444 ) (1024 768 -444 ) (1024 768 -220 ) (1024 928 -220 ) 
4 142 148 (1280 0 -444 ) (1024 0 -444 ) (1024 352 -444 ) (1280 352 -444 ) 
4 142 146 (1024 352 -444 ) (1024 512 -444 ) (1280 512 -444 ) (1280 352 -444 ) 
4 142 144 (1024 512 -444 ) (1024 928 -444 ) (1280 928 -444 ) (1280 512 -444 ) 
4 143 149 (1952 1024 -480 ) (2048 1024 -480 ) (2048 512 -480 ) (1952 512 -480 ) 
4 143 145 (1952 512 -480 ) (2048 512 -480 ) (2048 512 -444 ) (1952 512 -444 ) 
4 144 160 (1024 768 -480 ) (1024 512 -480 ) (1024 512 -444 ) (1024 768 -444 ) 
4 144 149 (1024 1024 -480 ) (1792 1024 -480 ) (1792 512 -480 ) (1024 512 -480 ) 
4 144 146 (1024 512 -480 ) (1280 512 -480 ) (1280 512 -444 ) (1024 512 -444 ) 
4 145 149 (2048 512 -480 ) (2048 352 -480 ) (1952 352 -480 ) (1952 512 -480 ) 
4 145 147 (1952 352 -480 ) (2048 352 -480 ) (2048 352 -444 ) (1952 352 -444 ) 
3 146 162 (1024 352 -449.216583 ) (1024 352 -444 ) (1024 418.093842 -444 ) 
5 146 160 (1024 512 -480 ) (1024 352 -480 ) (1024 352 -449.216583 ) (1024 418.093842 -444 ) (1024 512 -444 ) 
4 146 149 (1280 352 -480 ) (1024 352 -480 ) (1024 512 -480 ) (1280 512 -480 ) 
4 146 148 (1024 352 -480 ) (1280 352 -480 ) (1280 352 -444 ) (1024 352 -444 ) 
4 147 249 (2048 0 -480 ) (2048 0 -444 ) (1440 0 -444 ) (1440 0 -480 ) 
4 147 149 (2048 352 -480 ) (2048 0 -480 ) (1440 0 -480 ) (1440 352 -480 ) 
4 148 251 (1280 0 -444 ) (1024 0 -444 ) (1024 0 -480 ) (1280 0 -480 ) 
4 148 168 (1024 336 -480 ) (1024 0 -480 ) (1024 0 -444 ) (1024 336 -444 ) 
4 148 162 (1024 336 -450.479401 ) (1024 336 -444 ) (1024 352 -444 ) (1024 352 -449.216583 ) 
4 148 160 (1024 352 -480 ) (1024 336 -480 ) (1024 336 -450.479401 ) (1024 352 -449.216583 ) 
4 148 149 (1280 0 -480 ) (1024 0 -480 ) (1024 352 -480 ) (1280 352 -480 ) 
4 149 252 (2048 0 -768 ) (2048 0 -480 ) (1024 0 -480 ) (1024 0 -768 ) 
4 149 171 (1024 1024 -484 ) (1024 1024 -768 ) (1024 0 -768 ) (1024 0 -484 ) 
4 149 168 (1024 336 -484 ) (1024 0 -484 ) (1024 0 -480 ) (1024 336 -480 ) 
4 149 160 (1024 768 -484 ) (1024 336 -484 ) (1024 336 -480 ) (1024 768 -480 ) 
4 149 153 (1024 1024 -480 ) (1024 1024 -484 ) (1024 768 -484 ) (1024 768 -480 ) 
4 150 219 (0 1024 -400 ) (0 1024 -444 ) (0 768 -444 ) (0 768 -400 ) 
4 150 218 (0 1024 768 ) (0 1024 -400 ) (0 768 -400 ) (0 768 768 ) 
4 150 163 (696.522461 768 -444 ) (706.464294 768 -444 ) (704.587524 768 -379.887299 ) (694.671082 768 -380.754974 ) 
5 150 162 (706.464294 768 -444 ) (708.386963 768 -444 ) (1024 768 -416.383179 ) (1024 768 -351.938965 ) (704.587524 768 -379.887299 ) 
4 150 161 (0 768 -441.538086 ) (0 768 -444 ) (696.522461 768 -444 ) (694.671082 768 -380.754974 ) 
3 150 160 (708.386963 768 -444 ) (1024 768 -444 ) (1024 768 -416.383179 ) 
4 150 159 (0 768 -290 ) (0 768 -441.538086 ) (1024 768 -351.938965 ) (1024 768 -290 ) 
4 150 158 (902 768 -290 ) (978 768 -290 ) (941.237976 768 -266 ) (934.765991 768 -266 ) 
4 150 157 (0 768 -266 ) (0 768 -290 ) (902 768 -290 ) (934.765991 768 -266 ) 
4 150 156 (978 768 -290 ) (1024 768 -290 ) (1024 768 -266 ) (941.237976 768 -266 ) 
4 150 155 (0 768 768 ) (0 768 -266 ) (1024 768 -266 ) (1024 768 768 ) 
4 150 152 (352 768 -444 ) (0 768 -444 ) (0 1024 -444 ) (352 1024 -444 ) 
4 150 151 (512 928 -444 ) (512 1024 -444 ) (864 1024 -444 ) (864 928 -444 ) 
4 151 153 (512 928 -480 ) (512 1024 -480 ) (864 1024 -480 ) (864 928 -480 ) 
4 152 219 (0 1024 -444 ) (0 1024 -480 ) (0 768 -480 ) (0 768 -444 ) 
5 152 161 (0 768 -444 ) (0 768 -480 ) (296.968597 768 -480 ) (352 768 -475.184631 ) (352 768 -444 ) 
3 152 160 (296.968597 768 -480 ) (352 768 -480 ) (352 768 -475.184631 ) 
4 152 153 (352 768 -480 ) (0 768 -480 ) (0 1024 -480 ) (352 1024 -480 ) 
4 153 219 (0 1024 -480 ) (0 1024 -484 ) (0 768 -484 ) (0 768 -480 ) 
4 153 173 (1012 768 -484 ) (0 768 -484 ) (0 929.280029 -484 ) (1012 929.280029 -484 ) 
4 153 172 (0 929.280029 -484 ) (0 1024 -484 ) (1012 1024 -484 ) (1012 929.280029 -484 ) 
4 153 171 (1024 1024 -484 ) (1024 768 -484 ) (1012 768 -484 ) (1012 1024 -484 ) 
4 153 161 (0 768 -480 ) (0 768 -484 ) (251.255600 768 -484 ) (296.968933 768 -480 ) 
4 153 160 (251.255600 768 -484 ) (1024 768 -484 ) (1024 768 -480 ) (296.968933 768 -480 ) 
4 155 253 (1024 0 -266 ) (1024 0 768 ) (0 0 768 ) (0 0 -266 ) 
4 155 218 (0 0 -266 ) (0 0 768 ) (0 768 768 ) (0 768 -266 ) 
4 155 158 (934.766052 768 -266 ) (941.237976 768 -266 ) (941.237976 296 -266 ) (934.765991 296 -266 ) 
4 155 157 (0 768 -266 ) (934.766052 768 -266 ) (934.765991 0 -266 ) (0 0 -266 ) 
4 155 156 (941.237976 768 -266 ) (1024 768 -266 ) (1024 0 -266 ) (941.237976 0 -266 ) 
4 156 254 (1024 0 -290 ) (1024 0 -266 ) (941.237976 0 -266 ) (978 0 -290 ) 
4 156 165 (1024 336 -290 ) (1024 0 -290 ) (978 0 -290 ) (978 336 -290 ) 
4 156 159 (978 768 -290 ) (1024 768 -290 ) (1024 336 -290 ) (978 336 -290 ) 
4 156 158 (941.242188 296 -266 ) (941.242188 768 -266 ) (978.004089 768 -290 ) (978.004089 336 -290 ) 
4 157 255 (934.765991 0 -266 ) (0 0 -266 ) (0 0 -290 ) (902 0 -290 ) 
4 157 218 (0 0 -290 ) (0 0 -266 ) (0 768 -266 ) (0 768 -290 ) 
4 157 166 (902 336 -290 ) (902 0 -290 ) (890 0 -290 ) (890 336 -290 ) 
4 157 167 (890 0 -290 ) (0 0 -290 ) (0 336 -290 ) (890 336 -290 ) 
4 157 159 (0 768 -290 ) (902 768 -290 ) (902 336 -290 ) (0 336 -290 ) 
4 157 158 (902 336 -290 ) (902 768 -290 ) (934.765747 768 -266 ) (934.765747 296 -266 ) 
4 158 159 (902 768 -290 ) (978 768 -290 ) (978 336 -290 ) (902 336 -290 ) 
4 159 219 (0 768 -400 ) (0 768 -441.538086 ) (0 336 -475.640411 ) (0 336 -400 ) 
4 159 218 (0 336 -290 ) (0 768 -290 ) (0 768 -400 ) (0 336 -400 ) 
4 159 169 (0 336 -442 ) (0 336 -466 ) (110.177567 336 -466 ) (384.465973 336 -442 ) 
3 159 170 (0 336 -466 ) (0 336 -475.640442 ) (110.177567 336 -466 ) 
4 159 166 (978 336 -290 ) (890 336 -290 ) (890 336 -397.766205 ) (978 336 -390.066284 ) 
4 159 165 (1024 336 -386.041321 ) (1024 336 -290 ) (978 336 -290 ) (978 336 -390.066284 ) 
5 159 167 (890 336 -290 ) (0 336 -290 ) (0 336 -442 ) (384.465973 336 -442 ) (890 336 -397.766205 ) 
4 159 164 (388.083252 336 -441.683044 ) (378.170898 336 -442.550354 ) (552.876465 574.460571 -408.439453 ) (559.315430 569.716553 -408.250549 ) 
4 159 163 (557.573486 580.871643 -407.522369 ) (694.671021 768 -380.754333 ) (704.587463 768 -379.886658 ) (564.012451 576.127625 -407.333466 ) 
4 159 162 (1024 336 -386.040894 ) (388.083252 336 -441.683044 ) (704.587463 768 -379.886658 ) (1024 768 -351.938354 ) 
4 159 161 (378.170898 336 -442.550354 ) (0 336 -475.639954 ) (0 768 -441.537354 ) (694.671021 768 -380.754333 ) 
4 160 173 (1012 336 -484 ) (640.916260 336 -484 ) (251.255600 768 -484 ) (1012 768 -484 ) 
4 160 171 (1024 768 -484 ) (1024 336 -484 ) (1012 336 -484 ) (1012 768 -484 ) 
3 160 169 (931.861145 336 -458.541687 ) (846.625305 336 -466 ) (942.799988 336 -466 ) 
4 160 170 (640.916199 336 -484 ) (978 336 -484 ) (978 336 -466 ) (846.625305 336 -466 ) 
4 160 168 (978 336 -484 ) (1024 336 -484 ) (1024 336 -450.479340 ) (978 336 -454.504425 ) 
4 160 164 (558.437012 579.482056 -472 ) (496.971710 495.586334 -484 ) (502.442169 489.521484 -484 ) (564.876038 574.738037 -471.811035 ) 
4 160 163 (706.469238 768 -444.167816 ) (696.552734 768 -445.035522 ) (563.133911 585.893005 -471.083069 ) (569.572998 581.148987 -470.894043 ) 
5 160 162 (640.917969 336 -484 ) (1024 336 -450.479462 ) (1024 768 -416.383179 ) (706.469238 768 -444.167816 ) (502.442169 489.521484 -484 ) 
3 160 161 (696.552734 768 -445.035522 ) (251.255615 768 -484 ) (496.971710 495.586334 -484 ) 
4 161 219 (0 768 -441.538086 ) (0 768 -484 ) (0 336 -484 ) (0 336 -475.640411 ) 
5 161 173 (379.384247 336 -484 ) (0 336 -484 ) (0 768 -484 ) (251.255600 768 -484 ) (496.971222 495.585663 -484 ) 
3 161 169 (378.857361 336 -466 ) (378.170898 336 -442.550812 ) (110.177551 336 -466 ) 
5 161 170 (0 336 -484 ) (379.384277 336 -484 ) (378.857361 336 -466 ) (110.177551 336 -466 ) (0 336 -475.640442 ) 
5 161 164 (496.997070 495.623199 -484 ) (558.436279 579.483276 -472.005157 ) (552.874451 574.462219 -408.440704 ) (378.167969 336 -442.551758 ) (379.382019 336 -484 ) 
4 161 163 (563.133240 585.894287 -471.088165 ) (696.551147 768 -445.040863 ) (694.667603 768 -380.755920 ) (557.571472 580.873291 -407.523621 ) 
3 162 173 (640.916260 336 -484 ) (389.322021 336 -484 ) (502.441681 489.520813 -484 ) 
5 162 169 (846.625305 336 -466 ) (931.861145 336 -458.541687 ) (907.600037 336 -442 ) (388.092529 336 -442 ) (388.795105 336 -466 ) 
4 162 170 (389.322021 336 -484 ) (640.916199 336 -484 ) (846.625305 336 -466 ) (388.795105 336 -466 ) 
4 162 168 (978 336 -454.504425 ) (1024 336 -450.479340 ) (1024 336 -442 ) (978 336 -442 ) 
4 162 166 (978 336 -390.066284 ) (890 336 -397.766205 ) (890 336 -434 ) (978 336 -434 ) 
4 162 165 (1024 336 -442 ) (1024 336 -386.041321 ) (978 336 -390.066284 ) (978 336 -442 ) 
4 162 167 (890 336 -397.766205 ) (388.083252 336 -441.683502 ) (388.092529 336 -442 ) (890 336 -442 ) 
5 162 164 (564.873718 574.739807 -471.812317 ) (502.446228 489.532043 -484 ) (389.319000 336 -484 ) (388.082031 336 -441.684570 ) (559.314697 569.717285 -408.252106 ) 
4 162 163 (706.465881 768 -444.169342 ) (569.570740 581.150818 -470.895325 ) (564.011780 576.128357 -407.335022 ) (704.586304 768 -379.888428 ) 
4 164 173 (389.322021 336 -484 ) (379.384247 336 -484 ) (496.971222 495.585663 -484 ) (502.441681 489.520813 -484 ) 
5 164 169 (388.795105 336 -466 ) (388.092529 336 -442 ) (384.466034 336 -442 ) (378.170898 336 -442.550812 ) (378.857361 336 -466 ) 
4 164 170 (379.384277 336 -484 ) (389.322021 336 -484 ) (388.795105 336 -466 ) (378.857361 336 -466 ) 
3 164 167 (388.092529 336 -442 ) (388.083252 336 -441.683502 ) (384.466034 336 -442 ) 
4 165 258 (1024 0 -442 ) (1024 0 -434 ) (978 0 -434 ) (978 0 -442 ) 
4 165 257 (1024 0 -434 ) (1024 0 -290 ) (978 0 -290 ) (978 0 -434 ) 
4 165 168 (978 336 -442 ) (1024 336 -442 ) (1024 0 -442 ) (978 0 -442 ) 
4 165 166 (978 336 -290 ) (978 336 -434 ) (978 0 -434 ) (978 0 -290 ) 
4 166 257 (978 0 -290 ) (890 0 -290 ) (890 0 -434 ) (978 0 -434 ) 
4 166 167 (890 336 -290 ) (890 336 -434 ) (890 0 -434 ) (890 0 -290 ) 
4 167 260 (0 0 -434 ) (0 0 -442 ) (890 0 -442 ) (890 0 -434 ) 
4 167 257 (890 0 -290 ) (0 0 -290 ) (0 0 -434 ) (890 0 -434 ) 
4 167 219 (0 0 -442 ) (0 0 -400 ) (0 336 -400 ) (0 336 -442 ) 
4 167 218 (0 0 -400 ) (0 0 -290 ) (0 336 -290 ) (0 336 -400 ) 
4 167 169 (0 336 -442 ) (890 336 -442 ) (890 0 -442 ) (0 0 -442 ) 
4 168 261 (1024 0 -484 ) (1024 0 -442 ) (978 0 -442 ) (978 0 -484 ) 
4 168 173 (1012 0 -484 ) (978 0 -484 ) (978 336 -484 ) (1012 336 -484 ) 
4 168 171 (1024 336 -484 ) (1024 0 -484 ) (1012 0 -484 ) (1012 336 -484 ) 
4 168 170 (978 336 -466 ) (978 336 -484 ) (978 0 -484 ) (978 0 -466 ) 
4 169 262 (907.600037 0 -442 ) (0 0 -442 ) (0 0 -466 ) (942.799988 0 -466 ) 
4 169 219 (0 0 -466 ) (0 0 -442 ) (0 336 -442 ) (0 336 -466 ) 
4 169 170 (0 336 -466 ) (942.799988 336 -466 ) (942.800049 0 -466 ) (0 0 -466 ) 
4 170 263 (0 0 -466 ) (0 0 -484 ) (978 0 -484 ) (978 0 -466 ) 
4 170 219 (0 0 -484 ) (0 0 -466 ) (0 336 -466 ) (0 336 -484 ) 
4 170 173 (978 0 -484 ) (0 0 -484 ) (0 336 -484 ) (978 336 -484 ) 
4 171 265 (1024 0 -768 ) (1024 0 -484 ) (1012 0 -484 ) (1012 0 -768 ) 
4 171 174 (1012 929.280029 -768 ) (1012 0 -768 ) (1012 0 -741.760010 ) (1012 929.280029 -741.760010 ) 
4 171 173 (1012 0 -741.760010 ) (1012 0 -484 ) (1012 929.280029 -484 ) (1012 929.280029 -741.760010 ) 
4 171 172 (1012 1024 -768 ) (1012 929.280029 -768 ) (1012 929.280029 -484 ) (1012 1024 -484 ) 
4 172 226 (0 929.280029 -484 ) (0 1024 -484 ) (0 1024 -768 ) (0 929.280029 -768 ) 
4 172 174 (0 929.280029 -768 ) (1012 929.280029 -768 ) (1012 929.280029 -741.760010 ) (0 929.280029 -741.760010 ) 
4 172 173 (1012 929.280029 -741.760010 ) (1012 929.280029 -484 ) (0 929.280029 -484 ) (0 929.280029 -741.760010 ) 
4 173 266 (1012 0 -484 ) (0 0 -484 ) (0 0 -741.760010 ) (1012 0 -741.760010 ) 
4 173 227 (0 0 -741.760010 ) (0 0 -484 ) (0 929.280029 -484 ) (0 929.280029 -741.760010 ) 
4 173 174 (0 929.280029 -741.760010 ) (1012 929.280029 -741.760010 ) (1012 0 -741.760010 ) (0 0 -741.760010 ) 
4 174 267 (0 0 -741.760010 ) (0 0 -768 ) (1012 0 -768 ) (1012 0 -741.760010 ) 
4 174 228 (0 0 -768 ) (0 0 -741.760010 ) (0 929.280029 -741.760010 ) (0 929.280029 -768 ) 
4 175 176 (-704 1440 768 ) (-704 1440 -444 ) (0 1440 -444 ) (0 1440 768 ) 
4 175 177 (-704 1440 -480 ) (-704 1440 -768 ) (0 1440 -768 ) (0 1440 -480 ) 
4 175 178 (-704 1612.800171 768 ) (-704 1612.800171 -768 ) (-704 1440 -768 ) (-704 1440 768 ) 
4 176 180 (-544 1280 768 ) (-704 1280 768 ) (-704 1280 -444 ) (-544 1280 -444 ) 
4 176 179 (0 1280 -444 ) (0 1280 768 ) (-544 1280 768 ) (-544 1280 -444 ) 
4 176 178 (-704 1280 -444 ) (-704 1280 768 ) (-704 1440 768 ) (-704 1440 -444 ) 
4 177 181 (-704 1280 -768 ) (-544 1280 -768 ) (-544 1280 -480 ) (-704 1280 -480 ) 
4 177 179 (-544 1280 -768 ) (0 1280 -768 ) (0 1280 -480 ) (-544 1280 -480 ) 
4 177 178 (-704 1440 -768 ) (-704 1280 -768 ) (-704 1280 -480 ) (-704 1440 -480 ) 
4 178 189 (-1024 1567 -768 ) (-1024 1280 -768 ) (-1024 1280 768 ) (-1024 1567 768 ) 
4 178 188 (-1024 1584 -768 ) (-1024 1567 -768 ) (-1024 1567 768 ) (-1024 1584 768 ) 
4 178 183 (-1024 1612.800171 -768 ) (-1024 1584 -768 ) (-1024 1584 768 ) (-1024 1612.800171 768 ) 
4 178 182 (-1024 1280 -768 ) (-704 1280 -768 ) (-704 1280 768 ) (-1024 1280 768 ) 
4 179 226 (0 1024 -768 ) (0 1024 -484 ) (-544 1024 -484 ) (-544 1024 -768 ) 
4 179 219 (0 1024 -484 ) (0 1024 -400 ) (-544 1024 -400 ) (-544 1024 -484 ) 
4 179 218 (0 1024 -400 ) (0 1024 768 ) (-544 1024 768 ) (-544 1024 -400 ) 
4 179 180 (-544 1280 768 ) (-544 1280 -444 ) (-544 1024 -444 ) (-544 1024 768 ) 
4 179 181 (-544 1280 -480 ) (-544 1280 -768 ) (-544 1024 -768 ) (-544 1024 -480 ) 
4 180 222 (-704 1024 -416 ) (-704 1024 -444 ) (-544 1024 -444 ) (-544 1024 -416 ) 
4 180 220 (-704 1024 -400 ) (-704 1024 -416 ) (-544 1024 -416 ) (-544 1024 -400 ) 
4 180 218 (-544 1024 768 ) (-704 1024 768 ) (-704 1024 -400 ) (-544 1024 -400 ) 
4 180 182 (-704 1280 768 ) (-704 1280 -444 ) (-704 1024 -444 ) (-704 1024 768 ) 
4 181 226 (-704 1024 -484 ) (-704 1024 -768 ) (-544 1024 -768 ) (-544 1024 -484 ) 
4 181 224 (-704 1024 -480 ) (-704 1024 -484 ) (-544 1024 -484 ) (-544 1024 -480 ) 
4 181 182 (-704 1280 -480 ) (-704 1280 -768 ) (-704 1024 -768 ) (-704 1024 -480 ) 
4 182 226 (-1024 1024 -484 ) (-1024 1024 -768 ) (-704 1024 -768 ) (-704 1024 -484 ) 
4 182 225 (-1024 1024 -400 ) (-1024 1024 -484 ) (-704 1024 -484 ) (-704 1024 -400 ) 
4 182 218 (-704 1024 768 ) (-1024 1024 768 ) (-1024 1024 -400 ) (-704 1024 -400 ) 
4 182 208 (-1024 1024 -480 ) (-1024 1024 -444 ) (-1024 1264 -444 ) (-1024 1264 -480 ) 
4 182 204 (-1024 1024 -444 ) (-1024 1024 768 ) (-1024 1264 768 ) (-1024 1264 -444 ) 
4 182 217 (-1024 1264 -768 ) (-1024 1024 -768 ) (-1024 1024 -480 ) (-1024 1264 -480 ) 
4 182 189 (-1024 1280 -768 ) (-1024 1264 -768 ) (-1024 1264 768 ) (-1024 1280 768 ) 
4 183 188 (-1216 1584 -768 ) (-1024 1584 -768 ) (-1024 1584 768 ) (-1216 1584 768 ) 
4 183 185 (-1216 1584 -336 ) (-1216 1584 768 ) (-1216 1600 768 ) (-1216 1600 -336 ) 
4 183 186 (-1216 1600 -768 ) (-1216 1584 -768 ) (-1216 1584 -544 ) (-1216 1600 -544 ) 
4 183 184 (-1216 1612.800171 768 ) (-1216 1612.800171 -768 ) (-1216 1600 -768 ) (-1216 1600 768 ) 
4 184 185 (-1808 1600 768 ) (-1808 1600 -336 ) (-1216 1600 -336 ) (-1216 1600 768 ) 
4 184 186 (-1808 1600 -544 ) (-1808 1600 -768 ) (-1216 1600 -768 ) (-1216 1600 -544 ) 
4 184 187 (-1808 1612.800171 768 ) (-1808 1612.800171 -768 ) (-1808 1600 -768 ) (-1808 1600 768 ) 
4 185 188 (-1216 1584 -336 ) (-1216 1584 768 ) (-1808 1584 768 ) (-1808 1584 -336 ) 
4 185 187 (-1808 1584 -336 ) (-1808 1584 768 ) (-1808 1600 768 ) (-1808 1600 -336 ) 
4 186 188 (-1808 1584 -768 ) (-1216 1584 -768 ) (-1216 1584 -544 ) (-1808 1584 -544 ) 
4 186 187 (-1808 1600 -768 ) (-1808 1584 -768 ) (-1808 1584 -544 ) (-1808 1600 -544 ) 
4 187 241 (-2048 1584 768 ) (-2048 1612.800171 768 ) (-2048 1612.800171 -768 ) (-2048 1584 -768 ) 
4 187 188 (-2048 1584 -768 ) (-1808 1584 -768 ) (-1808 1584 768 ) (-2048 1584 768 ) 
4 188 241 (-2048 1567 768 ) (-2048 1584 768 ) (-2048 1584 -768 ) (-2048 1567 -768 ) 
4 188 199 (-1726 1567 -768 ) (-1552 1567 -768 ) (-1552 1567 768 ) (-1726 1567 768 ) 
4 188 203 (-2048 1567 -768 ) (-1726 1567 -768 ) (-1726 1567 768 ) (-2048 1567 768 ) 
4 188 196 (-1392 1567 -488 ) (-1392 1567 768 ) (-1552 1567 768 ) (-1552 1567 -488 ) 
4 188 195 (-1552 1567 -768 ) (-1392 1567 -768 ) (-1392 1567 -512 ) (-1552 1567 -512 ) 
4 188 190 (-1392 1567 -768 ) (-1286 1567 -768 ) (-1286 1567 768 ) (-1392 1567 768 ) 
4 188 189 (-1286 1567 -768 ) (-1024 1567 -768 ) (-1024 1567 768 ) (-1286 1567 768 ) 
4 189 208 (-1024 1264 -480 ) (-1024 1264 -444 ) (-1286 1264 -444 ) (-1286 1264 -480 ) 
4 189 204 (-1024 1264 -444 ) (-1024 1264 768 ) (-1286 1264 768 ) (-1286 1264 -444 ) 
4 189 217 (-1286 1264 -768 ) (-1024 1264 -768 ) (-1024 1264 -480 ) (-1286 1264 -480 ) 
4 189 192 (-1286 1264 -472 ) (-1286 1264 -304 ) (-1286 1298 -304 ) (-1286 1298 -472 ) 
4 189 191 (-1286 1264 -304 ) (-1286 1264 768 ) (-1286 1298 768 ) (-1286 1298 -304 ) 
4 189 193 (-1286 1298 -768 ) (-1286 1264 -768 ) (-1286 1264 -472 ) (-1286 1298 -472 ) 
4 189 190 (-1286 1567 768 ) (-1286 1567 -768 ) (-1286 1298 -768 ) (-1286 1298 768 ) 
4 190 196 (-1392 1567 768 ) (-1392 1567 -488 ) (-1392 1298 -448.937286 ) (-1392 1298 768 ) 
4 190 195 (-1392 1567 -512 ) (-1392 1567 -768 ) (-1392 1298 -768 ) (-1392 1298 -472.937317 ) 
4 190 192 (-1392 1298 -304 ) (-1392 1298 -472 ) (-1286 1298 -472 ) (-1286 1298 -304 ) 
4 190 191 (-1392 1298 768 ) (-1392 1298 -304 ) (-1286 1298 -304 ) (-1286 1298 768 ) 
4 190 193 (-1392 1298 -472 ) (-1392 1298 -768 ) (-1286 1298 -768 ) (-1286 1298 -472 ) 
4 191 205 (-1286 1264 -304 ) (-1286 1264 768 ) (-1392 1264 768 ) (-1392 1264 -304 ) 
4 191 197 (-1392 1264 -304 ) (-1392 1264 768 ) (-1392 1298 768 ) (-1392 1298 -304 ) 
4 191 192 (-1392 1264 -304 ) (-1392 1298 -304 ) (-1286 1298 -304 ) (-1286 1264 -304 ) 
4 192 209 (-1286 1264 -472 ) (-1286 1264 -444 ) (-1392 1264 -444 ) (-1392 1264 -472 ) 
4 192 206 (-1286 1264 -444 ) (-1286 1264 -304 ) (-1392 1264 -304 ) (-1392 1264 -444 ) 
4 192 198 (-1392 1264 -444 ) (-1392 1264 -304 ) (-1392 1298 -304 ) (-1392 1298 -448.937317 ) 
3 192 194 (-1392 1264 -472 ) (-1392 1264 -468 ) (-1392 1291.545288 -472 ) 
4 192 193 (-1392 1264 -472 ) (-1392 1298 -472 ) (-1286 1298 -472 ) (-1286 1264 -472 ) 
4 193 210 (-1286 1264 -480 ) (-1286 1264 -472 ) (-1392 1264 -472 ) (-1392 1264 -480 ) 
4 193 217 (-1392 1264 -768 ) (-1286 1264 -768 ) (-1286 1264 -480 ) (-1392 1264 -480 ) 
5 193 195 (-1392 1298 -768 ) (-1392 1264 -768 ) (-1392 1264 -472 ) (-1392 1291.545288 -472 ) (-1392 1298 -472.937317 ) 
3 194 201 (-1552 1264 -472 ) (-1552 1264 -468 ) (-1552 1291.545288 -472 ) 
4 194 195 (-1552 1264 -472 ) (-1552 1291.544922 -472 ) (-1392 1291.544922 -472 ) (-1392 1264 -472 ) 
4 195 217 (-1552 1264 -768 ) (-1392 1264 -768 ) (-1392 1264 -480 ) (-1552 1264 -480 ) 
5 195 202 (-1552 1298 -768 ) (-1552 1264 -768 ) (-1552 1264 -472 ) (-1552 1291.545288 -472 ) (-1552 1298 -472.937317 ) 
4 195 199 (-1552 1567 -512 ) (-1552 1567 -768 ) (-1552 1298 -768 ) (-1552 1298 -472.937317 ) 
4 196 199 (-1552 1567 768 ) (-1552 1567 -488 ) (-1552 1298 -448.937286 ) (-1552 1298 768 ) 
4 196 198 (-1552 1298 -304 ) (-1552 1298 -448.935516 ) (-1392 1298 -448.935516 ) (-1392 1298 -304 ) 
4 196 197 (-1552 1298 768 ) (-1552 1298 -304 ) (-1392 1298 -304 ) (-1392 1298 768 ) 
4 197 205 (-1392 1264 -304 ) (-1392 1264 768 ) (-1552 1264 768 ) (-1552 1264 -304 ) 
4 197 200 (-1552 1264 -304 ) (-1552 1264 768 ) (-1552 1298 768 ) (-1552 1298 -304 ) 
4 197 198 (-1552 1264 -304 ) (-1552 1298 -304 ) (-1392 1298 -304 ) (-1392 1264 -304 ) 
4 198 206 (-1392 1264 -444 ) (-1392 1264 -304 ) (-1552 1264 -304 ) (-1552 1264 -444 ) 
4 198 201 (-1552 1298 -448.937286 ) (-1552 1264 -444 ) (-1552 1264 -304 ) (-1552 1298 -304 ) 
4 199 201 (-1726 1298 -304 ) (-1726 1298 -472 ) (-1552 1298 -472 ) (-1552 1298 -304 ) 
4 199 200 (-1726 1298 768 ) (-1726 1298 -304 ) (-1552 1298 -304 ) (-1552 1298 768 ) 
4 199 202 (-1726 1298 -472 ) (-1726 1298 -768 ) (-1552 1298 -768 ) (-1552 1298 -472 ) 
4 199 203 (-1726 1567 768 ) (-1726 1567 -768 ) (-1726 1298 -768 ) (-1726 1298 768 ) 
4 200 212 (-1552 1264 -304 ) (-1552 1264 768 ) (-1726 1264 768 ) (-1726 1264 -304 ) 
4 200 203 (-1726 1264 -304 ) (-1726 1264 768 ) (-1726 1298 768 ) (-1726 1298 -304 ) 
4 200 201 (-1726 1264 -304 ) (-1726 1298 -304 ) (-1552 1298 -304 ) (-1552 1264 -304 ) 
4 201 213 (-1552 1264 -472 ) (-1552 1264 -304 ) (-1726 1264 -304 ) (-1726 1264 -472 ) 
4 201 202 (-1726 1264 -472 ) (-1726 1298 -472 ) (-1552 1298 -472 ) (-1552 1264 -472 ) 
4 201 203 (-1726 1264 -472 ) (-1726 1264 -304 ) (-1726 1298 -304 ) (-1726 1298 -472 ) 
4 202 214 (-1552 1264 -480 ) (-1552 1264 -472 ) (-1726 1264 -472 ) (-1726 1264 -480 ) 
4 202 217 (-1726 1264 -768 ) (-1552 1264 -768 ) (-1552 1264 -480 ) (-1726 1264 -480 ) 
4 202 203 (-1726 1298 -768 ) (-1726 1264 -768 ) (-1726 1264 -472 ) (-1726 1298 -472 ) 
4 203 241 (-2048 1264 768 ) (-2048 1567 768 ) (-2048 1567 -768 ) (-2048 1264 -768 ) 
4 203 216 (-1726 1264 -480 ) (-1726 1264 768 ) (-2048 1264 768 ) (-2048 1264 -480 ) 
4 203 217 (-2048 1264 -768 ) (-1726 1264 -768 ) (-1726 1264 -480 ) (-2048 1264 -480 ) 
4 204 229 (-1024 1024 -444 ) (-1024 1024 768 ) (-1286 1024 768 ) (-1286 1024 -444 ) 
4 204 208 (-1024 1024 -444 ) (-1286 1024 -444 ) (-1286 1264 -444 ) (-1024 1264 -444 ) 
4 204 206 (-1286 1264 -304 ) (-1286 1264 -444 ) (-1286 1262 -444 ) (-1286 1262 -304 ) 
4 204 205 (-1286 1264 768 ) (-1286 1264 -304 ) (-1286 1262 -304 ) (-1286 1262 768 ) 
4 204 207 (-1286 1262 -444 ) (-1286 1024 -444 ) (-1286 1024 768 ) (-1286 1262 768 ) 
4 205 212 (-1552 1264 768 ) (-1552 1264 -304 ) (-1552 1262 -304 ) (-1552 1262 768 ) 
4 205 207 (-1552 1262 768 ) (-1552 1262 -304 ) (-1286 1262 -304 ) (-1286 1262 768 ) 
4 205 206 (-1286 1262 -304 ) (-1552 1262 -304 ) (-1552 1264 -304 ) (-1286 1264 -304 ) 
4 206 213 (-1552 1264 -304 ) (-1552 1264 -444 ) (-1552 1262 -444 ) (-1552 1262 -304 ) 
4 206 209 (-1392 1264 -444 ) (-1286 1264 -444 ) (-1286 1262 -444 ) (-1392 1262 -444 ) 
4 206 207 (-1552 1262 -304 ) (-1552 1262 -444 ) (-1286 1262 -444 ) (-1286 1262 -304 ) 
4 207 229 (-1286 1024 768 ) (-1552 1024 768 ) (-1552 1024 -444 ) (-1286 1024 -444 ) 
4 207 215 (-1552 1262 -444 ) (-1552 1024 -444 ) (-1552 1024 768 ) (-1552 1262 768 ) 
4 207 211 (-1286 1024 -444 ) (-1392 1024 -444 ) (-1392 1262 -444 ) (-1286 1262 -444 ) 
4 208 230 (-1286 1024 -480 ) (-1024 1024 -480 ) (-1024 1024 -444 ) (-1286 1024 -444 ) 
4 208 210 (-1286 1264 -480 ) (-1286 1262 -480 ) (-1286 1262 -472 ) (-1286 1264 -472 ) 
4 208 209 (-1286 1262 -472 ) (-1286 1262 -444 ) (-1286 1264 -444 ) (-1286 1264 -472 ) 
4 208 211 (-1286 1262 -480 ) (-1286 1024 -480 ) (-1286 1024 -444 ) (-1286 1262 -444 ) 
4 208 217 (-1024 1024 -480 ) (-1286 1024 -480 ) (-1286 1264 -480 ) (-1024 1264 -480 ) 
4 209 211 (-1392 1262 -444 ) (-1392 1262 -472 ) (-1286 1262 -472 ) (-1286 1262 -444 ) 
4 209 210 (-1286 1262 -472 ) (-1392 1262 -472 ) (-1392 1264 -472 ) (-1286 1264 -472 ) 
4 210 211 (-1392 1262 -472 ) (-1392 1262 -480 ) (-1286 1262 -480 ) (-1286 1262 -472 ) 
4 210 217 (-1392 1262 -480 ) (-1392 1264 -480 ) (-1286 1264 -480 ) (-1286 1262 -480 ) 
4 211 230 (-1392 1024 -480 ) (-1286 1024 -480 ) (-1286 1024 -444 ) (-1392 1024 -444 ) 
4 211 217 (-1286 1024 -480 ) (-1392 1024 -480 ) (-1392 1262 -480 ) (-1286 1262 -480 ) 
4 212 216 (-1726 1264 768 ) (-1726 1264 -304 ) (-1726 1262 -304 ) (-1726 1262 768 ) 
4 212 215 (-1726 1262 768 ) (-1726 1262 -304 ) (-1552 1262 -304 ) (-1552 1262 768 ) 
4 212 213 (-1552 1262 -304 ) (-1726 1262 -304 ) (-1726 1264 -304 ) (-1552 1264 -304 ) 
4 213 214 (-1552 1262 -472 ) (-1726 1262 -472 ) (-1726 1264 -472 ) (-1552 1264 -472 ) 
4 213 216 (-1726 1264 -304 ) (-1726 1264 -472 ) (-1726 1262 -472 ) (-1726 1262 -304 ) 
4 213 215 (-1726 1262 -304 ) (-1726 1262 -472 ) (-1552 1262 -472 ) (-1552 1262 -304 ) 
4 214 215 (-1726 1262 -472 ) (-1726 1262 -480 ) (-1552 1262 -480 ) (-1552 1262 -472 ) 
4 214 217 (-1726 1262 -480 ) (-1726 1264 -480 ) (-1552 1264 -480 ) (-1552 1262 -480 ) 
4 214 216 (-1726 1264 -472 ) (-1726 1264 -480 ) (-1726 1262 -480 ) (-1726 1262 -472 ) 
4 215 232 (-1726 1024 -480 ) (-1552 1024 -480 ) (-1552 1024 -444 ) (-1726 1024 -444 ) 
4 215 229 (-1552 1024 -444 ) (-1552 1024 768 ) (-1726 1024 768 ) (-1726 1024 -444 ) 
4 215 216 (-1726 1262 -480 ) (-1726 1024 -480 ) (-1726 1024 768 ) (-1726 1262 768 ) 
4 215 217 (-1552 1024 -480 ) (-1726 1024 -480 ) (-1726 1262 -480 ) (-1552 1262 -480 ) 
4 216 241 (-2048 1024 -480 ) (-2048 1024 768 ) (-2048 1264 768 ) (-2048 1264 -480 ) 
4 216 232 (-1920 1024 -480 ) (-1726 1024 -480 ) (-1726 1024 -444 ) (-1920 1024 -444 ) 
4 216 233 (-2048 1024 -444 ) (-2048 1024 -480 ) (-1920 1024 -480 ) (-1920 1024 -444 ) 
4 216 229 (-2048 1024 768 ) (-2048 1024 -444 ) (-1726 1024 -444 ) (-1726 1024 768 ) 
4 216 217 (-1726 1024 -480 ) (-2048 1024 -480 ) (-2048 1264 -480 ) (-1726 1264 -480 ) 
4 217 241 (-2048 1024 -768 ) (-2048 1024 -480 ) (-2048 1264 -480 ) (-2048 1264 -768 ) 
4 217 237 (-1523.199951 1024 -768 ) (-1024 1024 -768 ) (-1024 1024 -484 ) (-1523.199951 1024 -484 ) 
4 217 240 (-2048 1024 -484 ) (-2048 1024 -768 ) (-1523.199951 1024 -768 ) (-1523.199951 1024 -484 ) 
4 217 236 (-2048 1024 -480 ) (-2048 1024 -484 ) (-1024 1024 -484 ) (-1024 1024 -480 ) 
4 218 285 (0 0 -400 ) (0 0 768 ) (-1024 0 768 ) (-1024 0 -400 ) 
4 218 229 (-1024 1024 768 ) (-1024 1024 -400 ) (-1024 0 -400 ) (-1024 0 768 ) 
4 218 220 (-704 704 -400 ) (-704 1024 -400 ) (-544 1024 -400 ) (-544 704 -400 ) 
4 218 219 (0 0 -400 ) (-544 0 -400 ) (-544 1024 -400 ) (0 1024 -400 ) 
4 218 225 (-704 0 -400 ) (-1024 0 -400 ) (-1024 1024 -400 ) (-704 1024 -400 ) 
4 219 286 (0 0 -484 ) (0 0 -400 ) (-544 0 -400 ) (-544 0 -484 ) 
4 219 227 (0 929.280029 -484 ) (0 0 -484 ) (-544 0 -484 ) (-544 929.280029 -484 ) 
4 219 226 (-544 1024 -484 ) (0 1024 -484 ) (0 929.280029 -484 ) (-544 929.280029 -484 ) 
4 219 223 (-544 0 -480 ) (-544 0 -444 ) (-544 816 -444 ) (-544 960 -480 ) 
4 219 222 (-544 797.090881 -416 ) (-544 1024 -416 ) (-544 1024 -444 ) (-544 960 -444 ) 
4 219 221 (-544 0 -444 ) (-544 0 -416 ) (-544 704 -416 ) (-544 816 -444 ) 
4 219 220 (-544 704 -400 ) (-544 1024 -400 ) (-544 1024 -416 ) (-544 797.090820 -416 ) 
4 219 224 (-544 1024 -484 ) (-544 0 -484 ) (-544 0 -480 ) (-544 1024 -480 ) 
4 220 222 (-704 797.090881 -416 ) (-704 1024 -416 ) (-544 1024 -416 ) (-544 797.090820 -416 ) 
4 220 225 (-704 704 -400 ) (-704 1024 -400 ) (-704 1024 -416 ) (-704 797.090820 -416 ) 
4 221 288 (-704 0 -416 ) (-704 0 -444 ) (-544 0 -444 ) (-544 0 -416 ) 
4 221 223 (-704 0 -444 ) (-704 816 -444 ) (-544 816 -444 ) (-544 0 -444 ) 
4 221 225 (-704 0 -444 ) (-704 0 -416 ) (-704 704 -416 ) (-704 816 -444 ) 
4 222 225 (-704 797.090881 -416 ) (-704 1024 -416 ) (-704 1024 -444 ) (-704 960 -444 ) 
4 223 288 (-704 0 -444 ) (-704 0 -480 ) (-544 0 -480 ) (-544 0 -444 ) 
4 223 225 (-704 0 -480 ) (-704 0 -444 ) (-704 816 -444 ) (-704 960 -480 ) 
4 223 224 (-704 0 -480 ) (-704 960 -480 ) (-544 960 -480 ) (-544 0 -480 ) 
4 224 288 (-704 0 -480 ) (-704 0 -484 ) (-544 0 -484 ) (-544 0 -480 ) 
4 224 227 (-544 929.280029 -484 ) (-544 0 -484 ) (-704 0 -484 ) (-704 929.280029 -484 ) 
4 224 226 (-704 1024 -484 ) (-544 1024 -484 ) (-544 929.280029 -484 ) (-704 929.280029 -484 ) 
4 224 225 (-704 1024 -484 ) (-704 0 -484 ) (-704 0 -480 ) (-704 1024 -480 ) 
4 225 290 (-704 0 -400 ) (-1024 0 -400 ) (-1024 0 -484 ) (-704 0 -484 ) 
4 225 230 (-1024 1024 -444 ) (-1024 1024 -480 ) (-1024 0 -480 ) (-1024 0 -444 ) 
4 225 236 (-1024 1024 -480 ) (-1024 1024 -484 ) (-1024 0 -484 ) (-1024 0 -480 ) 
4 225 229 (-1024 1024 -400 ) (-1024 1024 -444 ) (-1024 0 -444 ) (-1024 0 -400 ) 
4 225 227 (-704 929.280029 -484 ) (-704 0 -484 ) (-1024 0 -484 ) (-1024 929.280029 -484 ) 
4 225 226 (-1024 1024 -484 ) (-704 1024 -484 ) (-704 929.280029 -484 ) (-1024 929.280029 -484 ) 
4 226 237 (-1024 1024 -484 ) (-1024 1024 -768 ) (-1024 929.280029 -768 ) (-1024 929.280029 -484 ) 
4 226 228 (-1024 929.280029 -768 ) (0 929.280029 -768 ) (0 929.280029 -741.760010 ) (-1024 929.280029 -741.760010 ) 
4 226 227 (0 929.280029 -741.760010 ) (0 929.280029 -484 ) (-1024 929.280029 -484 ) (-1024 929.280029 -741.760010 ) 
4 227 293 (0 0 -741.760010 ) (0 0 -484 ) (-1024 0 -484 ) (-1024 0 -741.760010 ) 
4 227 238 (-1024 0 -741.760010 ) (-1024 0 -484 ) (-1024 929.280029 -484 ) (-1024 929.280029 -741.760010 ) 
4 227 228 (0 0 -741.760010 ) (-1024 0 -741.760010 ) (-1024 929.280029 -741.760010 ) (0 929.280029 -741.760010 ) 
4 228 294 (0 0 -768 ) (0 0 -741.760010 ) (-1024 0 -741.760010 ) (-1024 0 -768 ) 
4 228 239 (-1024 929.280029 -768 ) (-1024 0 -768 ) (-1024 0 -741.760010 ) (-1024 929.280029 -741.760010 ) 
4 229 296 (-1024 0 -444 ) (-1024 0 768 ) (-2048 0 768 ) (-2048 0 -444 ) 
4 229 242 (-2048 0 -444 ) (-2048 0 768 ) (-2048 1024 768 ) (-2048 1024 -444 ) 
4 229 234 (-1552 0 -444 ) (-1760 0 -444 ) (-1760 352 -444 ) (-1552 352 -444 ) 
4 229 235 (-1920 0 -444 ) (-2048 0 -444 ) (-2048 352 -444 ) (-1920 352 -444 ) 
4 229 232 (-1920 1024 -444 ) (-1552 1024 -444 ) (-1552 512 -444 ) (-1920 512 -444 ) 
4 229 233 (-2048 352 -444 ) (-2048 1024 -444 ) (-1920 1024 -444 ) (-1920 352 -444 ) 
4 229 231 (-1392 0 -444 ) (-1552 0 -444 ) (-1552 352 -444 ) (-1392 352 -444 ) 
4 229 230 (-1024 0 -444 ) (-1392 0 -444 ) (-1392 1024 -444 ) (-1024 1024 -444 ) 
4 230 297 (-1024 0 -480 ) (-1024 0 -444 ) (-1392 0 -444 ) (-1392 0 -480 ) 
4 230 231 (-1392 352 -480 ) (-1392 0 -480 ) (-1392 0 -444 ) (-1392 352 -444 ) 
4 230 236 (-1392 1024 -480 ) (-1024 1024 -480 ) (-1024 0 -480 ) (-1392 0 -480 ) 
4 231 297 (-1392 0 -444 ) (-1552 0 -444 ) (-1552 0 -480 ) (-1392 0 -480 ) 
4 231 234 (-1552 352 -480 ) (-1552 0 -480 ) (-1552 0 -444 ) (-1552 352 -444 ) 
4 231 236 (-1392 352 -480 ) (-1392 0 -480 ) (-1552 0 -480 ) (-1552 352 -480 ) 
4 232 233 (-1920 1024 -480 ) (-1920 512 -480 ) (-1920 512 -444 ) (-1920 1024 -444 ) 
4 232 236 (-1920 1024 -480 ) (-1552 1024 -480 ) (-1552 512 -480 ) (-1920 512 -480 ) 
4 233 242 (-2048 352 -444 ) (-2048 1024 -444 ) (-2048 1024 -480 ) (-2048 352 -480 ) 
4 233 235 (-2048 352 -480 ) (-1920 352 -480 ) (-1920 352 -444 ) (-2048 352 -444 ) 
4 233 236 (-2048 352 -480 ) (-2048 1024 -480 ) (-1920 1024 -480 ) (-1920 352 -480 ) 
4 234 297 (-1552 0 -444 ) (-1760 0 -444 ) (-1760 0 -480 ) (-1552 0 -480 ) 
4 234 236 (-1760 352 -480 ) (-1552 352 -480 ) (-1552 0 -480 ) (-1760 0 -480 ) 
4 235 298 (-1920 0 -444 ) (-2048 0 -444 ) (-2048 0 -480 ) (-1920 0 -480 ) 
4 235 242 (-2048 0 -480 ) (-2048 0 -444 ) (-2048 352 -444 ) (-2048 352 -480 ) 
4 235 236 (-2048 0 -480 ) (-2048 352 -480 ) (-1920 352 -480 ) (-1920 0 -480 ) 
4 236 300 (-1024 0 -484 ) (-1024 0 -480 ) (-2048 0 -480 ) (-2048 0 -484 ) 
4 236 242 (-2048 0 -484 ) (-2048 0 -480 ) (-2048 1024 -480 ) (-2048 1024 -484 ) 
4 236 238 (-1024 929.280029 -484 ) (-1024 0 -484 ) (-1523.199951 0 -484 ) (-1523.199951 929.280029 -484 ) 
4 236 237 (-1523.199951 1024 -484 ) (-1024 1024 -484 ) (-1024 929.280029 -484 ) (-1523.199951 929.280029 -484 ) 
4 236 240 (-2048 0 -484 ) (-2048 1024 -484 ) (-1523.199951 1024 -484 ) (-1523.199951 0 -484 ) 
4 237 239 (-1523.199951 929.280029 -741.760010 ) (-1523.199951 929.280029 -768 ) (-1024 929.280029 -768 ) (-1024 929.280029 -741.760010 ) 
4 237 238 (-1523.199951 929.280029 -484 ) (-1523.199951 929.280029 -741.760010 ) (-1024 929.280029 -741.760010 ) (-1024 929.280029 -484 ) 
4 237 240 (-1523.199951 1024 -768 ) (-1523.199951 929.280029 -768 ) (-1523.199951 929.280029 -484 ) (-1523.199951 1024 -484 ) 
4 238 301 (-1024 0 -741.760010 ) (-1024 0 -484 ) (-1523.199951 0 -484 ) (-1523.199951 0 -741.760010 ) 
4 238 240 (-1523.199951 0 -741.760010 ) (-1523.199951 0 -484 ) (-1523.199951 929.280029 -484 ) (-1523.199951 929.280029 -741.760010 ) 
4 238 239 (-1523.199951 0 -741.760010 ) (-1523.199951 929.280029 -741.760010 ) (-1024 929.280029 -741.760010 ) (-1024 0 -741.760010 ) 
4 239 302 (-1024 0 -768 ) (-1024 0 -741.760010 ) (-1523.199951 0 -741.760010 ) (-1523.199951 0 -768 ) 
4 239 240 (-1523.199951 929.280029 -768 ) (-1523.199951 0 -768 ) (-1523.199951 0 -741.760010 ) (-1523.199951 929.280029 -741.760010 ) 
4 240 304 (-1523.199951 0 -484 ) (-2048 0 -484 ) (-2048 0 -768 ) (-1523.199951 0 -768 ) 
4 240 242 (-2048 0 -768 ) (-2048 0 -484 ) (-2048 1024 -484 ) (-2048 1024 -768 ) 
4 241 242 (-2048 1024 -768 ) (-2048 1024 768 ) (-2150.399902 1024 768 ) (-2150.399902 1024 -768 ) 
4 242 318 (-2048 0 -768 ) (-2048 0 768 ) (-2150.399902 0 768 ) (-2150.399902 0 -768 ) 
4 243 252 (2048 0 -480 ) (2048 0 -768 ) (2048 -1024 -768 ) (2048 -1024 -480 ) 
4 243 249 (2048 0 -418 ) (2048 0 -480 ) (2048 -1024 -480 ) (2048 -1024 -418 ) 
4 243 245 (2048 0 768 ) (2048 0 -418 ) (2048 -1024 -418 ) (2048 -1024 768 ) 
4 243 244 (2150.399902 -1024 768 ) (2048 -1024 768 ) (2048 -1024 -768 ) (2150.399902 -1024 -768 ) 
4 244 277 (2048 -1612.800171 768 ) (2048 -1280 768 ) (2048 -1280 -768 ) (2048 -1612.800171 -768 ) 
4 244 269 (2048 -1280 768 ) (2048 -1024 768 ) (2048 -1024 -768 ) (2048 -1280 -768 ) 
4 245 269 (2048 -1024 -418 ) (2048 -1024 768 ) (1948 -1024 768 ) (1948 -1024 -418 ) 
4 245 249 (1948 0 -418 ) (2048 0 -418 ) (2048 -1024 -418 ) (1948 -1024 -418 ) 
4 245 247 (1948 -1024 -258 ) (1948 -1024 768 ) (1948 -880 768 ) (1948 -880 -258 ) 
4 245 246 (1948 0 -418 ) (1948 -880 -418 ) (1948 -880 768 ) (1948 0 768 ) 
4 246 249 (1932 0 -418 ) (1948 0 -418 ) (1948 -880 -418 ) (1932 -880 -418 ) 
4 246 247 (1932 -880 768 ) (1932 -880 -258 ) (1948 -880 -258 ) (1948 -880 768 ) 
4 246 248 (1932 0 -418 ) (1932 -880 -418 ) (1932 -880 768 ) (1932 0 768 ) 
4 247 270 (1948 -1024 768 ) (1932 -1024 768 ) (1932 -1024 -258 ) (1948 -1024 -258 ) 
4 247 248 (1932 -1024 -258 ) (1932 -1024 768 ) (1932 -880 768 ) (1932 -880 -258 ) 
4 248 274 (1440 -1024 768 ) (1280 -1024 768 ) (1280 -1024 -418 ) (1440 -1024 -418 ) 
4 248 273 (1932 -1024 768 ) (1440 -1024 768 ) (1440 -1024 -418 ) (1932 -1024 -418 ) 
4 248 276 (1280 -1024 768 ) (1024 -1024 768 ) (1024 -1024 -418 ) (1280 -1024 -418 ) 
4 248 254 (1024 0 -266 ) (1024 0 -290 ) (1024 -1024 -290 ) (1024 -1024 -266 ) 
4 248 253 (1024 0 768 ) (1024 0 -266 ) (1024 -1024 -266 ) (1024 -1024 768 ) 
4 248 257 (1024 0 -290 ) (1024 0 -418 ) (1024 -1024 -418 ) (1024 -1024 -290 ) 
4 248 250 (1280 0 -418 ) (1440 0 -418 ) (1440 -1024 -418 ) (1280 -1024 -418 ) 
4 248 249 (1440 0 -418 ) (1932 0 -418 ) (1932 -1024 -418 ) (1440 -1024 -418 ) 
4 248 251 (1024 -1024 -418 ) (1024 0 -418 ) (1280 0 -418 ) (1280 -1024 -418 ) 
4 249 273 (1932 -1024 -418 ) (1440 -1024 -418 ) (1440 -1024 -480 ) (1932 -1024 -480 ) 
4 249 271 (1948 -1024 -418 ) (1932 -1024 -418 ) (1932 -1024 -480 ) (1948 -1024 -480 ) 
4 249 269 (2048 -1024 -480 ) (2048 -1024 -418 ) (1948 -1024 -418 ) (1948 -1024 -480 ) 
4 249 252 (2048 -1024 -480 ) (1440 -1024 -480 ) (1440 0 -480 ) (2048 0 -480 ) 
4 249 250 (1440 -1024 -444 ) (1440 -1024 -418 ) (1440 0 -418 ) (1440 0 -444 ) 
4 250 274 (1440 -1024 -418 ) (1280 -1024 -418 ) (1280 -1024 -444 ) (1440 -1024 -444 ) 
4 250 251 (1280 -1024 -444 ) (1280 -1024 -418 ) (1280 0 -418 ) (1280 0 -444 ) 
4 251 276 (1280 -1024 -418 ) (1024 -1024 -418 ) (1024 -1024 -480 ) (1280 -1024 -480 ) 
4 251 261 (1024 0 -442 ) (1024 0 -480 ) (1024 -1024 -480 ) (1024 -1024 -442 ) 
4 251 258 (1024 0 -434 ) (1024 0 -442 ) (1024 -1024 -442 ) (1024 -1024 -434 ) 
4 251 257 (1024 0 -418 ) (1024 0 -434 ) (1024 -1024 -434 ) (1024 -1024 -418 ) 
4 251 252 (1280 -1024 -480 ) (1024 -1024 -480 ) (1024 0 -480 ) (1280 0 -480 ) 
4 252 275 (1440 -1024 -480 ) (1280 -1024 -480 ) (1280 -1024 -768 ) (1440 -1024 -768 ) 
4 252 273 (1932 -1024 -480 ) (1440 -1024 -480 ) (1440 -1024 -768 ) (1932 -1024 -768 ) 
4 252 276 (1280 -1024 -480 ) (1024 -1024 -480 ) (1024 -1024 -768 ) (1280 -1024 -768 ) 
4 252 271 (1948 -1024 -480 ) (1932 -1024 -480 ) (1932 -1024 -768 ) (1948 -1024 -768 ) 
4 252 269 (2048 -1024 -768 ) (2048 -1024 -480 ) (1948 -1024 -480 ) (1948 -1024 -768 ) 
4 252 265 (1024 0 -484 ) (1024 0 -768 ) (1024 -1024 -768 ) (1024 -1024 -484 ) 
4 252 261 (1024 0 -480 ) (1024 0 -484 ) (1024 -1024 -484 ) (1024 -1024 -480 ) 
4 253 285 (0 0 768 ) (0 0 -266 ) (0 -1024 -266 ) (0 -1024 768 ) 
4 253 281 (1024 -1024 -266 ) (1024 -1024 768 ) (0 -1024 768 ) (0 -1024 -266 ) 
4 253 256 (941.237976 -32 -266 ) (941.237976 -1024 -266 ) (934.765991 -1024 -266 ) (934.766052 -32 -266 ) 
4 253 255 (0 0 -266 ) (934.766052 0 -266 ) (934.765991 -1024 -266 ) (0 -1024 -266 ) 
4 253 254 (941.237976 0 -266 ) (1024 0 -266 ) (1024 -1024 -266 ) (941.237976 -1024 -266 ) 
4 254 281 (1024 -1024 -290 ) (1024 -1024 -266 ) (941.237976 -1024 -266 ) (978 -1024 -290 ) 
4 254 256 (941.242188 -1024 -266 ) (941.242188 -32 -266 ) (978.004028 -72 -290 ) (978.004028 -1024 -290 ) 
4 254 257 (1024 -1024 -290 ) (978 -1024 -290 ) (978 0 -290 ) (1024 0 -290 ) 
4 255 285 (0 0 -266 ) (0 0 -290 ) (0 -1024 -290 ) (0 -1024 -266 ) 
4 255 281 (934.765991 -1024 -266 ) (0 -1024 -266 ) (0 -1024 -290 ) (902 -1024 -290 ) 
4 255 256 (902 -1024 -290 ) (902 -72 -290 ) (934.765808 -32 -266 ) (934.765808 -1024 -266 ) 
4 255 257 (902 -1024 -290 ) (0 -1024 -290 ) (0 0 -290 ) (902 0 -290 ) 
4 256 281 (941.237976 -1024 -266 ) (934.765991 -1024 -266 ) (902 -1024 -290 ) (978 -1024 -290 ) 
4 256 257 (978 -1024 -290 ) (902 -1024 -290 ) (902 -72 -290 ) (978 -72 -290 ) 
4 257 286 (0 0 -400 ) (0 0 -434 ) (0 -1024 -434 ) (0 -1024 -400 ) 
4 257 285 (0 0 -290 ) (0 0 -400 ) (0 -1024 -400 ) (0 -1024 -290 ) 
4 257 281 (1024 -1024 -434 ) (1024 -1024 -290 ) (0 -1024 -290 ) (0 -1024 -434 ) 
4 257 259 (978 -72 -434 ) (978 -1024 -434 ) (890 -1024 -434 ) (890 -72 -434 ) 
4 257 258 (978 0 -434 ) (1024 0 -434 ) (1024 -1024 -434 ) (978 -1024 -434 ) 
4 257 260 (0 0 -434 ) (890 0 -434 ) (890 -1024 -434 ) (0 -1024 -434 ) 
4 258 281 (1024 -1024 -442 ) (1024 -1024 -434 ) (978 -1024 -434 ) (978 -1024 -442 ) 
4 258 261 (978 0 -442 ) (1024 0 -442 ) (1024 -1024 -442 ) (978 -1024 -442 ) 
4 258 259 (978 -72 -442 ) (978 -1024 -442 ) (978 -1024 -434 ) (978 -72 -434 ) 
4 259 281 (978 -1024 -434 ) (890 -1024 -434 ) (890 -1024 -442 ) (978 -1024 -442 ) 
4 259 264 (978 -72 -442 ) (978 -1024 -442 ) (890 -1024 -442 ) (890 -72 -442 ) 
4 259 260 (890 -72 -442 ) (890 -1024 -442 ) (890 -1024 -434 ) (890 -72 -434 ) 
4 260 286 (0 0 -434 ) (0 0 -442 ) (0 -1024 -442 ) (0 -1024 -434 ) 
4 260 281 (890 -1024 -434 ) (0 -1024 -434 ) (0 -1024 -442 ) (890 -1024 -442 ) 
4 260 262 (0 0 -442 ) (890 0 -442 ) (890 -72 -442 ) (0 -72 -442 ) 
4 260 264 (890 -72 -442 ) (890 -1024 -442 ) (0 -1024 -442 ) (0 -72 -442 ) 
4 261 281 (1024 -1024 -484 ) (1024 -1024 -442 ) (978 -1024 -442 ) (978 -1024 -484 ) 
4 261 266 (978 0 -484 ) (1012 0 -484 ) (1012 -929.280029 -484 ) (978 -929.280029 -484 ) 
4 261 268 (1012 -929.280029 -484 ) (1012 -1024 -484 ) (978 -1024 -484 ) (978 -929.280029 -484 ) 
4 261 265 (1012 0 -484 ) (1024 0 -484 ) (1024 -1024 -484 ) (1012 -1024 -484 ) 
4 261 263 (978 0 -484 ) (978 -72 -484 ) (978 -72 -466 ) (978 0 -466 ) 
4 261 264 (978 -72 -484 ) (978 -1024 -484 ) (978 -1024 -442 ) (978 -72 -442 ) 
4 262 286 (0 0 -442 ) (0 0 -466 ) (0 -72 -466 ) (0 -72 -442 ) 
4 262 263 (942.800049 -72 -466 ) (0 -72 -466 ) (0 0 -466 ) (942.799988 0 -466 ) 
4 262 264 (907.600037 -72 -442 ) (0 -72 -442 ) (0 -72 -466 ) (942.799988 -72 -466 ) 
4 263 286 (0 0 -466 ) (0 0 -484 ) (0 -72 -484 ) (0 -72 -466 ) 
4 263 266 (0 0 -484 ) (978 0 -484 ) (978 -72 -484 ) (0 -72 -484 ) 
4 263 264 (0 -72 -484 ) (978 -72 -484 ) (978 -72 -466 ) (0 -72 -466 ) 
4 264 286 (0 -72 -484 ) (0 -1024 -484 ) (0 -1024 -442 ) (0 -72 -442 ) 
4 264 281 (978 -1024 -442 ) (0 -1024 -442 ) (0 -1024 -484 ) (978 -1024 -484 ) 
4 264 266 (978 -72 -484 ) (978 -929.280029 -484 ) (0 -929.280029 -484 ) (0 -72 -484 ) 
4 264 268 (978 -929.280029 -484 ) (978 -1024 -484 ) (0 -1024 -484 ) (0 -929.280029 -484 ) 
4 265 281 (1024 -1024 -768 ) (1024 -1024 -484 ) (1012 -1024 -484 ) (1012 -1024 -768 ) 
4 265 267 (1012 0 -768 ) (1012 -929.280029 -768 ) (1012 -929.280029 -741.760010 ) (1012 0 -741.760010 ) 
4 265 266 (1012 -929.280029 -741.760010 ) (1012 -929.280029 -484 ) (1012 0 -484 ) (1012 0 -741.760010 ) 
4 265 268 (1012 -929.280029 -768 ) (1012 -1024 -768 ) (1012 -1024 -484 ) (1012 -929.280029 -484 ) 
4 266 293 (0 0 -484 ) (0 0 -741.760010 ) (0 -929.280029 -741.760010 ) (0 -929.280029 -484 ) 
4 266 268 (1012 -929.280029 -741.760010 ) (1012 -929.280029 -484 ) (0 -929.280029 -484 ) (0 -929.280029 -741.760010 ) 
4 266 267 (1012 -929.280029 -741.760010 ) (0 -929.280029 -741.760010 ) (0 0 -741.760010 ) (1012 0 -741.760010 ) 
4 267 294 (0 0 -741.760010 ) (0 0 -768 ) (0 -929.280029 -768 ) (0 -929.280029 -741.760010 ) 
4 267 268 (0 -929.280029 -768 ) (1012 -929.280029 -768 ) (1012 -929.280029 -741.760010 ) (0 -929.280029 -741.760010 ) 
4 268 295 (0 -929.280029 -768 ) (0 -1024 -768 ) (0 -1024 -484 ) (0 -929.280029 -484 ) 
4 268 281 (1012 -1024 -484 ) (0 -1024 -484 ) (0 -1024 -768 ) (1012 -1024 -768 ) 
4 269 277 (1948 -1280 -768 ) (2048 -1280 -768 ) (2048 -1280 768 ) (1948 -1280 768 ) 
4 269 270 (1948 -1120 -258 ) (1948 -1120 768 ) (1948 -1024 768 ) (1948 -1024 -258 ) 
4 269 271 (1948 -1024 -768 ) (1948 -1120 -768 ) (1948 -1120 -418 ) (1948 -1024 -418 ) 
4 269 272 (1948 -1120 -768 ) (1948 -1280 -768 ) (1948 -1280 768 ) (1948 -1120 768 ) 
4 270 273 (1932 -1120 -258 ) (1932 -1120 768 ) (1932 -1024 768 ) (1932 -1024 -258 ) 
4 270 272 (1932 -1120 768 ) (1932 -1120 -258 ) (1948 -1120 -258 ) (1948 -1120 768 ) 
4 271 273 (1932 -1024 -768 ) (1932 -1120 -768 ) (1932 -1120 -418 ) (1932 -1024 -418 ) 
4 271 272 (1932 -1120 -418 ) (1932 -1120 -768 ) (1948 -1120 -768 ) (1948 -1120 -418 ) 
4 272 277 (1932 -1280 -768 ) (1948 -1280 -768 ) (1948 -1280 768 ) (1932 -1280 768 ) 
4 272 273 (1932 -1120 -768 ) (1932 -1280 -768 ) (1932 -1280 768 ) (1932 -1120 768 ) 
4 273 277 (1440 -1280 -768 ) (1932 -1280 -768 ) (1932 -1280 768 ) (1440 -1280 768 ) 
4 273 274 (1440 -1280 -444 ) (1440 -1280 768 ) (1440 -1024 768 ) (1440 -1024 -444 ) 
4 273 275 (1440 -1024 -768 ) (1440 -1280 -768 ) (1440 -1280 -480 ) (1440 -1024 -480 ) 
4 274 278 (1440 -1280 -444 ) (1440 -1280 768 ) (1280 -1280 768 ) (1280 -1280 -444 ) 
4 274 276 (1280 -1280 -444 ) (1280 -1280 768 ) (1280 -1024 768 ) (1280 -1024 -444 ) 
4 275 279 (1280 -1280 -768 ) (1440 -1280 -768 ) (1440 -1280 -480 ) (1280 -1280 -480 ) 
4 275 276 (1280 -1024 -768 ) (1280 -1280 -768 ) (1280 -1280 -480 ) (1280 -1024 -480 ) 
4 276 281 (1024 -1024 768 ) (1024 -1024 -768 ) (1024 -1280 -768 ) (1024 -1280 768 ) 
4 276 278 (1280 -1280 -444 ) (1280 -1280 768 ) (1024 -1280 768 ) (1024 -1280 -444 ) 
4 276 279 (1024 -1280 -768 ) (1280 -1280 -768 ) (1280 -1280 -480 ) (1024 -1280 -480 ) 
4 277 278 (1440 -1280 768 ) (1440 -1280 -444 ) (1440 -1440 -444 ) (1440 -1440 768 ) 
4 277 279 (1440 -1280 -480 ) (1440 -1280 -768 ) (1440 -1440 -768 ) (1440 -1440 -480 ) 
4 277 280 (1440 -1440 -768 ) (1440 -1612.800171 -768 ) (1440 -1612.800171 768 ) (1440 -1440 768 ) 
4 278 282 (1024 -1440 -444 ) (1024 -1440 768 ) (1024 -1280 768 ) (1024 -1280 -444 ) 
4 278 280 (1440 -1440 -444 ) (1440 -1440 768 ) (1024 -1440 768 ) (1024 -1440 -444 ) 
4 279 283 (1024 -1280 -768 ) (1024 -1440 -768 ) (1024 -1440 -480 ) (1024 -1280 -480 ) 
4 279 280 (1024 -1440 -768 ) (1440 -1440 -768 ) (1440 -1440 -480 ) (1024 -1440 -480 ) 
4 280 284 (1024 -1440 -768 ) (1024 -1612.800171 -768 ) (1024 -1612.800171 768 ) (1024 -1440 768 ) 
4 281 311 (0 -1024 -480 ) (0 -1024 -768 ) (0 -1280 -768 ) (0 -1280 -480 ) 
4 281 307 (0 -1056 -480 ) (0 -1280 -480 ) (0 -1280 -444 ) (0 -1056 -444 ) 
4 281 306 (0 -1024 -444 ) (0 -1024 -480 ) (0 -1056 -480 ) (0 -1056 -444 ) 
4 281 305 (0 -1280 768 ) (0 -1024 768 ) (0 -1024 -444 ) (0 -1280 -444 ) 
4 281 282 (1024 -1280 -444 ) (1024 -1280 768 ) (0 -1280 768 ) (0 -1280 -444 ) 
4 281 283 (0 -1280 -768 ) (1024 -1280 -768 ) (1024 -1280 -480 ) (0 -1280 -480 ) 
4 282 305 (0 -1440 768 ) (0 -1280 768 ) (0 -1280 -444 ) (0 -1440 -444 ) 
4 282 284 (1024 -1440 -444 ) (1024 -1440 768 ) (0 -1440 768 ) (0 -1440 -444 ) 
4 283 311 (0 -1280 -480 ) (0 -1280 -768 ) (0 -1440 -768 ) (0 -1440 -480 ) 
4 283 284 (0 -1440 -768 ) (1024 -1440 -768 ) (1024 -1440 -480 ) (0 -1440 -480 ) 
4 284 311 (0 -1440 -480 ) (0 -1440 -768 ) (0 -1612.800171 -768 ) (0 -1612.800171 -480 ) 
4 284 308 (0 -1440 -444 ) (0 -1440 -480 ) (0 -1612.800171 -480 ) (0 -1612.800171 -444 ) 
4 284 305 (0 -1612.800171 768 ) (0 -1440 768 ) (0 -1440 -444 ) (0 -1612.800171 -444 ) 
4 285 305 (0 -1024 -400 ) (0 -1024 768 ) (-1024 -1024 768 ) (-1024 -1024 -400 ) 
4 285 296 (-1024 0 768 ) (-1024 0 -400 ) (-1024 -1024 -400 ) (-1024 -1024 768 ) 
4 285 291 (-1024 -1024 -400 ) (-1024 -896 -400 ) (-544 -896 -400 ) (-544 -1024 -400 ) 
4 285 287 (-544 -640 -400 ) (-544 -896 -400 ) (-704 -896 -400 ) (-704 -640 -400 ) 
4 285 290 (-1024 -896 -400 ) (-1024 0 -400 ) (-704 0 -400 ) (-704 -896 -400 ) 
4 285 286 (-544 0 -400 ) (0 0 -400 ) (0 -1024 -400 ) (-544 -1024 -400 ) 
4 286 311 (0 -1024 -484 ) (0 -1024 -480 ) (-544 -1024 -480 ) (-544 -1024 -484 ) 
4 286 306 (0 -1024 -480 ) (0 -1024 -444 ) (-544 -1024 -444 ) (-544 -1024 -480 ) 
4 286 305 (0 -1024 -444 ) (0 -1024 -400 ) (-544 -1024 -400 ) (-544 -1024 -444 ) 
4 286 293 (-544 -929.280029 -484 ) (-544 0 -484 ) (0 0 -484 ) (0 -929.280029 -484 ) 
4 286 295 (0 -1024 -484 ) (-544 -1024 -484 ) (-544 -929.280029 -484 ) (0 -929.280029 -484 ) 
4 286 291 (-544 -1024 -444 ) (-544 -1024 -400 ) (-544 -896 -400 ) (-544 -896 -444 ) 
4 286 292 (-544 -896 -484 ) (-544 -1024 -484 ) (-544 -1024 -480 ) (-544 -896 -480 ) 
3 286 289 (-544 -896 -444 ) (-544 -896 -416 ) (-544 -733.090942 -416 ) 
5 286 288 (-544 0 -484 ) (-544 -896 -484 ) (-544 -896 -480 ) (-544 -640 -416 ) (-544 0 -416 ) 
4 286 287 (-544 -896 -416 ) (-544 -896 -400 ) (-544 -640 -400 ) (-544 -733.090942 -416 ) 
4 287 291 (-544 -896 -416 ) (-544 -896 -400 ) (-704 -896 -400 ) (-704 -896 -416 ) 
4 287 289 (-544 -896 -416 ) (-704 -896 -416 ) (-704 -733.090942 -416 ) (-544 -733.090942 -416 ) 
4 287 290 (-704 -896 -416 ) (-704 -896 -400 ) (-704 -640 -400 ) (-704 -733.090942 -416 ) 
4 288 293 (-704 0 -484 ) (-544 0 -484 ) (-544 -896 -484 ) (-704 -896 -484 ) 
4 288 292 (-704 -896 -484 ) (-544 -896 -484 ) (-544 -896 -480 ) (-704 -896 -480 ) 
5 288 290 (-704 0 -484 ) (-704 -896 -484 ) (-704 -896 -480 ) (-704 -640 -416 ) (-704 0 -416 ) 
4 289 291 (-544 -896 -444 ) (-544 -896 -416 ) (-704 -896 -416 ) (-704 -896 -444 ) 
3 289 290 (-704 -896 -444 ) (-704 -896 -416 ) (-704 -733.090942 -416 ) 
4 290 297 (-1024 0 -444 ) (-1024 0 -480 ) (-1024 -896 -480 ) (-1024 -896 -444 ) 
4 290 300 (-1024 0 -480 ) (-1024 0 -484 ) (-1024 -896 -484 ) (-1024 -896 -480 ) 
4 290 296 (-1024 0 -400 ) (-1024 0 -444 ) (-1024 -896 -444 ) (-1024 -896 -400 ) 
4 290 293 (-1024 -896 -484 ) (-1024 0 -484 ) (-704 0 -484 ) (-704 -896 -484 ) 
4 290 291 (-704 -896 -444 ) (-704 -896 -400 ) (-1024 -896 -400 ) (-1024 -896 -444 ) 
4 290 292 (-1024 -896 -484 ) (-704 -896 -484 ) (-704 -896 -480 ) (-1024 -896 -480 ) 
4 291 305 (-544 -1024 -400 ) (-1024 -1024 -400 ) (-1024 -1024 -444 ) (-544 -1024 -444 ) 
4 291 296 (-1024 -1024 -444 ) (-1024 -1024 -400 ) (-1024 -896 -400 ) (-1024 -896 -444 ) 
4 292 311 (-1024 -1024 -480 ) (-1024 -1024 -484 ) (-544 -1024 -484 ) (-544 -1024 -480 ) 
4 292 300 (-1024 -896 -484 ) (-1024 -1024 -484 ) (-1024 -1024 -480 ) (-1024 -896 -480 ) 
4 292 293 (-1024 -929.280029 -484 ) (-1024 -896 -484 ) (-544 -896 -484 ) (-544 -929.280029 -484 ) 
4 292 295 (-544 -1024 -484 ) (-1024 -1024 -484 ) (-1024 -929.280029 -484 ) (-544 -929.280029 -484 ) 
4 293 301 (-1024 0 -484 ) (-1024 0 -741.760010 ) (-1024 -929.280029 -741.760010 ) (-1024 -929.280029 -484 ) 
4 293 295 (0 -929.280029 -741.760010 ) (0 -929.280029 -484 ) (-1024 -929.280029 -484 ) (-1024 -929.280029 -741.760010 ) 
4 293 294 (0 -929.280029 -741.760010 ) (-1024 -929.280029 -741.760010 ) (-1024 0 -741.760010 ) (0 0 -741.760010 ) 
4 294 302 (-1024 0 -741.760010 ) (-1024 0 -768 ) (-1024 -929.280029 -768 ) (-1024 -929.280029 -741.760010 ) 
4 294 295 (-1024 -929.280029 -768 ) (0 -929.280029 -768 ) (0 -929.280029 -741.760010 ) (-1024 -929.280029 -741.760010 ) 
4 295 311 (0 -1024 -768 ) (0 -1024 -484 ) (-1024 -1024 -484 ) (-1024 -1024 -768 ) 
4 295 303 (-1024 -929.280029 -768 ) (-1024 -1024 -768 ) (-1024 -1024 -484 ) (-1024 -929.280029 -484 ) 
4 296 318 (-2048 0 768 ) (-2048 0 -444 ) (-2048 -1024 -444 ) (-2048 -1024 768 ) 
4 296 312 (-1024 -1024 -444 ) (-1024 -1024 768 ) (-2048 -1024 768 ) (-2048 -1024 -444 ) 
4 296 299 (-1920 -1024 -444 ) (-2048 -1024 -444 ) (-2048 -896 -444 ) (-1920 -896 -444 ) 
4 296 297 (-1760 0 -444 ) (-1024 0 -444 ) (-1024 -896 -444 ) (-1760 -896 -444 ) 
4 296 298 (-2048 -896 -444 ) (-2048 0 -444 ) (-1920 0 -444 ) (-1920 -896 -444 ) 
4 297 300 (-1760 0 -480 ) (-1024 0 -480 ) (-1024 -896 -480 ) (-1760 -896 -480 ) 
4 298 318 (-2048 0 -444 ) (-2048 0 -480 ) (-2048 -896 -480 ) (-2048 -896 -444 ) 
4 298 299 (-2048 -896 -480 ) (-1920 -896 -480 ) (-1920 -896 -444 ) (-2048 -896 -444 ) 
4 298 300 (-2048 0 -480 ) (-1920 0 -480 ) (-1920 -896 -480 ) (-2048 -896 -480 ) 
4 299 318 (-2048 -896 -480 ) (-2048 -1024 -480 ) (-2048 -1024 -444 ) (-2048 -896 -444 ) 
4 299 313 (-1920 -1024 -444 ) (-2048 -1024 -444 ) (-2048 -1024 -480 ) (-1920 -1024 -480 ) 
4 299 300 (-1920 -1024 -480 ) (-2048 -1024 -480 ) (-2048 -896 -480 ) (-1920 -896 -480 ) 
4 300 318 (-2048 0 -480 ) (-2048 0 -484 ) (-2048 -1024 -484 ) (-2048 -1024 -480 ) 
4 300 317 (-1024 -1024 -484 ) (-1024 -1024 -480 ) (-2048 -1024 -480 ) (-2048 -1024 -484 ) 
4 300 301 (-1523.199951 0 -484 ) (-1024 0 -484 ) (-1024 -929.280029 -484 ) (-1523.199951 -929.280029 -484 ) 
4 300 303 (-1024 -929.280029 -484 ) (-1024 -1024 -484 ) (-1523.199951 -1024 -484 ) (-1523.199951 -929.280029 -484 ) 
4 300 304 (-2048 0 -484 ) (-1523.199951 0 -484 ) (-1523.199951 -1024 -484 ) (-2048 -1024 -484 ) 
4 301 303 (-1523.199951 -929.280029 -484 ) (-1523.199951 -929.280029 -741.760010 ) (-1024 -929.280029 -741.760010 ) (-1024 -929.280029 -484 ) 
4 301 304 (-1523.199951 -929.280029 -741.760010 ) (-1523.199951 -929.280029 -484 ) (-1523.199951 0 -484 ) (-1523.199951 0 -741.760010 ) 
4 301 302 (-1024 -929.280029 -741.760010 ) (-1523.199951 -929.280029 -741.760010 ) (-1523.199951 0 -741.760010 ) (-1024 0 -741.760010 ) 
4 302 303 (-1523.199951 -929.280029 -741.760010 ) (-1523.199951 -929.280029 -768 ) (-1024 -929.280029 -768 ) (-1024 -929.280029 -741.760010 ) 
4 302 304 (-1523.199951 0 -768 ) (-1523.199951 -929.280029 -768 ) (-1523.199951 -929.280029 -741.760010 ) (-1523.199951 0 -741.760010 ) 
4 303 317 (-1024 -1024 -768 ) (-1024 -1024 -484 ) (-1523.199951 -1024 -484 ) (-1523.199951 -1024 -768 ) 
4 303 304 (-1523.199951 -929.280029 -768 ) (-1523.199951 -1024 -768 ) (-1523.199951 -1024 -484 ) (-1523.199951 -929.280029 -484 ) 
4 304 318 (-2048 0 -484 ) (-2048 0 -768 ) (-2048 -1024 -768 ) (-2048 -1024 -484 ) 
4 304 317 (-1523.199951 -1024 -484 ) (-2048 -1024 -484 ) (-2048 -1024 -768 ) (-1523.199951 -1024 -768 ) 
4 305 312 (-1024 -1024 768 ) (-1024 -1024 -444 ) (-1024 -1612.800171 -444 ) (-1024 -1612.800171 768 ) 
4 305 310 (-1024 -1612.800171 -444 ) (-1024 -1504 -444 ) (-768 -1504 -444 ) (-768 -1612.800171 -444 ) 
4 305 309 (-1024 -1184 -444 ) (-1024 -1056 -444 ) (-768 -1056 -444 ) (-768 -1184 -444 ) 
4 305 308 (0 -1440 -444 ) (0 -1612.800171 -444 ) (-768 -1612.800171 -444 ) (-768 -1440 -444 ) 
4 305 307 (-768 -1056 -444 ) (0 -1056 -444 ) (0 -1280 -444 ) (-768 -1280 -444 ) 
4 305 306 (-544 -1024 -444 ) (0 -1024 -444 ) (0 -1056 -444 ) (-544 -1056 -444 ) 
4 306 311 (-544 -1024 -480 ) (0 -1024 -480 ) (0 -1056 -480 ) (-544 -1056 -480 ) 
4 306 307 (-544 -1056 -480 ) (0 -1056 -480 ) (0 -1056 -444 ) (-544 -1056 -444 ) 
4 307 311 (-768 -1280 -480 ) (-768 -1056 -480 ) (0 -1056 -480 ) (0 -1280 -480 ) 
4 307 309 (-768 -1056 -444 ) (-768 -1056 -480 ) (-768 -1184 -480 ) (-768 -1184 -444 ) 
4 308 311 (-768 -1612.800171 -480 ) (-768 -1440 -480 ) (0 -1440 -480 ) (0 -1612.800171 -480 ) 
4 308 310 (-768 -1504 -480 ) (-768 -1612.800171 -480 ) (-768 -1612.800171 -444 ) (-768 -1504 -444 ) 
4 309 314 (-1024 -1056 -480 ) (-1024 -1184 -480 ) (-1024 -1184 -444 ) (-1024 -1056 -444 ) 
4 309 311 (-1024 -1184 -480 ) (-1024 -1056 -480 ) (-768 -1056 -480 ) (-768 -1184 -480 ) 
4 310 315 (-1024 -1504 -480 ) (-1024 -1612.800171 -480 ) (-1024 -1612.800171 -444 ) (-1024 -1504 -444 ) 
4 310 311 (-1024 -1612.800171 -480 ) (-1024 -1504 -480 ) (-768 -1504 -480 ) (-768 -1612.800171 -480 ) 
4 311 317 (-1024 -1024 -480 ) (-1024 -1024 -768 ) (-1024 -1612.800171 -768 ) (-1024 -1612.800171 -480 ) 
4 312 319 (-2048 -1612.800171 768 ) (-2048 -1024 768 ) (-2048 -1024 -444 ) (-2048 -1612.800171 -444 ) 
4 312 314 (-1088 -1056 -444 ) (-1024 -1056 -444 ) (-1024 -1184 -444 ) (-1088 -1184 -444 ) 
4 312 315 (-1024 -1504 -444 ) (-1024 -1612.800171 -444 ) (-1088 -1612.800171 -444 ) (-1088 -1504 -444 ) 
4 312 316 (-2048 -1612.800171 -444 ) (-2048 -1056 -444 ) (-1088 -1056 -444 ) (-1088 -1612.800171 -444 ) 
4 312 313 (-2048 -1056 -444 ) (-2048 -1024 -444 ) (-1920 -1024 -444 ) (-1920 -1056 -444 ) 
4 313 319 (-2048 -1056 -444 ) (-2048 -1024 -444 ) (-2048 -1024 -480 ) (-2048 -1056 -480 ) 
4 313 317 (-1920 -1056 -480 ) (-2048 -1056 -480 ) (-2048 -1024 -480 ) (-1920 -1024 -480 ) 
4 313 316 (-2048 -1056 -480 ) (-1920 -1056 -480 ) (-1920 -1056 -444 ) (-2048 -1056 -444 ) 
4 314 317 (-1024 -1056 -480 ) (-1024 -1184 -480 ) (-1088 -1184 -480 ) (-1088 -1056 -480 ) 
4 314 316 (-1088 -1056 -444 ) (-1088 -1056 -480 ) (-1088 -1184 -480 ) (-1088 -1184 -444 ) 
4 315 317 (-1024 -1504 -480 ) (-1024 -1612.800171 -480 ) (-1088 -1612.800171 -480 ) (-1088 -1504 -480 ) 
4 315 316 (-1088 -1504 -480 ) (-1088 -1612.800171 -480 ) (-1088 -1612.800171 -444 ) (-1088 -1504 -444 ) 
4 316 319 (-2048 -1612.800171 -444 ) (-2048 -1056 -444 ) (-2048 -1056 -480 ) (-2048 -1612.800171 -480 ) 
4 316 317 (-1088 -1612.800171 -480 ) (-2048 -1612.800171 -480 ) (-2048 -1056 -480 ) (-1088 -1056 -480 ) 
4 317 319 (-2048 -1612.800171 -480 ) (-2048 -1024 -480 ) (-2048 -1024 -768 ) (-2048 -1612.800171 -768 ) 
4 318 319 (-2048 -1024 -768 ) (-2048 -1024 768 ) (-2150.399902 -1024 768 ) (-2150.399902 -1024 -768 ) 
