PRT1
280
875
4 0 6 (6393.600586 2048 3296 ) (6144 2048 3296 ) (6144 2048 -416 ) (6393.600586 2048 -416 ) 
4 0 3 (6144 2048 -416 ) (6144 2048 3296 ) (6144 2105.600098 3296 ) (6144 2105.600098 -416 ) 
4 0 1 (6393.600586 2048 -416 ) (6144 2048 -416 ) (6144 2105.600098 -416 ) (6393.600586 2105.600098 -416 ) 
4 1 7 (6393.600586 2048 -416 ) (6144 2048 -416 ) (6144 2048 -736 ) (6393.600586 2048 -736 ) 
4 1 4 (6144 2048 -736 ) (6144 2048 -416 ) (6144 2105.600098 -416 ) (6144 2105.600098 -736 ) 
4 1 2 (6144 2105.600098 -736 ) (6393.600586 2105.600098 -736 ) (6393.600586 2048 -736 ) (6144 2048 -736 ) 
4 2 8 (6144 2048 -736 ) (6144 2048 -800 ) (6393.600586 2048 -800 ) (6393.600586 2048 -736 ) 
4 2 5 (6144 2048 -800 ) (6144 2048 -736 ) (6144 2105.600098 -736 ) (6144 2105.600098 -800 ) 
4 3 18 (5120 2048 -416 ) (5120 2048 3296 ) (5120 2105.600098 3296 ) (5120 2105.600098 -416 ) 
4 3 9 (6144 2048 -416 ) (6144 2048 3296 ) (5120 2048 3296 ) (5120 2048 -416 ) 
4 3 4 (6144 2105.600098 -416 ) (6144 2048 -416 ) (5120 2048 -416 ) (5120 2105.600098 -416 ) 
4 4 19 (5120 2048 -736 ) (5120 2048 -416 ) (5120 2105.600098 -416 ) (5120 2105.600098 -736 ) 
4 4 10 (6144 2048 -736 ) (6144 2048 -416 ) (5120 2048 -416 ) (5120 2048 -736 ) 
4 4 5 (6144 2048 -736 ) (5120 2048 -736 ) (5120 2105.600098 -736 ) (6144 2105.600098 -736 ) 
4 5 20 (5120 2048 -800 ) (5120 2048 -736 ) (5120 2105.600098 -736 ) (5120 2105.600098 -800 ) 
4 5 11 (6144 2048 -800 ) (6144 2048 -736 ) (5120 2048 -736 ) (5120 2048 -800 ) 
4 6 12 (6393.600586 1024 3296 ) (6144 1024 3296 ) (6144 1024 -416 ) (6393.600586 1024 -416 ) 
4 6 9 (6144 2048 3296 ) (6144 2048 -416 ) (6144 1024 -416 ) (6144 1024 3296 ) 
4 6 7 (6393.600586 1024 -416 ) (6144 1024 -416 ) (6144 2048 -416 ) (6393.600586 2048 -416 ) 
4 7 13 (6393.600586 1024 -416 ) (6144 1024 -416 ) (6144 1024 -736 ) (6393.600586 1024 -736 ) 
4 7 10 (6144 2048 -416 ) (6144 2048 -736 ) (6144 1024 -736 ) (6144 1024 -416 ) 
4 7 8 (6144 1024 -736 ) (6144 2048 -736 ) (6393.600586 2048 -736 ) (6393.600586 1024 -736 ) 
4 8 14 (6144 1024 -736 ) (6144 1024 -800 ) (6393.600586 1024 -800 ) (6393.600586 1024 -736 ) 
4 8 11 (6144 2048 -736 ) (6144 2048 -800 ) (6144 1024 -800 ) (6144 1024 -736 ) 
4 9 27 (5120 1024 -416 ) (5120 1024 3296 ) (5120 2048 3296 ) (5120 2048 -416 ) 
4 9 15 (6144 1024 -416 ) (6144 1024 3296 ) (5120 1024 3296 ) (5120 1024 -416 ) 
4 9 10 (6144 2048 -416 ) (6144 1024 -416 ) (5120 1024 -416 ) (5120 2048 -416 ) 
4 10 28 (5120 1024 -736 ) (5120 1024 -416 ) (5120 2048 -416 ) (5120 2048 -736 ) 
4 10 16 (6144 1024 -736 ) (6144 1024 -416 ) (5120 1024 -416 ) (5120 1024 -736 ) 
4 10 11 (6144 1024 -736 ) (5120 1024 -736 ) (5120 2048 -736 ) (6144 2048 -736 ) 
4 11 29 (5120 1024 -800 ) (5120 1024 -736 ) (5120 2048 -736 ) (5120 2048 -800 ) 
4 11 17 (6144 1024 -800 ) (6144 1024 -736 ) (5120 1024 -736 ) (5120 1024 -800 ) 
4 12 47 (6393.600586 0 3296 ) (6144 0 3296 ) (6144 0 -416 ) (6393.600586 0 -416 ) 
4 12 15 (6144 1024 3296 ) (6144 1024 -416 ) (6144 0 -416 ) (6144 0 3296 ) 
4 12 13 (6393.600586 0 -416 ) (6144 0 -416 ) (6144 1024 -416 ) (6393.600586 1024 -416 ) 
4 13 48 (6393.600586 0 -416 ) (6144 0 -416 ) (6144 0 -736 ) (6393.600586 0 -736 ) 
4 13 16 (6144 1024 -416 ) (6144 1024 -736 ) (6144 0 -736 ) (6144 0 -416 ) 
4 13 14 (6144 0 -736 ) (6144 1024 -736 ) (6393.600586 1024 -736 ) (6393.600586 0 -736 ) 
4 14 49 (6144 0 -736 ) (6144 0 -800 ) (6393.600586 0 -800 ) (6393.600586 0 -736 ) 
4 14 17 (6144 1024 -736 ) (6144 1024 -800 ) (6144 0 -800 ) (6144 0 -736 ) 
4 15 50 (6144 0 -416 ) (6144 0 3296 ) (5120 0 3296 ) (5120 0 -416 ) 
4 15 30 (5120 0 -416 ) (5120 0 3296 ) (5120 1024 3296 ) (5120 1024 -416 ) 
4 15 16 (6144 1024 -416 ) (6144 0 -416 ) (5120 0 -416 ) (5120 1024 -416 ) 
4 16 51 (6144 0 -736 ) (6144 0 -416 ) (5120 0 -416 ) (5120 0 -736 ) 
4 16 31 (5120 0 -736 ) (5120 0 -416 ) (5120 1024 -416 ) (5120 1024 -736 ) 
4 16 17 (6144 0 -736 ) (5120 0 -736 ) (5120 1024 -736 ) (6144 1024 -736 ) 
4 17 52 (6144 0 -800 ) (6144 0 -736 ) (5120 0 -736 ) (5120 0 -800 ) 
4 17 32 (5120 0 -800 ) (5120 0 -736 ) (5120 1024 -736 ) (5120 1024 -800 ) 
4 18 27 (5120 2048 -416 ) (5120 2048 3296 ) (4096 2048 3296 ) (4096 2048 -416 ) 
4 18 21 (4096 2048 -416 ) (4096 2048 3296 ) (4096 2105.600098 3296 ) (4096 2105.600098 -416 ) 
4 18 19 (4096 2048 -416 ) (4096 2105.600098 -416 ) (5120 2105.600098 -416 ) (5120 2048 -416 ) 
4 19 28 (5120 2048 -736 ) (5120 2048 -416 ) (4096 2048 -416 ) (4096 2048 -736 ) 
4 19 22 (4096 2048 -736 ) (4096 2048 -416 ) (4096 2105.600098 -416 ) (4096 2105.600098 -736 ) 
4 19 20 (5120 2048 -736 ) (4096 2048 -736 ) (4096 2105.600098 -736 ) (5120 2105.600098 -736 ) 
4 20 29 (5120 2048 -800 ) (5120 2048 -736 ) (4096 2048 -736 ) (4096 2048 -800 ) 
4 20 23 (4096 2048 -800 ) (4096 2048 -736 ) (4096 2105.600098 -736 ) (4096 2105.600098 -800 ) 
4 21 33 (4096 2048 -416 ) (4096 2048 3296 ) (3072 2048 3296 ) (3072 2048 -416 ) 
4 21 24 (3072 2048 -416 ) (3072 2048 3296 ) (3072 2105.600098 3296 ) (3072 2105.600098 -416 ) 
4 21 22 (4096 2105.600098 -416 ) (4096 2048 -416 ) (3072 2048 -416 ) (3072 2105.600098 -416 ) 
4 22 34 (4096 2048 -736 ) (4096 2048 -416 ) (3072 2048 -416 ) (3072 2048 -736 ) 
4 22 25 (3072 2048 -736 ) (3072 2048 -416 ) (3072 2105.600098 -416 ) (3072 2105.600098 -736 ) 
4 22 23 (4096 2048 -736 ) (3072 2048 -736 ) (3072 2105.600098 -736 ) (4096 2105.600098 -736 ) 
4 23 35 (4096 2048 -800 ) (4096 2048 -736 ) (3072 2048 -736 ) (3072 2048 -800 ) 
4 23 26 (3072 2048 -800 ) (3072 2048 -736 ) (3072 2105.600098 -736 ) (3072 2105.600098 -800 ) 
4 24 37 (3072 2048 -416 ) (3072 2048 768 ) (2297.600098 2048 768 ) (2297.600098 2048 -416 ) 
4 24 36 (3072 2048 768 ) (3072 2048 3296 ) (2297.600098 2048 3296 ) (2297.600098 2048 768 ) 
4 24 25 (3072 2105.600098 -416 ) (3072 2048 -416 ) (2297.600098 2048 -416 ) (2297.600098 2105.600098 -416 ) 
4 25 38 (3072 2048 -736 ) (3072 2048 -416 ) (2297.600098 2048 -416 ) (2297.600098 2048 -736 ) 
4 25 26 (2297.600098 2048 -736 ) (2297.600098 2105.600098 -736 ) (3072 2105.600098 -736 ) (3072 2048 -736 ) 
4 26 39 (3072 2048 -800 ) (3072 2048 -736 ) (2297.600098 2048 -736 ) (2297.600098 2048 -800 ) 
4 27 33 (4096 2048 3296 ) (4096 2048 -416 ) (4096 1024 -416 ) (4096 1024 3296 ) 
4 27 30 (5120 1024 -416 ) (5120 1024 3296 ) (4096 1024 3296 ) (4096 1024 -416 ) 
4 27 28 (4096 1024 -416 ) (4096 2048 -416 ) (5120 2048 -416 ) (5120 1024 -416 ) 
4 28 34 (4096 2048 -416 ) (4096 2048 -736 ) (4096 1024 -736 ) (4096 1024 -416 ) 
4 28 31 (5120 1024 -736 ) (5120 1024 -416 ) (4096 1024 -416 ) (4096 1024 -736 ) 
4 28 29 (5120 1024 -736 ) (4096 1024 -736 ) (4096 2048 -736 ) (5120 2048 -736 ) 
4 29 35 (4096 2048 -736 ) (4096 2048 -800 ) (4096 1024 -800 ) (4096 1024 -736 ) 
4 29 32 (5120 1024 -800 ) (5120 1024 -736 ) (4096 1024 -736 ) (4096 1024 -800 ) 
4 30 59 (5120 0 -416 ) (5120 0 3296 ) (4096 0 3296 ) (4096 0 -416 ) 
4 30 40 (4096 0 -416 ) (4096 0 3296 ) (4096 1024 3296 ) (4096 1024 -416 ) 
4 30 31 (5120 0 -416 ) (4096 0 -416 ) (4096 1024 -416 ) (5120 1024 -416 ) 
4 31 60 (5120 0 -736 ) (5120 0 -416 ) (4096 0 -416 ) (4096 0 -736 ) 
4 31 41 (4096 0 -736 ) (4096 0 -416 ) (4096 1024 -416 ) (4096 1024 -736 ) 
4 31 32 (5120 1024 -736 ) (5120 0 -736 ) (4096 0 -736 ) (4096 1024 -736 ) 
4 32 61 (5120 0 -800 ) (5120 0 -736 ) (4096 0 -736 ) (4096 0 -800 ) 
4 32 42 (4096 0 -800 ) (4096 0 -736 ) (4096 1024 -736 ) (4096 1024 -800 ) 
4 33 40 (4096 1024 -416 ) (4096 1024 3296 ) (3072 1024 3296 ) (3072 1024 -416 ) 
4 33 37 (3072 2048 768 ) (3072 2048 -416 ) (3072 1024 -416 ) (3072 1024 768 ) 
4 33 36 (3072 2048 3296 ) (3072 2048 768 ) (3072 1024 768 ) (3072 1024 3296 ) 
4 33 34 (4096 1024 -416 ) (3072 1024 -416 ) (3072 2048 -416 ) (4096 2048 -416 ) 
4 34 41 (4096 1024 -736 ) (4096 1024 -416 ) (3072 1024 -416 ) (3072 1024 -736 ) 
4 34 38 (3072 2048 -416 ) (3072 2048 -736 ) (3072 1024 -736 ) (3072 1024 -416 ) 
4 34 35 (3072 1024 -736 ) (3072 2048 -736 ) (4096 2048 -736 ) (4096 1024 -736 ) 
4 35 42 (4096 1024 -800 ) (4096 1024 -736 ) (3072 1024 -736 ) (3072 1024 -800 ) 
4 35 39 (3072 2048 -736 ) (3072 2048 -800 ) (3072 1024 -800 ) (3072 1024 -736 ) 
4 36 43 (3072 1024 768 ) (3072 1024 3296 ) (2297.600098 1024 3296 ) (2297.600098 1024 768 ) 
4 36 37 (3072 2048 768 ) (3072 1024 768 ) (2297.600098 1024 768 ) (2297.600098 2048 768 ) 
4 37 44 (3072 1024 -416 ) (3072 1024 768 ) (2297.600098 1024 768 ) (2297.600098 1024 -416 ) 
4 37 38 (3072 2048 -416 ) (3072 1024 -416 ) (2297.600098 1024 -416 ) (2297.600098 2048 -416 ) 
4 38 45 (3072 1024 -736 ) (3072 1024 -416 ) (2297.600098 1024 -416 ) (2297.600098 1024 -736 ) 
4 38 39 (3072 1024 -736 ) (2297.600098 1024 -736 ) (2297.600098 2048 -736 ) (3072 2048 -736 ) 
4 39 46 (3072 1024 -800 ) (3072 1024 -736 ) (2297.600098 1024 -736 ) (2297.600098 1024 -800 ) 
4 40 65 (4096 0 -416 ) (4096 0 3296 ) (3072 0 3296 ) (3072 0 -416 ) 
4 40 44 (3072 1024 768 ) (3072 1024 -416 ) (3072 0 -416 ) (3072 0 768 ) 
4 40 43 (3072 1024 3296 ) (3072 1024 768 ) (3072 0 768 ) (3072 0 3296 ) 
4 40 41 (3072 1024 -416 ) (4096 1024 -416 ) (4096 0 -416 ) (3072 0 -416 ) 
4 41 66 (4096 0 -736 ) (4096 0 -416 ) (3072 0 -416 ) (3072 0 -736 ) 
4 41 45 (3072 1024 -416 ) (3072 1024 -736 ) (3072 0 -736 ) (3072 0 -416 ) 
4 41 42 (4096 0 -736 ) (3072 0 -736 ) (3072 1024 -736 ) (4096 1024 -736 ) 
4 42 67 (4096 0 -800 ) (4096 0 -736 ) (3072 0 -736 ) (3072 0 -800 ) 
4 42 46 (3072 1024 -736 ) (3072 1024 -800 ) (3072 0 -800 ) (3072 0 -736 ) 
4 43 68 (3072 0 768 ) (3072 0 3296 ) (2297.600098 0 3296 ) (2297.600098 0 768 ) 
4 43 44 (3072 1024 768 ) (3072 0 768 ) (2297.600098 0 768 ) (2297.600098 1024 768 ) 
4 44 69 (3072 0 -416 ) (3072 0 768 ) (2297.600098 0 768 ) (2297.600098 0 -416 ) 
4 44 45 (3072 1024 -416 ) (3072 0 -416 ) (2297.600098 0 -416 ) (2297.600098 1024 -416 ) 
4 45 70 (3072 0 -736 ) (3072 0 -416 ) (2297.600098 0 -416 ) (2297.600098 0 -736 ) 
4 45 46 (3072 0 -736 ) (2297.600098 0 -736 ) (2297.600098 1024 -736 ) (3072 1024 -736 ) 
4 46 71 (3072 0 -800 ) (3072 0 -736 ) (2297.600098 0 -736 ) (2297.600098 0 -800 ) 
4 47 53 (6393.600586 -1024 3296 ) (6144 -1024 3296 ) (6144 -1024 -416 ) (6393.600586 -1024 -416 ) 
4 47 50 (6144 0 3296 ) (6144 0 -416 ) (6144 -1024 -416 ) (6144 -1024 3296 ) 
4 47 48 (6393.600586 -1024 -416 ) (6144 -1024 -416 ) (6144 0 -416 ) (6393.600586 0 -416 ) 
4 48 54 (6393.600586 -1024 -416 ) (6144 -1024 -416 ) (6144 -1024 -736 ) (6393.600586 -1024 -736 ) 
4 48 51 (6144 0 -416 ) (6144 0 -736 ) (6144 -1024 -736 ) (6144 -1024 -416 ) 
4 48 49 (6144 -1024 -736 ) (6144 0 -736 ) (6393.600586 0 -736 ) (6393.600586 -1024 -736 ) 
4 49 55 (6144 -1024 -736 ) (6144 -1024 -800 ) (6393.600586 -1024 -800 ) (6393.600586 -1024 -736 ) 
4 49 52 (6144 0 -736 ) (6144 0 -800 ) (6144 -1024 -800 ) (6144 -1024 -736 ) 
4 50 59 (5120 0 3296 ) (5120 0 -416 ) (5120 -1024 -416 ) (5120 -1024 3296 ) 
4 50 56 (6144 -1024 -416 ) (6144 -1024 3296 ) (5120 -1024 3296 ) (5120 -1024 -416 ) 
4 50 51 (5120 0 -416 ) (6144 0 -416 ) (6144 -1024 -416 ) (5120 -1024 -416 ) 
4 51 60 (5120 0 -416 ) (5120 0 -736 ) (5120 -1024 -736 ) (5120 -1024 -416 ) 
4 51 57 (6144 -1024 -736 ) (6144 -1024 -416 ) (5120 -1024 -416 ) (5120 -1024 -736 ) 
4 51 52 (6144 -1024 -736 ) (5120 -1024 -736 ) (5120 0 -736 ) (6144 0 -736 ) 
4 52 61 (5120 0 -736 ) (5120 0 -800 ) (5120 -1024 -800 ) (5120 -1024 -736 ) 
4 52 58 (6144 -1024 -800 ) (6144 -1024 -736 ) (5120 -1024 -736 ) (5120 -1024 -800 ) 
4 53 56 (6144 -1024 3296 ) (6144 -1024 -416 ) (6144 -1990.400146 -416 ) (6144 -1990.400146 3296 ) 
4 53 54 (6144 -1990.400146 -416 ) (6144 -1024 -416 ) (6393.600586 -1024 -416 ) (6393.600586 -1990.400146 -416 ) 
4 54 57 (6144 -1024 -416 ) (6144 -1024 -736 ) (6144 -1990.400146 -736 ) (6144 -1990.400146 -416 ) 
4 54 55 (6393.600586 -1990.400146 -736 ) (6144 -1990.400146 -736 ) (6144 -1024 -736 ) (6393.600586 -1024 -736 ) 
4 55 58 (6144 -1024 -736 ) (6144 -1024 -800 ) (6144 -1990.400146 -800 ) (6144 -1990.400146 -736 ) 
4 56 62 (5120 -1990.400146 3296 ) (5120 -1024 3296 ) (5120 -1024 -416 ) (5120 -1990.400146 -416 ) 
4 56 57 (6144 -1024 -416 ) (6144 -1990.400146 -416 ) (5120 -1990.400146 -416 ) (5120 -1024 -416 ) 
4 57 63 (5120 -1990.400146 -416 ) (5120 -1024 -416 ) (5120 -1024 -736 ) (5120 -1990.400146 -736 ) 
4 57 58 (6144 -1990.400146 -736 ) (5120 -1990.400146 -736 ) (5120 -1024 -736 ) (6144 -1024 -736 ) 
4 58 64 (5120 -1024 -736 ) (5120 -1024 -800 ) (5120 -1990.400146 -800 ) (5120 -1990.400146 -736 ) 
4 59 65 (4096 0 3296 ) (4096 0 -416 ) (4096 -1024 -416 ) (4096 -1024 3296 ) 
4 59 62 (5120 -1024 -416 ) (5120 -1024 3296 ) (4096 -1024 3296 ) (4096 -1024 -416 ) 
4 59 60 (4096 -1024 -416 ) (4096 0 -416 ) (5120 0 -416 ) (5120 -1024 -416 ) 
4 60 66 (4096 0 -416 ) (4096 0 -736 ) (4096 -1024 -736 ) (4096 -1024 -416 ) 
4 60 63 (5120 -1024 -736 ) (5120 -1024 -416 ) (4096 -1024 -416 ) (4096 -1024 -736 ) 
4 60 61 (5120 -1024 -736 ) (4096 -1024 -736 ) (4096 0 -736 ) (5120 0 -736 ) 
4 61 67 (4096 0 -736 ) (4096 0 -800 ) (4096 -1024 -800 ) (4096 -1024 -736 ) 
4 61 64 (5120 -1024 -800 ) (5120 -1024 -736 ) (4096 -1024 -736 ) (4096 -1024 -800 ) 
4 62 72 (4096 -1990.400146 3296 ) (4096 -1024 3296 ) (4096 -1024 -416 ) (4096 -1990.400146 -416 ) 
4 62 63 (4096 -1990.400146 -416 ) (4096 -1024 -416 ) (5120 -1024 -416 ) (5120 -1990.400146 -416 ) 
4 63 73 (4096 -1990.400146 -416 ) (4096 -1024 -416 ) (4096 -1024 -736 ) (4096 -1990.400146 -736 ) 
4 63 64 (5120 -1990.400146 -736 ) (4096 -1990.400146 -736 ) (4096 -1024 -736 ) (5120 -1024 -736 ) 
4 64 74 (4096 -1024 -736 ) (4096 -1024 -800 ) (4096 -1990.400146 -800 ) (4096 -1990.400146 -736 ) 
4 65 72 (4096 -1024 -416 ) (4096 -1024 3296 ) (3072 -1024 3296 ) (3072 -1024 -416 ) 
4 65 69 (3072 0 768 ) (3072 0 -416 ) (3072 -1024 -416 ) (3072 -1024 768 ) 
4 65 68 (3072 0 3296 ) (3072 0 768 ) (3072 -1024 768 ) (3072 -1024 3296 ) 
4 65 66 (4096 -1024 -416 ) (3072 -1024 -416 ) (3072 0 -416 ) (4096 0 -416 ) 
4 66 73 (4096 -1024 -736 ) (4096 -1024 -416 ) (3072 -1024 -416 ) (3072 -1024 -736 ) 
4 66 70 (3072 0 -416 ) (3072 0 -736 ) (3072 -1024 -736 ) (3072 -1024 -416 ) 
4 66 67 (3072 -1024 -736 ) (3072 0 -736 ) (4096 0 -736 ) (4096 -1024 -736 ) 
4 67 74 (4096 -1024 -800 ) (4096 -1024 -736 ) (3072 -1024 -736 ) (3072 -1024 -800 ) 
4 67 71 (3072 0 -736 ) (3072 0 -800 ) (3072 -1024 -800 ) (3072 -1024 -736 ) 
4 68 75 (3072 -1024 768 ) (3072 -1024 3296 ) (2297.600098 -1024 3296 ) (2297.600098 -1024 768 ) 
4 68 69 (3072 0 768 ) (3072 -1024 768 ) (2297.600098 -1024 768 ) (2297.600098 0 768 ) 
4 69 75 (3072 -1024 -416 ) (3072 -1024 768 ) (2297.600098 -1024 768 ) (2297.600098 -1024 -416 ) 
4 69 70 (3072 0 -416 ) (3072 -1024 -416 ) (2297.600098 -1024 -416 ) (2297.600098 0 -416 ) 
4 70 76 (3072 -1024 -736 ) (3072 -1024 -416 ) (2297.600098 -1024 -416 ) (2297.600098 -1024 -736 ) 
4 70 71 (3072 -1024 -736 ) (2297.600098 -1024 -736 ) (2297.600098 0 -736 ) (3072 0 -736 ) 
4 71 77 (3072 -1024 -800 ) (3072 -1024 -736 ) (2297.600098 -1024 -736 ) (2297.600098 -1024 -800 ) 
4 72 75 (3072 -1024 3296 ) (3072 -1024 -416 ) (3072 -1990.400146 -416 ) (3072 -1990.400146 3296 ) 
4 72 73 (3072 -1024 -416 ) (4096 -1024 -416 ) (4096 -1990.400146 -416 ) (3072 -1990.400146 -416 ) 
4 73 76 (3072 -1024 -416 ) (3072 -1024 -736 ) (3072 -1990.400146 -736 ) (3072 -1990.400146 -416 ) 
4 73 74 (4096 -1990.400146 -736 ) (3072 -1990.400146 -736 ) (3072 -1024 -736 ) (4096 -1024 -736 ) 
4 74 77 (3072 -1024 -736 ) (3072 -1024 -800 ) (3072 -1990.400146 -800 ) (3072 -1990.400146 -736 ) 
4 75 76 (3072 -1024 -416 ) (3072 -1990.400146 -416 ) (2297.600098 -1990.400146 -416 ) (2297.600098 -1024 -416 ) 
4 76 77 (3072 -1990.400146 -736 ) (2297.600098 -1990.400146 -736 ) (2297.600098 -1024 -736 ) (3072 -1024 -736 ) 
4 78 110 (1512 1024 -102.929443 ) (1504 1024 -102.929443 ) (1504 1024 -220 ) (1512 1024 -220 ) 
4 78 108 (2048 1024 -220 ) (2048 1024 -102.929436 ) (1512 1024 -102.929443 ) (1512 1024 -220 ) 
4 78 94 (2048 1024 -220 ) (1504 1024 -220 ) (1504 1056 -220 ) (2048 1056 -220 ) 
4 78 88 (1504 1056 -220 ) (1504 1120.232056 -220 ) (1512 1120.232056 -220 ) (1512 1056 -220 ) 
4 78 87 (1512 1120.232056 -220 ) (2048 1120.231934 -220 ) (2048 1056 -220 ) (1512 1056 -220 ) 
4 78 81 (2048 1120.234375 -220 ) (1512 1120.234375 -220 ) (1512 1024 -102.926506 ) (2048 1024 -102.926514 ) 
4 79 111 (1496 1024 -102.929443 ) (1296 1024 -102.929443 ) (1296 1024 -220 ) (1496 1024 -220 ) 
4 79 95 (1496 1024 -220 ) (1296 1024 -220 ) (1296 1056 -220 ) (1496 1056 -220 ) 
4 79 90 (1296 1056 -220 ) (1296 1116 -220 ) (1496 1116 -220 ) (1496 1056 -220 ) 
3 80 146 (1024 1024 -220 ) (1024 1024 -102.929436 ) (1024 1120.231934 -220 ) 
4 80 112 (1288 1024 -102.929443 ) (1280 1024 -102.929443 ) (1280 1024 -220 ) (1288 1024 -220 ) 
4 80 113 (1280 1024 -102.929443 ) (1024 1024 -102.929443 ) (1024 1024 -220 ) (1280 1024 -220 ) 
4 80 99 (1288 1024 -220 ) (1024 1024 -220 ) (1024 1056 -220 ) (1288 1056 -220 ) 
4 80 91 (1280 1120.232056 -220 ) (1288 1120.232056 -220 ) (1288 1056 -220 ) (1280 1056 -220 ) 
4 80 93 (1024 1056 -220 ) (1024 1120.232056 -220 ) (1280 1120.232056 -220 ) (1280 1056 -220 ) 
4 80 83 (1280 1120.234375 -220 ) (1024 1120.234375 -220 ) (1024 1024 -102.926491 ) (1280 1024 -102.926498 ) 
4 81 114 (2048 1024 -102.929436 ) (2048 1024 -64 ) (1512 1024 -64 ) (1512 1024 -102.929443 ) 
4 81 107 (2048 1024 -64 ) (2048 1024 768 ) (1512 1024 768 ) (1512 1024 -64 ) 
4 81 87 (2048 1124 -220 ) (2048 1120.231934 -220 ) (1512 1120.232056 -220 ) (1512 1124 -220 ) 
4 81 84 (1512 1536 -220 ) (2048 1536 -220 ) (2048 1124 -220 ) (1512 1124 -220 ) 
5 81 82 (1512 1536 768 ) (1512 1536 -220 ) (1512 1128.711914 -220 ) (1512 1024 -92.613182 ) (1512 1024 768 ) 
4 82 115 (1280 1024 -64 ) (1280 1024 -92.613159 ) (1512 1024 -92.613205 ) (1512 1024 -64 ) 
4 82 107 (1512 1024 768 ) (1280 1024 768 ) (1280 1024 -64 ) (1512 1024 -64 ) 
4 82 85 (1280 1536 -220 ) (1512 1536 -220 ) (1512 1128.712036 -220 ) (1280 1128.712036 -220 ) 
5 82 83 (1280 1536 768 ) (1280 1536 -220 ) (1280 1128.711914 -220 ) (1280 1024 -92.613182 ) (1280 1024 768 ) 
5 83 146 (1024 1024 -102.929436 ) (1024 1024 768 ) (1024 1280 768 ) (1024 1280 -220 ) (1024 1120.231934 -220 ) 
4 83 144 (1024 1280 768 ) (1024 1440 768 ) (1024 1440 -220 ) (1024 1280 -220 ) 
4 83 143 (1024 1440 768 ) (1024 1536 768 ) (1024 1536 -220 ) (1024 1440 -220 ) 
4 83 116 (1024 1024 -64 ) (1024 1024 -102.929443 ) (1280 1024 -102.929443 ) (1280 1024 -64 ) 
4 83 107 (1280 1024 768 ) (1024 1024 768 ) (1024 1024 -64 ) (1280 1024 -64 ) 
4 83 93 (1024 1120.232056 -220 ) (1024 1536 -220 ) (1280 1536 -220 ) (1280 1120.232056 -220 ) 
4 84 104 (1512 1280 -376 ) (1512 1440 -376 ) (1792 1440 -376 ) (1792 1280 -376 ) 
4 84 106 (1792 1124 -376 ) (1512 1124 -376 ) (1512 1280 -376 ) (1792 1280 -376 ) 
4 84 102 (1952 1124 -376 ) (1792 1124 -376 ) (1792 1440 -376 ) (1952 1440 -376 ) 
4 84 101 (2048 1440 -376 ) (2048 1124 -376 ) (1952 1124 -376 ) (1952 1440 -376 ) 
4 84 100 (1512 1536 -376 ) (2048 1536 -376 ) (2048 1440 -376 ) (1512 1440 -376 ) 
4 84 87 (1512 1124 -376 ) (2048 1124 -376 ) (2048 1124 -220 ) (1512 1124 -220 ) 
4 84 85 (1512 1536 -220 ) (1512 1536 -224 ) (1512 1132 -224 ) (1512 1128.711914 -220 ) 
4 84 86 (1512 1536 -224 ) (1512 1536 -376 ) (1512 1124 -376 ) (1512 1124 -224 ) 
4 85 86 (1512 1536 -224 ) (1512 1132 -224 ) (1280 1132 -224 ) (1280 1536 -224 ) 
4 85 93 (1280 1536 -220 ) (1280 1536 -224 ) (1280 1132 -224 ) (1280 1128.711914 -220 ) 
4 86 104 (1512 1440 -376 ) (1512 1280 -376 ) (1280 1280 -376 ) (1280 1440 -376 ) 
4 86 106 (1512 1280 -376 ) (1512 1124 -376 ) (1280 1124 -376 ) (1280 1280 -376 ) 
4 86 100 (1280 1536 -376 ) (1512 1536 -376 ) (1512 1440 -376 ) (1280 1440 -376 ) 
4 86 92 (1280 1124 -224 ) (1280 1124 -376 ) (1288 1124 -376 ) (1288 1124 -224 ) 
4 86 89 (1504 1124 -376 ) (1512 1124 -376 ) (1512 1124 -224 ) (1504 1124 -224 ) 
4 86 93 (1280 1536 -224 ) (1280 1536 -376 ) (1280 1124 -376 ) (1280 1124 -224 ) 
4 87 106 (1792 1056 -376 ) (1512 1056 -376 ) (1512 1124 -376 ) (1792 1124 -376 ) 
4 87 102 (1952 1056 -376 ) (1792 1056 -376 ) (1792 1124 -376 ) (1952 1124 -376 ) 
4 87 101 (2048 1124 -376 ) (2048 1056 -376 ) (1952 1056 -376 ) (1952 1124 -376 ) 
4 87 94 (1512 1056 -376 ) (2048 1056 -376 ) (2048 1056 -220 ) (1512 1056 -220 ) 
4 87 89 (1512 1124 -224 ) (1512 1124 -376 ) (1512 1056 -376 ) (1512 1056 -224 ) 
4 87 88 (1512 1123.520020 -224 ) (1512 1056 -224 ) (1512 1056 -220 ) (1512 1120.231934 -220 ) 
4 88 94 (1512 1056 -224 ) (1512 1056 -220 ) (1504 1056 -220 ) (1504 1056 -224 ) 
4 88 89 (1512 1123.520020 -224 ) (1512 1056 -224 ) (1504 1056 -224 ) (1504 1123.520020 -224 ) 
4 89 106 (1512 1056 -376 ) (1504 1056 -376 ) (1504 1124 -376 ) (1512 1124 -376 ) 
4 89 94 (1504 1056 -376 ) (1512 1056 -376 ) (1512 1056 -224 ) (1504 1056 -224 ) 
4 90 106 (1496 1056 -376 ) (1296 1056 -376 ) (1296 1116 -376 ) (1496 1116 -376 ) 
4 90 98 (1296 1056 -376 ) (1496 1056 -376 ) (1496 1056 -320 ) (1296 1056 -320 ) 
4 90 96 (1496 1056 -320 ) (1496 1056 -256 ) (1296 1056 -256 ) (1296 1056 -320 ) 
4 90 95 (1496 1056 -256 ) (1496 1056 -220 ) (1296 1056 -220 ) (1296 1056 -256 ) 
4 91 99 (1288 1056 -220 ) (1280 1056 -220 ) (1280 1056 -224 ) (1288 1056 -224 ) 
4 91 92 (1280 1056 -224 ) (1280 1123.520020 -224 ) (1288 1123.520020 -224 ) (1288 1056 -224 ) 
4 91 93 (1280 1056 -224 ) (1280 1056 -220 ) (1280 1120.231934 -220 ) (1280 1123.520020 -224 ) 
4 92 106 (1288 1056 -376 ) (1280 1056 -376 ) (1280 1124 -376 ) (1288 1124 -376 ) 
4 92 99 (1280 1056 -376 ) (1288 1056 -376 ) (1288 1056 -224 ) (1280 1056 -224 ) 
4 92 93 (1280 1124 -376 ) (1280 1056 -376 ) (1280 1056 -224 ) (1280 1124 -224 ) 
4 93 146 (1024 1056 -220 ) (1024 1280 -220 ) (1024 1280 -376 ) (1024 1056 -376 ) 
4 93 144 (1024 1280 -220 ) (1024 1440 -220 ) (1024 1440 -376 ) (1024 1280 -376 ) 
4 93 143 (1024 1440 -220 ) (1024 1536 -220 ) (1024 1536 -376 ) (1024 1440 -376 ) 
4 93 104 (1024 1280 -376 ) (1024 1440 -376 ) (1280 1440 -376 ) (1280 1280 -376 ) 
4 93 106 (1024 1056 -376 ) (1024 1280 -376 ) (1280 1280 -376 ) (1280 1056 -376 ) 
4 93 100 (1024 1440 -376 ) (1024 1536 -376 ) (1280 1536 -376 ) (1280 1440 -376 ) 
4 93 99 (1024 1056 -376 ) (1280 1056 -376 ) (1280 1056 -220 ) (1024 1056 -220 ) 
4 94 117 (2048 1024 -376 ) (2048 1024 -220 ) (1504 1024 -220 ) (1504 1024 -376 ) 
4 94 106 (1504 1056 -376 ) (1792 1056 -376 ) (1792 1024 -376 ) (1504 1024 -376 ) 
4 94 102 (1792 1056 -376 ) (1952 1056 -376 ) (1952 1024 -376 ) (1792 1024 -376 ) 
4 94 101 (1952 1056 -376 ) (2048 1056 -376 ) (2048 1024 -376 ) (1952 1024 -376 ) 
4 95 118 (1496 1024 -220 ) (1296 1024 -220 ) (1296 1024 -256 ) (1496 1024 -256 ) 
4 95 96 (1296 1056 -256 ) (1496 1056 -256 ) (1496 1024 -256 ) (1296 1024 -256 ) 
4 96 118 (1296 1024 -320 ) (1496 1024 -320 ) (1496 1024 -256 ) (1296 1024 -256 ) 
4 96 98 (1296 1056 -320 ) (1496 1056 -320 ) (1496 1024 -320 ) (1296 1024 -320 ) 
4 96 97 (1296 1056 -320 ) (1296 1024 -320 ) (1296 1024 -256 ) (1296 1056 -256 ) 
4 97 128 (1288 1024 -256 ) (1288 1024 -320 ) (1296 1024 -320 ) (1296 1024 -256 ) 
4 97 99 (1288 1056 -256 ) (1288 1056 -320 ) (1288 1024 -320 ) (1288 1024 -256 ) 
4 98 118 (1296 1024 -376 ) (1496 1024 -376 ) (1496 1024 -320 ) (1296 1024 -320 ) 
4 98 106 (1296 1056 -376 ) (1496 1056 -376 ) (1496 1024 -376 ) (1296 1024 -376 ) 
4 99 146 (1024 1024 -376 ) (1024 1024 -220 ) (1024 1056 -220 ) (1024 1056 -376 ) 
4 99 129 (1288 1024 -220 ) (1024 1024 -220 ) (1024 1024 -376 ) (1288 1024 -376 ) 
4 99 106 (1024 1024 -376 ) (1024 1056 -376 ) (1288 1056 -376 ) (1288 1024 -376 ) 
4 100 149 (1024 1536 -480 ) (1024 1536 -768 ) (1024 1440 -768 ) (1024 1440 -480 ) 
4 100 143 (1024 1440 -376 ) (1024 1536 -376 ) (1024 1536 -480 ) (1024 1440 -480 ) 
4 100 104 (1792 1440 -444 ) (1792 1440 -376 ) (1024 1440 -376 ) (1024 1440 -444 ) 
4 100 105 (1024 1440 -768 ) (1792 1440 -768 ) (1792 1440 -480 ) (1024 1440 -480 ) 
4 100 102 (1952 1440 -444 ) (1952 1440 -376 ) (1792 1440 -376 ) (1792 1440 -444 ) 
4 100 103 (1792 1440 -768 ) (1952 1440 -768 ) (1952 1440 -480 ) (1792 1440 -480 ) 
4 100 101 (1952 1440 -768 ) (2048 1440 -768 ) (2048 1440 -376 ) (1952 1440 -376 ) 
4 101 142 (2048 1024 -768 ) (2048 1024 -480 ) (1952 1024 -480 ) (1952 1024 -768 ) 
4 101 136 (2048 1024 -480 ) (2048 1024 -444 ) (1952 1024 -444 ) (1952 1024 -480 ) 
4 101 135 (2048 1024 -444 ) (2048 1024 -376 ) (1952 1024 -376 ) (1952 1024 -444 ) 
4 101 102 (1952 1440 -376 ) (1952 1440 -444 ) (1952 1024 -444 ) (1952 1024 -376 ) 
4 101 103 (1952 1440 -480 ) (1952 1440 -768 ) (1952 1024 -768 ) (1952 1024 -480 ) 
4 102 135 (1952 1024 -376 ) (1792 1024 -376 ) (1792 1024 -444 ) (1952 1024 -444 ) 
4 102 104 (1792 1440 -376 ) (1792 1440 -444 ) (1792 1280 -444 ) (1792 1280 -376 ) 
4 102 106 (1792 1280 -444 ) (1792 1024 -444 ) (1792 1024 -376 ) (1792 1280 -376 ) 
4 103 142 (1792 1024 -480 ) (1792 1024 -768 ) (1952 1024 -768 ) (1952 1024 -480 ) 
4 103 105 (1792 1440 -480 ) (1792 1440 -768 ) (1792 1280 -768 ) (1792 1280 -480 ) 
4 103 106 (1792 1280 -768 ) (1792 1024 -768 ) (1792 1024 -480 ) (1792 1280 -480 ) 
4 104 144 (1024 1280 -376 ) (1024 1440 -376 ) (1024 1440 -444 ) (1024 1280 -444 ) 
4 104 106 (1792 1280 -444 ) (1792 1280 -376 ) (1024 1280 -376 ) (1024 1280 -444 ) 
4 105 149 (1024 1440 -480 ) (1024 1440 -768 ) (1024 1280 -768 ) (1024 1280 -480 ) 
4 105 106 (1024 1280 -768 ) (1792 1280 -768 ) (1792 1280 -480 ) (1024 1280 -480 ) 
4 106 149 (1024 1024 -768 ) (1024 1024 -480 ) (1024 1280 -480 ) (1024 1280 -768 ) 
4 106 146 (1024 1024 -444 ) (1024 1024 -376 ) (1024 1280 -376 ) (1024 1280 -444 ) 
4 106 142 (1024 1024 -480 ) (1024 1024 -768 ) (1792 1024 -768 ) (1792 1024 -480 ) 
4 106 137 (1024 1024 -444 ) (1024 1024 -480 ) (1792 1024 -480 ) (1792 1024 -444 ) 
4 106 135 (1792 1024 -376 ) (1024 1024 -376 ) (1024 1024 -444 ) (1792 1024 -444 ) 
4 107 205 (2048 0 -64 ) (2048 0 768 ) (1024 0 768 ) (1024 0 -64 ) 
4 107 162 (1024 0 -64 ) (1024 0 768 ) (1024 768 768 ) (1024 768 -64 ) 
4 107 159 (1024 768 768 ) (1024 1024 768 ) (1024 1024 -64 ) (1024 768 -64 ) 
4 107 115 (1280 1024 -64 ) (1512 1024 -64 ) (1512 1000.479980 -64 ) (1280 1000.479980 -64 ) 
4 107 114 (1512 1024 -64 ) (2048 1024 -64 ) (2048 992 -64 ) (1512 992 -64 ) 
4 107 116 (1024 992 -64 ) (1024 1024 -64 ) (1280 1024 -64 ) (1280 992 -64 ) 
4 107 109 (1512 0 -64 ) (1280 0 -64 ) (1280 983.742004 -64 ) (1512 983.742004 -64 ) 
4 107 108 (2048 0 -64 ) (1512 0 -64 ) (1512 992 -64 ) (2048 992 -64 ) 
4 107 113 (1280 0 -64 ) (1024 0 -64 ) (1024 992 -64 ) (1280 992 -64 ) 
4 108 205 (2048 0 -220 ) (2048 0 -64 ) (1512 0 -64 ) (1512 0 -220 ) 
4 108 125 (2048 868 -220 ) (2048 0 -220 ) (1512 0 -220 ) (1512 868 -220 ) 
4 108 119 (2048 876 -220 ) (2048 868 -220 ) (1512 868 -220 ) (1512 876 -220 ) 
4 108 117 (1512 1024 -220 ) (2048 1024 -220 ) (2048 876 -220 ) (1512 876 -220 ) 
4 108 114 (2048 1024 -102.929680 ) (1512 1024 -102.929680 ) (1512 992 -64 ) (2048 992 -64 ) 
4 108 110 (1512 992 -64 ) (1512 1024 -102.929428 ) (1512 1024 -220 ) (1512 875.251526 -220 ) 
4 108 109 (1512 866.993591 -220 ) (1512 0 -220 ) (1512 0 -64 ) (1512 983.741943 -64 ) 
4 109 205 (1512 0 -64 ) (1280 0 -64 ) (1280 0 -220 ) (1512 0 -220 ) 
4 109 132 (1296 0 -220 ) (1280 0 -220 ) (1280 866.993591 -220 ) (1296 866.993591 -220 ) 
4 109 126 (1512 866.993591 -220 ) (1512 0 -220 ) (1296 0 -220 ) (1296 866.993591 -220 ) 
4 109 113 (1280 866.993591 -220 ) (1280 0 -220 ) (1280 0 -64 ) (1280 983.741943 -64 ) 
4 110 120 (1512 876 -220 ) (1512 875.251526 -220 ) (1504 875.251526 -220 ) (1504 876 -220 ) 
4 110 117 (1504 1024 -220 ) (1512 1024 -220 ) (1512 876 -220 ) (1504 876 -220 ) 
4 111 118 (1296 1024 -220 ) (1496 1024 -220 ) (1496 876 -220 ) (1296 876 -220 ) 
4 112 130 (1288 928 -220 ) (1288 875.251526 -220 ) (1280 875.251526 -220 ) (1280 928 -220 ) 
4 112 129 (1280 1024 -220 ) (1288 1024 -220 ) (1288 928 -220 ) (1280 928 -220 ) 
4 112 113 (1280 992 -64 ) (1280 1024 -102.929428 ) (1280 1024 -220 ) (1280 875.251526 -220 ) 
4 113 205 (1280 0 -64 ) (1024 0 -64 ) (1024 0 -220 ) (1280 0 -220 ) 
4 113 162 (1024 0 -220 ) (1024 0 -64 ) (1024 768 -64 ) (1024 768 -220 ) 
5 113 159 (1024 768 -64 ) (1024 992 -64 ) (1024 1024 -102.929398 ) (1024 1024 -220 ) (1024 768 -220 ) 
4 113 134 (1024 0 -220 ) (1024 928 -220 ) (1280 928 -220 ) (1280 0 -220 ) 
4 113 129 (1024 928 -220 ) (1024 1024 -220 ) (1280 1024 -220 ) (1280 928 -220 ) 
4 113 116 (1280 1024 -102.929680 ) (1024 1024 -102.929680 ) (1024 992 -64 ) (1280 992 -64 ) 
3 114 115 (1512 1000.479980 -64 ) (1512 1024 -64 ) (1512 1024 -92.613144 ) 
3 115 116 (1280 1000.479980 -64 ) (1280 1024 -64 ) (1280 1024 -92.613144 ) 
3 116 159 (1024 992 -64 ) (1024 1024 -64 ) (1024 1024 -102.929398 ) 
4 117 135 (1504 1024 -376 ) (2048 1024 -376 ) (2048 876 -376 ) (1504 876 -376 ) 
4 117 121 (1504 876 -376 ) (1512 876 -376 ) (1512 876 -224 ) (1504 876 -224 ) 
4 117 120 (1512 876 -224 ) (1512 876 -220 ) (1504 876 -220 ) (1504 876 -224 ) 
4 117 119 (1512 876 -376 ) (2048 876 -376 ) (2048 876 -220 ) (1512 876 -220 ) 
4 118 135 (1296 876 -376 ) (1296 1024 -376 ) (1496 1024 -376 ) (1496 876 -376 ) 
4 118 128 (1296 928 -320 ) (1296 928 -256 ) (1296 1024 -256 ) (1296 1024 -320 ) 
4 118 123 (1360 876 -372 ) (1430 876 -372 ) (1430 876 -252 ) (1360 876 -252 ) 
4 118 124 (1296 876 -372 ) (1296 876 -376 ) (1430 876 -376 ) (1430 876 -372 ) 
4 118 122 (1430 876 -376 ) (1496 876 -376 ) (1496 876 -372 ) (1430 876 -372 ) 
4 119 135 (1512 876 -376 ) (2048 876 -376 ) (2048 868 -376 ) (1512 868 -376 ) 
4 119 125 (1512 868 -376 ) (2048 868 -376 ) (2048 868 -220 ) (1512 868 -220 ) 
4 119 121 (1512 876 -224 ) (1512 876 -376 ) (1512 868 -376 ) (1512 868 -224 ) 
4 119 120 (1512 876 -220 ) (1512 876 -224 ) (1512 872.257996 -224 ) (1512 875.251526 -220 ) 
4 120 121 (1504 876 -224 ) (1512 876 -224 ) (1512 872.257996 -224 ) (1504 872.257996 -224 ) 
4 121 135 (1504 876 -376 ) (1512 876 -376 ) (1512 868 -376 ) (1504 868 -376 ) 
4 121 127 (1504 868 -376 ) (1512 868 -376 ) (1512 868 -224 ) (1504 868 -224 ) 
4 122 135 (1430 876 -376 ) (1496 876 -376 ) (1496 868 -376 ) (1430 868 -376 ) 
4 122 127 (1430 868 -376 ) (1496 868 -376 ) (1496 868 -372 ) (1430 868 -372 ) 
4 122 124 (1430 876 -372 ) (1430 876 -376 ) (1430 868 -376 ) (1430 868 -372 ) 
4 123 127 (1360 868 -372 ) (1430 868 -372 ) (1430 868 -252 ) (1360 868 -252 ) 
4 123 124 (1360 876 -372 ) (1430 876 -372 ) (1430 868 -372 ) (1360 868 -372 ) 
4 124 135 (1296 868 -376 ) (1296 876 -376 ) (1430 876 -376 ) (1430 868 -376 ) 
4 124 127 (1296 868 -372 ) (1296 868 -376 ) (1430 868 -376 ) (1430 868 -372 ) 
4 125 207 (1948 0 -258 ) (1932 0 -258 ) (1932 0 -376 ) (1948 0 -376 ) 
4 125 206 (2048 0 -376 ) (2048 0 -258 ) (1948 0 -258 ) (1948 0 -376 ) 
4 125 209 (1932 0 -258 ) (1512 0 -258 ) (1512 0 -376 ) (1932 0 -376 ) 
4 125 205 (2048 0 -258 ) (2048 0 -220 ) (1512 0 -220 ) (1512 0 -258 ) 
4 125 135 (2048 0 -376 ) (1512 0 -376 ) (1512 868 -376 ) (2048 868 -376 ) 
4 125 126 (1512 864 -224 ) (1512 0 -224 ) (1512 0 -220 ) (1512 866.993591 -220 ) 
4 125 127 (1512 868 -224 ) (1512 868 -376 ) (1512 0 -376 ) (1512 0 -224 ) 
4 126 205 (1512 0 -220 ) (1296 0 -220 ) (1296 0 -224 ) (1512 0 -224 ) 
4 126 132 (1296 0 -224 ) (1296 0 -220 ) (1296 866.993591 -220 ) (1296 864 -224 ) 
4 126 127 (1296 0 -224 ) (1296 864 -224 ) (1512 864 -224 ) (1512 0 -224 ) 
4 127 209 (1296 0 -258 ) (1296 0 -376 ) (1512 0 -376 ) (1512 0 -258 ) 
4 127 205 (1296 0 -224 ) (1296 0 -258 ) (1512 0 -258 ) (1512 0 -224 ) 
4 127 135 (1512 0 -376 ) (1296 0 -376 ) (1296 868 -376 ) (1512 868 -376 ) 
4 127 133 (1296 868 -376 ) (1296 0 -376 ) (1296 0 -224 ) (1296 868 -224 ) 
4 128 129 (1288 928 -320 ) (1288 928 -256 ) (1288 1024 -256 ) (1288 1024 -320 ) 
4 129 159 (1024 928 -220 ) (1024 1024 -220 ) (1024 1024 -376 ) (1024 928 -376 ) 
4 129 135 (1024 928 -376 ) (1024 1024 -376 ) (1288 1024 -376 ) (1288 928 -376 ) 
4 129 131 (1280 928 -376 ) (1288 928 -376 ) (1288 928 -224 ) (1280 928 -224 ) 
4 129 130 (1288 928 -224 ) (1288 928 -220 ) (1280 928 -220 ) (1280 928 -224 ) 
4 129 134 (1024 928 -376 ) (1280 928 -376 ) (1280 928 -220 ) (1024 928 -220 ) 
4 130 131 (1280 872.257996 -224 ) (1280 928 -224 ) (1288 928 -224 ) (1288 872.258057 -224 ) 
4 130 134 (1280 928 -220 ) (1280 928 -224 ) (1280 872.258057 -224 ) (1280 875.251587 -220 ) 
4 131 135 (1280 868 -376 ) (1280 928 -376 ) (1288 928 -376 ) (1288 868 -376 ) 
4 131 133 (1280 868 -224 ) (1280 868 -376 ) (1288 868 -376 ) (1288 868 -224 ) 
4 131 134 (1280 928 -224 ) (1280 928 -376 ) (1280 868 -376 ) (1280 868 -224 ) 
4 132 205 (1296 0 -220 ) (1280 0 -220 ) (1280 0 -224 ) (1296 0 -224 ) 
4 132 133 (1280 0 -224 ) (1280 864 -224 ) (1296 864 -224 ) (1296 0 -224 ) 
4 132 134 (1280 0 -224 ) (1280 0 -220 ) (1280 866.993591 -220 ) (1280 864 -224 ) 
4 133 209 (1280 0 -258 ) (1280 0 -376 ) (1296 0 -376 ) (1296 0 -258 ) 
4 133 205 (1280 0 -224 ) (1280 0 -258 ) (1296 0 -258 ) (1296 0 -224 ) 
4 133 135 (1296 0 -376 ) (1280 0 -376 ) (1280 868 -376 ) (1296 868 -376 ) 
4 133 134 (1280 868 -376 ) (1280 0 -376 ) (1280 0 -224 ) (1280 868 -224 ) 
4 134 209 (1024 0 -258 ) (1024 0 -376 ) (1280 0 -376 ) (1280 0 -258 ) 
4 134 205 (1280 0 -220 ) (1024 0 -220 ) (1024 0 -258 ) (1280 0 -258 ) 
4 134 162 (1024 0 -376 ) (1024 0 -220 ) (1024 768 -220 ) (1024 768 -376 ) 
4 134 159 (1024 768 -220 ) (1024 928 -220 ) (1024 928 -376 ) (1024 768 -376 ) 
4 134 135 (1280 0 -376 ) (1024 0 -376 ) (1024 928 -376 ) (1280 928 -376 ) 
4 135 211 (1440 0 -418 ) (1280 0 -418 ) (1280 0 -444 ) (1440 0 -444 ) 
4 135 210 (2048 0 -444 ) (2048 0 -418 ) (1440 0 -418 ) (1440 0 -444 ) 
4 135 212 (1280 0 -418 ) (1024 0 -418 ) (1024 0 -444 ) (1280 0 -444 ) 
4 135 207 (1948 0 -376 ) (1932 0 -376 ) (1932 0 -418 ) (1948 0 -418 ) 
4 135 206 (2048 0 -418 ) (2048 0 -376 ) (1948 0 -376 ) (1948 0 -418 ) 
4 135 209 (1932 0 -376 ) (1024 0 -376 ) (1024 0 -418 ) (1932 0 -418 ) 
4 135 162 (1024 0 -444 ) (1024 0 -376 ) (1024 768 -376 ) (1024 768 -444 ) 
4 135 159 (1024 768 -376 ) (1024 1024 -376 ) (1024 1024 -444 ) (1024 768 -444 ) 
4 135 140 (2048 0 -444 ) (1440 0 -444 ) (1440 352 -444 ) (2048 352 -444 ) 
4 135 141 (1280 0 -444 ) (1024 0 -444 ) (1024 352 -444 ) (1280 352 -444 ) 
4 135 138 (1952 512 -444 ) (2048 512 -444 ) (2048 352 -444 ) (1952 352 -444 ) 
4 135 139 (1024 352 -444 ) (1024 512 -444 ) (1280 512 -444 ) (1280 352 -444 ) 
4 135 136 (1952 1024 -444 ) (2048 1024 -444 ) (2048 512 -444 ) (1952 512 -444 ) 
4 135 137 (1024 512 -444 ) (1024 1024 -444 ) (1792 1024 -444 ) (1792 512 -444 ) 
4 136 142 (1952 1024 -480 ) (2048 1024 -480 ) (2048 512 -480 ) (1952 512 -480 ) 
4 136 138 (1952 512 -480 ) (2048 512 -480 ) (2048 512 -444 ) (1952 512 -444 ) 
4 137 162 (1024 512 -444 ) (1024 768 -444 ) (1024 768 -480 ) (1024 512 -480 ) 
4 137 142 (1024 512 -480 ) (1024 1024 -480 ) (1792 1024 -480 ) (1792 512 -480 ) 
4 137 139 (1024 512 -480 ) (1280 512 -480 ) (1280 512 -444 ) (1024 512 -444 ) 
4 138 142 (1952 512 -480 ) (2048 512 -480 ) (2048 352 -480 ) (1952 352 -480 ) 
4 138 140 (1952 352 -480 ) (2048 352 -480 ) (2048 352 -444 ) (1952 352 -444 ) 
4 139 162 (1024 352 -444 ) (1024 512 -444 ) (1024 512 -480 ) (1024 352 -480 ) 
4 139 142 (1024 352 -480 ) (1024 512 -480 ) (1280 512 -480 ) (1280 352 -480 ) 
4 139 141 (1024 352 -480 ) (1280 352 -480 ) (1280 352 -444 ) (1024 352 -444 ) 
4 140 210 (2048 0 -480 ) (2048 0 -444 ) (1440 0 -444 ) (1440 0 -480 ) 
4 140 142 (1440 352 -480 ) (2048 352 -480 ) (2048 0 -480 ) (1440 0 -480 ) 
4 141 212 (1280 0 -444 ) (1024 0 -444 ) (1024 0 -480 ) (1280 0 -480 ) 
4 141 162 (1024 0 -480 ) (1024 0 -444 ) (1024 352 -444 ) (1024 352 -480 ) 
4 141 142 (1024 0 -480 ) (1024 352 -480 ) (1280 352 -480 ) (1280 0 -480 ) 
4 142 213 (2048 0 -768 ) (2048 0 -480 ) (1024 0 -480 ) (1024 0 -768 ) 
4 142 168 (1024 0 -768 ) (1024 0 -480 ) (1024 1024 -480 ) (1024 1024 -768 ) 
4 143 150 (0 1536 -480 ) (0 1440 -480 ) (0 1440 768 ) (0 1536 768 ) 
4 143 149 (0 1440 -480 ) (0 1536 -480 ) (1024 1536 -480 ) (1024 1440 -480 ) 
4 143 145 (512 1440 -480 ) (864 1440 -480 ) (864 1440 -444 ) (512 1440 -444 ) 
4 143 144 (1024 1440 -444 ) (1024 1440 768 ) (0 1440 768 ) (0 1440 -444 ) 
4 144 151 (0 1280 -444 ) (0 1280 768 ) (0 1440 768 ) (0 1440 -444 ) 
4 144 146 (0 1280 768 ) (0 1280 -444 ) (1024 1280 -444 ) (1024 1280 768 ) 
4 144 145 (864 1280 -444 ) (512 1280 -444 ) (512 1440 -444 ) (864 1440 -444 ) 
4 145 149 (512 1440 -480 ) (864 1440 -480 ) (864 1280 -480 ) (512 1280 -480 ) 
4 145 147 (512 1280 -480 ) (864 1280 -480 ) (864 1280 -444 ) (512 1280 -444 ) 
4 146 159 (1024 1024 -444 ) (1024 1024 768 ) (0 1024 768 ) (0 1024 -444 ) 
4 146 154 (0 1024 -444 ) (0 1024 768 ) (0 1280 768 ) (0 1280 -444 ) 
4 146 147 (864 1024 -444 ) (512 1024 -444 ) (512 1280 -444 ) (864 1280 -444 ) 
4 146 148 (352 1024 -444 ) (0 1024 -444 ) (0 1280 -444 ) (352 1280 -444 ) 
4 147 160 (864 1024 -444 ) (512 1024 -444 ) (512 1024 -480 ) (864 1024 -480 ) 
4 147 149 (864 1024 -480 ) (512 1024 -480 ) (512 1280 -480 ) (864 1280 -480 ) 
4 148 161 (352 1024 -444 ) (0 1024 -444 ) (0 1024 -480 ) (352 1024 -480 ) 
4 148 154 (0 1024 -480 ) (0 1024 -444 ) (0 1280 -444 ) (0 1280 -480 ) 
4 148 149 (352 1024 -480 ) (0 1024 -480 ) (0 1280 -480 ) (352 1280 -480 ) 
4 149 169 (704 1024 -480 ) (0 1024 -480 ) (0 1024 -768 ) (704 1024 -768 ) 
4 149 168 (1024 1024 -768 ) (1024 1024 -480 ) (704 1024 -480 ) (704 1024 -768 ) 
4 149 154 (0 1024 -768 ) (0 1024 -480 ) (0 1280 -480 ) (0 1280 -768 ) 
4 149 152 (0 1280 -480 ) (0 1440 -480 ) (0 1440 -768 ) (0 1280 -768 ) 
4 149 150 (0 1440 -480 ) (0 1536 -480 ) (0 1536 -768 ) (0 1440 -768 ) 
4 150 151 (-704 1440 768 ) (-704 1440 -444 ) (0 1440 -444 ) (0 1440 768 ) 
4 150 152 (-704 1440 -480 ) (-704 1440 -768 ) (0 1440 -768 ) (0 1440 -480 ) 
4 150 153 (-704 1536 768 ) (-704 1536 -768 ) (-704 1440 -768 ) (-704 1440 768 ) 
4 151 155 (-544 1280 768 ) (-704 1280 768 ) (-704 1280 -444 ) (-544 1280 -444 ) 
4 151 154 (0 1280 -444 ) (0 1280 768 ) (-544 1280 768 ) (-544 1280 -444 ) 
4 151 153 (-704 1280 -444 ) (-704 1280 768 ) (-704 1440 768 ) (-704 1440 -444 ) 
4 152 156 (-704 1280 -768 ) (-544 1280 -768 ) (-544 1280 -480 ) (-704 1280 -480 ) 
4 152 154 (-544 1280 -768 ) (0 1280 -768 ) (0 1280 -480 ) (-544 1280 -480 ) 
4 152 153 (-704 1440 -768 ) (-704 1280 -768 ) (-704 1280 -480 ) (-704 1440 -480 ) 
4 153 186 (-1024 1280 768 ) (-1024 1520 768 ) (-1024 1520 -768 ) (-1024 1280 -768 ) 
4 153 182 (-1024 1520 768 ) (-1024 1536 768 ) (-1024 1536 -768 ) (-1024 1520 -768 ) 
4 153 157 (-1024 1280 -768 ) (-704 1280 -768 ) (-704 1280 768 ) (-1024 1280 768 ) 
4 154 179 (0 1024 -768 ) (0 1024 -480 ) (-544 1024 -480 ) (-544 1024 -768 ) 
4 154 173 (0 1024 -480 ) (0 1024 -400 ) (-544 1024 -400 ) (-544 1024 -480 ) 
4 154 172 (0 1024 -400 ) (0 1024 768 ) (-544 1024 768 ) (-544 1024 -400 ) 
4 154 155 (-544 1280 768 ) (-544 1280 -444 ) (-544 1024 -444 ) (-544 1024 768 ) 
4 154 156 (-544 1280 -480 ) (-544 1280 -768 ) (-544 1024 -768 ) (-544 1024 -480 ) 
4 155 176 (-704 1024 -416 ) (-704 1024 -444 ) (-544 1024 -444 ) (-544 1024 -416 ) 
4 155 174 (-704 1024 -400 ) (-704 1024 -416 ) (-544 1024 -416 ) (-544 1024 -400 ) 
4 155 172 (-544 1024 768 ) (-704 1024 768 ) (-704 1024 -400 ) (-544 1024 -400 ) 
4 155 157 (-704 1280 768 ) (-704 1280 -444 ) (-704 1024 -444 ) (-704 1024 768 ) 
4 156 179 (-704 1024 -480 ) (-704 1024 -768 ) (-544 1024 -768 ) (-544 1024 -480 ) 
4 156 157 (-704 1280 -480 ) (-704 1280 -768 ) (-704 1024 -768 ) (-704 1024 -480 ) 
4 157 186 (-1024 1024 -768 ) (-1024 1024 768 ) (-1024 1280 768 ) (-1024 1280 -768 ) 
4 157 179 (-1024 1024 -480 ) (-1024 1024 -768 ) (-704 1024 -768 ) (-704 1024 -480 ) 
4 157 178 (-1024 1024 -400 ) (-1024 1024 -480 ) (-704 1024 -480 ) (-704 1024 -400 ) 
4 157 172 (-704 1024 768 ) (-1024 1024 768 ) (-1024 1024 -400 ) (-704 1024 -400 ) 
4 159 173 (0 1024 -400 ) (0 1024 -444 ) (0 768 -444 ) (0 768 -400 ) 
4 159 172 (0 1024 768 ) (0 1024 -400 ) (0 768 -400 ) (0 768 768 ) 
4 159 163 (704 768 768 ) (696 768 768 ) (696 768 -444 ) (704 768 -444 ) 
4 159 162 (1024 768 -444 ) (1024 768 768 ) (704 768 768 ) (704 768 -444 ) 
4 159 167 (696 768 768 ) (0 768 768 ) (0 768 -444 ) (696 768 -444 ) 
4 159 161 (352 768 -444 ) (0 768 -444 ) (0 1024 -444 ) (352 1024 -444 ) 
4 159 160 (512 928 -444 ) (512 1024 -444 ) (864 1024 -444 ) (864 928 -444 ) 
4 160 169 (512 1024 -480 ) (704 1024 -480 ) (704 928 -480 ) (512 928 -480 ) 
4 160 168 (704 1024 -480 ) (864 1024 -480 ) (864 928 -480 ) (704 928 -480 ) 
4 161 173 (0 1024 -444 ) (0 1024 -480 ) (0 768 -480 ) (0 768 -444 ) 
4 161 169 (0 1024 -480 ) (352 1024 -480 ) (352 768 -480 ) (0 768 -480 ) 
4 161 167 (0 768 -480 ) (352 768 -480 ) (352 768 -444 ) (0 768 -444 ) 
4 162 240 (1024 0 -480 ) (1024 0 768 ) (704 0 768 ) (704 0 -480 ) 
4 162 168 (1024 768 -480 ) (1024 0 -480 ) (704 0 -480 ) (704 768 -480 ) 
4 162 164 (704 512 768 ) (704 520 768 ) (704 520 -392 ) (704 512 -392 ) 
4 162 165 (704 520 -456 ) (704 520 -480 ) (704 512 -480 ) (704 512 -456 ) 
4 162 163 (704 520 768 ) (704 768 768 ) (704 768 -480 ) (704 520 -480 ) 
4 162 166 (704 0 768 ) (704 512 768 ) (704 512 -480 ) (704 0 -480 ) 
4 163 170 (696 520 -480 ) (696 704 -480 ) (704 704 -480 ) (704 520 -480 ) 
4 163 169 (696 704 -480 ) (696 768 -480 ) (704 768 -480 ) (704 704 -480 ) 
4 163 164 (696 520 768 ) (696 520 -392 ) (704 520 -392 ) (704 520 768 ) 
4 163 165 (696 520 -456 ) (696 520 -480 ) (704 520 -480 ) (704 520 -456 ) 
4 163 167 (696 520 768 ) (696 768 768 ) (696 768 -480 ) (696 520 -480 ) 
4 164 166 (696 512 768 ) (696 512 -392 ) (704 512 -392 ) (704 512 768 ) 
4 164 167 (696 512 768 ) (696 520 768 ) (696 520 -392 ) (696 512 -392 ) 
4 165 170 (696 512 -480 ) (696 520 -480 ) (704 520 -480 ) (704 512 -480 ) 
4 165 167 (696 520 -456 ) (696 520 -480 ) (696 512 -480 ) (696 512 -456 ) 
4 165 166 (696 512 -456 ) (696 512 -480 ) (704 512 -480 ) (704 512 -456 ) 
4 166 240 (704 0 768 ) (696 0 768 ) (696 0 -480 ) (704 0 -480 ) 
4 166 170 (704 0 -480 ) (696 0 -480 ) (696 512 -480 ) (704 512 -480 ) 
4 166 167 (696 0 768 ) (696 512 768 ) (696 512 -480 ) (696 0 -480 ) 
4 167 240 (696 0 768 ) (0 0 768 ) (0 0 -480 ) (696 0 -480 ) 
4 167 173 (0 768 -480 ) (0 0 -480 ) (0 0 -400 ) (0 768 -400 ) 
4 167 172 (0 0 -400 ) (0 0 768 ) (0 768 768 ) (0 768 -400 ) 
4 167 170 (696 0 -480 ) (0 0 -480 ) (0 704 -480 ) (696 704 -480 ) 
4 167 169 (0 704 -480 ) (0 768 -480 ) (696 768 -480 ) (696 704 -480 ) 
4 168 241 (1024 0 -768 ) (1024 0 -480 ) (704 0 -480 ) (704 0 -768 ) 
4 168 171 (704 704 -768 ) (704 0 -768 ) (704 0 -736 ) (704 704 -736 ) 
4 168 170 (704 0 -736 ) (704 0 -480 ) (704 704 -480 ) (704 704 -736 ) 
4 168 169 (704 1024 -768 ) (704 704 -768 ) (704 704 -480 ) (704 1024 -480 ) 
4 169 179 (0 1024 -480 ) (0 1024 -768 ) (0 704 -768 ) (0 704 -480 ) 
4 169 171 (0 704 -768 ) (704 704 -768 ) (704 704 -736 ) (0 704 -736 ) 
4 169 170 (704 704 -736 ) (704 704 -480 ) (0 704 -480 ) (0 704 -736 ) 
4 170 242 (704 0 -480 ) (0 0 -480 ) (0 0 -736 ) (704 0 -736 ) 
4 170 180 (0 0 -736 ) (0 0 -480 ) (0 704 -480 ) (0 704 -736 ) 
4 170 171 (0 704 -736 ) (704 704 -736 ) (704 0 -736 ) (0 0 -736 ) 
4 171 243 (0 0 -736 ) (0 0 -768 ) (704 0 -768 ) (704 0 -736 ) 
4 171 181 (0 704 -768 ) (0 0 -768 ) (0 0 -736 ) (0 704 -736 ) 
4 172 245 (0 0 -400 ) (0 0 768 ) (-1024 0 768 ) (-1024 0 -400 ) 
4 172 194 (-1024 0 -400 ) (-1024 0 768 ) (-1024 1024 768 ) (-1024 1024 -400 ) 
4 172 174 (-704 704 -400 ) (-704 1024 -400 ) (-544 1024 -400 ) (-544 704 -400 ) 
4 172 173 (0 0 -400 ) (-544 0 -400 ) (-544 1024 -400 ) (0 1024 -400 ) 
4 172 178 (-704 0 -400 ) (-1024 0 -400 ) (-1024 1024 -400 ) (-704 1024 -400 ) 
4 173 246 (0 0 -480 ) (0 0 -400 ) (-544 0 -400 ) (-544 0 -480 ) 
4 173 180 (0 704 -480 ) (0 0 -480 ) (-544 0 -480 ) (-544 704 -480 ) 
4 173 179 (0 1024 -480 ) (0 704 -480 ) (-544 704 -480 ) (-544 1024 -480 ) 
4 173 177 (-544 960 -480 ) (-544 0 -480 ) (-544 0 -444 ) (-544 816 -444 ) 
4 173 176 (-544 797.090881 -416 ) (-544 1024 -416 ) (-544 1024 -444 ) (-544 960 -444 ) 
4 173 175 (-544 0 -444 ) (-544 0 -416 ) (-544 704 -416 ) (-544 816 -444 ) 
4 173 174 (-544 704 -400 ) (-544 1024 -400 ) (-544 1024 -416 ) (-544 797.090820 -416 ) 
4 174 176 (-704 797.090881 -416 ) (-704 1024 -416 ) (-544 1024 -416 ) (-544 797.090820 -416 ) 
4 174 178 (-704 704 -400 ) (-704 1024 -400 ) (-704 1024 -416 ) (-704 797.090820 -416 ) 
4 175 248 (-704 0 -416 ) (-704 0 -444 ) (-544 0 -444 ) (-544 0 -416 ) 
4 175 177 (-704 0 -444 ) (-704 816 -444 ) (-544 816 -444 ) (-544 0 -444 ) 
4 175 178 (-704 0 -444 ) (-704 0 -416 ) (-704 704 -416 ) (-704 816 -444 ) 
4 176 178 (-704 797.090881 -416 ) (-704 1024 -416 ) (-704 1024 -444 ) (-704 960 -444 ) 
4 177 248 (-704 0 -444 ) (-704 0 -480 ) (-544 0 -480 ) (-544 0 -444 ) 
4 177 180 (-544 0 -480 ) (-704 0 -480 ) (-704 704 -480 ) (-544 704 -480 ) 
4 177 179 (-704 704 -480 ) (-704 960 -480 ) (-544 960 -480 ) (-544 704 -480 ) 
4 177 178 (-704 960 -480 ) (-704 0 -480 ) (-704 0 -444 ) (-704 816 -444 ) 
4 178 250 (-704 0 -400 ) (-1024 0 -400 ) (-1024 0 -480 ) (-704 0 -480 ) 
4 178 195 (-1024 0 -480 ) (-1024 0 -444 ) (-1024 1024 -444 ) (-1024 1024 -480 ) 
4 178 194 (-1024 0 -444 ) (-1024 0 -400 ) (-1024 1024 -400 ) (-1024 1024 -444 ) 
4 178 180 (-704 0 -480 ) (-1024 0 -480 ) (-1024 704 -480 ) (-704 704 -480 ) 
4 178 179 (-1024 704 -480 ) (-1024 1024 -480 ) (-704 1024 -480 ) (-704 704 -480 ) 
4 179 201 (-1024 704 -480 ) (-1024 1024 -480 ) (-1024 1024 -768 ) (-1024 704 -768 ) 
4 179 181 (-1024 704 -768 ) (0 704 -768 ) (0 704 -736 ) (-1024 704 -736 ) 
4 179 180 (0 704 -736 ) (0 704 -480 ) (-1024 704 -480 ) (-1024 704 -736 ) 
4 180 252 (0 0 -736 ) (0 0 -480 ) (-1024 0 -480 ) (-1024 0 -736 ) 
4 180 202 (-1024 0 -736 ) (-1024 0 -480 ) (-1024 704 -480 ) (-1024 704 -736 ) 
4 180 181 (0 0 -736 ) (-1024 0 -736 ) (-1024 704 -736 ) (0 704 -736 ) 
4 181 253 (0 0 -768 ) (0 0 -736 ) (-1024 0 -736 ) (-1024 0 -768 ) 
4 181 203 (-1024 0 -768 ) (-1024 0 -736 ) (-1024 704 -736 ) (-1024 704 -768 ) 
4 182 186 (-1216 1520 -768 ) (-1024 1520 -768 ) (-1024 1520 768 ) (-1216 1520 768 ) 
4 182 183 (-1216 1536 768 ) (-1216 1536 -336 ) (-1216 1520 -336 ) (-1216 1520 768 ) 
4 182 184 (-1216 1536 -544 ) (-1216 1536 -768 ) (-1216 1520 -768 ) (-1216 1520 -544 ) 
4 183 187 (-1392 1520 768 ) (-1552 1520 768 ) (-1552 1520 -336 ) (-1392 1520 -336 ) 
4 183 186 (-1216 1520 -336 ) (-1216 1520 768 ) (-1392 1520 768 ) (-1392 1520 -336 ) 
4 183 193 (-1552 1520 768 ) (-1696 1520 768 ) (-1696 1520 -336 ) (-1552 1520 -336 ) 
4 183 185 (-1696 1536 768 ) (-1696 1536 -336 ) (-1696 1520 -336 ) (-1696 1520 768 ) 
4 184 190 (-1392 1520 -552 ) (-1392 1520 -544 ) (-1552 1520 -544 ) (-1552 1520 -552 ) 
4 184 189 (-1552 1520 -768 ) (-1392 1520 -768 ) (-1392 1520 -552 ) (-1552 1520 -552 ) 
4 184 186 (-1392 1520 -768 ) (-1216 1520 -768 ) (-1216 1520 -544 ) (-1392 1520 -544 ) 
4 184 193 (-1696 1520 -768 ) (-1552 1520 -768 ) (-1552 1520 -544 ) (-1696 1520 -544 ) 
4 184 185 (-1696 1536 -544 ) (-1696 1536 -768 ) (-1696 1520 -768 ) (-1696 1520 -544 ) 
4 185 193 (-2048 1520 -768 ) (-1696 1520 -768 ) (-1696 1520 768 ) (-2048 1520 768 ) 
4 186 201 (-1024 1024 -768 ) (-1024 1024 -480 ) (-1216 1024 -480 ) (-1216 1024 -768 ) 
4 186 204 (-1216 1024 -480 ) (-1392 1024 -480 ) (-1392 1024 -768 ) (-1216 1024 -768 ) 
4 186 195 (-1024 1024 -480 ) (-1024 1024 -444 ) (-1392 1024 -444 ) (-1392 1024 -480 ) 
4 186 194 (-1024 1024 -444 ) (-1024 1024 768 ) (-1392 1024 768 ) (-1392 1024 -444 ) 
4 186 192 (-1392 1132 -768 ) (-1392 1024 -768 ) (-1392 1024 -480 ) (-1392 1132 -480 ) 
4 186 191 (-1392 1136 -768 ) (-1392 1132 -768 ) (-1392 1132 -444 ) (-1392 1136 -444 ) 
3 186 190 (-1392 1520 -536 ) (-1392 1520 -552 ) (-1392 1264 -496 ) 
4 186 189 (-1392 1520 -552 ) (-1392 1520 -768 ) (-1392 1136 -768 ) (-1392 1136 -468 ) 
4 186 188 (-1392 1520 -444 ) (-1392 1520 -512 ) (-1392 1264 -472 ) (-1392 1136 -444 ) 
4 186 187 (-1392 1520 768 ) (-1392 1520 -444 ) (-1392 1024 -444 ) (-1392 1024 768 ) 
4 187 194 (-1392 1024 768 ) (-1552 1024 768 ) (-1552 1024 -444 ) (-1392 1024 -444 ) 
4 187 191 (-1552 1132 -444 ) (-1552 1136 -444 ) (-1392 1136 -444 ) (-1392 1132 -444 ) 
4 187 188 (-1552 1136 -444 ) (-1552 1520 -444 ) (-1392 1520 -444 ) (-1392 1136 -444 ) 
4 187 193 (-1552 1520 768 ) (-1552 1520 -444 ) (-1552 1024 -444 ) (-1552 1024 768 ) 
4 188 193 (-1552 1520 -444 ) (-1552 1520 -512 ) (-1552 1264 -472 ) (-1552 1136 -444 ) 
4 189 191 (-1392 1136 -768 ) (-1392 1136 -468 ) (-1552 1136 -468 ) (-1552 1136 -768 ) 
4 189 190 (-1552 1520 -552 ) (-1552 1263.986450 -495.997894 ) (-1392 1263.987549 -495.998047 ) (-1392 1520 -552 ) 
4 189 193 (-1552 1520 -552 ) (-1552 1520 -768 ) (-1552 1136 -768 ) (-1552 1136 -468 ) 
3 190 193 (-1552 1520 -536 ) (-1552 1520 -552 ) (-1552 1264 -496 ) 
4 191 192 (-1392 1132 -768 ) (-1392 1132 -480 ) (-1552 1132 -480 ) (-1552 1132 -768 ) 
4 191 193 (-1552 1136 -768 ) (-1552 1132 -768 ) (-1552 1132 -444 ) (-1552 1136 -444 ) 
4 192 204 (-1552 1024 -480 ) (-1552 1024 -768 ) (-1392 1024 -768 ) (-1392 1024 -480 ) 
4 192 193 (-1552 1132 -768 ) (-1552 1024 -768 ) (-1552 1024 -480 ) (-1552 1132 -480 ) 
4 193 204 (-2048 1024 -480 ) (-2048 1024 -768 ) (-1552 1024 -768 ) (-1552 1024 -480 ) 
4 193 197 (-1920 1024 -480 ) (-1552 1024 -480 ) (-1552 1024 -444 ) (-1920 1024 -444 ) 
4 193 198 (-2048 1024 -444 ) (-2048 1024 -480 ) (-1920 1024 -480 ) (-1920 1024 -444 ) 
4 193 194 (-1552 1024 768 ) (-2048 1024 768 ) (-2048 1024 -444 ) (-1552 1024 -444 ) 
4 194 266 (-1024 0 -444 ) (-1024 0 768 ) (-2048 0 768 ) (-2048 0 -444 ) 
4 194 199 (-1552 0 -444 ) (-1760 0 -444 ) (-1760 352 -444 ) (-1552 352 -444 ) 
4 194 200 (-1920 0 -444 ) (-2048 0 -444 ) (-2048 352 -444 ) (-1920 352 -444 ) 
4 194 197 (-1920 1024 -444 ) (-1552 1024 -444 ) (-1552 512 -444 ) (-1920 512 -444 ) 
4 194 198 (-2048 352 -444 ) (-2048 1024 -444 ) (-1920 1024 -444 ) (-1920 352 -444 ) 
4 194 196 (-1392 0 -444 ) (-1552 0 -444 ) (-1552 352 -444 ) (-1392 352 -444 ) 
4 194 195 (-1024 1024 -444 ) (-1024 0 -444 ) (-1392 0 -444 ) (-1392 1024 -444 ) 
4 195 267 (-1024 0 -480 ) (-1024 0 -444 ) (-1392 0 -444 ) (-1392 0 -480 ) 
4 195 202 (-1024 0 -480 ) (-1216 0 -480 ) (-1216 704 -480 ) (-1024 704 -480 ) 
4 195 201 (-1216 704 -480 ) (-1216 1024 -480 ) (-1024 1024 -480 ) (-1024 704 -480 ) 
4 195 204 (-1216 0 -480 ) (-1392 0 -480 ) (-1392 1024 -480 ) (-1216 1024 -480 ) 
4 195 196 (-1392 352 -480 ) (-1392 0 -480 ) (-1392 0 -444 ) (-1392 352 -444 ) 
4 196 267 (-1392 0 -444 ) (-1552 0 -444 ) (-1552 0 -480 ) (-1392 0 -480 ) 
4 196 204 (-1392 0 -480 ) (-1552 0 -480 ) (-1552 352 -480 ) (-1392 352 -480 ) 
4 196 199 (-1552 352 -480 ) (-1552 0 -480 ) (-1552 0 -444 ) (-1552 352 -444 ) 
4 197 204 (-1920 1024 -480 ) (-1552 1024 -480 ) (-1552 512 -480 ) (-1920 512 -480 ) 
4 197 198 (-1920 1024 -480 ) (-1920 512 -480 ) (-1920 512 -444 ) (-1920 1024 -444 ) 
4 198 204 (-2048 352 -480 ) (-2048 1024 -480 ) (-1920 1024 -480 ) (-1920 352 -480 ) 
4 198 200 (-2048 352 -480 ) (-1920 352 -480 ) (-1920 352 -444 ) (-2048 352 -444 ) 
4 199 267 (-1552 0 -444 ) (-1760 0 -444 ) (-1760 0 -480 ) (-1552 0 -480 ) 
4 199 204 (-1552 0 -480 ) (-1760 0 -480 ) (-1760 352 -480 ) (-1552 352 -480 ) 
4 200 268 (-1920 0 -444 ) (-2048 0 -444 ) (-2048 0 -480 ) (-1920 0 -480 ) 
4 200 204 (-1920 0 -480 ) (-2048 0 -480 ) (-2048 352 -480 ) (-1920 352 -480 ) 
4 201 203 (-1216 704 -736 ) (-1216 704 -768 ) (-1024 704 -768 ) (-1024 704 -736 ) 
4 201 202 (-1216 704 -480 ) (-1216 704 -736 ) (-1024 704 -736 ) (-1024 704 -480 ) 
4 201 204 (-1216 1024 -768 ) (-1216 704 -768 ) (-1216 704 -480 ) (-1216 1024 -480 ) 
4 202 270 (-1024 0 -736 ) (-1024 0 -480 ) (-1216 0 -480 ) (-1216 0 -736 ) 
4 202 204 (-1216 0 -736 ) (-1216 0 -480 ) (-1216 704 -480 ) (-1216 704 -736 ) 
4 202 203 (-1024 0 -736 ) (-1216 0 -736 ) (-1216 704 -736 ) (-1024 704 -736 ) 
4 203 271 (-1024 0 -768 ) (-1024 0 -736 ) (-1216 0 -736 ) (-1216 0 -768 ) 
4 203 204 (-1216 704 -768 ) (-1216 0 -768 ) (-1216 0 -736 ) (-1216 704 -736 ) 
4 204 273 (-1216 0 -480 ) (-2048 0 -480 ) (-2048 0 -768 ) (-1216 0 -768 ) 
4 205 240 (1024 0 768 ) (1024 0 -258 ) (1024 -1024 -258 ) (1024 -1024 768 ) 
4 205 215 (1948 -1024 768 ) (1932 -1024 768 ) (1932 -1024 -258 ) (1948 -1024 -258 ) 
4 205 214 (2048 -1024 -258 ) (2048 -1024 768 ) (1948 -1024 768 ) (1948 -1024 -258 ) 
4 205 218 (1932 -1024 768 ) (1024 -1024 768 ) (1024 -1024 -258 ) (1932 -1024 -258 ) 
4 205 207 (1932 0 -258 ) (1948 0 -258 ) (1948 -616 -258 ) (1932 -616 -258 ) 
4 205 208 (1948 -856 -258 ) (1948 -880 -258 ) (1932 -880 -258 ) (1932 -856 -258 ) 
4 205 206 (1948 0 -258 ) (2048 0 -258 ) (2048 -1024 -258 ) (1948 -1024 -258 ) 
4 205 209 (1024 -1024 -258 ) (1024 0 -258 ) (1932 0 -258 ) (1932 -1024 -258 ) 
4 206 214 (2048 -1024 -418 ) (2048 -1024 -258 ) (1948 -1024 -258 ) (1948 -1024 -418 ) 
4 206 210 (2048 -1024 -418 ) (1948 -1024 -418 ) (1948 0 -418 ) (2048 0 -418 ) 
4 206 207 (1948 0 -418 ) (1948 -616 -418 ) (1948 -616 -258 ) (1948 0 -258 ) 
4 206 208 (1948 -856 -418 ) (1948 -880 -418 ) (1948 -880 -258 ) (1948 -856 -258 ) 
4 207 210 (1932 -616 -418 ) (1932 0 -418 ) (1948 0 -418 ) (1948 -616 -418 ) 
4 207 209 (1932 0 -418 ) (1932 -616 -418 ) (1932 -616 -258 ) (1932 0 -258 ) 
4 208 210 (1932 -880 -418 ) (1932 -856 -418 ) (1948 -856 -418 ) (1948 -880 -418 ) 
4 208 209 (1932 -856 -418 ) (1932 -880 -418 ) (1932 -880 -258 ) (1932 -856 -258 ) 
4 209 240 (1024 0 -258 ) (1024 0 -418 ) (1024 -1024 -418 ) (1024 -1024 -258 ) 
4 209 218 (1932 -1024 -258 ) (1024 -1024 -258 ) (1024 -1024 -418 ) (1932 -1024 -418 ) 
4 209 211 (1440 -1024 -418 ) (1280 -1024 -418 ) (1280 0 -418 ) (1440 0 -418 ) 
4 209 210 (1932 -1024 -418 ) (1440 -1024 -418 ) (1440 0 -418 ) (1932 0 -418 ) 
4 209 212 (1280 -1024 -418 ) (1024 -1024 -418 ) (1024 0 -418 ) (1280 0 -418 ) 
4 210 228 (2048 -1024 -480 ) (2048 -1024 -424 ) (1440 -1024 -424 ) (1440 -1024 -480 ) 
4 210 216 (1948 -1024 -418 ) (1932 -1024 -418 ) (1932 -1024 -424 ) (1948 -1024 -424 ) 
4 210 214 (2048 -1024 -424 ) (2048 -1024 -418 ) (1948 -1024 -418 ) (1948 -1024 -424 ) 
4 210 218 (1932 -1024 -418 ) (1440 -1024 -418 ) (1440 -1024 -424 ) (1932 -1024 -424 ) 
4 210 213 (1440 0 -480 ) (2048 0 -480 ) (2048 -1024 -480 ) (1440 -1024 -480 ) 
4 210 211 (1440 -1024 -444 ) (1440 -1024 -418 ) (1440 0 -418 ) (1440 0 -444 ) 
4 211 229 (1280 -1024 -424 ) (1280 -1024 -444 ) (1440 -1024 -444 ) (1440 -1024 -424 ) 
4 211 218 (1440 -1024 -418 ) (1280 -1024 -418 ) (1280 -1024 -424 ) (1440 -1024 -424 ) 
4 211 212 (1280 -1024 -444 ) (1280 -1024 -418 ) (1280 0 -418 ) (1280 0 -444 ) 
4 212 240 (1024 0 -418 ) (1024 0 -480 ) (1024 -1024 -480 ) (1024 -1024 -418 ) 
4 212 231 (1024 -1024 -424 ) (1024 -1024 -480 ) (1280 -1024 -480 ) (1280 -1024 -424 ) 
4 212 218 (1280 -1024 -418 ) (1024 -1024 -418 ) (1024 -1024 -424 ) (1280 -1024 -424 ) 
4 212 213 (1024 -1024 -480 ) (1024 0 -480 ) (1280 0 -480 ) (1280 -1024 -480 ) 
4 213 241 (1024 0 -480 ) (1024 0 -768 ) (1024 -1024 -768 ) (1024 -1024 -480 ) 
4 213 230 (1440 -1024 -480 ) (1280 -1024 -480 ) (1280 -1024 -768 ) (1440 -1024 -768 ) 
4 213 228 (2048 -1024 -768 ) (2048 -1024 -480 ) (1440 -1024 -480 ) (1440 -1024 -768 ) 
4 213 231 (1280 -1024 -480 ) (1024 -1024 -480 ) (1024 -1024 -768 ) (1280 -1024 -768 ) 
4 214 233 (2032 -1408 -424 ) (1948 -1408 -424 ) (1948 -1280 -424 ) (2032 -1280 -424 ) 
4 214 232 (2048 -1280 -424 ) (2048 -1408 -424 ) (2032 -1408 -424 ) (2032 -1280 -424 ) 
4 214 228 (1948 -1024 -424 ) (2048 -1024 -424 ) (2048 -1280 -424 ) (1948 -1280 -424 ) 
4 214 225 (2032 -1408 -424 ) (2048 -1408 -424 ) (2048 -1408 -416 ) (2032 -1408 -416 ) 
4 214 222 (1948 -1408 -248 ) (1948 -1408 -272 ) (2018 -1408 -272 ) (2018 -1408 -248 ) 
4 214 220 (2018 -1408 768 ) (1948 -1408 768 ) (1948 -1408 -248 ) (2018 -1408 -248 ) 
4 214 223 (1948 -1408 -272 ) (1948 -1408 -416 ) (2018 -1408 -416 ) (2018 -1408 -272 ) 
4 214 219 (2048 -1408 -416 ) (2048 -1408 768 ) (2018 -1408 768 ) (2018 -1408 -416 ) 
4 214 215 (1948 -1120 -258 ) (1948 -1120 768 ) (1948 -1024 768 ) (1948 -1024 -258 ) 
4 214 216 (1948 -1024 -424 ) (1948 -1120 -424 ) (1948 -1120 -418 ) (1948 -1024 -418 ) 
4 214 217 (1948 -1120 -424 ) (1948 -1408 -424 ) (1948 -1408 768 ) (1948 -1120 768 ) 
4 215 218 (1932 -1120 -258 ) (1932 -1120 768 ) (1932 -1024 768 ) (1932 -1024 -258 ) 
4 215 217 (1932 -1120 768 ) (1932 -1120 -258 ) (1948 -1120 -258 ) (1948 -1120 768 ) 
4 216 228 (1932 -1024 -424 ) (1948 -1024 -424 ) (1948 -1120 -424 ) (1932 -1120 -424 ) 
4 216 217 (1932 -1120 -418 ) (1932 -1120 -424 ) (1948 -1120 -424 ) (1948 -1120 -418 ) 
4 216 218 (1932 -1024 -424 ) (1932 -1120 -424 ) (1932 -1120 -418 ) (1932 -1024 -418 ) 
4 217 233 (1948 -1280 -424 ) (1948 -1408 -424 ) (1932 -1408 -424 ) (1932 -1280 -424 ) 
4 217 228 (1948 -1120 -424 ) (1948 -1280 -424 ) (1932 -1280 -424 ) (1932 -1120 -424 ) 
4 217 222 (1948 -1408 -272 ) (1948 -1408 -248 ) (1932 -1408 -248 ) (1932 -1408 -272 ) 
4 217 220 (1948 -1408 -248 ) (1948 -1408 768 ) (1932 -1408 768 ) (1932 -1408 -248 ) 
4 217 223 (1948 -1408 -416 ) (1948 -1408 -272 ) (1932 -1408 -272 ) (1932 -1408 -416 ) 
4 217 218 (1932 -1120 -424 ) (1932 -1408 -424 ) (1932 -1408 768 ) (1932 -1120 768 ) 
4 218 256 (1024 -1408 768 ) (1024 -1280 768 ) (1024 -1280 -424 ) (1024 -1408 -424 ) 
4 218 255 (1024 -1280 768 ) (1024 -1024 768 ) (1024 -1024 -424 ) (1024 -1280 -424 ) 
4 218 236 (1024 -1408 -424 ) (1024 -1280 -424 ) (1440 -1280 -424 ) (1440 -1408 -424 ) 
4 218 233 (1624 -1280 -424 ) (1932 -1280 -424 ) (1932 -1408 -424 ) (1624 -1408 -424 ) 
4 218 235 (1440 -1280 -424 ) (1624 -1280 -424 ) (1624 -1408 -424 ) (1440 -1408 -424 ) 
4 218 229 (1280 -1024 -424 ) (1440 -1024 -424 ) (1440 -1280 -424 ) (1280 -1280 -424 ) 
4 218 228 (1440 -1024 -424 ) (1932 -1024 -424 ) (1932 -1280 -424 ) (1440 -1280 -424 ) 
4 218 231 (1024 -1280 -424 ) (1024 -1024 -424 ) (1280 -1024 -424 ) (1280 -1280 -424 ) 
4 218 227 (1024 -1408 -424 ) (1624 -1408 -424 ) (1624 -1408 -416 ) (1024 -1408 -416 ) 
4 218 222 (1932 -1408 -272 ) (1932 -1408 -248 ) (1636 -1408 -248 ) (1636 -1408 -272 ) 
4 218 220 (1932 -1408 -248 ) (1932 -1408 768 ) (1636 -1408 768 ) (1636 -1408 -248 ) 
4 218 223 (1932 -1408 -416 ) (1932 -1408 -272 ) (1636 -1408 -272 ) (1636 -1408 -416 ) 
4 218 224 (1636 -1408 768 ) (1024 -1408 768 ) (1024 -1408 -416 ) (1636 -1408 -416 ) 
4 219 226 (2032 -1536 -416 ) (2018 -1536 -416 ) (2018 -1488 -416 ) (2032 -1488 -416 ) 
4 219 225 (2048 -1536 -416 ) (2032 -1536 -416 ) (2032 -1408 -416 ) (2048 -1408 -416 ) 
4 219 222 (2018 -1408 -248 ) (2018 -1408 -272 ) (2018 -1439 -272 ) (2018 -1460 -248 ) 
4 219 221 (2018 -1486 -272 ) (2018 -1536 -272 ) (2018 -1536 -248 ) (2018 -1464 -248 ) 
4 219 220 (2018 -1408 768 ) (2018 -1408 -248 ) (2018 -1536 -248 ) (2018 -1536 768 ) 
4 219 223 (2018 -1408 -272 ) (2018 -1408 -416 ) (2018 -1536 -416 ) (2018 -1536 -272 ) 
4 220 222 (1636 -1460 -248 ) (1636 -1408 -248 ) (2018 -1408 -248 ) (2018 -1460 -248 ) 
4 220 221 (1636 -1536 -248 ) (1636 -1464 -248 ) (2018 -1464 -248 ) (2018 -1536 -248 ) 
4 220 224 (1636 -1408 768 ) (1636 -1408 -248 ) (1636 -1536 -248 ) (1636 -1536 768 ) 
4 221 224 (1636 -1486 -272 ) (1636 -1536 -272 ) (1636 -1536 -248 ) (1636 -1464 -248 ) 
4 221 223 (1636 -1536 -272 ) (1636 -1486 -272 ) (2018 -1486 -272 ) (2018 -1536 -272 ) 
4 222 223 (1636 -1439 -272 ) (1636 -1408 -272 ) (2018 -1408 -272 ) (2018 -1439 -272 ) 
4 222 224 (1636 -1408 -248 ) (1636 -1408 -272 ) (1636 -1439 -272 ) (1636 -1460 -248 ) 
4 223 226 (2018 -1536 -416 ) (1636 -1536 -416 ) (1636 -1488 -416 ) (2018 -1488 -416 ) 
4 223 224 (1636 -1408 -272 ) (1636 -1408 -416 ) (1636 -1536 -416 ) (1636 -1536 -272 ) 
4 224 258 (1024 -1536 768 ) (1024 -1440 768 ) (1024 -1440 -416 ) (1024 -1536 -416 ) 
4 224 256 (1024 -1440 768 ) (1024 -1408 768 ) (1024 -1408 -416 ) (1024 -1440 -416 ) 
4 224 226 (1636 -1536 -416 ) (1624 -1536 -416 ) (1624 -1488 -416 ) (1636 -1488 -416 ) 
4 224 227 (1624 -1536 -416 ) (1024 -1536 -416 ) (1024 -1408 -416 ) (1624 -1408 -416 ) 
4 225 239 (2048 -1488 -424 ) (2048 -1536 -424 ) (2032 -1536 -424 ) (2032 -1488 -424 ) 
4 225 232 (2032 -1408 -424 ) (2048 -1408 -424 ) (2048 -1488 -424 ) (2032 -1488 -424 ) 
4 225 226 (2032 -1536 -424 ) (2032 -1536 -416 ) (2032 -1488 -416 ) (2032 -1488 -424 ) 
4 226 239 (2032 -1488 -424 ) (2032 -1536 -424 ) (1624 -1536 -424 ) (1624 -1488 -424 ) 
4 226 227 (1624 -1536 -424 ) (1624 -1536 -416 ) (1624 -1488 -416 ) (1624 -1488 -424 ) 
4 227 258 (1024 -1440 -424 ) (1024 -1536 -424 ) (1024 -1536 -416 ) (1024 -1440 -416 ) 
4 227 256 (1024 -1408 -416 ) (1024 -1408 -424 ) (1024 -1440 -424 ) (1024 -1440 -416 ) 
4 227 239 (1024 -1536 -424 ) (1024 -1488 -424 ) (1624 -1488 -424 ) (1624 -1536 -424 ) 
4 227 236 (1024 -1440 -424 ) (1024 -1408 -424 ) (1440 -1408 -424 ) (1440 -1440 -424 ) 
4 227 238 (1024 -1488 -424 ) (1024 -1440 -424 ) (1440 -1440 -424 ) (1440 -1488 -424 ) 
4 227 235 (1440 -1408 -424 ) (1624 -1408 -424 ) (1624 -1488 -424 ) (1440 -1488 -424 ) 
4 228 233 (2032 -1280 -448 ) (2032 -1280 -424 ) (1624 -1280 -424 ) (1624 -1280 -448 ) 
4 228 234 (1624 -1280 -768 ) (2032 -1280 -768 ) (2032 -1280 -448 ) (1624 -1280 -448 ) 
4 228 232 (2032 -1280 -768 ) (2048 -1280 -768 ) (2048 -1280 -424 ) (2032 -1280 -424 ) 
4 228 235 (1440 -1280 -768 ) (1624 -1280 -768 ) (1624 -1280 -424 ) (1440 -1280 -424 ) 
4 228 229 (1440 -1280 -444 ) (1440 -1280 -424 ) (1440 -1024 -424 ) (1440 -1024 -444 ) 
4 228 230 (1440 -1024 -768 ) (1440 -1280 -768 ) (1440 -1280 -480 ) (1440 -1024 -480 ) 
4 229 236 (1440 -1280 -444 ) (1440 -1280 -424 ) (1280 -1280 -424 ) (1280 -1280 -444 ) 
4 229 231 (1280 -1280 -444 ) (1280 -1280 -424 ) (1280 -1024 -424 ) (1280 -1024 -444 ) 
4 230 237 (1280 -1280 -768 ) (1440 -1280 -768 ) (1440 -1280 -480 ) (1280 -1280 -480 ) 
4 230 231 (1280 -1024 -768 ) (1280 -1280 -768 ) (1280 -1280 -480 ) (1280 -1024 -480 ) 
4 231 255 (1024 -1280 -424 ) (1024 -1024 -424 ) (1024 -1024 -768 ) (1024 -1280 -768 ) 
4 231 236 (1280 -1280 -444 ) (1280 -1280 -424 ) (1024 -1280 -424 ) (1024 -1280 -444 ) 
4 231 237 (1024 -1280 -768 ) (1280 -1280 -768 ) (1280 -1280 -480 ) (1024 -1280 -480 ) 
4 232 239 (2032 -1488 -768 ) (2048 -1488 -768 ) (2048 -1488 -424 ) (2032 -1488 -424 ) 
4 232 233 (2032 -1280 -424 ) (2032 -1280 -448 ) (2032 -1456 -448 ) (2032 -1424 -424 ) 
4 232 234 (2032 -1280 -448 ) (2032 -1280 -768 ) (2032 -1488 -768 ) (2032 -1488 -448 ) 
4 233 234 (1624 -1456 -448 ) (1624 -1280 -448 ) (2032 -1280 -448 ) (2032 -1456 -448 ) 
4 233 235 (1624 -1280 -424 ) (1624 -1280 -448 ) (1624 -1456 -448 ) (1624 -1424 -424 ) 
4 234 239 (1624 -1488 -768 ) (2032 -1488 -768 ) (2032 -1488 -448 ) (1624 -1488 -448 ) 
4 234 235 (1624 -1280 -448 ) (1624 -1280 -768 ) (1624 -1488 -768 ) (1624 -1488 -448 ) 
4 235 239 (1440 -1488 -768 ) (1624 -1488 -768 ) (1624 -1488 -424 ) (1440 -1488 -424 ) 
4 235 236 (1440 -1280 -424 ) (1440 -1280 -444 ) (1440 -1440 -444 ) (1440 -1440 -424 ) 
4 235 237 (1440 -1280 -480 ) (1440 -1280 -768 ) (1440 -1440 -768 ) (1440 -1440 -480 ) 
4 235 238 (1440 -1440 -768 ) (1440 -1488 -768 ) (1440 -1488 -424 ) (1440 -1440 -424 ) 
4 236 256 (1024 -1440 -424 ) (1024 -1280 -424 ) (1024 -1280 -444 ) (1024 -1440 -444 ) 
4 236 238 (1440 -1440 -444 ) (1440 -1440 -424 ) (1024 -1440 -424 ) (1024 -1440 -444 ) 
4 237 257 (1024 -1280 -480 ) (1024 -1280 -768 ) (1024 -1440 -768 ) (1024 -1440 -480 ) 
4 237 238 (1024 -1440 -768 ) (1440 -1440 -768 ) (1440 -1440 -480 ) (1024 -1440 -480 ) 
4 238 258 (1024 -1488 -424 ) (1024 -1440 -424 ) (1024 -1440 -768 ) (1024 -1488 -768 ) 
4 238 239 (1024 -1488 -768 ) (1440 -1488 -768 ) (1440 -1488 -424 ) (1024 -1488 -424 ) 
4 239 258 (1024 -1536 -424 ) (1024 -1488 -424 ) (1024 -1488 -768 ) (1024 -1536 -768 ) 
4 240 255 (1024 -1024 -480 ) (1024 -1024 768 ) (0 -1024 768 ) (0 -1024 -480 ) 
4 240 246 (0 0 -400 ) (0 0 -480 ) (0 -1024 -480 ) (0 -1024 -400 ) 
4 240 245 (0 0 768 ) (0 0 -400 ) (0 -1024 -400 ) (0 -1024 768 ) 
4 240 242 (0 -704 -480 ) (0 0 -480 ) (704 0 -480 ) (704 -704 -480 ) 
4 240 244 (704 -1024 -480 ) (0 -1024 -480 ) (0 -704 -480 ) (704 -704 -480 ) 
4 240 241 (1024 -1024 -480 ) (704 -1024 -480 ) (704 0 -480 ) (1024 0 -480 ) 
4 241 255 (1024 -1024 -768 ) (1024 -1024 -480 ) (704 -1024 -480 ) (704 -1024 -768 ) 
4 241 243 (704 0 -768 ) (704 -704 -768 ) (704 -704 -736 ) (704 0 -736 ) 
4 241 242 (704 -704 -736 ) (704 -704 -480 ) (704 0 -480 ) (704 0 -736 ) 
4 241 244 (704 -704 -768 ) (704 -1024 -768 ) (704 -1024 -480 ) (704 -704 -480 ) 
4 242 252 (0 0 -480 ) (0 0 -736 ) (0 -704 -736 ) (0 -704 -480 ) 
4 242 244 (704 -704 -736 ) (704 -704 -480 ) (0 -704 -480 ) (0 -704 -736 ) 
4 242 243 (704 -704 -736 ) (0 -704 -736 ) (0 0 -736 ) (704 0 -736 ) 
4 243 253 (0 0 -736 ) (0 0 -768 ) (0 -704 -768 ) (0 -704 -736 ) 
4 243 244 (0 -704 -768 ) (704 -704 -768 ) (704 -704 -736 ) (0 -704 -736 ) 
4 244 255 (704 -1024 -480 ) (0 -1024 -480 ) (0 -1024 -768 ) (704 -1024 -768 ) 
4 244 254 (0 -704 -768 ) (0 -1024 -768 ) (0 -1024 -480 ) (0 -704 -480 ) 
4 245 266 (-1024 0 768 ) (-1024 0 -400 ) (-1024 -1024 -400 ) (-1024 -1024 768 ) 
4 245 259 (0 -1024 -400 ) (0 -1024 768 ) (-1024 -1024 768 ) (-1024 -1024 -400 ) 
4 245 251 (-544 -1024 -400 ) (-1024 -1024 -400 ) (-1024 -896 -400 ) (-544 -896 -400 ) 
4 245 247 (-544 -640 -400 ) (-544 -896 -400 ) (-704 -896 -400 ) (-704 -640 -400 ) 
4 245 250 (-1024 -896 -400 ) (-1024 0 -400 ) (-704 0 -400 ) (-704 -896 -400 ) 
4 245 246 (0 -1024 -400 ) (-544 -1024 -400 ) (-544 0 -400 ) (0 0 -400 ) 
4 246 260 (0 -1024 -480 ) (0 -1024 -444 ) (-544 -1024 -444 ) (-544 -1024 -480 ) 
4 246 259 (0 -1024 -444 ) (0 -1024 -400 ) (-544 -1024 -400 ) (-544 -1024 -444 ) 
4 246 252 (-544 0 -480 ) (0 0 -480 ) (0 -704 -480 ) (-544 -704 -480 ) 
4 246 254 (0 -704 -480 ) (0 -1024 -480 ) (-544 -1024 -480 ) (-544 -704 -480 ) 
4 246 251 (-544 -1024 -444 ) (-544 -1024 -400 ) (-544 -896 -400 ) (-544 -896 -444 ) 
3 246 249 (-544 -896 -444 ) (-544 -896 -416 ) (-544 -733.090942 -416 ) 
4 246 248 (-544 0 -480 ) (-544 -896 -480 ) (-544 -640 -416 ) (-544 0 -416 ) 
4 246 247 (-544 -896 -416 ) (-544 -896 -400 ) (-544 -640 -400 ) (-544 -733.090942 -416 ) 
4 247 251 (-544 -896 -416 ) (-544 -896 -400 ) (-704 -896 -400 ) (-704 -896 -416 ) 
4 247 249 (-544 -896 -416 ) (-704 -896 -416 ) (-704 -733.090942 -416 ) (-544 -733.090942 -416 ) 
4 247 250 (-704 -896 -416 ) (-704 -896 -400 ) (-704 -640 -400 ) (-704 -733.090942 -416 ) 
4 248 252 (-704 0 -480 ) (-544 0 -480 ) (-544 -704 -480 ) (-704 -704 -480 ) 
4 248 254 (-544 -704 -480 ) (-544 -896 -480 ) (-704 -896 -480 ) (-704 -704 -480 ) 
4 248 250 (-704 0 -480 ) (-704 -896 -480 ) (-704 -640 -416 ) (-704 0 -416 ) 
4 249 251 (-544 -896 -444 ) (-544 -896 -416 ) (-704 -896 -416 ) (-704 -896 -444 ) 
3 249 250 (-704 -896 -444 ) (-704 -896 -416 ) (-704 -733.090942 -416 ) 
4 250 267 (-1024 0 -444 ) (-1024 0 -480 ) (-1024 -896 -480 ) (-1024 -896 -444 ) 
4 250 266 (-1024 0 -400 ) (-1024 0 -444 ) (-1024 -896 -444 ) (-1024 -896 -400 ) 
4 250 252 (-1024 0 -480 ) (-704 0 -480 ) (-704 -704 -480 ) (-1024 -704 -480 ) 
4 250 254 (-704 -704 -480 ) (-704 -896 -480 ) (-1024 -896 -480 ) (-1024 -704 -480 ) 
4 250 251 (-704 -896 -444 ) (-704 -896 -400 ) (-1024 -896 -400 ) (-1024 -896 -444 ) 
4 251 266 (-1024 -1024 -444 ) (-1024 -1024 -400 ) (-1024 -896 -400 ) (-1024 -896 -444 ) 
4 251 259 (-544 -1024 -400 ) (-1024 -1024 -400 ) (-1024 -1024 -444 ) (-544 -1024 -444 ) 
4 252 270 (-1024 0 -480 ) (-1024 0 -736 ) (-1024 -704 -736 ) (-1024 -704 -480 ) 
4 252 254 (0 -704 -736 ) (0 -704 -480 ) (-1024 -704 -480 ) (-1024 -704 -736 ) 
4 252 253 (0 -704 -736 ) (-1024 -704 -736 ) (-1024 0 -736 ) (0 0 -736 ) 
4 253 271 (-1024 0 -736 ) (-1024 0 -768 ) (-1024 -704 -768 ) (-1024 -704 -736 ) 
4 253 254 (-1024 -704 -768 ) (0 -704 -768 ) (0 -704 -736 ) (-1024 -704 -736 ) 
4 254 272 (-1024 -704 -768 ) (-1024 -1024 -768 ) (-1024 -1024 -480 ) (-1024 -704 -480 ) 
4 254 265 (0 -1024 -768 ) (0 -1024 -480 ) (-1024 -1024 -480 ) (-1024 -1024 -768 ) 
4 255 265 (0 -1024 -480 ) (0 -1024 -768 ) (0 -1280 -768 ) (0 -1280 -480 ) 
4 255 261 (0 -1056 -480 ) (0 -1280 -480 ) (0 -1280 -444 ) (0 -1056 -444 ) 
4 255 260 (0 -1024 -444 ) (0 -1024 -480 ) (0 -1056 -480 ) (0 -1056 -444 ) 
4 255 259 (0 -1024 768 ) (0 -1024 -444 ) (0 -1280 -444 ) (0 -1280 768 ) 
4 255 256 (1024 -1280 -444 ) (1024 -1280 768 ) (0 -1280 768 ) (0 -1280 -444 ) 
4 255 257 (0 -1280 -768 ) (1024 -1280 -768 ) (1024 -1280 -480 ) (0 -1280 -480 ) 
4 256 259 (0 -1440 -444 ) (0 -1440 768 ) (0 -1280 768 ) (0 -1280 -444 ) 
4 256 258 (1024 -1440 -444 ) (1024 -1440 768 ) (0 -1440 768 ) (0 -1440 -444 ) 
4 257 265 (0 -1280 -768 ) (0 -1440 -768 ) (0 -1440 -480 ) (0 -1280 -480 ) 
4 257 258 (0 -1440 -768 ) (1024 -1440 -768 ) (1024 -1440 -480 ) (0 -1440 -480 ) 
4 258 265 (0 -1440 -768 ) (0 -1536 -768 ) (0 -1536 -480 ) (0 -1440 -480 ) 
4 258 262 (0 -1536 -480 ) (0 -1536 -444 ) (0 -1440 -444 ) (0 -1440 -480 ) 
4 258 259 (0 -1536 -444 ) (0 -1536 768 ) (0 -1440 768 ) (0 -1440 -444 ) 
4 259 274 (-1024 -1536 768 ) (-1024 -1024 768 ) (-1024 -1024 -444 ) (-1024 -1536 -444 ) 
4 259 264 (-1024 -1536 -444 ) (-1024 -1504 -444 ) (-768 -1504 -444 ) (-768 -1536 -444 ) 
4 259 263 (-1024 -1184 -444 ) (-1024 -1056 -444 ) (-768 -1056 -444 ) (-768 -1184 -444 ) 
4 259 262 (0 -1440 -444 ) (0 -1536 -444 ) (-768 -1536 -444 ) (-768 -1440 -444 ) 
4 259 261 (-768 -1056 -444 ) (0 -1056 -444 ) (0 -1280 -444 ) (-768 -1280 -444 ) 
4 259 260 (-544 -1024 -444 ) (0 -1024 -444 ) (0 -1056 -444 ) (-544 -1056 -444 ) 
4 260 265 (0 -1024 -480 ) (0 -1056 -480 ) (-544 -1056 -480 ) (-544 -1024 -480 ) 
4 260 261 (-544 -1056 -480 ) (0 -1056 -480 ) (0 -1056 -444 ) (-544 -1056 -444 ) 
4 261 265 (0 -1056 -480 ) (0 -1280 -480 ) (-768 -1280 -480 ) (-768 -1056 -480 ) 
4 261 263 (-768 -1056 -444 ) (-768 -1056 -480 ) (-768 -1184 -480 ) (-768 -1184 -444 ) 
4 262 265 (0 -1440 -480 ) (0 -1536 -480 ) (-768 -1536 -480 ) (-768 -1440 -480 ) 
4 262 264 (-768 -1504 -480 ) (-768 -1536 -480 ) (-768 -1536 -444 ) (-768 -1504 -444 ) 
4 263 276 (-1024 -1184 -444 ) (-1024 -1056 -444 ) (-1024 -1056 -480 ) (-1024 -1184 -480 ) 
4 263 265 (-1024 -1184 -480 ) (-1024 -1056 -480 ) (-768 -1056 -480 ) (-768 -1184 -480 ) 
4 264 277 (-1024 -1536 -444 ) (-1024 -1504 -444 ) (-1024 -1504 -480 ) (-1024 -1536 -480 ) 
4 264 265 (-1024 -1536 -480 ) (-1024 -1504 -480 ) (-768 -1504 -480 ) (-768 -1536 -480 ) 
4 265 279 (-1024 -1536 -480 ) (-1024 -1024 -480 ) (-1024 -1024 -768 ) (-1024 -1536 -768 ) 
4 266 274 (-1024 -1024 -444 ) (-1024 -1024 768 ) (-2048 -1024 768 ) (-2048 -1024 -444 ) 
4 266 269 (-1920 -1024 -444 ) (-2048 -1024 -444 ) (-2048 -896 -444 ) (-1920 -896 -444 ) 
4 266 267 (-1760 0 -444 ) (-1024 0 -444 ) (-1024 -896 -444 ) (-1760 -896 -444 ) 
4 266 268 (-2048 -896 -444 ) (-2048 0 -444 ) (-1920 0 -444 ) (-1920 -896 -444 ) 
4 267 270 (-1216 0 -480 ) (-1024 0 -480 ) (-1024 -704 -480 ) (-1216 -704 -480 ) 
4 267 272 (-1024 -704 -480 ) (-1024 -896 -480 ) (-1216 -896 -480 ) (-1216 -704 -480 ) 
4 267 273 (-1760 0 -480 ) (-1216 0 -480 ) (-1216 -896 -480 ) (-1760 -896 -480 ) 
4 268 273 (-2048 -896 -480 ) (-2048 0 -480 ) (-1920 0 -480 ) (-1920 -896 -480 ) 
4 268 269 (-2048 -896 -480 ) (-1920 -896 -480 ) (-1920 -896 -444 ) (-2048 -896 -444 ) 
4 269 275 (-1920 -1024 -444 ) (-2048 -1024 -444 ) (-2048 -1024 -480 ) (-1920 -1024 -480 ) 
4 269 273 (-2048 -1024 -480 ) (-2048 -896 -480 ) (-1920 -896 -480 ) (-1920 -1024 -480 ) 
4 270 272 (-1216 -704 -480 ) (-1216 -704 -736 ) (-1024 -704 -736 ) (-1024 -704 -480 ) 
4 270 273 (-1216 -704 -736 ) (-1216 -704 -480 ) (-1216 0 -480 ) (-1216 0 -736 ) 
4 270 271 (-1024 -704 -736 ) (-1216 -704 -736 ) (-1216 0 -736 ) (-1024 0 -736 ) 
4 271 272 (-1216 -704 -736 ) (-1216 -704 -768 ) (-1024 -704 -768 ) (-1024 -704 -736 ) 
4 271 273 (-1216 0 -768 ) (-1216 -704 -768 ) (-1216 -704 -736 ) (-1216 0 -736 ) 
4 272 279 (-1024 -1024 -768 ) (-1024 -1024 -480 ) (-1216 -1024 -480 ) (-1216 -1024 -768 ) 
4 272 273 (-1216 -704 -768 ) (-1216 -1024 -768 ) (-1216 -1024 -480 ) (-1216 -704 -480 ) 
4 273 279 (-1216 -1024 -480 ) (-2048 -1024 -480 ) (-2048 -1024 -768 ) (-1216 -1024 -768 ) 
4 274 276 (-1088 -1056 -444 ) (-1024 -1056 -444 ) (-1024 -1184 -444 ) (-1088 -1184 -444 ) 
4 274 277 (-1024 -1504 -444 ) (-1024 -1536 -444 ) (-1088 -1536 -444 ) (-1088 -1504 -444 ) 
4 274 278 (-2048 -1536 -444 ) (-2048 -1056 -444 ) (-1088 -1056 -444 ) (-1088 -1536 -444 ) 
4 274 275 (-2048 -1056 -444 ) (-2048 -1024 -444 ) (-1920 -1024 -444 ) (-1920 -1056 -444 ) 
4 275 279 (-2048 -1056 -480 ) (-2048 -1024 -480 ) (-1920 -1024 -480 ) (-1920 -1056 -480 ) 
4 275 278 (-2048 -1056 -480 ) (-1920 -1056 -480 ) (-1920 -1056 -444 ) (-2048 -1056 -444 ) 
4 276 279 (-1088 -1056 -480 ) (-1024 -1056 -480 ) (-1024 -1184 -480 ) (-1088 -1184 -480 ) 
4 276 278 (-1088 -1056 -444 ) (-1088 -1056 -480 ) (-1088 -1184 -480 ) (-1088 -1184 -444 ) 
4 277 279 (-1024 -1504 -480 ) (-1024 -1536 -480 ) (-1088 -1536 -480 ) (-1088 -1504 -480 ) 
4 277 278 (-1088 -1504 -480 ) (-1088 -1536 -480 ) (-1088 -1536 -444 ) (-1088 -1504 -444 ) 
4 278 279 (-2048 -1536 -480 ) (-2048 -1056 -480 ) (-1088 -1056 -480 ) (-1088 -1536 -480 ) 
