PRT1
289
828
4 0 1 (2464 2192 2528 ) (2464 2192 469.647034 ) (2656 2192 469.647034 ) (2656 2192 2528 ) 
4 1 5 (2624 2176 704 ) (2496 2176 704 ) (2496 2176 512 ) (2624 2176 512 ) 
4 1 4 (2624 2176 1280 ) (2496 2176 1280 ) (2496 2176 1152 ) (2624 2176 1152 ) 
4 1 3 (2624 2176 1568 ) (2496 2176 1568 ) (2496 2176 1440 ) (2624 2176 1440 ) 
4 1 2 (2624 2176 1888 ) (2496 2176 1888 ) (2496 2176 1760 ) (2624 2176 1760 ) 
4 2 6 (2624 2112 1888 ) (2496 2112 1888 ) (2496 2112 1760 ) (2624 2112 1760 ) 
4 3 6 (2624 2112 1568 ) (2496 2112 1568 ) (2496 2112 1440 ) (2624 2112 1440 ) 
4 4 6 (2624 2112 1280 ) (2496 2112 1280 ) (2496 2112 1152 ) (2624 2112 1152 ) 
4 5 7 (2624 2112 704 ) (2496 2112 704 ) (2496 2112 512 ) (2624 2112 512 ) 
4 6 23 (2048 2048 832 ) (2048 2048 2496 ) (2048 2112 2496 ) (2048 2112 832 ) 
4 6 8 (2752 2048 832 ) (2752 2048 2496 ) (2048 2048 2496 ) (2048 2048 832 ) 
4 7 24 (2048 2048 64 ) (2048 2048 768 ) (2048 2112 768 ) (2048 2112 64 ) 
4 7 13 (2752 2048 64 ) (2752 2048 768 ) (2048 2048 768 ) (2048 2048 64 ) 
4 8 39 (2048 1024 832 ) (2048 1024 2496 ) (2048 1536 2496 ) (2048 1536 832 ) 
4 8 31 (2048 1536 2496 ) (2048 2048 2496 ) (2048 2048 832 ) (2048 1536 832 ) 
4 8 22 (2048 1024 2048 ) (2048 1024 832 ) (2736 1024 832 ) (2736 1024 2048 ) 
4 8 20 (2048 1024 2496 ) (2048 1024 2048 ) (2752 1024 2048 ) (2752 1024 2496 ) 
4 8 12 (2048 1024 832 ) (2048 1536 832 ) (2480 1536 832 ) (2480 1024 832 ) 
4 8 10 (2576 1744 832 ) (2576 1664 832 ) (2480 1664 832 ) (2480 1744 832 ) 
4 8 11 (2576 1536 832 ) (2576 1024 832 ) (2480 1024 832 ) (2480 1536 832 ) 
4 8 9 (2752 1536 832 ) (2752 1024 832 ) (2576 1024 832 ) (2576 1536 832 ) 
4 9 22 (2576 1024 768 ) (2736 1024 768 ) (2736 1024 832 ) (2576 1024 832 ) 
4 9 17 (2656 1440 768 ) (2656 1536 768 ) (2672 1536 768 ) (2672 1440 768 ) 
4 9 18 (2672 1024 768 ) (2656 1024 768 ) (2656 1440 768 ) (2672 1440 768 ) 
4 9 19 (2656 1024 768 ) (2576 1024 768 ) (2576 1536 768 ) (2656 1536 768 ) 
4 9 15 (2752 1456 768 ) (2752 1440 768 ) (2672 1440 768 ) (2672 1456 768 ) 
4 9 14 (2752 1536 768 ) (2752 1456 768 ) (2672 1456 768 ) (2672 1536 768 ) 
4 9 16 (2752 1440 768 ) (2752 1024 768 ) (2672 1024 768 ) (2672 1440 768 ) 
4 9 11 (2576 1536 768 ) (2576 1024 768 ) (2576 1024 832 ) (2576 1536 832 ) 
4 10 13 (2480 1664 768 ) (2480 1744 768 ) (2576 1744 768 ) (2576 1664 768 ) 
4 11 22 (2480 1024 768 ) (2576 1024 768 ) (2576 1024 832 ) (2480 1024 832 ) 
4 11 19 (2576 1024 768 ) (2480 1024 768 ) (2480 1536 768 ) (2576 1536 768 ) 
4 11 12 (2480 1536 768 ) (2480 1024 768 ) (2480 1024 832 ) (2480 1536 832 ) 
4 12 39 (2048 1024 768 ) (2048 1024 832 ) (2048 1536 832 ) (2048 1536 768 ) 
4 12 22 (2048 1024 832 ) (2048 1024 768 ) (2480 1024 768 ) (2480 1024 832 ) 
4 12 19 (2480 1024 768 ) (2048 1024 768 ) (2048 1536 768 ) (2480 1536 768 ) 
4 13 32 (2048 1568 768 ) (2048 2048 768 ) (2048 2048 64 ) (2048 1568 64 ) 
4 14 17 (2672 1536 768 ) (2672 1536 80 ) (2672 1456 80 ) (2672 1456 768 ) 
4 14 15 (2672 1456 768 ) (2672 1456 80 ) (2752 1456 80 ) (2752 1456 768 ) 
4 15 17 (2672 1440 80 ) (2672 1440 768 ) (2672 1456 768 ) (2672 1456 80 ) 
4 15 16 (2672 1440 768 ) (2672 1440 80 ) (2752 1440 80 ) (2752 1440 768 ) 
4 16 22 (2672 1024 64 ) (2736 1024 64 ) (2736 1024 768 ) (2672 1024 768 ) 
4 16 18 (2672 1440 64 ) (2672 1024 64 ) (2672 1024 768 ) (2672 1440 768 ) 
4 17 18 (2656 1440 768 ) (2656 1440 80 ) (2672 1440 80 ) (2672 1440 768 ) 
4 17 19 (2656 1536 768 ) (2656 1536 80 ) (2656 1440 80 ) (2656 1440 768 ) 
4 18 22 (2656 1024 64 ) (2672 1024 64 ) (2672 1024 768 ) (2656 1024 768 ) 
4 18 19 (2656 1440 64 ) (2656 1024 64 ) (2656 1024 768 ) (2656 1440 768 ) 
4 19 39 (2048 1024 192 ) (2048 1024 768 ) (2048 1536 768 ) (2048 1536 192 ) 
4 19 54 (2048 1024 64 ) (2048 1024 192 ) (2048 1536 192 ) (2048 1536 64 ) 
4 19 22 (2048 1024 768 ) (2048 1024 64 ) (2656 1024 64 ) (2656 1024 768 ) 
4 20 137 (2752 0 2496 ) (2048 0 2496 ) (2048 0 2048 ) (2752 0 2048 ) 
4 20 83 (2048 0 2048 ) (2048 0 2496 ) (2048 1024 2496 ) (2048 1024 2048 ) 
4 20 22 (2048 0 2048 ) (2048 1024 2048 ) (2736 1024 2048 ) (2736 0 2048 ) 
4 20 21 (2752 32 2048 ) (2752 0 2048 ) (2736 0 2048 ) (2736 32 2048 ) 
4 21 137 (2752 0 2048 ) (2736 0 2048 ) (2736 0 64 ) (2752 0 64 ) 
4 21 22 (2736 0 64 ) (2736 0 2048 ) (2736 32 2048 ) (2736 32 64 ) 
4 22 137 (2736 0 64 ) (2736 0 2048 ) (2048 0 2048 ) (2048 0 64 ) 
4 22 83 (2048 0 64 ) (2048 0 2048 ) (2048 1024 2048 ) (2048 1024 64 ) 
4 23 31 (2048 2048 832 ) (2048 2048 2496 ) (1024 2048 2496 ) (1024 2048 832 ) 
4 23 26 (1024 2048 832 ) (1024 2048 2496 ) (1024 2112 2496 ) (1024 2112 832 ) 
4 24 32 (2048 2048 64 ) (2048 2048 768 ) (2040.530029 2048 768 ) (2040.530029 2048 64 ) 
4 25 33 (2016 2048 768 ) (1024 2048 768 ) (1024 2048 64 ) (2016 2048 64 ) 
4 25 30 (1024 2048 64 ) (1024 2048 768 ) (1024 2112 768 ) (1024 2112 64 ) 
5 26 60 (1024 2048 832 ) (1024 2048 2496 ) (544 2048 2496 ) (128 2048 1898 ) (128 2048 832 ) 
4 26 28 (128 2112 832 ) (128 2048 832 ) (128 2048 1024 ) (128 2112 1024 ) 
4 26 27 (128 2048 1024 ) (128 2048 1897.996094 ) (128 2112 1897.996094 ) (128 2112 1024 ) 
4 27 61 (128 2048 1898 ) (112 2048 1875 ) (112 2048 1024 ) (128 2048 1024 ) 
4 27 29 (112 2048 1024 ) (112 2048 1874.998169 ) (112 2112 1874.998169 ) (112 2112 1024 ) 
4 27 28 (112 2048 1024 ) (112 2112 1024 ) (128 2112 1024 ) (128 2048 1024 ) 
4 28 62 (112 2048 1024 ) (112 2048 832 ) (128 2048 832 ) (128 2048 1024 ) 
4 28 29 (112 2112 832 ) (112 2048 832 ) (112 2048 1024 ) (112 2112 1024 ) 
4 29 97 (0 2048 832 ) (0 2048 1024 ) (0 2112 1024 ) (0 2112 832 ) 
4 29 96 (0 2048 1024 ) (0 2048 1714 ) (0 2112 1714 ) (0 2112 1024 ) 
4 29 64 (112 2048 1875 ) (0 2048 1714 ) (0 2048 832 ) (112 2048 832 ) 
4 30 72 (584 2048 768 ) (480 2048 768 ) (480 2048 64 ) (584 2048 64 ) 
4 30 67 (1024 2048 64 ) (1024 2048 768 ) (584 2048 768 ) (584 2048 64 ) 
4 31 60 (1024 2048 2496 ) (1024 2048 832 ) (1024 1536 832 ) (1024 1536 2496 ) 
4 31 51 (1024 1536 2496 ) (1024 1536 832 ) (1720 1536 832 ) (1720 1536 2496 ) 
4 31 40 (1720 1536 832 ) (1832 1536 832 ) (1832 1536 2496 ) (1720 1536 2496 ) 
4 31 39 (1832 1536 832 ) (2048 1536 832 ) (2048 1536 2496 ) (1832 1536 2496 ) 
4 33 67 (1024 2048 768 ) (1024 2048 64 ) (1024 1648 64 ) (1024 1648 768 ) 
4 33 37 (1024 1648 416 ) (1024 1648 400 ) (1648 1648 400 ) (1552.799927 1648 416 ) 
3 33 36 (1024 1648 504.873932 ) (1024 1648 416 ) (1552.800293 1648 416 ) 
5 33 35 (1760 1648 768 ) (1024 1648 768 ) (1024 1648 520.874023 ) (1648 1648 416 ) (1760 1648 416 ) 
4 33 34 (2016 1648 400 ) (2016 1648 768 ) (1760 1648 768 ) (1760 1648 400 ) 
4 33 38 (1024 1648 64 ) (2016 1648 64 ) (2016 1648 400 ) (1024 1648 400 ) 
4 34 43 (1760 1536 400 ) (1832 1536 400 ) (1832 1536 768 ) (1760 1536 768 ) 
4 34 39 (1832 1536 400 ) (2016 1536 400 ) (2016 1536 768 ) (1832 1536 768 ) 
4 34 35 (1760 1648 768 ) (1760 1648 416 ) (1760 1536 416 ) (1760 1536 768 ) 
4 34 38 (1760 1648 400 ) (2016 1648 400 ) (2016 1536 400 ) (1760 1536 400 ) 
4 35 71 (1024 1536 520.874023 ) (1024 1536 560 ) (1024 1648 560 ) (1024 1648 520.874023 ) 
4 35 70 (1024 1536 560 ) (1024 1536 576 ) (1024 1648 576 ) (1024 1648 560 ) 
4 35 68 (1024 1536 576 ) (1024 1536 768 ) (1024 1648 768 ) (1024 1648 576 ) 
3 35 51 (1024 1536 768 ) (1024 1536 659.250000 ) (1720 1536 768 ) 
4 35 47 (1648 1536 416 ) (1720 1536 416 ) (1720 1536 768 ) (1648 1536 756.750000 ) 
4 35 50 (1024 1536 659.250000 ) (1024 1536 520.874023 ) (1648 1536 416 ) (1648 1536 756.750000 ) 
4 35 44 (1720 1536 416 ) (1760 1536 416 ) (1760 1536 768 ) (1720 1536 768 ) 
4 36 69 (1024 1536 416 ) (1024 1536 504.873932 ) (1024 1648 504.873932 ) (1024 1648 416 ) 
3 36 50 (1024 1536 504.873932 ) (1024 1536 416 ) (1552.800293 1536 416 ) 
4 36 37 (1024 1648 416 ) (1552.800293 1648 416 ) (1552.800293 1536 416 ) (1024 1536 416 ) 
4 37 69 (1024 1536 400 ) (1024 1536 416 ) (1024 1648 416 ) (1024 1648 400 ) 
4 37 50 (1024 1536 416 ) (1024 1536 400 ) (1648 1536 400 ) (1552.799927 1536 416 ) 
4 37 38 (1024 1648 400 ) (1648 1648 400 ) (1648 1536 400 ) (1024 1536 400 ) 
4 38 69 (1024 1648 64 ) (1024 1536 64 ) (1024 1536 400 ) (1024 1648 400 ) 
4 38 49 (1648 1536 192 ) (1720 1536 192 ) (1720 1536 208 ) (1648 1536 208 ) 
4 38 48 (1720 1536 208 ) (1720 1536 400 ) (1648 1536 400 ) (1648 1536 208 ) 
4 38 50 (1024 1536 400 ) (1024 1536 192 ) (1648 1536 192 ) (1648 1536 400 ) 
4 38 46 (1720 1536 192 ) (1760 1536 192 ) (1760 1536 208 ) (1720 1536 208 ) 
4 38 45 (1760 1536 208 ) (1760 1536 400 ) (1720 1536 400 ) (1720 1536 208 ) 
4 38 43 (1760 1536 192 ) (1832 1536 192 ) (1832 1536 400 ) (1760 1536 400 ) 
4 38 39 (1832 1536 192 ) (2016 1536 192 ) (2016 1536 400 ) (1832 1536 400 ) 
4 38 54 (1024 1536 192 ) (1024 1536 64 ) (2016 1536 64 ) (2016 1536 192 ) 
4 39 83 (2048 1024 192 ) (2048 1024 2496 ) (1832 1024 2496 ) (1832 1024 192 ) 
4 39 43 (1832 1536 192 ) (1832 1024 192 ) (1832 1024 768 ) (1832 1536 768 ) 
3 39 41 (1832 1536 816 ) (1832 1536 768 ) (1832 1392 768 ) 
5 39 40 (1832 1280 2496 ) (1832 1536 2496 ) (1832 1536 832 ) (1832 1392 784 ) (1832 1280 784 ) 
4 39 42 (1832 1024 768 ) (1832 1024 2496 ) (1832 1280 2496 ) (1832 1280 768 ) 
4 39 54 (1832 1536 192 ) (2048 1536 192 ) (2048 1024 192 ) (1832 1024 192 ) 
4 40 52 (1720 1280 2496 ) (1720 1392 2496 ) (1720 1392 784 ) (1720 1280 784 ) 
4 40 51 (1720 1392 2496 ) (1720 1536 2496 ) (1720 1536 832 ) (1720 1392 784 ) 
4 40 42 (1720 1280 2496 ) (1720 1280 784 ) (1832 1280 784 ) (1832 1280 2496 ) 
3 41 51 (1720 1536 816 ) (1720 1536 768 ) (1720 1392 768 ) 
4 41 44 (1720 1392 768 ) (1720 1536 768 ) (1760 1536 768 ) (1760 1392 768 ) 
4 41 43 (1760 1536 768 ) (1832 1536 768 ) (1832 1392 768 ) (1760 1392 768 ) 
4 42 84 (1760 1024 2496 ) (1720 1024 2496 ) (1720 1024 768 ) (1760 1024 768 ) 
4 42 83 (1832 1024 2496 ) (1760 1024 2496 ) (1760 1024 768 ) (1832 1024 768 ) 
4 42 53 (1720 1024 768 ) (1720 1024 2496 ) (1720 1280 2496 ) (1720 1280 768 ) 
4 42 44 (1720 1024 768 ) (1720 1280 768 ) (1760 1280 768 ) (1760 1024 768 ) 
4 42 43 (1760 1280 768 ) (1832 1280 768 ) (1832 1024 768 ) (1760 1024 768 ) 
4 43 83 (1760 1024 192 ) (1832 1024 192 ) (1832 1024 768 ) (1760 1024 768 ) 
4 43 46 (1760 1536 192 ) (1760 1080 192 ) (1760 1115.077026 208 ) (1760 1536 208 ) 
3 43 45 (1760 1536 400 ) (1760 1536 208 ) (1760 1115.076904 208 ) 
5 43 44 (1760 1024 208 ) (1760 1024 768 ) (1760 1536 768 ) (1760 1536 416 ) (1760 1080 208 ) 
4 43 54 (1760 1536 192 ) (1832 1536 192 ) (1832 1024 192 ) (1760 1024 192 ) 
4 44 85 (1720 1024 245.714294 ) (1720 1024 208 ) (1760 1024 208 ) (1760 1024 245.714264 ) 
4 44 84 (1720 1024 768 ) (1720 1024 245.714294 ) (1760 1024 245.714264 ) (1760 1024 768 ) 
5 44 47 (1720 1024 208 ) (1720 1024 768 ) (1720 1536 768 ) (1720 1536 416 ) (1720 1080 208 ) 
3 45 48 (1720 1536 400 ) (1720 1536 208 ) (1720 1115.076904 208 ) 
4 45 46 (1720 1115.077026 208 ) (1720 1536 208 ) (1760 1536 208 ) (1760 1115.077026 208 ) 
4 46 49 (1720 1536 192 ) (1720 1080 192 ) (1720 1115.077026 208 ) (1720 1536 208 ) 
4 46 54 (1720 1536 192 ) (1760 1536 192 ) (1760 1080 192 ) (1720 1080 192 ) 
4 47 85 (1720 1024 208 ) (1720 1024 245.714279 ) (1648 1024 245.714294 ) (1648 1024 208 ) 
4 47 84 (1720 1024 245.714279 ) (1720 1024 768 ) (1648 1024 756.750061 ) (1648 1024 245.714294 ) 
4 47 51 (1720 1392 768 ) (1720 1536 768 ) (1648 1536 756.750000 ) (1648 1392 756.750000 ) 
4 47 53 (1648 1024 756.750000 ) (1720 1024 768 ) (1720 1280 768 ) (1648 1280 756.750000 ) 
5 47 50 (1648 1024 208 ) (1648 1024 756.748108 ) (1648 1536 756.748108 ) (1648 1536 416 ) (1648 1080 208 ) 
4 48 49 (1648 1115.077026 208 ) (1648 1536 208 ) (1720 1536 208 ) (1720 1115.077026 208 ) 
3 48 50 (1648 1536 400 ) (1648 1536 208 ) (1648 1115.076904 208 ) 
4 49 50 (1648 1536 192 ) (1648 1080 192 ) (1648 1115.077026 208 ) (1648 1536 208 ) 
4 49 54 (1648 1536 192 ) (1720 1536 192 ) (1720 1080 192 ) (1648 1080 192 ) 
4 50 88 (1024 1024 659.250000 ) (1024 1024 192 ) (1648 1024 192 ) (1648 1024 756.750061 ) 
4 50 74 (1024 1280 659.250061 ) (1024 1392 659.250061 ) (1024 1392 192 ) (1024 1280 192 ) 
4 50 73 (1024 1392 659.250061 ) (1024 1536 659.250000 ) (1024 1536 192 ) (1024 1392 192 ) 
4 50 76 (1024 1024 192 ) (1024 1024 659.250122 ) (1024 1280 659.250061 ) (1024 1280 192 ) 
4 50 51 (1648 1392 756.750000 ) (1648 1536 756.750000 ) (1024 1536 659.249939 ) (1024 1392 659.249878 ) 
4 50 53 (1024 1024 659.249878 ) (1648 1024 756.750000 ) (1648 1280 756.750000 ) (1024 1280 659.249878 ) 
4 50 54 (1024 1024 192 ) (1024 1536 192 ) (1648 1536 192 ) (1648 1024 192 ) 
4 51 73 (1024 1536 768 ) (1024 1536 659.250000 ) (1024 1392 659.250061 ) (1024 1392 768 ) 
4 51 66 (1024 1536 832 ) (1024 1536 768 ) (1024 1392 768 ) (1024 1392 832 ) 
4 51 65 (1024 1392 2496 ) (1024 1536 2496 ) (1024 1536 832 ) (1024 1392 832 ) 
4 51 52 (1720 1392 784 ) (1720 1392 2496 ) (1024 1392 2496 ) (1024 1392 675.250000 ) 
4 52 75 (1024 1392 768 ) (1024 1392 675.249878 ) (1024 1280 675.250000 ) (1024 1280 768 ) 
4 52 66 (1024 1392 832 ) (1024 1392 768 ) (1024 1280 768 ) (1024 1280 832 ) 
4 52 65 (1024 1280 2496 ) (1024 1392 2496 ) (1024 1392 832 ) (1024 1280 832 ) 
4 52 53 (1720 1280 784 ) (1720 1280 2496 ) (1024 1280 2496 ) (1024 1280 675.250000 ) 
4 53 84 (1720 1024 2496 ) (1648 1024 2496 ) (1648 1024 756.750061 ) (1720 1024 768 ) 
4 53 88 (1648 1024 2496 ) (1024 1024 2496 ) (1024 1024 659.250000 ) (1648 1024 756.750061 ) 
4 53 76 (1024 1024 659.250122 ) (1024 1024 768 ) (1024 1280 768 ) (1024 1280 659.250061 ) 
4 53 66 (1024 1024 768 ) (1024 1024 832 ) (1024 1280 832 ) (1024 1280 768 ) 
4 53 65 (1024 1024 832 ) (1024 1024 2496 ) (1024 1280 2496 ) (1024 1280 832 ) 
4 54 86 (1760 1024 192 ) (1648 1024 192 ) (1648 1024 64 ) (1760 1024 64 ) 
4 54 83 (2048 1024 64 ) (2048 1024 192 ) (1760 1024 192 ) (1760 1024 64 ) 
4 54 88 (1648 1024 192 ) (1024 1024 192 ) (1024 1024 64 ) (1648 1024 64 ) 
4 54 74 (1024 1280 192 ) (1024 1392 192 ) (1024 1392 64 ) (1024 1280 64 ) 
4 54 73 (1024 1392 192 ) (1024 1536 192 ) (1024 1536 64 ) (1024 1392 64 ) 
4 54 76 (1024 1024 64 ) (1024 1024 192 ) (1024 1280 192 ) (1024 1280 64 ) 
4 55 99 (0 1024 2240 ) (0 1024 2243.327637 ) (0 1296 2243.327637 ) (0 1296 2240 ) 
4 55 98 (0 1296 2243.327637 ) (0 1504 2243.327637 ) (0 1504 2240 ) (0 1296 2240 ) 
4 55 89 (0 1024 2243.327637 ) (0 1024 2240 ) (256 1024 2240 ) (296.886047 1024 2294.514893 ) 
4 55 59 (256 1296 2240 ) (256 1024 2240 ) (240 1024 2240 ) (240 1296 2240 ) 
4 55 57 (240 1024 2240 ) (0 1024 2240 ) (0 1296 2240 ) (240 1296 2240 ) 
4 55 56 (256 1504 2240 ) (256 1296 2240 ) (0 1296 2240 ) (0 1504 2240 ) 
4 56 98 (0 1296 2240 ) (0 1504 2240 ) (0 1504 1856 ) (0 1296 1856 ) 
4 56 59 (256 1296 2240 ) (240 1296 2240 ) (0 1296 1880 ) (0 1296 1856 ) 
3 56 57 (240 1296 2240 ) (0 1296 2240 ) (0 1296 1880 ) 
4 57 99 (0 1024 1880 ) (0 1024 2240 ) (0 1296 2240 ) (0 1296 1880 ) 
3 57 91 (0 1024 2240 ) (0 1024 1880 ) (240 1024 2240 ) 
4 57 59 (0 1296 1880 ) (240 1296 2240 ) (240 1024 2240 ) (0 1024 1880 ) 
4 58 100 (0 1024 1760 ) (0 1024 1782.857178 ) (0 1296 1782.857178 ) (0 1296 1760 ) 
4 58 92 (0 1024 1782.857178 ) (0 1024 1760 ) (333.912964 1024 2240 ) (320 1024 2240 ) 
4 58 65 (333.913727 1296 2240 ) (333.913696 1024 2240 ) (0 1024 1759.998901 ) (0 1296 1759.998901 ) 
4 58 59 (320 1296 2240 ) (0 1296 1782.857422 ) (0 1024 1782.857422 ) (320 1024 2240 ) 
4 59 101 (0 1024 1782.857178 ) (0 1024 1880 ) (0 1296 1880 ) (0 1296 1782.857178 ) 
4 59 93 (0 1024 1880 ) (0 1024 1782.857178 ) (320 1024 2240 ) (240 1024 2240 ) 
4 60 62 (128 2048 832 ) (128 1888 832 ) (128 1888 1024 ) (128 2048 1024 ) 
4 60 61 (128 1888 1024 ) (128 1888 1897.996094 ) (128 2048 1897.996094 ) (128 2048 1024 ) 
4 60 63 (128 1888 832 ) (128 1536 832 ) (128 1536 1897.996094 ) (128 1888 1897.996094 ) 
5 60 65 (128 1536 832 ) (1024 1536 832 ) (1024 1536 2496 ) (544 1536 2496 ) (128 1536 1898 ) 
4 61 63 (112 1888 1875 ) (112 1888 1024 ) (128 1888 1024 ) (128 1888 1897.996094 ) 
4 61 64 (112 1888 1024 ) (112 1888 1874.998047 ) (112 2048 1874.998047 ) (112 2048 1024 ) 
4 61 62 (128 1888 1024 ) (112 1888 1024 ) (112 2048 1024 ) (128 2048 1024 ) 
4 62 63 (112 1888 1024 ) (112 1888 832 ) (128 1888 832 ) (128 1888 1024 ) 
4 62 64 (112 2048 832 ) (112 1888 832 ) (112 1888 1024 ) (112 2048 1024 ) 
4 63 65 (112 1536 832 ) (128 1536 832 ) (128 1536 1898 ) (112 1536 1875 ) 
4 63 64 (112 1888 832 ) (112 1536 832 ) (112 1536 1874.998047 ) (112 1888 1874.998047 ) 
4 64 107 (0 2048 1024 ) (0 2048 832 ) (0 1536 832 ) (0 1536 1024 ) 
4 64 103 (0 2048 1714 ) (0 2048 1024 ) (0 1536 1024 ) (0 1536 1714 ) 
4 64 65 (0 1536 832 ) (112 1536 832 ) (112 1536 1875 ) (0 1536 1714 ) 
4 65 110 (0 1024 832 ) (0 1024 1024 ) (0 1536 1024 ) (0 1536 832 ) 
4 65 104 (0 1024 1024 ) (0 1024 1760 ) (0 1536 1760 ) (0 1536 1024 ) 
5 65 95 (0 1024 1760 ) (0 1024 832 ) (1024 1024 832 ) (1024 1024 2240 ) (333.912964 1024 2240 ) 
4 65 90 (1024 1024 2240 ) (1024 1024 2496 ) (512 1024 2496 ) (333.912964 1024 2240 ) 
4 65 66 (1024 1024 832 ) (0 1024 832 ) (0 1536 832 ) (1024 1536 832 ) 
4 66 111 (0 1024 768 ) (0 1024 832 ) (0 1536 832 ) (0 1536 768 ) 
4 66 95 (0 1024 832 ) (0 1024 768 ) (1024 1024 768 ) (1024 1024 832 ) 
4 66 77 (696 1024 768 ) (584 1024 768 ) (584 1536 768 ) (696 1536 768 ) 
4 66 82 (584 1024 768 ) (0 1024 768 ) (0 1536 768 ) (584 1536 768 ) 
4 66 75 (696 1280 768 ) (696 1392 768 ) (1024 1392 768 ) (1024 1280 768 ) 
4 66 73 (696 1392 768 ) (696 1536 768 ) (1024 1536 768 ) (1024 1392 768 ) 
4 66 76 (1024 1024 768 ) (696 1024 768 ) (696 1280 768 ) (1024 1280 768 ) 
4 67 72 (584 2048 64 ) (584 1648 64 ) (584 1648 768 ) (584 2048 768 ) 
3 67 71 (1024 1648 520.873962 ) (1024 1648 560 ) (791.200378 1648 560 ) 
4 67 70 (1024 1648 560 ) (1024 1648 576 ) (696 1648 576 ) (791.200378 1648 560 ) 
5 67 69 (584 1648 560 ) (584 1648 64 ) (1024 1648 64 ) (1024 1648 504.873932 ) (696 1648 560 ) 
4 67 68 (584 1648 768 ) (584 1648 576 ) (1024 1648 576 ) (1024 1648 768 ) 
4 68 79 (584 1536 608 ) (584 1536 576 ) (696 1536 576 ) (696 1536 608 ) 
4 68 78 (584 1536 624 ) (584 1536 608 ) (696 1536 608 ) (696 1536 624 ) 
4 68 77 (696 1536 768 ) (584 1536 768 ) (584 1536 624 ) (696 1536 624 ) 
4 68 73 (1024 1536 576 ) (1024 1536 768 ) (696 1536 768 ) (696 1536 576 ) 
4 68 72 (584 1536 576 ) (584 1536 768 ) (584 1648 768 ) (584 1648 576 ) 
4 68 70 (1024 1536 576 ) (696 1536 576 ) (696 1648 576 ) (1024 1648 576 ) 
4 69 80 (584 1536 64 ) (696 1536 64 ) (696 1536 560 ) (584 1536 560 ) 
4 69 73 (696 1536 64 ) (1024 1536 64 ) (1024 1536 504.873932 ) (696 1536 560 ) 
4 69 72 (584 1648 64 ) (584 1536 64 ) (584 1536 560 ) (584 1648 560 ) 
4 70 73 (1024 1536 560 ) (1024 1536 576 ) (696 1536 576 ) (791.200378 1536 560 ) 
4 70 71 (1024 1536 560 ) (791.200439 1536 560 ) (791.200378 1648 560 ) (1024 1648 560 ) 
3 71 73 (1024 1536 520.873962 ) (1024 1536 560 ) (791.200378 1536 560 ) 
4 72 82 (480 1536 64 ) (584 1536 64 ) (584 1536 768 ) (480 1536 768 ) 
4 73 80 (696 1536 560 ) (696 1536 64 ) (696 1392 64 ) (696 1392 608 ) 
3 73 79 (696 1536 608 ) (696 1536 576 ) (696 1440 608 ) 
4 73 78 (696 1536 624 ) (696 1536 608 ) (696 1440 608 ) (696 1392 624 ) 
4 73 77 (696 1536 768 ) (696 1536 624 ) (696 1392 624 ) (696 1392 768 ) 
4 73 75 (696 1392 768 ) (696 1392 624 ) (1024 1392 675.250000 ) (1024 1392 768 ) 
4 73 74 (696 1392 608 ) (696 1392 64 ) (1024 1392 64 ) (1024 1392 659.250000 ) 
4 74 80 (696 1392 64 ) (696 1280 64 ) (696 1280 608 ) (696 1392 608 ) 
4 74 76 (696 1280 608 ) (696 1280 64 ) (1024 1280 64 ) (1024 1280 659.250000 ) 
4 75 77 (696 1280 624 ) (696 1280 768 ) (696 1392 768 ) (696 1392 624 ) 
4 75 76 (696 1280 768 ) (696 1280 624 ) (1024 1280 675.250000 ) (1024 1280 768 ) 
4 76 95 (696 1024 64 ) (1024 1024 64 ) (1024 1024 768 ) (696 1024 768 ) 
4 76 81 (696 1280 64 ) (696 1024 64 ) (696 1024 624 ) (696 1280 624 ) 
4 76 77 (696 1024 624 ) (696 1024 768 ) (696 1280 768 ) (696 1280 624 ) 
4 77 95 (696 1024 624 ) (696 1024 768 ) (584 1024 768 ) (584 1024 624 ) 
4 77 78 (584 1392 624 ) (584 1536 624 ) (696 1536 624 ) (696 1392 624 ) 
4 77 81 (584 1024 624 ) (584 1280 624 ) (696 1280 624 ) (696 1024 624 ) 
4 77 82 (584 1536 768 ) (584 1536 624 ) (584 1024 624 ) (584 1024 768 ) 
4 78 79 (584 1440 608 ) (584 1536 608 ) (696 1536 608 ) (696 1440 608 ) 
4 78 82 (584 1536 624 ) (584 1536 608 ) (584 1440 608 ) (584 1392 624 ) 
3 79 82 (584 1536 608 ) (584 1536 576 ) (584 1440 608 ) 
4 80 81 (696 1280 64 ) (696 1280 608 ) (584 1280 608 ) (584 1280 64 ) 
5 80 82 (584 1536 560 ) (584 1536 64 ) (584 1280 64 ) (584 1280 608 ) (584 1392 608 ) 
4 81 95 (584 1024 64 ) (696 1024 64 ) (696 1024 624 ) (584 1024 624 ) 
4 81 82 (584 1280 64 ) (584 1024 64 ) (584 1024 624 ) (584 1280 624 ) 
4 82 111 (0 1024 64 ) (0 1024 768 ) (0 1536 768 ) (0 1536 64 ) 
4 82 95 (0 1024 768 ) (0 1024 64 ) (584 1024 64 ) (584 1024 768 ) 
4 83 199 (2048 0 64 ) (2048 0 2496 ) (1760 0 2496 ) (1760 0 64 ) 
4 83 87 (1760 600 64 ) (1760 0 64 ) (1760 0 192 ) (1760 898.666626 192 ) 
4 83 86 (1760 1024 64 ) (1760 637.333374 64 ) (1760 936 192 ) (1760 1024 192 ) 
3 83 85 (1760 1024 245.714111 ) (1760 1024 208 ) (1760 936 208 ) 
5 83 84 (1760 0 192 ) (1760 0 2496 ) (1760 1024 2496 ) (1760 1024 245.714111 ) (1760 898.666687 192 ) 
4 84 199 (1760 0 2496 ) (1648 0 2496 ) (1648 0 192 ) (1760 0 192 ) 
4 84 87 (1648 0 192 ) (1648 898.666687 192 ) (1760 898.666687 192 ) (1760 0 192 ) 
4 84 85 (1648 935.995483 208 ) (1648 1024 245.716217 ) (1760 1024 245.716309 ) (1760 935.995422 208 ) 
5 84 88 (1648 0 192 ) (1648 0 2496 ) (1648 1024 2496 ) (1648 1024 245.714111 ) (1648 898.666687 192 ) 
3 85 88 (1648 1024 245.714111 ) (1648 1024 208 ) (1648 936 208 ) 
4 86 88 (1648 1024 64 ) (1648 637.333374 64 ) (1648 936 192 ) (1648 1024 192 ) 
4 87 199 (1648 0 192 ) (1648 0 64 ) (1760 0 64 ) (1760 0 192 ) 
4 87 88 (1648 600 64 ) (1648 0 64 ) (1648 0 192 ) (1648 898.666626 192 ) 
4 88 199 (1648 0 2496 ) (1024 0 2496 ) (1024 0 64 ) (1648 0 64 ) 
4 88 95 (1024 1024 2240 ) (1024 1024 64 ) (1024 0 64 ) (1024 0 2240 ) 
4 88 90 (1024 1024 2496 ) (1024 1024 2240 ) (1024 0 2240 ) (1024 0 2496 ) 
4 89 115 (0 128 2243.327637 ) (0 544 2243.327637 ) (0 544 2240 ) (0 128 2240 ) 
4 89 112 (0 544 2243.327637 ) (0 1024 2243.327637 ) (0 1024 2240 ) (0 544 2240 ) 
4 89 94 (0 128 2240 ) (0 544 2240 ) (256 544 2240 ) (256 128 2240 ) 
4 89 93 (240 1024 2240 ) (256 1024 2240 ) (256 544 2240 ) (240 544 2240 ) 
4 89 91 (0 544 2240 ) (0 1024 2240 ) (240 1024 2240 ) (240 544 2240 ) 
4 90 200 (1024 0 2240 ) (1024 0 2496 ) (512 0 2496 ) (333.913055 0 2240 ) 
4 90 95 (1024 0 2240 ) (333.913025 0 2240 ) (333.913055 1024 2240 ) (1024 1024 2240 ) 
4 91 112 (0 544 2240 ) (0 1024 2240 ) (0 1024 1880 ) (0 544 1880 ) 
3 91 94 (240 544 2240 ) (0 544 2240 ) (0 544 1880 ) 
4 91 93 (240.003906 544 2240 ) (0 544 1879.994141 ) (0 1024 1879.994141 ) (240.003891 1024 2240 ) 
4 92 113 (0 1024 1782.857178 ) (0 1024 1760 ) (0 544 1760 ) (0 544 1782.857178 ) 
4 92 95 (0 544 1759.998413 ) (0 1024 1759.998413 ) (333.914063 1024 2240 ) (333.914063 544 2240 ) 
4 92 93 (0 544 1782.857788 ) (320 544 2240 ) (320 1024 2240 ) (0 1024 1782.857788 ) 
4 93 114 (0 1024 1880 ) (0 1024 1782.857178 ) (0 544 1782.857178 ) (0 544 1880 ) 
4 93 94 (256 544 2240 ) (240 544 2240 ) (0 544 1880 ) (0 544 1856 ) 
4 94 115 (0 128 2240 ) (0 544 2240 ) (0 544 1856 ) (0 128 1856 ) 
5 95 200 (1024 0 64 ) (1024 0 2240 ) (333.913025 0 2240 ) (0 0 1760 ) (0 0 64 ) 
4 95 120 (0 0 64 ) (0 0 1024 ) (0 1024 1024 ) (0 1024 64 ) 
4 95 119 (0 0 1024 ) (0 0 1056 ) (0 1024 1056 ) (0 1024 1024 ) 
4 95 118 (0 0 1056 ) (0 0 1280 ) (0 1024 1280 ) (0 1024 1056 ) 
4 95 116 (0 0 1280 ) (0 0 1760 ) (0 544 1760 ) (0 544 1280 ) 
4 95 113 (0 544 1760 ) (0 1024 1760 ) (0 1024 1280 ) (0 544 1280 ) 
3 96 103 (0 2048 1024 ) (0 2048 1714 ) (-480 2048 1024 ) 
4 96 97 (0 2048 1024 ) (-480 2048 1024 ) (-480 2112 1024 ) (0 2112 1024 ) 
4 97 109 (-480 2048 1024 ) (-488 2048 1024 ) (-488 2048 832 ) (-480 2048 832 ) 
4 97 108 (-160 2048 1024 ) (-480 2048 1024 ) (-480 2048 832 ) (-160 2048 832 ) 
4 97 107 (0 2048 832 ) (0 2048 1024 ) (-160 2048 1024 ) (-160 2048 832 ) 
4 98 102 (-608 1296 1280 ) (-608 1504 1280 ) (-384 1504 1280 ) (-384 1296 1280 ) 
4 98 101 (-400 1296 1280 ) (-384 1296 1280 ) (0 1296 1856 ) (0 1296 1880 ) 
5 98 99 (0 1296 2243.326904 ) (-608 1296 2138.499268 ) (-608 1296 1280 ) (-400 1296 1280 ) (0 1296 1880 ) 
5 99 112 (0 1024 1880 ) (0 1024 2243.327637 ) (-608 1024 2138.500000 ) (-608 1024 1280 ) (-400 1024 1280 ) 
4 99 102 (-608 1024 1280 ) (-608 1296 1280 ) (-400 1296 1280 ) (-400 1024 1280 ) 
4 99 101 (-400 1024 1280 ) (-400 1296 1280 ) (0 1296 1879.997681 ) (0 1024 1879.997681 ) 
4 100 113 (0 1024 1760 ) (0 1024 1782.857178 ) (-352 1024 1280 ) (-333.913116 1024 1280 ) 
4 100 106 (-256 1024 1392 ) (-333.913055 1024 1280 ) (-333.913055 1088 1280 ) (-256 1088 1392 ) 
4 100 105 (-333.913055 1088 1280 ) (-333.913055 1296 1280 ) (-256 1296 1392 ) (-256 1088 1392 ) 
4 100 104 (0 1296 1760 ) (0 1024 1760 ) (-256 1024 1392 ) (-256 1296 1392 ) 
4 100 101 (0 1296 1782.859131 ) (-352.001282 1296 1280 ) (-352.001282 1024 1280 ) (0 1024 1782.859131 ) 
4 101 114 (0 1024 1782.857178 ) (0 1024 1880 ) (-400 1024 1280 ) (-352 1024 1280 ) 
4 101 102 (-400 1296 1280 ) (-384 1296 1280 ) (-384 1024 1280 ) (-400 1024 1280 ) 
4 102 117 (-608 1024 1280 ) (-608 1024 1184.033447 ) (-431.983276 1024 1184.033447 ) (-384 1024 1280 ) 
4 103 108 (-480 2048 1024 ) (-160 2048 1024 ) (-160 1568 1024 ) (-480 1568 1024 ) 
4 103 107 (-160 2048 1024 ) (0 2048 1024 ) (0 1536 1024 ) (-160 1536 1024 ) 
3 103 105 (-480 1536 1024 ) (-256 1536 1024 ) (-256 1536 1346 ) 
4 103 104 (-256 1536 1024 ) (0 1536 1024 ) (0 1536 1714 ) (-256 1536 1346 ) 
4 104 119 (0 1024 1024 ) (0 1024 1056 ) (-256 1024 1056 ) (-256 1024 1024 ) 
4 104 118 (0 1024 1056 ) (0 1024 1280 ) (-256 1024 1280 ) (-256 1024 1056 ) 
4 104 113 (0 1024 1280 ) (0 1024 1760 ) (-256 1024 1392 ) (-256 1024 1280 ) 
4 104 110 (0 1024 1024 ) (-256 1024 1024 ) (-256 1536 1024 ) (0 1536 1024 ) 
4 104 106 (-256 1024 1056 ) (-256 1024 1392.003906 ) (-256 1088 1392.003906 ) (-256 1088 1056 ) 
4 104 105 (-256 1536 1392.003906 ) (-256 1536 1024 ) (-256 1088 1024 ) (-256 1088 1392.003906 ) 
4 105 110 (-320 1536 1024 ) (-256 1536 1024 ) (-256 1088 1024 ) (-320 1088 1024 ) 
3 105 106 (-256 1088 1056 ) (-256 1088 1392 ) (-489.739136 1088 1056 ) 
4 106 118 (-333.913116 1024 1280 ) (-489.739197 1024 1056 ) (-256 1024 1056 ) (-256 1024 1280 ) 
3 106 113 (-256 1024 1392 ) (-333.913116 1024 1280 ) (-256 1024 1280 ) 
4 107 110 (0 1536 1024 ) (-160 1536 1024 ) (-160 1536 832 ) (0 1536 832 ) 
4 107 108 (-160 2048 832 ) (-160 1568 832 ) (-160 1568 1024 ) (-160 2048 1024 ) 
4 108 109 (-480 2048 832 ) (-480 1568 832 ) (-480 1568 1024 ) (-480 2048 1024 ) 
4 110 120 (0 1024 832 ) (0 1024 1024 ) (-320 1024 1024 ) (-320 1024 832 ) 
4 110 111 (0 1536 832 ) (0 1024 832 ) (-320 1024 832 ) (-320 1536 832 ) 
4 111 120 (0 1024 64 ) (0 1024 832 ) (-320 1024 832 ) (-320 1024 64 ) 
4 112 117 (-608 544 1280 ) (-608 1024 1280 ) (-400 1024 1280 ) (-400 544 1280 ) 
5 112 115 (-608 544 2138.500000 ) (-608 544 1280 ) (-400 544 1280 ) (0 544 1880 ) (0 544 2243.327637 ) 
4 112 114 (0 1024 1879.996094 ) (0 544 1879.996094 ) (-399.997314 544 1280 ) (-399.997345 1024 1280 ) 
4 113 118 (-333.913025 1024 1280 ) (0 1024 1280 ) (0 544 1280 ) (-333.913055 544 1280 ) 
3 113 116 (-333.913025 544 1280 ) (0 544 1280 ) (0 544 1760 ) 
4 113 114 (-352 1024 1280 ) (-352 544 1280 ) (0 544 1782.858643 ) (0 1024 1782.858643 ) 
4 114 117 (-400 1024 1280 ) (-384 1024 1280 ) (-384 544 1280 ) (-400 544 1280 ) 
4 114 115 (-400 544 1280 ) (-384 544 1280 ) (0 544 1856 ) (0 544 1880 ) 
4 115 117 (-608 128 1280 ) (-608 544 1280 ) (-384 544 1280 ) (-384 128 1280 ) 
3 116 207 (0 0 1280 ) (0 0 1760 ) (-333.913055 0 1280 ) 
4 116 118 (0 0 1280 ) (-333.913055 0 1280 ) (-333.913055 544 1280 ) (0 544 1280 ) 
4 118 207 (0 0 1056 ) (0 0 1280 ) (-333.913055 0 1280 ) (-489.739166 0 1056 ) 
4 118 119 (0 0 1056 ) (-256 0 1056 ) (-256 1024 1056 ) (0 1024 1056 ) 
4 119 208 (0 0 1024 ) (0 0 1056 ) (-256 0 1056 ) (-256 0 1024 ) 
4 119 120 (0 0 1024 ) (-256 0 1024 ) (-256 1024 1024 ) (0 1024 1024 ) 
4 120 209 (-256 0 1024 ) (-320 0 1024 ) (-320 0 64 ) (-256 0 64 ) 
4 120 208 (0 0 64 ) (0 0 1024 ) (-256 0 1024 ) (-256 0 64 ) 
4 121 134 (4096 -1024 824 ) (4096 -1024 832 ) (4096 -192 832 ) (4096 -192 824 ) 
4 121 131 (4096 -1024 832 ) (4096 -1024 2176 ) (4096 -192 2176 ) (4096 -192 832 ) 
4 121 125 (4096 -1024 2176 ) (4096 -1024 2496 ) (4096 -192 2496 ) (4096 -192 2176 ) 
4 121 123 (4416 -1024 824 ) (4416 -1024 2496 ) (4096 -1024 2496 ) (4096 -1024 824 ) 
4 121 122 (4096 -192 824 ) (4416 -192 824 ) (4416 -1024 824 ) (4096 -1024 824 ) 
4 122 135 (4096 -1024 128 ) (4096 -1024 824 ) (4096 -192 824 ) (4096 -192 128 ) 
4 122 124 (4416 -1024 128 ) (4416 -1024 824 ) (4096 -1024 824 ) (4096 -1024 128 ) 
4 123 173 (4416 -2048 824 ) (4416 -2048 2496 ) (4096 -2048 2496 ) (4096 -2048 824 ) 
4 123 152 (4096 -2048 824 ) (4096 -2048 2496 ) (4096 -1600 2496 ) (4096 -1600 824 ) 
4 123 141 (4096 -1024 832 ) (4096 -1024 824 ) (4096 -1600 824 ) (4096 -1600 832 ) 
4 123 139 (4096 -1600 2496 ) (4096 -1024 2496 ) (4096 -1024 832 ) (4096 -1600 832 ) 
4 123 124 (4096 -2048 824 ) (4096 -1024 824 ) (4416 -1024 824 ) (4416 -2048 824 ) 
4 124 174 (4416 -2048 128 ) (4416 -2048 824 ) (4096 -2048 824 ) (4096 -2048 128 ) 
4 124 161 (4096 -2048 128 ) (4096 -2048 752 ) (4096 -1600 752 ) (4096 -1600 128 ) 
4 124 156 (4096 -2048 752 ) (4096 -2048 768 ) (4096 -1600 768 ) (4096 -1600 752 ) 
4 124 153 (4096 -2048 768 ) (4096 -2048 824 ) (4096 -1600 824 ) (4096 -1600 768 ) 
4 124 142 (4096 -1600 824 ) (4096 -1024 824 ) (4096 -1024 128 ) (4096 -1600 128 ) 
4 125 139 (4096 -1024 2176 ) (4096 -1024 2496 ) (3673 -1024 2496 ) (3673 -1024 2176 ) 
4 125 131 (4096 -1024 2176 ) (3673 -1024 2176 ) (3673 -192 2176 ) (4096 -192 2176 ) 
4 126 143 (3264 -1024 2496 ) (3264 -1024 2176 ) (3584 -1024 2176 ) (3584 -1024 2496 ) 
4 126 128 (3264 -576 2176 ) (3264 -704 2176 ) (3264 -704 2240 ) (3264 -576 2240 ) 
4 126 129 (3264 -896 2176 ) (3264 -1024 2176 ) (3264 -1024 2240 ) (3264 -896 2240 ) 
4 126 127 (3264 -256 2176 ) (3264 -384 2176 ) (3264 -384 2240 ) (3264 -256 2240 ) 
4 127 130 (3239 -256 2176 ) (3239 -384 2176 ) (3239 -384 2240 ) (3239 -256 2240 ) 
4 128 130 (3239 -576 2176 ) (3239 -704 2176 ) (3239 -704 2240 ) (3239 -576 2240 ) 
4 129 130 (3239 -896 2176 ) (3239 -1024 2176 ) (3239 -1024 2240 ) (3239 -896 2240 ) 
4 130 150 (3072 -1024 2496 ) (3072 -1024 2176 ) (3239 -1024 2176 ) (3239 -1024 2496 ) 
4 130 138 (3072 -192 2176 ) (3072 -1024 2176 ) (3072 -1024 2496 ) (3072 -192 2496 ) 
4 130 133 (3239 -1024 2176 ) (3072 -1024 2176 ) (3072 -192 2176 ) (3239 -192 2176 ) 
4 131 139 (4096 -1024 832 ) (4096 -1024 2176 ) (3673 -1024 2176 ) (3673 -1024 832 ) 
4 131 134 (3760 -192 832 ) (4096 -192 832 ) (4096 -1024 832 ) (3760 -1024 832 ) 
4 131 132 (3673 -192 2151 ) (3673 -192 832 ) (3673 -1024 832 ) (3673 -1024 2151 ) 
4 132 148 (3568 -1024 832 ) (3584 -1024 832 ) (3584 -1024 2151 ) (3568 -1024 2151 ) 
4 132 149 (3239 -1024 2151 ) (3239 -1024 832 ) (3568 -1024 832 ) (3568 -1024 2151 ) 
4 132 140 (3584 -1024 832 ) (3673 -1024 832 ) (3673 -1024 2151 ) (3584 -1024 2151 ) 
4 132 136 (3239 -192 832 ) (3568 -192 832 ) (3568 -1024 832 ) (3239 -1024 832 ) 
4 132 133 (3239 -192 2151 ) (3239 -192 832 ) (3239 -1024 832 ) (3239 -1024 2151 ) 
4 133 150 (3239 -1024 2176 ) (3072 -1024 2176 ) (3072 -1024 832 ) (3239 -1024 832 ) 
4 133 138 (3072 -1024 832 ) (3072 -1024 2176 ) (3072 -192 2176 ) (3072 -192 832 ) 
4 133 136 (3072 -1024 832 ) (3072 -192 832 ) (3239 -192 832 ) (3239 -1024 832 ) 
4 134 141 (4096 -1024 824 ) (4096 -1024 832 ) (3760 -1024 832 ) (3760 -1024 824 ) 
4 134 135 (4096 -1024 824 ) (3760 -1024 824 ) (3760 -192 824 ) (4096 -192 824 ) 
4 135 142 (4096 -1024 128 ) (4096 -1024 824 ) (3760 -1024 824 ) (3760 -1024 128 ) 
4 136 163 (3072 -1024 96 ) (3072 -1024 64 ) (3568 -1024 64 ) (3568 -1024 96 ) 
4 136 150 (3239 -1024 832 ) (3072 -1024 832 ) (3072 -1024 96 ) (3239 -1024 96 ) 
4 136 149 (3568 -1024 832 ) (3239 -1024 832 ) (3239 -1024 96 ) (3568 -1024 96 ) 
4 136 138 (3072 -1024 64 ) (3072 -1024 832 ) (3072 -192 832 ) (3072 -192 64 ) 
4 137 199 (2048 0 2496 ) (2048 0 64 ) (2048 -192 64 ) (2048 -192 2496 ) 
4 137 138 (2048 -192 64 ) (2752 -192 64 ) (2752 -192 2496 ) (2048 -192 2496 ) 
4 138 199 (2048 -192 64 ) (2048 -1024 64 ) (2048 -1024 2496 ) (2048 -192 2496 ) 
4 138 170 (3072 -1024 64 ) (3072 -1024 96 ) (2048 -1024 96 ) (2048 -1024 64 ) 
4 138 168 (3072 -1024 96 ) (3072 -1024 2496 ) (2048 -1024 2496 ) (2048 -1024 96 ) 
4 139 154 (3760 -1600 2496 ) (3673 -1600 2496 ) (3673 -1600 832 ) (3760 -1600 832 ) 
4 139 152 (4096 -1600 832 ) (4096 -1600 2496 ) (3760 -1600 2496 ) (3760 -1600 832 ) 
4 139 141 (4096 -1600 832 ) (3760 -1600 832 ) (3760 -1024 832 ) (4096 -1024 832 ) 
4 139 140 (3673 -1024 832 ) (3673 -1600 832 ) (3673 -1600 2151 ) (3673 -1024 2151 ) 
4 140 154 (3584 -1600 2151 ) (3584 -1600 832 ) (3673 -1600 832 ) (3673 -1600 2151 ) 
4 140 148 (3584 -1536 2151 ) (3584 -1024 2151 ) (3584 -1024 832 ) (3584 -1536 832 ) 
4 141 152 (4096 -1600 824 ) (4096 -1600 832 ) (3760 -1600 832 ) (3760 -1600 824 ) 
4 141 142 (4096 -1600 824 ) (3760 -1600 824 ) (3760 -1024 824 ) (4096 -1024 824 ) 
4 142 161 (4096 -1600 128 ) (4096 -1600 752 ) (3760 -1600 752 ) (3760 -1600 128 ) 
4 142 158 (3920 -1600 768 ) (3760 -1600 768 ) (3760 -1600 752 ) (3920 -1600 752 ) 
4 142 156 (4096 -1600 752 ) (4096 -1600 768 ) (3920 -1600 768 ) (3920 -1600 752 ) 
4 142 153 (4096 -1600 768 ) (4096 -1600 824 ) (3760 -1600 824 ) (3760 -1600 768 ) 
4 143 147 (3264 -1216 2176 ) (3264 -1344 2176 ) (3264 -1344 2240 ) (3264 -1216 2240 ) 
4 143 144 (3584 -1506 2496 ) (3264 -1506 2496 ) (3264 -1506 2176 ) (3584 -1506 2176 ) 
4 144 145 (3584 -1536 2496 ) (3264 -1536 2496 ) (3264 -1536 2176 ) (3584 -1536 2176 ) 
4 145 146 (3264 -1570.290039 2496 ) (3264 -1570.290039 2176 ) (3456 -1570.290039 2176 ) (3456 -1570.290039 2496 ) 
4 146 162 (3456 -1600 2496 ) (3264 -1600 2496 ) (3264 -1600 2176 ) (3456 -1600 2176 ) 
4 147 150 (3239 -1216 2176 ) (3239 -1344 2176 ) (3239 -1344 2240 ) (3239 -1216 2240 ) 
4 148 149 (3568 -1536 832 ) (3568 -1536 2151 ) (3568 -1024 2151 ) (3568 -1024 832 ) 
4 149 163 (3239 -1024 96 ) (3568 -1024 96 ) (3568 -1536 96 ) (3239 -1536 96 ) 
4 149 150 (3239 -1024 2151 ) (3239 -1024 96 ) (3239 -1536 96 ) (3239 -1536 2151 ) 
4 150 168 (3072 -1024 2496 ) (3072 -1024 96 ) (3072 -1536 96 ) (3072 -1536 2496 ) 
4 150 163 (3072 -1024 96 ) (3239 -1024 96 ) (3239 -1536 96 ) (3072 -1536 96 ) 
4 150 151 (3136 -1536 96 ) (3232 -1536 96 ) (3232 -1536 192 ) (3136 -1536 192 ) 
4 151 164 (3232 -1600 96 ) (3136 -1600 96 ) (3136 -1536 96 ) (3232 -1536 96 ) 
4 151 162 (3136 -1600 96 ) (3232 -1600 96 ) (3232 -1600 192 ) (3136 -1600 192 ) 
4 152 175 (4096 -2048 824 ) (4096 -2048 2496 ) (3760 -2048 2496 ) (3760 -2048 824 ) 
4 152 154 (3760 -2048 824 ) (3760 -2048 2496 ) (3760 -1600 2496 ) (3760 -1600 824 ) 
4 152 153 (3760 -2048 824 ) (3760 -1600 824 ) (4096 -1600 824 ) (4096 -2048 824 ) 
4 153 176 (4096 -2048 768 ) (4096 -2048 824 ) (3760 -2048 824 ) (3760 -2048 768 ) 
4 153 158 (3920 -2048 768 ) (3760 -2048 768 ) (3760 -1600 768 ) (3920 -1600 768 ) 
3 153 157 (3920 -2016 768 ) (3920 -1988 768 ) (3960 -2028 768 ) 
5 153 156 (4096 -2048 768 ) (3980 -2048 768 ) (3920 -1988 768 ) (3920 -1600 768 ) (4096 -1600 768 ) 
4 153 155 (3760 -1600 768 ) (3760 -2048 768 ) (3760 -2048 824 ) (3760 -1600 824 ) 
4 154 177 (3760 -2048 2496 ) (3584 -2048 2496 ) (3584 -2048 824 ) (3760 -2048 824 ) 
4 154 155 (3584 -2048 824 ) (3584 -1600 824 ) (3760 -1600 824 ) (3760 -2048 824 ) 
4 155 178 (3584 -2048 824 ) (3584 -2048 768 ) (3760 -2048 768 ) (3760 -2048 824 ) 
3 155 160 (3720 -2028 768 ) (3760 -1988 768 ) (3760 -2016 768 ) 
5 155 159 (3700 -2048 768 ) (3584 -2048 768 ) (3584 -1600 768 ) (3760 -1600 768 ) (3760 -1988 768 ) 
4 156 180 (4076 -2048 768 ) (3980 -2048 768 ) (3980 -2048 752 ) (4076 -2048 752 ) 
4 156 179 (4096 -2048 752 ) (4096 -2048 768 ) (4076 -2048 768 ) (4076 -2048 752 ) 
5 156 161 (3920 -1600 752 ) (4096 -1600 752 ) (4096 -2048 752 ) (3980 -2048 752 ) (3920 -1988 752 ) 
4 156 158 (3920 -1600 752 ) (3920 -1988 752 ) (3920 -1988 768 ) (3920 -1600 768 ) 
4 156 157 (3920 -1988 768 ) (3920 -1988 752 ) (3960 -2028 752 ) (3960 -2028 768 ) 
3 157 161 (3920 -2016 752 ) (3920 -1988 752 ) (3960 -2028 752 ) 
4 157 158 (3920 -1988 752 ) (3920 -2016 752 ) (3920 -2016 768 ) (3920 -1988 768 ) 
4 158 184 (3920 -2048 768 ) (3760 -2048 768 ) (3760 -2048 752 ) (3920 -2048 752 ) 
4 158 161 (3760 -1600 752 ) (3920 -1600 752 ) (3920 -2048 752 ) (3760 -2048 752 ) 
4 158 160 (3760 -1988 752 ) (3760 -2016 752 ) (3760 -2016 768 ) (3760 -1988 768 ) 
4 158 159 (3760 -1600 752 ) (3760 -1988 752 ) (3760 -1988 768 ) (3760 -1600 768 ) 
4 159 186 (3700 -2048 768 ) (3694.400146 -2048 768 ) (3694.400146 -2048 752 ) (3700 -2048 752 ) 
4 159 185 (3694.400146 -2048 768 ) (3584 -2048 768 ) (3584 -2048 752 ) (3694.400146 -2048 752 ) 
5 159 161 (3584 -2048 752 ) (3584 -1600 752 ) (3760 -1600 752 ) (3760 -1988 752 ) (3700 -2048 752 ) 
4 159 160 (3720 -2028 752 ) (3760 -1988 752 ) (3760 -1988 768 ) (3720 -2028 768 ) 
3 160 161 (3760 -1988 752 ) (3760 -2016 752 ) (3720 -2028 752 ) 
4 161 190 (4096 -2048 128 ) (4096 -2048 752 ) (3584 -2048 752 ) (3584 -2048 128 ) 
4 162 169 (3072 -1600 96 ) (3072 -1981.709961 96 ) (3072 -1981.709961 2560 ) (3072 -1600 2560 ) 
4 162 167 (3072 -1981.709961 96 ) (3072 -1792 96 ) (3136 -1792 96 ) (3136 -1981.709961 96 ) 
4 162 166 (3072 -1792 96 ) (3072 -1600 96 ) (3136 -1600 96 ) (3136 -1792 96 ) 
4 162 165 (3136 -1600 96 ) (3456 -1600 96 ) (3456 -1981.709961 96 ) (3136 -1981.709961 96 ) 
4 163 170 (3072 -1024 96 ) (3072 -1024 64 ) (3072 -1536 64 ) (3072 -1536 96 ) 
4 163 164 (3232 -1536 80 ) (3232 -1536 96 ) (3136 -1536 96 ) (3136 -1536 80 ) 
4 164 165 (3232 -1600 80 ) (3232 -1600 96 ) (3136 -1600 96 ) (3136 -1600 80 ) 
4 165 167 (3136 -1792 64 ) (3136 -1981.709961 64 ) (3136 -1981.709961 96 ) (3136 -1792 96 ) 
4 165 166 (3136 -1600 96 ) (3136 -1600 64 ) (3136 -1792 64 ) (3136 -1792 96 ) 
4 166 171 (3072 -1600 64 ) (3072 -1792 64 ) (3072 -1792 96 ) (3072 -1600 96 ) 
4 166 167 (3072 -1792 64 ) (3136 -1792 64 ) (3136 -1792 96 ) (3072 -1792 96 ) 
4 167 172 (3072 -1792 64 ) (3072 -1981.709961 64 ) (3072 -1981.709961 96 ) (3072 -1792 96 ) 
4 168 201 (2048 -1024 2496 ) (2048 -1024 96 ) (2048 -1536 96 ) (2048 -1536 2496 ) 
4 168 170 (3072 -1024 96 ) (3072 -1536 96 ) (2048 -1536 96 ) (2048 -1024 96 ) 
4 169 172 (3072 -1792 96 ) (3072 -1981.709961 96 ) (2944 -1981.709961 96 ) (2944 -1792 96 ) 
4 169 171 (3072 -1600 96 ) (3072 -1792 96 ) (2944 -1792 96 ) (2944 -1600 96 ) 
4 170 201 (2048 -1536 96 ) (2048 -1024 96 ) (2048 -1024 64 ) (2048 -1536 64 ) 
4 171 172 (2944 -1792 96 ) (2944 -1792 64 ) (3072 -1792 64 ) (3072 -1792 96 ) 
4 173 175 (4096 -2048 2496 ) (4096 -2048 824 ) (4096 -2240 824 ) (4096 -2240 2496 ) 
4 173 174 (4096 -2048 824 ) (4416 -2048 824 ) (4416 -2240 824 ) (4096 -2240 824 ) 
4 174 190 (4096 -2048 752 ) (4096 -2048 128 ) (4096 -2240 128 ) (4096 -2240 752 ) 
4 174 179 (4096 -2048 768 ) (4096 -2048 752 ) (4096 -2240 752 ) (4096 -2240 768 ) 
4 174 176 (4096 -2048 824 ) (4096 -2048 768 ) (4096 -2240 768 ) (4096 -2240 824 ) 
4 175 177 (3760 -2240 824 ) (3760 -2240 2496 ) (3760 -2048 2496 ) (3760 -2048 824 ) 
4 175 176 (4096 -2240 824 ) (3760 -2240 824 ) (3760 -2048 824 ) (4096 -2048 824 ) 
4 176 184 (3760 -2048 768 ) (3920 -2048 768 ) (3920 -2240 768 ) (3760 -2240 768 ) 
3 176 183 (4000 -2096 768 ) (4006.461426 -2117.538330 768 ) (3988 -2136 768 ) 
3 176 182 (3988 -2056 768 ) (4028 -2096 768 ) (4006.461426 -2117.538330 768 ) 
3 176 181 (3960 -2164 768 ) (3920 -2204 768 ) (3920 -2176 768 ) 
3 176 180 (3980 -2048 768 ) (4076 -2048 768 ) (4028 -2096 768 ) 
5 176 179 (4076 -2048 768 ) (4096 -2048 768 ) (4096 -2240 768 ) (3920 -2240 768 ) (3920 -2204 768 ) 
4 176 178 (3760 -2048 768 ) (3760 -2240 768 ) (3760 -2240 824 ) (3760 -2048 824 ) 
4 177 178 (3584 -2240 824 ) (3584 -2048 824 ) (3760 -2048 824 ) (3760 -2240 824 ) 
3 178 189 (3760 -2176 768 ) (3760 -2204 768 ) (3720 -2164 768 ) 
4 178 188 (3760 -2204 768 ) (3760 -2240 768 ) (3723.199951 -2240 768 ) (3692 -2136 768 ) 
3 178 187 (3723.199951 -2240 768 ) (3636.799805 -2240 768 ) (3680 -2096 768 ) 
3 178 186 (3694.399902 -2048 768 ) (3700 -2048 768 ) (3692 -2056 768 ) 
4 178 185 (3584 -2048 768 ) (3694.399902 -2048 768 ) (3636.799805 -2240 768 ) (3584 -2240 768 ) 
5 179 190 (4076 -2048 752 ) (4096 -2048 752 ) (4096 -2240 752 ) (3920 -2240 752 ) (3920 -2204 752 ) 
4 179 184 (3920 -2204 752 ) (3920 -2240 752 ) (3920 -2240 768 ) (3920 -2204 768 ) 
4 179 183 (4006.461426 -2117.538574 752 ) (3988 -2136 752 ) (3988 -2136 768 ) (4006.461426 -2117.538574 768 ) 
4 179 182 (4028 -2096 752 ) (4006.461426 -2117.538574 752 ) (4006.461426 -2117.538574 768 ) (4028 -2096 768 ) 
4 179 181 (3960 -2164 752 ) (3920 -2204 752 ) (3920 -2204 768 ) (3960 -2164 768 ) 
4 179 180 (4076 -2048 752 ) (4028 -2096 752 ) (4028 -2096 768 ) (4076 -2048 768 ) 
3 180 190 (3980 -2048 752 ) (4076 -2048 752 ) (4028 -2096 752 ) 
4 180 182 (3988 -2056 752 ) (4028 -2096 752 ) (4028 -2096 768 ) (3988 -2056 768 ) 
3 181 190 (3960 -2164 752 ) (3920 -2204 752 ) (3920 -2176 752 ) 
4 181 184 (3920 -2176 752 ) (3920 -2204 752 ) (3920 -2204 768 ) (3920 -2176 768 ) 
3 182 190 (3988 -2056 752 ) (4028 -2096 752 ) (4006.461426 -2117.538330 752 ) 
4 182 183 (4000 -2096 752 ) (4006.460938 -2117.538818 752 ) (4006.460938 -2117.538818 768 ) (4000 -2096 768 ) 
3 183 190 (4000 -2096 752 ) (4006.461426 -2117.538330 752 ) (3988 -2136 752 ) 
4 184 190 (3760 -2048 752 ) (3920 -2048 752 ) (3920 -2240 752 ) (3760 -2240 752 ) 
4 184 189 (3760 -2176 752 ) (3760 -2204 752 ) (3760 -2204 768 ) (3760 -2176 768 ) 
4 184 188 (3760 -2204 752 ) (3760 -2240 752 ) (3760 -2240 768 ) (3760 -2204 768 ) 
4 185 190 (3584 -2048 752 ) (3694.399902 -2048 752 ) (3636.799805 -2240 752 ) (3584 -2240 752 ) 
4 185 187 (3636.799316 -2240 768 ) (3636.799316 -2240 752 ) (3680 -2095.998535 752 ) (3680 -2095.998779 768 ) 
4 185 186 (3691.998779 -2056.001221 752 ) (3694.399170 -2048 752 ) (3694.399170 -2048 768 ) (3691.998779 -2056.001221 768 ) 
3 186 190 (3694.399902 -2048 752 ) (3700 -2048 752 ) (3692 -2056 752 ) 
3 187 190 (3723.199951 -2240 752 ) (3636.799805 -2240 752 ) (3680 -2096 752 ) 
4 187 188 (3723.199707 -2240 768 ) (3723.199707 -2240 752 ) (3692 -2136 752 ) (3692 -2136 768 ) 
4 188 190 (3760 -2204 752 ) (3760 -2240 752 ) (3723.199951 -2240 752 ) (3692 -2136 752 ) 
4 188 189 (3760 -2204 768 ) (3760 -2204 752 ) (3720 -2164 752 ) (3720 -2164 768 ) 
3 189 190 (3760 -2176 752 ) (3760 -2204 752 ) (3720 -2164 752 ) 
4 191 224 (2048 -3072 328 ) (2048 -3072 488 ) (2048 -2944 488 ) (2048 -2944 328 ) 
4 191 220 (2048 -2940.892822 488 ) (2048 -2758.329590 488 ) (2048 -2758.329590 328 ) (2048 -2940.892822 328 ) 
4 191 215 (2048 -2944 488 ) (2048 -2940.892822 488 ) (2048 -2940.892822 328 ) (2048 -2944 328 ) 
4 191 214 (2048 -3072 488 ) (2048 -3072 1320.296265 ) (2048 -2758.329590 1369.670166 ) (2048 -2758.329590 488 ) 
4 191 196 (2048 -3072 1320.296265 ) (2048 -3072 328 ) (2176 -3072 328 ) (2176 -3072 1320.296265 ) 
4 191 195 (2176 -3072 328 ) (2180.148193 -3072 328 ) (2180.148193 -3072 1320.296265 ) (2176 -3072 1320.296265 ) 
3 191 193 (2048 -2944 328 ) (2048 -2758.329590 328 ) (2126.222168 -2944 328 ) 
3 191 192 (2180.148193 -3072 328 ) (2176 -3072 328 ) (2176 -3062.153809 328 ) 
4 192 195 (2180.148193 -3072 328 ) (2176 -3072 328 ) (2176 -3072 96 ) (2180.148193 -3072 96 ) 
4 192 194 (2176 -3062.153809 96 ) (2176 -3072 96 ) (2176 -3072 312 ) (2176 -3062.153564 312 ) 
4 193 220 (2048 -2940.892822 328 ) (2048 -2758.329590 328 ) (2048 -2758.329590 96 ) (2048 -2940.892822 96 ) 
4 193 215 (2048 -2944 328 ) (2048 -2940.892822 328 ) (2048 -2940.892822 96 ) (2048 -2944 96 ) 
4 193 194 (2048 -2944 96 ) (2126.222412 -2944 96 ) (2126.222412 -2944 312 ) (2048 -2944 312 ) 
4 194 225 (2048 -3072 96 ) (2048 -3072 312 ) (2048 -2944 312 ) (2048 -2944 96 ) 
4 194 197 (2048 -3072 312 ) (2048 -3072 96 ) (2176 -3072 96 ) (2176 -3072 312 ) 
4 195 197 (2176 -3072 312 ) (2176 -3072 96 ) (2176 -3200 96 ) (2176 -3200 312 ) 
4 195 198 (2176 -3200 96 ) (2176 -3328 96 ) (2176 -3328 328 ) (2176 -3200 328 ) 
4 195 196 (2176 -3072 1320.296265 ) (2176 -3072 328 ) (2176 -3328 328 ) (2176 -3328 1280 ) 
4 196 236 (2048 -3248 704 ) (2048 -3200 704 ) (2048 -3200 328 ) (2048 -3248 328 ) 
4 196 234 (2048 -3200 704 ) (2048 -3072 704 ) (2048 -3072 328 ) (2048 -3200 328 ) 
4 196 241 (2048 -3328 328 ) (2048 -3328 704 ) (2048 -3248 704 ) (2048 -3248 328 ) 
4 196 233 (2048 -3328 704 ) (2048 -3328 1280 ) (2048 -3072 1320.296265 ) (2048 -3072 704 ) 
4 196 198 (2176 -3200 328 ) (2176 -3328 328 ) (2048 -3328 328 ) (2048 -3200 328 ) 
4 197 242 (2048 -3072 296 ) (2048 -3072 96 ) (2048 -3200 96 ) (2048 -3200 296 ) 
4 197 235 (2048 -3072 312 ) (2048 -3072 296 ) (2048 -3200 296 ) (2048 -3200 312 ) 
4 197 198 (2048 -3200 96 ) (2176 -3200 96 ) (2176 -3200 312 ) (2048 -3200 312 ) 
4 198 242 (2048 -3328 96 ) (2048 -3328 296 ) (2048 -3200 296 ) (2048 -3200 96 ) 
4 198 236 (2048 -3248 328 ) (2048 -3200 328 ) (2048 -3200 296 ) (2048 -3248 296 ) 
4 198 241 (2048 -3328 296 ) (2048 -3328 328 ) (2048 -3248 328 ) (2048 -3248 296 ) 
4 199 201 (2048 -1024 64 ) (2048 -1024 2496 ) (1024 -1024 2496 ) (1024 -1024 64 ) 
4 199 200 (1024 0 2496 ) (1024 0 64 ) (1024 -1024 64 ) (1024 -1024 2496 ) 
4 200 208 (0 0 1056 ) (0 0 64 ) (0 -1024 64 ) (0 -1024 1056 ) 
4 200 207 (0 0 1760 ) (0 0 1056 ) (0 -1024 1056 ) (0 -1024 1760 ) 
5 200 203 (1024 -1024 64 ) (1024 -1024 2496 ) (512 -1024 2496 ) (0 -1024 1760 ) (0 -1024 64 ) 
4 201 203 (1024 -1024 2496 ) (1024 -1024 64 ) (1024 -1536 64 ) (1024 -1536 2496 ) 
4 202 222 (1024 -2048 488 ) (1024 -2048 96 ) (1395.034912 -2048 96 ) (1395.034912 -2048 488 ) 
4 202 221 (1395.034912 -2048 96 ) (1748.740723 -2048 96 ) (1748.740723 -2048 488 ) (1395.034912 -2048 488 ) 
4 202 214 (1748.740723 -2048 1481.481445 ) (1024 -2048 1481.481445 ) (1024 -2048 488 ) (1748.740723 -2048 488 ) 
4 202 206 (1024 -2048 96 ) (1024 -2048 1481.481445 ) (1024 -1600 1552 ) (1024 -1600 96 ) 
4 203 212 (0 -1536 64 ) (0 -1536 1024 ) (0 -1024 1024 ) (0 -1024 64 ) 
4 203 211 (0 -1536 1024 ) (0 -1536 1056 ) (0 -1024 1056 ) (0 -1024 1024 ) 
4 203 210 (0 -1536 1056 ) (0 -1536 1760 ) (0 -1024 1760 ) (0 -1024 1056 ) 
4 203 204 (568 -1536 1456 ) (16 -1536 1456 ) (16 -1536 704 ) (568 -1536 704 ) 
4 204 205 (16 -1576 1456 ) (16 -1576 704 ) (568 -1576 704 ) (568 -1576 1456 ) 
4 205 206 (16 -1600 704 ) (568 -1600 704 ) (568 -1600 1456 ) (16 -1600 1456 ) 
4 206 229 (887.449646 -2048 688 ) (0 -2048 688 ) (0 -2048 96 ) (887.449646 -2048 96 ) 
4 206 228 (1024 -2048 96 ) (1024 -2048 688 ) (887.449646 -2048 688 ) (887.449646 -2048 96 ) 
4 206 226 (1024 -2048 688 ) (1024 -2048 1481.481445 ) (0 -2048 1481.481445 ) (0 -2048 688 ) 
4 206 213 (0 -2048 96 ) (0 -2048 1481.481445 ) (0 -1600 1552 ) (0 -1600 96 ) 
3 207 210 (0 -1024 1056 ) (0 -1024 1760 ) (-489.739136 -1024 1056 ) 
4 207 208 (0 -1024 1056 ) (-256 -1024 1056 ) (-256 0 1056 ) (0 0 1056 ) 
4 208 212 (0 -1024 64 ) (0 -1024 1024 ) (-256 -1024 1024 ) (-256 -1024 64 ) 
4 208 211 (0 -1024 1024 ) (0 -1024 1056 ) (-256 -1024 1056 ) (-256 -1024 1024 ) 
4 208 209 (-256 0 64 ) (-256 -1024 64 ) (-256 -1024 1024 ) (-256 0 1024 ) 
4 209 212 (-320 -1024 1024 ) (-320 -1024 64 ) (-256 -1024 64 ) (-256 -1024 1024 ) 
4 210 211 (0 -1536 1056 ) (-256 -1536 1056 ) (-256 -1024 1056 ) (0 -1024 1056 ) 
4 211 212 (0 -1536 1024 ) (-256 -1536 1024 ) (-256 -1024 1024 ) (0 -1024 1024 ) 
4 213 263 (0 -2048 96 ) (0 -2048 688 ) (-408 -2048 688 ) (-408 -2048 96 ) 
4 213 253 (0 -2048 688 ) (0 -2048 896 ) (-408 -2048 896 ) (-408 -2048 688 ) 
4 213 250 (0 -2048 896 ) (0 -2048 1481.481445 ) (-408 -2048 1481.481445 ) (-408 -2048 896 ) 
4 214 234 (2048 -3072 488 ) (2048 -3072 704 ) (1024 -3072 704 ) (1024 -3072 488 ) 
4 214 233 (2048 -3072 704 ) (2048 -3072 1320.296265 ) (1024 -3072 1320.296387 ) (1024 -3072 704 ) 
4 214 231 (1024 -2944 488 ) (1024 -3072 488 ) (1024 -3072 688 ) (1024 -2944 688 ) 
4 214 228 (1024 -2048 688 ) (1024 -2048 488 ) (1024 -2944 488 ) (1024 -2944 688 ) 
4 214 226 (1024 -2048 1481.481323 ) (1024 -2048 688 ) (1024 -3072 688 ) (1024 -3072 1320.296265 ) 
4 214 224 (1024 -3072 488 ) (1024 -2944 488 ) (2048 -2944 488 ) (2048 -3072 488 ) 
4 214 223 (1869.995239 -2406.076660 488 ) (1882.759888 -2415.699951 488 ) (1690.183594 -2671.265137 488 ) (1677.410156 -2661.639893 488 ) 
5 214 222 (1024 -2169.271484 488 ) (1024 -2048 488 ) (1395.034912 -2048 488 ) (1869.995239 -2406.076660 488 ) (1677.410156 -2661.639893 488 ) 
4 214 221 (1395.034912 -2048 488 ) (1748.740723 -2048 488 ) (1896.159668 -2397.917236 488 ) (1882.759888 -2415.699951 488 ) 
4 214 220 (1896.159668 -2397.917236 488 ) (2048 -2758.329590 488 ) (2048 -2940.892822 488 ) (1690.183594 -2671.265137 488 ) 
4 214 219 (1677.644287 -2662.102295 488 ) (1682.988892 -2677.176758 488 ) (1381.339966 -2784 488 ) (1376 -2768.919922 488 ) 
4 214 218 (1214.488770 -2312.811768 488 ) (1677.505981 -2661.712158 488 ) (1677.644287 -2662.102295 488 ) (1376 -2768.919922 488 ) 
3 214 217 (1677.505981 -2661.712158 488 ) (1693.220459 -2673.553467 488 ) (1682.988892 -2677.176758 488 ) 
4 214 216 (1024 -2910.545166 488 ) (1024 -2169.271484 488 ) (1214.488770 -2312.811768 488 ) (1381.339966 -2784 488 ) 
5 214 215 (1024 -2944 488 ) (1024 -2910.545166 488 ) (1693.220459 -2673.553467 488 ) (2048 -2940.892822 488 ) (2048 -2944 488 ) 
4 215 228 (1024 -2910.544922 96 ) (1024 -2944 96 ) (1024 -2944 488 ) (1024 -2910.545166 488 ) 
4 215 224 (2048 -2944 328 ) (2048 -2944 488 ) (1024 -2944 488 ) (1024 -2944 328 ) 
4 215 225 (1024 -2944 96 ) (2048 -2944 96 ) (2048 -2944 312 ) (1024 -2944 312 ) 
4 215 220 (2048 -2940.891602 96 ) (1693.221436 -2673.552979 96 ) (1693.221680 -2673.552979 488 ) (2048 -2940.891602 488 ) 
4 215 219 (1682.988647 -2677.176270 96 ) (1381.339844 -2784 96 ) (1381.339844 -2784 488 ) (1682.988647 -2677.176270 488 ) 
4 215 217 (1693.220703 -2673.552734 488 ) (1693.220703 -2673.552734 96 ) (1682.988647 -2677.176270 96 ) (1682.988647 -2677.176270 488 ) 
4 215 216 (1381.339844 -2784 96 ) (1024 -2910.544678 96 ) (1024 -2910.544678 488 ) (1381.339844 -2784 488 ) 
4 216 228 (1024 -2169.271484 96 ) (1024 -2910.544922 96 ) (1024 -2910.545166 488 ) (1024 -2169.271484 488 ) 
4 216 222 (1214.488159 -2312.810059 96 ) (1024 -2169.270264 96 ) (1024 -2169.269531 488 ) (1214.487915 -2312.809326 488 ) 
4 216 219 (1381.339844 -2784.001953 488 ) (1381.339844 -2784.001953 96 ) (1376 -2768.920410 96 ) (1376 -2768.920410 488 ) 
4 216 218 (1376 -2768.920410 96 ) (1214.487427 -2312.810059 96 ) (1214.487427 -2312.810059 488 ) (1376 -2768.920410 488 ) 
4 217 223 (1690.190186 -2671.268799 96 ) (1677.505493 -2661.710449 96 ) (1677.505371 -2661.710205 488 ) (1690.184326 -2671.264160 488 ) 
4 217 220 (1693.221436 -2673.552979 96 ) (1690.190186 -2671.268799 96 ) (1690.184326 -2671.264160 488 ) (1693.221680 -2673.552979 488 ) 
4 217 219 (1677.643677 -2662.102539 96 ) (1682.988281 -2677.175781 96 ) (1682.988281 -2677.175781 488 ) (1677.643677 -2662.102539 488 ) 
4 217 218 (1677.505737 -2661.713379 488 ) (1677.505737 -2661.713379 96 ) (1677.643677 -2662.102539 96 ) (1677.643677 -2662.102539 488 ) 
4 218 222 (1677.505493 -2661.710449 96 ) (1214.488159 -2312.810059 96 ) (1214.487915 -2312.809326 488 ) (1677.505371 -2661.710205 488 ) 
4 218 219 (1376 -2768.919678 488 ) (1376 -2768.919678 96 ) (1677.644531 -2662.101563 96 ) (1677.644531 -2662.101563 488 ) 
4 220 223 (1882.765991 -2415.704346 96 ) (1690.189209 -2671.269043 96 ) (1690.183105 -2671.264404 488 ) (1882.759766 -2415.699707 488 ) 
4 220 221 (1896.157837 -2397.919434 488 ) (1896.161255 -2397.927734 96 ) (1882.765991 -2415.704346 96 ) (1882.759766 -2415.699707 488 ) 
4 221 223 (1869.993164 -2406.079102 96 ) (1882.762085 -2415.705811 96 ) (1882.755981 -2415.701172 488 ) (1869.993042 -2406.079102 488 ) 
4 221 222 (1395.027344 -2048 96 ) (1869.993164 -2406.079102 96 ) (1869.993042 -2406.079102 488 ) (1395.029175 -2048 488 ) 
4 222 228 (1024 -2048 488 ) (1024 -2048 96 ) (1024 -2169.271484 96 ) (1024 -2169.271484 488 ) 
4 222 223 (1677.409790 -2661.638184 488 ) (1677.409790 -2661.638184 96 ) (1869.996094 -2406.074219 96 ) (1869.996094 -2406.074219 488 ) 
4 224 234 (2048 -3072 328 ) (2048 -3072 488 ) (1024 -3072 488 ) (1024 -3072 328 ) 
4 224 231 (1024 -3072 328 ) (1024 -3072 488 ) (1024 -2944 488 ) (1024 -2944 328 ) 
4 225 242 (2048 -3072 96 ) (2048 -3072 296 ) (1024 -3072 296 ) (1024 -3072 96 ) 
4 225 235 (2048 -3072 296 ) (2048 -3072 312 ) (1024 -3072 312 ) (1024 -3072 296 ) 
4 225 232 (1024 -2944 96 ) (1024 -3072 96 ) (1024 -3072 312 ) (1024 -2944 312 ) 
4 226 266 (0 -2944 688 ) (0 -3072 688 ) (0 -3072 1320.296143 ) (0 -2944 1340.444336 ) 
4 226 253 (0 -2048 896 ) (0 -2048 688 ) (0 -2081.443848 688 ) (0 -2081.444336 896 ) 
4 226 252 (0 -2081.443848 688 ) (0 -2571.223145 688 ) (0 -2571.226074 896 ) (0 -2081.444336 896 ) 
4 226 251 (0 -2571.223145 688 ) (0 -2944 688 ) (0 -2944 896 ) (0 -2571.226074 896 ) 
4 226 250 (0 -2048 1481.481323 ) (0 -2048 896 ) (0 -2944 896 ) (0 -2944 1340.444336 ) 
4 226 243 (1024 -3072 688 ) (1024 -3072 1320.296143 ) (0 -3072 1320.296265 ) (0 -3072 688 ) 
4 226 231 (1024 -3072 688 ) (0 -3072 688 ) (0 -2944 688 ) (1024 -2944 688 ) 
4 226 230 (0 -2614.449463 688 ) (0 -2575.378418 688 ) (347.755249 -2818.872314 688 ) (329.394714 -2845.097656 688 ) 
4 226 229 (0 -2575.378418 688 ) (0 -2048 688 ) (887.449646 -2048 688 ) (347.755249 -2818.872314 688 ) 
5 226 228 (887.449646 -2048 688 ) (1024 -2048 688 ) (1024 -2944 688 ) (470.639526 -2944 688 ) (329.394714 -2845.097656 688 ) 
3 226 227 (0 -2944 688 ) (0 -2614.449463 688 ) (470.639526 -2944 688 ) 
4 227 255 (0 -2614.449219 96 ) (0 -2944 96 ) (0 -2944 688 ) (0 -2614.449463 688 ) 
4 227 231 (470.639557 -2944 328 ) (470.639526 -2944 688 ) (0 -2944 688 ) (0 -2944 328 ) 
4 227 232 (0 -2944 96 ) (470.639557 -2944 96 ) (470.639557 -2944 312 ) (0 -2944 312 ) 
4 227 230 (329.395020 -2845.097168 96 ) (0 -2614.448730 96 ) (0 -2614.449219 688 ) (329.394958 -2845.097412 688 ) 
4 227 228 (470.640625 -2944 688 ) (470.640625 -2944 96 ) (329.395020 -2845.097168 96 ) (329.394958 -2845.097412 688 ) 
4 228 231 (1024 -2944 328 ) (1024 -2944 688 ) (470.639526 -2944 688 ) (470.639557 -2944 328 ) 
4 228 232 (470.639557 -2944 96 ) (1024 -2944 96 ) (1024 -2944 312 ) (470.639557 -2944 312 ) 
4 228 230 (347.757446 -2818.873779 96 ) (329.396484 -2845.099609 96 ) (329.396454 -2845.099609 688 ) (347.757416 -2818.873779 688 ) 
4 228 229 (887.451721 -2048 96 ) (347.757446 -2818.873779 96 ) (347.757416 -2818.873779 688 ) (887.452637 -2048 688 ) 
4 229 263 (0 -2048 688 ) (0 -2048 96 ) (0 -2081.442383 96 ) (0 -2081.443848 688 ) 
4 229 261 (0 -2199.857910 96 ) (0 -2571.214111 96 ) (0 -2571.223145 688 ) (0 -2199.857910 688 ) 
4 229 260 (0 -2081.442383 96 ) (0 -2199.857910 96 ) (0 -2199.857910 688 ) (0 -2081.443848 688 ) 
4 229 256 (0 -2571.214111 96 ) (0 -2575.378418 96 ) (0 -2575.378418 688 ) (0 -2571.223145 688 ) 
4 229 230 (0 -2575.378906 96 ) (347.753906 -2818.871094 96 ) (347.753906 -2818.871094 688 ) (0 -2575.378418 688 ) 
4 230 257 (0 -2575.378418 96 ) (0 -2614.449219 96 ) (0 -2614.449463 688 ) (0 -2575.378418 688 ) 
4 231 266 (0 -3072 328 ) (0 -3072 688 ) (0 -2944 688 ) (0 -2944 328 ) 
4 231 244 (1024 -3072 328 ) (1024 -3072 688 ) (0 -3072 688 ) (0 -3072 328 ) 
4 232 267 (0 -2944 96 ) (0 -3072 96 ) (0 -3072 312 ) (0 -2944 312 ) 
4 232 245 (1024 -3072 96 ) (1024 -3072 312 ) (0 -3072 312 ) (0 -3072 96 ) 
4 233 243 (1024 -3328 704 ) (1024 -3328 1280 ) (1024 -3072 1320.296265 ) (1024 -3072 704 ) 
4 233 239 (1600 -3248 704 ) (1280 -3248 704 ) (1280 -3232 704 ) (1600 -3232 704 ) 
4 233 238 (1919.989990 -3232 704 ) (1919.989990 -3248 704 ) (1600 -3248 704 ) (1600 -3232 704 ) 
4 233 237 (1280 -3200 704 ) (1919.989990 -3200 704 ) (1919.989990 -3232 704 ) (1280 -3232 704 ) 
4 233 240 (1024 -3248 704 ) (1024 -3200 704 ) (1280 -3200 704 ) (1280 -3248 704 ) 
4 233 236 (1919.989990 -3200 704 ) (2048 -3200 704 ) (2048 -3248 704 ) (1919.989990 -3248 704 ) 
4 233 234 (1024 -3200 704 ) (1024 -3072 704 ) (2048 -3072 704 ) (2048 -3200 704 ) 
4 233 241 (2048 -3328 704 ) (1024 -3328 704 ) (1024 -3248 704 ) (2048 -3248 704 ) 
4 234 244 (1024 -3072 688 ) (1024 -3072 328 ) (1024 -3200 328 ) (1024 -3200 688 ) 
4 234 243 (1024 -3200 704 ) (1024 -3072 704 ) (1024 -3072 688 ) (1024 -3200 688 ) 
4 234 237 (1919.989990 -3200 704 ) (1280 -3200 704 ) (1280 -3200 328 ) (1919.989990 -3200 328 ) 
4 234 240 (1280 -3200 704 ) (1024 -3200 704 ) (1024 -3200 328 ) (1280 -3200 328 ) 
4 234 236 (2048 -3200 328 ) (2048 -3200 704 ) (1919.989990 -3200 704 ) (1919.989990 -3200 328 ) 
4 235 245 (1024 -3072 312 ) (1024 -3072 296 ) (1024 -3200 296 ) (1024 -3200 312 ) 
4 235 242 (1024 -3200 296 ) (1024 -3072 296 ) (2048 -3072 296 ) (2048 -3200 296 ) 
4 235 237 (1280 -3200 296 ) (1919.989990 -3200 296 ) (1919.989990 -3200 312 ) (1280 -3200 312 ) 
4 235 240 (1024 -3200 296 ) (1280 -3200 296 ) (1280 -3200 312 ) (1024 -3200 312 ) 
4 235 236 (1919.989990 -3200 296 ) (2048 -3200 296 ) (2048 -3200 312 ) (1919.989990 -3200 312 ) 
4 236 242 (1919.989990 -3200 296 ) (2048 -3200 296 ) (2048 -3248 296 ) (1919.989990 -3248 296 ) 
4 236 238 (1919.989990 -3232 296 ) (1919.989990 -3248 296 ) (1919.989990 -3248 704 ) (1919.989990 -3232 704 ) 
4 236 237 (1919.989990 -3200 704 ) (1919.989990 -3200 296 ) (1919.989990 -3232 296 ) (1919.989990 -3232 704 ) 
4 236 241 (1919.989990 -3248 296 ) (2048 -3248 296 ) (2048 -3248 704 ) (1919.989990 -3248 704 ) 
4 237 242 (1280 -3200 296 ) (1919.989990 -3200 296 ) (1919.989990 -3232 296 ) (1280 -3232 296 ) 
4 237 239 (1280 -3232 704 ) (1280 -3232 296 ) (1600 -3232 296 ) (1600 -3232 704 ) 
4 237 238 (1600 -3232 296 ) (1919.989990 -3232 296 ) (1919.989990 -3232 704 ) (1600 -3232 704 ) 
4 237 240 (1280 -3200 704 ) (1280 -3200 296 ) (1280 -3232 296 ) (1280 -3232 704 ) 
4 238 242 (1919.989990 -3232 296 ) (1919.989990 -3248 296 ) (1600 -3248 296 ) (1600 -3232 296 ) 
4 238 241 (1600 -3248 296 ) (1919.989990 -3248 296 ) (1919.989990 -3248 704 ) (1600 -3248 704 ) 
4 238 239 (1600 -3232 704 ) (1600 -3232 296 ) (1600 -3248 296 ) (1600 -3248 704 ) 
4 239 242 (1600 -3248 296 ) (1280 -3248 296 ) (1280 -3232 296 ) (1600 -3232 296 ) 
4 239 241 (1280 -3248 296 ) (1600 -3248 296 ) (1600 -3248 704 ) (1280 -3248 704 ) 
4 239 240 (1280 -3232 296 ) (1280 -3248 296 ) (1280 -3248 704 ) (1280 -3232 704 ) 
4 240 247 (1024 -3200 688 ) (1024 -3200 296 ) (1024 -3248 296 ) (1024 -3248 688 ) 
4 240 243 (1024 -3248 704 ) (1024 -3200 704 ) (1024 -3200 688 ) (1024 -3248 688 ) 
4 240 242 (1024 -3248 296 ) (1024 -3200 296 ) (1280 -3200 296 ) (1280 -3248 296 ) 
4 240 241 (1024 -3248 296 ) (1280 -3248 296 ) (1280 -3248 704 ) (1024 -3248 704 ) 
4 241 247 (1024 -3250.049561 688 ) (1024 -3248 688 ) (1024 -3248 296 ) (1024 -3250.049561 296 ) 
4 241 246 (1024 -3328 296 ) (1024 -3328 688 ) (1024 -3250.049561 688 ) (1024 -3250.049561 296 ) 
4 241 243 (1024 -3328 688 ) (1024 -3328 704 ) (1024 -3248 704 ) (1024 -3248 688 ) 
4 241 242 (2048 -3328 296 ) (1024 -3328 296 ) (1024 -3248 296 ) (2048 -3248 296 ) 
4 242 247 (1024 -3250.049805 296 ) (1024 -3200 296 ) (1024 -3200 96 ) (1024 -3250.049805 96 ) 
4 242 246 (1024 -3328 96 ) (1024 -3328 296 ) (1024 -3250.049805 296 ) (1024 -3250.049805 96 ) 
4 242 245 (1024 -3200 296 ) (1024 -3072 296 ) (1024 -3072 96 ) (1024 -3200 96 ) 
4 243 274 (0 -3328 688 ) (0 -3328 896 ) (0 -3200 896 ) (0 -3200 688 ) 
4 243 272 (0 -3200 896 ) (0 -3072 896 ) (0 -3072 688 ) (0 -3200 688 ) 
4 243 271 (0 -3328 896 ) (0 -3328 1280 ) (0 -3072 1320.296265 ) (0 -3072 896 ) 
4 243 249 (0 -3258.978027 688 ) (0 -3226.966309 688 ) (63.710716 -3226.409668 688 ) (63.994629 -3258.420166 688 ) 
4 243 248 (0 -3226.966309 688 ) (0 -3200 688 ) (63.476475 -3200 688 ) (63.710716 -3226.409668 688 ) 
4 243 247 (63.476475 -3200 688 ) (1024 -3200 688 ) (1024 -3250.049805 688 ) (63.994629 -3258.420166 688 ) 
4 243 246 (1024 -3328 688 ) (0 -3328 688 ) (0 -3258.978027 688 ) (1024 -3250.049805 688 ) 
4 243 244 (0 -3200 688 ) (0 -3072 688 ) (1024 -3072 688 ) (1024 -3200 688 ) 
4 244 272 (0 -3200 688 ) (0 -3072 688 ) (0 -3072 328 ) (0 -3200 328 ) 
4 244 248 (63.476501 -3200 688 ) (0 -3200 688 ) (0 -3200 328 ) (63.476475 -3200 328 ) 
4 244 247 (1024 -3200 328 ) (1024 -3200 688 ) (63.476501 -3200 688 ) (63.476475 -3200 328 ) 
4 245 273 (0 -3072 312 ) (0 -3072 96 ) (0 -3200 96 ) (0 -3200 312 ) 
4 245 248 (0 -3200 96 ) (63.476475 -3200 96 ) (63.476501 -3200 312 ) (0 -3200 312 ) 
4 245 247 (63.476475 -3200 96 ) (1024 -3200 96 ) (1024 -3200 312 ) (63.476501 -3200 312 ) 
4 246 275 (0 -3328 96 ) (0 -3328 688 ) (0 -3258.978027 688 ) (0 -3258.978027 96 ) 
4 246 249 (63.994629 -3258.420166 96 ) (0 -3258.978027 96 ) (0 -3258.978027 688 ) (63.994598 -3258.420166 688 ) 
4 246 247 (1024 -3250.049805 96 ) (63.994629 -3258.420166 96 ) (63.994598 -3258.420166 688 ) (1024 -3250.049805 688 ) 
4 247 249 (63.710701 -3226.409668 96 ) (63.994568 -3258.416016 96 ) (63.994568 -3258.416016 688 ) (63.710701 -3226.409668 688 ) 
4 247 248 (63.476467 -3200 688 ) (63.476467 -3200 96 ) (63.710701 -3226.409668 96 ) (63.710701 -3226.409668 688 ) 
4 248 277 (0 -3226.966309 688 ) (0 -3200 688 ) (0 -3200 96 ) (0 -3226.966309 96 ) 
4 248 249 (0 -3226.966309 96 ) (63.710938 -3226.409912 96 ) (63.710938 -3226.409912 688 ) (0 -3226.966309 688 ) 
4 249 278 (0 -3258.978027 688 ) (0 -3226.966309 688 ) (0 -3226.966309 96 ) (0 -3258.978027 96 ) 
4 250 268 (-1024 -2932.512939 896 ) (-1024 -2944 896 ) (-1024 -2944 1340.444336 ) (-1024 -2932.512939 1342.252441 ) 
4 250 266 (-1024 -2944 1340.444336 ) (-1024 -2944 896 ) (0 -2944 896 ) (0 -2944 1340.444336 ) 
4 250 254 (-579.787476 -2294.669434 896 ) (-561.246887 -2268.047119 896 ) (-176.563675 -2451.537109 896 ) (-190.348160 -2480.430664 896 ) 
5 250 253 (-561.246887 -2268.047119 896 ) (-408 -2048 896 ) (0 -2048 896 ) (0 -2081.444336 896 ) (-176.563675 -2451.537109 896 ) 
3 250 252 (0 -2081.444336 896 ) (0 -2571.226074 896 ) (-190.348160 -2480.430664 896 ) 
5 250 251 (0 -2944 896 ) (-1024 -2944 896 ) (-1024 -2932.512939 896 ) (-579.787476 -2294.669434 896 ) (0 -2571.226074 896 ) 
4 251 268 (-1024 -2944 688 ) (-1024 -2944 896 ) (-1024 -2932.512939 896 ) (-1024 -2932.512939 688 ) 
4 251 266 (-1024 -2944 896 ) (-1024 -2944 688 ) (0 -2944 688 ) (0 -2944 896 ) 
4 251 257 (-193.646973 -2478.854248 688 ) (-18.618774 -2562.342041 688 ) (0 -2575.378662 688 ) (0 -2614.449463 688 ) 
3 251 256 (-18.618774 -2562.342041 688 ) (0 -2571.223145 688 ) (0 -2575.378662 688 ) 
6 251 255 (0 -2944 688 ) (-1024 -2944 688 ) (-1024 -2932.512939 688 ) (-579.786011 -2294.666992 688 ) (-193.646973 -2478.854248 688 ) (0 -2614.449463 688 ) 
4 251 254 (-190.347351 -2480.428467 688 ) (-579.785156 -2294.667969 688 ) (-579.786804 -2294.670410 896 ) (-190.348389 -2480.431152 896 ) 
4 251 252 (0 -2571.223389 688 ) (-190.347351 -2480.428467 688 ) (-190.348389 -2480.431152 896 ) (0 -2571.226807 896 ) 
4 252 262 (-18.618757 -2562.342041 688 ) (-190.347183 -2480.428223 688 ) (-177.084732 -2452.628906 688 ) (-176.500595 -2451.795166 688 ) 
4 252 261 (0 -2199.857910 688 ) (0 -2571.223145 688 ) (-18.618757 -2562.342041 688 ) (-176.500595 -2451.795166 688 ) 
3 252 260 (0 -2081.443848 688 ) (0 -2199.857910 688 ) (-177.084732 -2452.628906 688 ) 
4 252 254 (-176.565460 -2451.537109 688 ) (-190.348999 -2480.428711 688 ) (-190.349991 -2480.431396 896 ) (-176.564865 -2451.536621 896 ) 
4 252 253 (0 -2081.440918 688 ) (-176.565460 -2451.537109 688 ) (-176.564865 -2451.536621 896 ) (0 -2081.441650 896 ) 
6 253 263 (-539.434875 -2236.726807 688 ) (-408 -2048 688 ) (0 -2048 688 ) (0 -2081.443848 688 ) (-176.564178 -2451.537842 688 ) (-352.518372 -2367.609375 688 ) 
3 253 258 (-561.247559 -2268.047607 688 ) (-539.434875 -2236.726807 688 ) (-352.518372 -2367.609375 688 ) 
4 253 254 (-561.241638 -2268.048096 896 ) (-561.242188 -2268.048828 688 ) (-176.562378 -2451.537354 688 ) (-176.561752 -2451.536621 896 ) 
4 254 264 (-352.518341 -2367.609375 688 ) (-176.564178 -2451.537842 688 ) (-177.084686 -2452.628906 688 ) (-194.861542 -2478.003662 688 ) 
4 254 265 (-177.084686 -2452.628906 688 ) (-190.347183 -2480.428223 688 ) (-193.646423 -2478.854492 688 ) (-194.861542 -2478.003662 688 ) 
4 254 259 (-579.786011 -2294.666992 688 ) (-561.247559 -2268.047607 688 ) (-352.518341 -2367.609375 688 ) (-193.646423 -2478.854492 688 ) 
4 255 269 (-1024 -2932.512939 96 ) (-1024 -2944 96 ) (-1024 -2944 328 ) (-1024 -2932.512939 328 ) 
4 255 268 (-1024 -2944 328 ) (-1024 -2944 688 ) (-1024 -2932.512939 688 ) (-1024 -2932.512939 328 ) 
4 255 267 (-1024 -2944 312 ) (-1024 -2944 96 ) (0 -2944 96 ) (0 -2944 312 ) 
4 255 266 (-1024 -2944 688 ) (-1024 -2944 328 ) (0 -2944 328 ) (0 -2944 688 ) 
4 255 259 (-579.780518 -2294.661377 96 ) (-579.785156 -2294.667969 688 ) (-193.644470 -2478.855957 688 ) (-193.683426 -2478.828369 96 ) 
4 255 257 (-193.684982 -2478.828857 96 ) (-193.645432 -2478.856445 688 ) (0 -2614.450684 688 ) (0 -2614.450684 96 ) 
4 256 261 (-18.616119 -2562.343750 688 ) (0 -2571.223633 688 ) (0 -2571.214844 96 ) (-18.654993 -2562.316406 96 ) 
4 256 257 (-18.610321 -2562.346680 688 ) (-18.649841 -2562.319092 96 ) (0 -2575.377441 96 ) (0 -2575.377441 688 ) 
4 257 265 (-193.644470 -2478.855957 688 ) (-190.347504 -2480.428711 688 ) (-190.344482 -2480.421143 96 ) (-193.683426 -2478.828369 96 ) 
4 257 262 (-190.347504 -2480.428711 688 ) (-18.616119 -2562.343750 688 ) (-18.654993 -2562.316406 96 ) (-190.344482 -2480.421143 96 ) 
4 258 263 (-352.510681 -2367.616211 96 ) (-539.437500 -2236.726563 96 ) (-539.437500 -2236.726563 688 ) (-352.524231 -2367.606689 688 ) 
4 258 259 (-352.494415 -2367.624268 96 ) (-352.508148 -2367.614746 688 ) (-561.247742 -2268.048096 688 ) (-561.249329 -2268.050293 96 ) 
4 259 264 (-194.862213 -2478.004639 96 ) (-352.510681 -2367.616211 96 ) (-352.524231 -2367.606689 688 ) (-194.862152 -2478.004395 688 ) 
4 259 265 (-193.645432 -2478.856445 688 ) (-193.684982 -2478.828857 96 ) (-194.862213 -2478.004639 96 ) (-194.862152 -2478.004395 688 ) 
4 260 264 (-177.090652 -2452.637451 688 ) (-176.565659 -2451.537109 688 ) (-176.567596 -2451.539307 96 ) (-177.093216 -2452.641113 96 ) 
4 260 263 (-176.565659 -2451.537109 688 ) (0 -2081.439941 688 ) (0 -2081.438232 96 ) (-176.567596 -2451.539307 96 ) 
4 260 262 (-177.081421 -2452.627197 688 ) (-177.083633 -2452.630371 96 ) (-176.499207 -2451.796143 96 ) (-176.499100 -2451.795898 688 ) 
4 260 261 (-176.499207 -2451.796143 96 ) (0 -2199.860840 96 ) (0 -2199.863281 688 ) (-176.499100 -2451.795898 688 ) 
4 261 262 (-176.501938 -2451.792969 688 ) (-176.501953 -2451.792969 96 ) (-18.654770 -2562.314941 96 ) (-18.615206 -2562.342529 688 ) 
4 262 265 (-190.346146 -2480.420410 96 ) (-190.348984 -2480.427979 688 ) (-177.090652 -2452.637451 688 ) (-177.093216 -2452.641113 96 ) 
4 263 264 (-352.518066 -2367.608643 688 ) (-352.504364 -2367.618164 96 ) (-176.566071 -2451.539551 96 ) (-176.564301 -2451.537354 688 ) 
4 264 265 (-194.860001 -2478.003906 688 ) (-194.860001 -2478.003906 96 ) (-177.083633 -2452.630371 96 ) (-177.081421 -2452.627197 688 ) 
4 266 272 (0 -3072 328 ) (0 -3072 896 ) (-1024 -3072 896 ) (-1024 -3072 328 ) 
4 266 271 (0 -3072 896 ) (0 -3072 1320.296265 ) (-1024 -3072 1320.296265 ) (-1024 -3072 896 ) 
4 266 268 (-1024 -3072 328 ) (-1024 -3072 1320.296265 ) (-1024 -2944 1340.444458 ) (-1024 -2944 328 ) 
4 267 273 (0 -3072 96 ) (0 -3072 312 ) (-1024 -3072 312 ) (-1024 -3072 96 ) 
4 267 270 (-1024 -2944 96 ) (-1024 -3072 96 ) (-1024 -3072 312 ) (-1024 -2944 312 ) 
4 268 283 (-1024 -3072 328 ) (-1024 -3072 896 ) (-1121.142822 -3072 896 ) (-1121.142822 -3072 328 ) 
4 268 282 (-1024 -3072 896 ) (-1024 -3072 1320.296265 ) (-1121.142822 -3072 1320.296265 ) (-1121.142822 -3072 896 ) 
3 268 269 (-1024 -2932.512939 328 ) (-1024 -2944 328 ) (-1032 -2944 328 ) 
4 269 270 (-1032 -2944 96 ) (-1024 -2944 96 ) (-1024 -2944 312 ) (-1032 -2944 312 ) 
4 270 284 (-1024 -3072 96 ) (-1024 -3072 312 ) (-1121.142822 -3072 312 ) (-1121.142822 -3072 96 ) 
4 271 282 (-1024 -3072 1320.296143 ) (-1024 -3072 896 ) (-1024 -3328 896 ) (-1024 -3328 1280 ) 
4 271 281 (-1024 -3260.089111 896 ) (-1024 -3228.066650 896 ) (-576 -3231.979980 896 ) (-576.281189 -3264 896 ) 
4 271 280 (-1024 -3228.066650 896 ) (-1024 -3200 896 ) (-575.719177 -3200 896 ) (-576 -3231.979980 896 ) 
4 271 279 (-576.843201 -3328 896 ) (-1024 -3328 896 ) (-1024 -3260.089111 896 ) (-576.281189 -3264 896 ) 
4 271 274 (0 -3328 896 ) (-576.843201 -3328 896 ) (-575.719177 -3200 896 ) (0 -3200 896 ) 
4 271 272 (-1024 -3200 896 ) (-1024 -3072 896 ) (0 -3072 896 ) (0 -3200 896 ) 
4 272 283 (-1024 -3072 896 ) (-1024 -3072 328 ) (-1024 -3200 328 ) (-1024 -3200 896 ) 
4 272 280 (-575.719177 -3200 896 ) (-1024 -3200 896 ) (-1024 -3200 328 ) (-575.719177 -3200 328 ) 
4 272 277 (0 -3200 328 ) (0 -3200 688 ) (-575.719177 -3200 688 ) (-575.719177 -3200 328 ) 
4 272 274 (0 -3200 688 ) (0 -3200 896 ) (-575.719177 -3200 896 ) (-575.719177 -3200 688 ) 
4 273 284 (-1024 -3072 312 ) (-1024 -3072 96 ) (-1024 -3200 96 ) (-1024 -3200 312 ) 
4 273 280 (-1024 -3200 96 ) (-575.719177 -3200 96 ) (-575.719177 -3200 312 ) (-1024 -3200 312 ) 
4 273 277 (-575.719177 -3200 96 ) (0 -3200 96 ) (0 -3200 312 ) (-575.719177 -3200 312 ) 
4 274 281 (-576 -3231.979980 688 ) (-576.281006 -3263.995117 688 ) (-576.281067 -3264 896 ) (-576 -3231.979980 896 ) 
4 274 280 (-575.719055 -3200 896 ) (-575.719055 -3200 688 ) (-576 -3231.979980 688 ) (-576 -3231.979980 896 ) 
4 274 279 (-576.281006 -3263.995117 688 ) (-576.843079 -3328 688 ) (-576.843079 -3328 896 ) (-576.281067 -3264 896 ) 
5 274 278 (-576.129089 -3246.864990 688 ) (-575.998535 -3231.997559 688 ) (0 -3226.966309 688 ) (0 -3258.978027 688 ) (-575.982910 -3264 688 ) 
4 274 277 (-575.998535 -3231.997559 688 ) (-575.717590 -3200 688 ) (0 -3200 688 ) (0 -3226.966309 688 ) 
3 274 276 (-576.279602 -3264.002686 688 ) (-576.129089 -3246.864990 688 ) (-575.982910 -3264 688 ) 
4 274 275 (0 -3328 688 ) (-576.841614 -3328 688 ) (-576.279602 -3264.002686 688 ) (0 -3258.978027 688 ) 
4 275 279 (-576.281067 -3264.002686 96 ) (-576.843079 -3328 96 ) (-576.843079 -3328 688 ) (-576.281067 -3264.002686 688 ) 
4 275 278 (-575.982910 -3264 688 ) (0 -3258.978271 688 ) (0 -3258.978271 96 ) (-575.982910 -3264 96 ) 
4 275 276 (-576.281250 -3264.002930 96 ) (-576.281250 -3264.002930 688 ) (-575.982910 -3264 688 ) (-575.982910 -3264 96 ) 
4 276 281 (-576.129822 -3246.780518 96 ) (-576.281067 -3264.002686 96 ) (-576.281067 -3264.002686 688 ) (-576.129822 -3246.780518 688 ) 
4 276 278 (-575.982910 -3264 688 ) (-575.982910 -3264 96 ) (-576.129944 -3246.765625 96 ) (-576.129944 -3246.765625 688 ) 
4 277 280 (-575.719055 -3200 688 ) (-575.719055 -3200 96 ) (-576 -3231.997559 96 ) (-576 -3231.997559 688 ) 
4 277 278 (0 -3226.966553 688 ) (-576.007813 -3231.997803 688 ) (-576.007751 -3231.997803 96 ) (0 -3226.966553 96 ) 
4 278 281 (-576 -3231.997559 96 ) (-576.129822 -3246.780518 96 ) (-576.129822 -3246.780518 688 ) (-576 -3231.997559 688 ) 
4 279 285 (-1024 -3260.069824 96 ) (-1024 -3328 96 ) (-1024 -3328 896 ) (-1024 -3260.089111 896 ) 
4 279 281 (-576.281494 -3264 896 ) (-576.281311 -3263.980469 96 ) (-1024 -3260.069824 96 ) (-1024 -3260.089111 896 ) 
4 280 287 (-1024 -3200 96 ) (-1024 -3228.066650 96 ) (-1024 -3228.066650 896 ) (-1024 -3200 896 ) 
4 280 281 (-1024 -3228.066895 96 ) (-575.998047 -3231.979980 96 ) (-575.998047 -3231.979980 896 ) (-1024 -3228.066650 896 ) 
4 281 288 (-1024 -3228.066650 96 ) (-1024 -3260.069824 96 ) (-1024 -3260.089111 896 ) (-1024 -3228.066650 896 ) 
4 282 288 (-1024 -3228.066650 896 ) (-1024 -3260.089111 896 ) (-1216.250122 -3258.409668 896 ) (-1215.969849 -3226.389893 896 ) 
5 282 287 (-1215.808350 -3207.933838 896 ) (-1210.282959 -3200 896 ) (-1024 -3200 896 ) (-1024 -3228.066650 896 ) (-1215.969849 -3226.389893 896 ) 
3 282 286 (-1250.751343 -3258.108398 896 ) (-1215.808350 -3207.933838 896 ) (-1216.250122 -3258.409668 896 ) 
4 282 285 (-1024 -3328 896 ) (-1299.425781 -3328 896 ) (-1250.751343 -3258.108398 896 ) (-1024 -3260.089111 896 ) 
4 282 283 (-1210.282959 -3200 896 ) (-1121.140137 -3072 896 ) (-1024 -3072 896 ) (-1024 -3200 896 ) 
4 283 287 (-1024 -3200 896 ) (-1210.285156 -3200 896 ) (-1210.285156 -3200 328 ) (-1024 -3200 328 ) 
4 284 287 (-1210.285156 -3200 312 ) (-1210.285156 -3200 96 ) (-1024 -3200 96 ) (-1024 -3200 312 ) 
4 285 288 (-1024 -3260.070068 96 ) (-1216.259644 -3258.390869 96 ) (-1216.250122 -3258.409912 896 ) (-1024 -3260.089355 896 ) 
4 285 286 (-1216.259644 -3258.390869 96 ) (-1250.740112 -3258.089600 96 ) (-1250.753418 -3258.108643 896 ) (-1216.250122 -3258.409912 896 ) 
4 286 288 (-1216.249878 -3258.412354 896 ) (-1216.259521 -3258.393066 96 ) (-1215.979492 -3226.389893 96 ) (-1215.969604 -3226.389893 896 ) 
4 286 287 (-1215.979492 -3226.389893 96 ) (-1215.817993 -3207.943848 96 ) (-1215.808105 -3207.929688 896 ) (-1215.969604 -3226.389893 896 ) 
4 287 288 (-1215.975342 -3226.389893 896 ) (-1215.985107 -3226.389893 96 ) (-1024 -3228.066895 96 ) (-1024 -3228.066650 896 ) 
