


materialPath: E:\Games\Steam\SteamApps\common\Team Fortress 2\tf\materials
Loading C:\Users\Jürgen\Dropbox\Public\Coding\vmf\firstone_v5\td_firstone_v5_4.vmf
Patching WVT material: maps/td_firstone_v5_4/egypt/sand_floor_blend_04_with_grass_wvt_patch
Patching WVT material: maps/td_firstone_v5_4/egypt/sand_grass_blend_01_wvt_patch
fixing up env_cubemap materials on brush sides...
env_cubemap pointing at deleted brushside near (324, 832, 548)
0...1...2...3...4...5...6...7...8...9...10**** leaked ****
Entity trigger_push (559.56 -461.51 649.24) leaked!
Processing areas...done (0)
Building Faces...done (0)
Chop Details...done (0)
Find Visible Detail Sides...done (0)
Merging details...done (0)
FixTjuncs...
PruneNodes...
WriteBSP...
done (0)
Creating default LDR cubemaps for env_cubemap using skybox materials:
   skybox/sky_island_01*.vmt
 ! Run buildcubemaps in the engine to get the correct cube maps.
Creating default HDR cubemaps for env_cubemap using skybox materials:
   skybox/sky_island_01*.vmt
 ! Run buildcubemaps in the engine to get the correct cube maps.
Finding displacement neighbors...
Finding lightmap sample positions...
Displacement Alpha : 0...1...2...3...4...5...6...7...8...9...10
Building Physics collision data...
done (1) (174149 bytes)
Placing detail props : 0...1...2...3...4...5...6...7...8...9...10
Compacting texture/material tables...
Reduced 953 texinfos to 505
Reduced 85 texdatas to 78 (2451 bytes to 2245)
Writing C:\Users\Jürgen\Dropbox\Public\Coding\vmf\firstone_v5\td_firstone_v5_4.bsp
4 seconds elapsed



8 threads
reading c:\users\jürgen\dropbox\public\coding\vmf\firstone_v5\td_firstone_v5_4.bsp
reading c:\users\jürgen\dropbox\public\coding\vmf\firstone_v5\td_firstone_v5_4.prt
LoadPortals: couldn't read c:\users\jürgen\dropbox\public\coding\vmf\firstone_v5\td_firstone_v5_4.prt



[Reading texlights from 'lights.rad']
[34 texlights parsed from 'lights.rad']

Loading c:\users\jürgen\dropbox\public\coding\vmf\firstone_v5\td_firstone_v5_4.bsp
No vis information, direct lighting only.
3495 faces
3247087 square feet [467580512.00 square inches]
4 Displacements
108954 Square Feet [15689472.00 Square Inches]
7 direct lights
0...1...2...3...4...5...6...7...8...9...10Build Patch/Sample Hash Table(s).....Done<0.0336 sec>
0...1...2...3...4...5...6...7...8...9...10FinalLightFace Done
0 of 0 (0% of) surface lights went in leaf ambient cubes.
0...1...2...3...4...5...6...7...8...9...10Writing leaf ambient...done
Ready to Finish

Object names       Objects/Maxobjs  Memory / Maxmem  Fullness 
------------       ---------------  ---------------  -------- 
models                 133/1024         6384/49152    (13.0%) 
brushes                374/8192         4488/98304    ( 4.6%) 
brushsides            2671/65536       21368/524288   ( 4.1%) 
planes                2322/65536       46440/1310720  ( 3.5%) 
vertexes              5175/65536       62100/786432   ( 7.9%) 
nodes                 2897/65536       92704/2097152  ( 4.4%) 
texinfos               505/12288       36360/884736   ( 4.1%) 
texdata                 78/2048         2496/65536    ( 3.8%) 
dispinfos                4/0             704/0        ( 0.0%) 
disp_verts             324/0            6480/0        ( 0.0%) 
disp_tris              512/0            1024/0        ( 0.0%) 
disp_lmsamples       63504/0           63504/0        ( 0.0%) 
faces                 3495/65536      195720/3670016  ( 5.3%) 
hdr faces                0/65536           0/3670016  ( 0.0%) 
origfaces             1466/65536       82096/3670016  ( 2.2%) 
leaves                3031/65536       96992/2097152  ( 4.6%) 
leaffaces             4208/65536        8416/131072   ( 6.4%) 
leafbrushes           1794/65536        3588/131072   ( 2.7%) 
areas                    4/256            32/2048     ( 1.6%) 
surfedges            21516/512000      86064/2048000  ( 4.2%) 
edges                11745/256000      46980/1024000  ( 4.6%) 
LDR worldlights          7/8192          616/720896   ( 0.1%) 
HDR worldlights          0/8192            0/720896   ( 0.0%) 
leafwaterdata            0/32768           0/393216   ( 0.0%) 
waterstrips            161/32768        1610/327680   ( 0.5%) 
waterverts               0/65536           0/786432   ( 0.0%) 
waterindices          2877/65536        5754/131072   ( 4.4%) 
cubemapsamples           6/1024           96/16384    ( 0.6%) 
overlays                 2/512           704/180224   ( 0.4%) 
LDR lightdata         [variable]     1752852/0        ( 0.0%) 
HDR lightdata         [variable]           0/0        ( 0.0%) 
visdata               [variable]           0/16777216 ( 0.0%) 
entdata               [variable]       61308/393216   (15.6%) 
LDR ambient table     3031/65536       12124/262144   ( 4.6%) 
HDR ambient table     3031/65536       12124/262144   ( 4.6%) 
LDR leaf ambient     13627/65536      381556/1835008  (20.8%) 
HDR leaf ambient      3031/65536       84868/1835008  ( 4.6%) 
occluders                0/0               0/0        ( 0.0%) 
occluder polygons        0/0               0/0        ( 0.0%) 
occluder vert ind        0/0               0/0        ( 0.0%) 
detail props          [variable]           1/12       ( 8.3%) 
static props          [variable]           1/5716     ( 0.0%) 
pakfile               [variable]      576586/0        ( 0.0%) 
physics               [variable]      174149/4194304  ( 4.2%) 
physics terrain       [variable]        1432/1048576  ( 0.1%) 

Level flags = 0

Total triangle count: 8590
Writing c:\users\jürgen\dropbox\public\coding\vmf\firstone_v5\td_firstone_v5_4.bsp
28 seconds elapsed



materialPath: E:\Games\Steam\SteamApps\common\Team Fortress 2\tf\materials
Loading C:\Users\Jürgen\Dropbox\Public\Coding\vmf\firstone_v5\td_firstone_v5_4.vmf
Patching WVT material: maps/td_firstone_v5_4/egypt/sand_floor_blend_04_with_grass_wvt_patch
Patching WVT material: maps/td_firstone_v5_4/egypt/sand_grass_blend_01_wvt_patch
fixing up env_cubemap materials on brush sides...
env_cubemap pointing at deleted brushside near (324, 832, 548)
0...1...2...3...4...5...6...7...8...9...10**** leaked ****
Entity trigger_push (559.56 -461.51 649.24) leaked!
Processing areas...done (0)
Building Faces...done (0)
Chop Details...done (0)
Find Visible Detail Sides...done (0)
Merging details...done (0)
FixTjuncs...
PruneNodes...
WriteBSP...
done (0)
Creating default LDR cubemaps for env_cubemap using skybox materials:
   skybox/sky_island_01*.vmt
 ! Run buildcubemaps in the engine to get the correct cube maps.
Creating default HDR cubemaps for env_cubemap using skybox materials:
   skybox/sky_island_01*.vmt
 ! Run buildcubemaps in the engine to get the correct cube maps.
Finding displacement neighbors...
Finding lightmap sample positions...
Displacement Alpha : 0...1...2...3...4...5...6...7...8...9...10
Building Physics collision data...
done (1) (174149 bytes)
Placing detail props : 0...1...2...3...4...5...6...7...8...9...10
Compacting texture/material tables...
Reduced 953 texinfos to 505
Reduced 85 texdatas to 78 (2451 bytes to 2245)
Writing C:\Users\Jürgen\Dropbox\Public\Coding\vmf\firstone_v5\td_firstone_v5_4.bsp
3 seconds elapsed



8 threads
reading c:\users\jürgen\dropbox\public\coding\vmf\firstone_v5\td_firstone_v5_4.bsp
reading c:\users\jürgen\dropbox\public\coding\vmf\firstone_v5\td_firstone_v5_4.prt
LoadPortals: couldn't read c:\users\jürgen\dropbox\public\coding\vmf\firstone_v5\td_firstone_v5_4.prt



[Reading texlights from 'lights.rad']
[34 texlights parsed from 'lights.rad']

Loading c:\users\jürgen\dropbox\public\coding\vmf\firstone_v5\td_firstone_v5_4.bsp
No vis information, direct lighting only.
3495 faces
3247087 square feet [467580512.00 square inches]
4 Displacements
108954 Square Feet [15689472.00 Square Inches]
7 direct lights
0...1...2...3...4...5...6...7...8...9...10Build Patch/Sample Hash Table(s).....Done<0.0296 sec>
0...1...2...3...4...5...6...7...8...9...10FinalLightFace Done
0 of 0 (0% of) surface lights went in leaf ambient cubes.
0...1...2...3...4...5...6...7...8...9...10Writing leaf ambient...done
Ready to Finish

Object names       Objects/Maxobjs  Memory / Maxmem  Fullness 
------------       ---------------  ---------------  -------- 
models                 133/1024         6384/49152    (13.0%) 
brushes                374/8192         4488/98304    ( 4.6%) 
brushsides            2671/65536       21368/524288   ( 4.1%) 
planes                2322/65536       46440/1310720  ( 3.5%) 
vertexes              5175/65536       62100/786432   ( 7.9%) 
nodes                 2897/65536       92704/2097152  ( 4.4%) 
texinfos               505/12288       36360/884736   ( 4.1%) 
texdata                 78/2048         2496/65536    ( 3.8%) 
dispinfos                4/0             704/0        ( 0.0%) 
disp_verts             324/0            6480/0        ( 0.0%) 
disp_tris              512/0            1024/0        ( 0.0%) 
disp_lmsamples       63504/0           63504/0        ( 0.0%) 
faces                 3495/65536      195720/3670016  ( 5.3%) 
hdr faces                0/65536           0/3670016  ( 0.0%) 
origfaces             1466/65536       82096/3670016  ( 2.2%) 
leaves                3031/65536       96992/2097152  ( 4.6%) 
leaffaces             4208/65536        8416/131072   ( 6.4%) 
leafbrushes           1794/65536        3588/131072   ( 2.7%) 
areas                    4/256            32/2048     ( 1.6%) 
surfedges            21516/512000      86064/2048000  ( 4.2%) 
edges                11745/256000      46980/1024000  ( 4.6%) 
LDR worldlights          7/8192          616/720896   ( 0.1%) 
HDR worldlights          0/8192            0/720896   ( 0.0%) 
leafwaterdata            0/32768           0/393216   ( 0.0%) 
waterstrips            161/32768        1610/327680   ( 0.5%) 
waterverts               0/65536           0/786432   ( 0.0%) 
waterindices          2877/65536        5754/131072   ( 4.4%) 
cubemapsamples           6/1024           96/16384    ( 0.6%) 
overlays                 2/512           704/180224   ( 0.4%) 
LDR lightdata         [variable]     1752852/0        ( 0.0%) 
HDR lightdata         [variable]           0/0        ( 0.0%) 
visdata               [variable]           0/16777216 ( 0.0%) 
entdata               [variable]       61308/393216   (15.6%) 
LDR ambient table     3031/65536       12124/262144   ( 4.6%) 
HDR ambient table     3031/65536       12124/262144   ( 4.6%) 
LDR leaf ambient     13627/65536      381556/1835008  (20.8%) 
HDR leaf ambient      3031/65536       84868/1835008  ( 4.6%) 
occluders                0/0               0/0        ( 0.0%) 
occluder polygons        0/0               0/0        ( 0.0%) 
occluder vert ind        0/0               0/0        ( 0.0%) 
detail props          [variable]           1/12       ( 8.3%) 
static props          [variable]           1/5716     ( 0.0%) 
pakfile               [variable]      576586/0        ( 0.0%) 
physics               [variable]      174149/4194304  ( 4.2%) 
physics terrain       [variable]        1432/1048576  ( 0.1%) 

Level flags = 0

Total triangle count: 8590
Writing c:\users\jürgen\dropbox\public\coding\vmf\firstone_v5\td_firstone_v5_4.bsp
27 seconds elapsed



materialPath: E:\Games\Steam\SteamApps\common\Team Fortress 2\tf\materials
Loading C:\Users\Jürgen\Dropbox\Public\Coding\vmf\firstone_v5\td_firstone_v5_4.vmf
Patching WVT material: maps/td_firstone_v5_4/egypt/sand_floor_blend_04_with_grass_wvt_patch
Patching WVT material: maps/td_firstone_v5_4/egypt/sand_grass_blend_01_wvt_patch
fixing up env_cubemap materials on brush sides...
env_cubemap pointing at deleted brushside near (324, 832, 548)
0...1...2...3...4...5...6...7...8...9...10**** leaked ****
Entity trigger_push (559.56 -461.51 649.24) leaked!
Processing areas...done (0)
Building Faces...done (0)
Chop Details...done (0)
Find Visible Detail Sides...done (0)
Merging details...done (0)
FixTjuncs...
PruneNodes...
WriteBSP...
done (0)
Creating default LDR cubemaps for env_cubemap using skybox materials:
   skybox/sky_island_01*.vmt
 ! Run buildcubemaps in the engine to get the correct cube maps.
Creating default HDR cubemaps for env_cubemap using skybox materials:
   skybox/sky_island_01*.vmt
 ! Run buildcubemaps in the engine to get the correct cube maps.
Finding displacement neighbors...
Finding lightmap sample positions...
Displacement Alpha : 0...1...2...3...4...5...6...7...8...9...10
Building Physics collision data...
done (1) (174149 bytes)
Placing detail props : 0...1...2...3...4...5...6...7...8...9...10
Compacting texture/material tables...
Reduced 953 texinfos to 505
Reduced 85 texdatas to 78 (2451 bytes to 2245)
Writing C:\Users\Jürgen\Dropbox\Public\Coding\vmf\firstone_v5\td_firstone_v5_4.bsp
3 seconds elapsed



8 threads
reading c:\users\jürgen\dropbox\public\coding\vmf\firstone_v5\td_firstone_v5_4.bsp
reading c:\users\jürgen\dropbox\public\coding\vmf\firstone_v5\td_firstone_v5_4.prt
LoadPortals: couldn't read c:\users\jürgen\dropbox\public\coding\vmf\firstone_v5\td_firstone_v5_4.prt



[Reading texlights from 'lights.rad']
[34 texlights parsed from 'lights.rad']

Loading c:\users\jürgen\dropbox\public\coding\vmf\firstone_v5\td_firstone_v5_4.bsp
No vis information, direct lighting only.
3495 faces
3247087 square feet [467580512.00 square inches]
4 Displacements
108954 Square Feet [15689472.00 Square Inches]
7 direct lights
0...1...2...3...4...5...6...7...8...9...10Build Patch/Sample Hash Table(s).....Done<0.0314 sec>
0...1...2...3...4...5...6...7...8...9...10FinalLightFace Done
0 of 0 (0% of) surface lights went in leaf ambient cubes.
0...1...2...3...4...5...6...7...8...9...10Writing leaf ambient...done
Ready to Finish

Object names       Objects/Maxobjs  Memory / Maxmem  Fullness 
------------       ---------------  ---------------  -------- 
models                 133/1024         6384/49152    (13.0%) 
brushes                374/8192         4488/98304    ( 4.6%) 
brushsides            2671/65536       21368/524288   ( 4.1%) 
planes                2332/65536       46640/1310720  ( 3.6%) 
vertexes              5175/65536       62100/786432   ( 7.9%) 
nodes                 2897/65536       92704/2097152  ( 4.4%) 
texinfos               505/12288       36360/884736   ( 4.1%) 
texdata                 78/2048         2496/65536    ( 3.8%) 
dispinfos                4/0             704/0        ( 0.0%) 
disp_verts             324/0            6480/0        ( 0.0%) 
disp_tris              512/0            1024/0        ( 0.0%) 
disp_lmsamples       63504/0           63504/0        ( 0.0%) 
faces                 3495/65536      195720/3670016  ( 5.3%) 
hdr faces                0/65536           0/3670016  ( 0.0%) 
origfaces             1466/65536       82096/3670016  ( 2.2%) 
leaves                3031/65536       96992/2097152  ( 4.6%) 
leaffaces             4208/65536        8416/131072   ( 6.4%) 
leafbrushes           1794/65536        3588/131072   ( 2.7%) 
areas                    4/256            32/2048     ( 1.6%) 
surfedges            21516/512000      86064/2048000  ( 4.2%) 
edges                11745/256000      46980/1024000  ( 4.6%) 
LDR worldlights          7/8192          616/720896   ( 0.1%) 
HDR worldlights          0/8192            0/720896   ( 0.0%) 
leafwaterdata            0/32768           0/393216   ( 0.0%) 
waterstrips            161/32768        1610/327680   ( 0.5%) 
waterverts               0/65536           0/786432   ( 0.0%) 
waterindices          2877/65536        5754/131072   ( 4.4%) 
cubemapsamples           6/1024           96/16384    ( 0.6%) 
overlays                 2/512           704/180224   ( 0.4%) 
LDR lightdata         [variable]     1752852/0        ( 0.0%) 
HDR lightdata         [variable]           0/0        ( 0.0%) 
visdata               [variable]           0/16777216 ( 0.0%) 
entdata               [variable]       61332/393216   (15.6%) 
LDR ambient table     3031/65536       12124/262144   ( 4.6%) 
HDR ambient table     3031/65536       12124/262144   ( 4.6%) 
LDR leaf ambient     13630/65536      381640/1835008  (20.8%) 
HDR leaf ambient      3031/65536       84868/1835008  ( 4.6%) 
occluders                0/0               0/0        ( 0.0%) 
occluder polygons        0/0               0/0        ( 0.0%) 
occluder vert ind        0/0               0/0        ( 0.0%) 
detail props          [variable]           1/12       ( 8.3%) 
static props          [variable]           1/5716     ( 0.0%) 
pakfile               [variable]      576586/0        ( 0.0%) 
physics               [variable]      174149/4194304  ( 4.2%) 
physics terrain       [variable]        1432/1048576  ( 0.1%) 

Level flags = 0

Total triangle count: 8590
Writing c:\users\jürgen\dropbox\public\coding\vmf\firstone_v5\td_firstone_v5_4.bsp
33 seconds elapsed



materialPath: E:\Games\Steam\SteamApps\common\Team Fortress 2\tf\materials
Loading C:\Users\Jürgen\Dropbox\Public\Coding\vmf\firstone_v5\td_firstone_v5_4.vmf
Patching WVT material: maps/td_firstone_v5_4/egypt/sand_floor_blend_04_with_grass_wvt_patch
Patching WVT material: maps/td_firstone_v5_4/egypt/sand_grass_blend_01_wvt_patch
fixing up env_cubemap materials on brush sides...
env_cubemap pointing at deleted brushside near (324, 832, 548)
0...1...2...3...4...5...6...7...8...9...10**** leaked ****
Entity trigger_push (559.56 -461.51 649.24) leaked!
Processing areas...done (0)
Building Faces...done (0)
Chop Details...done (0)
Find Visible Detail Sides...done (0)
Merging details...done (0)
FixTjuncs...
PruneNodes...
WriteBSP...
done (0)
Creating default LDR cubemaps for env_cubemap using skybox materials:
   skybox/sky_island_01*.vmt
 ! Run buildcubemaps in the engine to get the correct cube maps.
Creating default HDR cubemaps for env_cubemap using skybox materials:
   skybox/sky_island_01*.vmt
 ! Run buildcubemaps in the engine to get the correct cube maps.
Finding displacement neighbors...
Finding lightmap sample positions...
Displacement Alpha : 0...1...2...3...4...5...6...7...8...9...10
Building Physics collision data...
done (1) (174726 bytes)
Placing detail props : 0...1...2...3...4...5...6...7...8...9...10
Compacting texture/material tables...
Reduced 954 texinfos to 505
Reduced 85 texdatas to 78 (2452 bytes to 2246)
Writing C:\Users\Jürgen\Dropbox\Public\Coding\vmf\firstone_v5\td_firstone_v5_4.bsp
3 seconds elapsed



8 threads
reading c:\users\jürgen\dropbox\public\coding\vmf\firstone_v5\td_firstone_v5_4.bsp
reading c:\users\jürgen\dropbox\public\coding\vmf\firstone_v5\td_firstone_v5_4.prt
LoadPortals: couldn't read c:\users\jürgen\dropbox\public\coding\vmf\firstone_v5\td_firstone_v5_4.prt



[Reading texlights from 'lights.rad']
[34 texlights parsed from 'lights.rad']

Loading c:\users\jürgen\dropbox\public\coding\vmf\firstone_v5\td_firstone_v5_4.bsp
No vis information, direct lighting only.
3495 faces
3247087 square feet [467580512.00 square inches]
4 Displacements
108954 Square Feet [15689472.00 Square Inches]
7 direct lights
0...1...2...3...4...5...6...7...8...9...10Build Patch/Sample Hash Table(s).....Done<0.0305 sec>
0...1...2...3...4...5...6...7...8...9...10FinalLightFace Done
0 of 0 (0% of) surface lights went in leaf ambient cubes.
0...1...2...3...4...5...6...7...8...9...10Writing leaf ambient...done
Ready to Finish

Object names       Objects/Maxobjs  Memory / Maxmem  Fullness 
------------       ---------------  ---------------  -------- 
models                 133/1024         6384/49152    (13.0%) 
brushes                374/8192         4488/98304    ( 4.6%) 
brushsides            2677/65536       21416/524288   ( 4.1%) 
planes                2368/65536       47360/1310720  ( 3.6%) 
vertexes              5187/65536       62244/786432   ( 7.9%) 
nodes                 2903/65536       92896/2097152  ( 4.4%) 
texinfos               505/12288       36360/884736   ( 4.1%) 
texdata                 78/2048         2496/65536    ( 3.8%) 
dispinfos                4/0             704/0        ( 0.0%) 
disp_verts             324/0            6480/0        ( 0.0%) 
disp_tris              512/0            1024/0        ( 0.0%) 
disp_lmsamples       63504/0           63504/0        ( 0.0%) 
faces                 3495/65536      195720/3670016  ( 5.3%) 
hdr faces                0/65536           0/3670016  ( 0.0%) 
origfaces             1466/65536       82096/3670016  ( 2.2%) 
leaves                3037/65536       97184/2097152  ( 4.6%) 
leaffaces             4208/65536        8416/131072   ( 6.4%) 
leafbrushes           1794/65536        3588/131072   ( 2.7%) 
areas                    4/256            32/2048     ( 1.6%) 
surfedges            21516/512000      86064/2048000  ( 4.2%) 
edges                11745/256000      46980/1024000  ( 4.6%) 
LDR worldlights          7/8192          616/720896   ( 0.1%) 
HDR worldlights          0/8192            0/720896   ( 0.0%) 
leafwaterdata            0/32768           0/393216   ( 0.0%) 
waterstrips            161/32768        1610/327680   ( 0.5%) 
waterverts               0/65536           0/786432   ( 0.0%) 
waterindices          2877/65536        5754/131072   ( 4.4%) 
cubemapsamples           6/1024           96/16384    ( 0.6%) 
overlays                 2/512           704/180224   ( 0.4%) 
LDR lightdata         [variable]     1752852/0        ( 0.0%) 
HDR lightdata         [variable]           0/0        ( 0.0%) 
visdata               [variable]           0/16777216 ( 0.0%) 
entdata               [variable]       61332/393216   (15.6%) 
LDR ambient table     3037/65536       12148/262144   ( 4.6%) 
HDR ambient table     3037/65536       12148/262144   ( 4.6%) 
LDR leaf ambient     13636/65536      381808/1835008  (20.8%) 
HDR leaf ambient      3037/65536       85036/1835008  ( 4.6%) 
occluders                0/0               0/0        ( 0.0%) 
occluder polygons        0/0               0/0        ( 0.0%) 
occluder vert ind        0/0               0/0        ( 0.0%) 
detail props          [variable]           1/12       ( 8.3%) 
static props          [variable]           1/5716     ( 0.0%) 
pakfile               [variable]      576589/0        ( 0.0%) 
physics               [variable]      174726/4194304  ( 4.2%) 
physics terrain       [variable]        1432/1048576  ( 0.1%) 

Level flags = 0

Total triangle count: 8590
Writing c:\users\jürgen\dropbox\public\coding\vmf\firstone_v5\td_firstone_v5_4.bsp
32 seconds elapsed



materialPath: E:\Games\Steam\SteamApps\common\Team Fortress 2\tf\materials
Loading C:\Users\Jürgen\Dropbox\Public\Coding\vmf\firstone_v5\td_firstone_v5_4.vmf
Patching WVT material: maps/td_firstone_v5_4/egypt/sand_floor_blend_04_with_grass_wvt_patch
Patching WVT material: maps/td_firstone_v5_4/egypt/sand_grass_blend_01_wvt_patch
fixing up env_cubemap materials on brush sides...
env_cubemap pointing at deleted brushside near (324, 832, 548)
0...1...2...3...4...5...6...7...8...9...100...1...2...3...4...5...6...7...8...9...10Processing areas...done (0)
Building Faces...done (0)
Chop Details...done (0)
Find Visible Detail Sides...done (0)
Merging details...done (0)
FixTjuncs...
PruneNodes...
WriteBSP...
done (0)
writing C:\Users\Jürgen\Dropbox\Public\Coding\vmf\firstone_v5\td_firstone_v5_4.prt...Building visibility clusters...
done (0)
Creating default LDR cubemaps for env_cubemap using skybox materials:
   skybox/sky_island_01*.vmt
 ! Run buildcubemaps in the engine to get the correct cube maps.
Creating default HDR cubemaps for env_cubemap using skybox materials:
   skybox/sky_island_01*.vmt
 ! Run buildcubemaps in the engine to get the correct cube maps.
Finding displacement neighbors...
Finding lightmap sample positions...
Displacement Alpha : 0...1...2...3...4...5...6...7...8...9...10
Building Physics collision data...
done (1) (174726 bytes)
Placing detail props : 0...1...2...3...4...5...6...7...8...9...10
Compacting texture/material tables...
Reduced 952 texinfos to 505
Reduced 85 texdatas to 78 (2452 bytes to 2246)
Writing C:\Users\Jürgen\Dropbox\Public\Coding\vmf\firstone_v5\td_firstone_v5_4.bsp
3 seconds elapsed



8 threads
reading c:\users\jürgen\dropbox\public\coding\vmf\firstone_v5\td_firstone_v5_4.bsp
reading c:\users\jürgen\dropbox\public\coding\vmf\firstone_v5\td_firstone_v5_4.prt
 942 portalclusters
3029 numportals
0...1...2...3...4...5...6...7...8...9...100...1...2...3...4...5...


[Reading texlights from 'lights.rad']
[34 texlights parsed from 'lights.rad']

Loading c:\users\jürgen\dropbox\public\coding\vmf\firstone_v5\td_firstone_v5_4.bsp
No vis information, direct lighting only.
3299 faces
2161695 square feet [311284192.00 square inches]
4 Displacements
108954 Square Feet [15689472.00 Square Inches]
7 direct lights
0...1...2...3...4...5...6...7...8...9...10Build Patch/Sample Hash Table(s).....Done<0.0338 sec>
0...1...2...3...4...5...6...7...8...9