


materialPath: E:\Steam\steamapps\common\Team Fortress 2\tf\materials
Loading E:\Dropbox\Dropbox\Public\Coding\vmf\firstone_v5\td_firstone_v5_3.vmf
Patching WVT material: maps/td_firstone_v5_3/egypt/sand_floor_blend_04_with_grass_wvt_patch
Patching WVT material: maps/td_firstone_v5_3/egypt/sand_grass_blend_01_wvt_patch
fixing up env_cubemap materials on brush sides...
0...1...2...3...4...5...6...7...8...9...100...1...2...3...4...5...6...7...8...9...10Processing areas...done (0)
Building Faces...done (0)
Chop Details...done (0)
Find Visible Detail Sides...done (0)
Merging details...done (0)
FixTjuncs...
PruneNodes...
WriteBSP...
done (0)
writing E:\Dropbox\Dropbox\Public\Coding\vmf\firstone_v5\td_firstone_v5_3.prt...Building visibility clusters...
done (1)
Creating default LDR cubemaps for env_cubemap using skybox materials:
   skybox/sky_island_01*.vmt
 ! Run buildcubemaps in the engine to get the correct cube maps.
Creating default HDR cubemaps for env_cubemap using skybox materials:
   skybox/sky_island_01*.vmt
 ! Run buildcubemaps in the engine to get the correct cube maps.
Finding displacement neighbors...
Finding lightmap sample positions...
Displacement Alpha : 0...1...2...3...4...5...6...7...8...9...10
Building Physics collision data...
done (0) (224473 bytes)
Placing detail props : 0...1...2...3...4...5...6...7...8...9...10
Compacting texture/material tables...
Reduced 904 texinfos to 502
Reduced 87 texdatas to 80 (2555 bytes to 2269)
Writing E:\Dropbox\Dropbox\Public\Coding\vmf\firstone_v5\td_firstone_v5_3.bsp
2 seconds elapsed



4 threads
reading e:\dropbox\dropbox\public\coding\vmf\firstone_v5\td_firstone_v5_3.bsp
reading e:\dropbox\dropbox\public\coding\vmf\firstone_v5\td_firstone_v5_3.prt
1571 portalclusters
5121 numportals
0...1...2...3...4...5...6...7...8...9...10Optimized: 50362 visible clusters (4.75%)
Total clusters visible: 1060677
Average clusters visible: 675
Building PAS...
Average clusters audible: 1285
visdatasize:492312  compressed from 628400
writing e:\dropbox\dropbox\public\coding\vmf\firstone_v5\td_firstone_v5_3.bsp
2 seconds elapsed



[Reading texlights from 'lights.rad']
[34 texlights parsed from 'lights.rad']

Loading e:\dropbox\dropbox\public\coding\vmf\firstone_v5\td_firstone_v5_3.bsp
5294 faces
6179926 square feet [889909376.00 square inches]
4 Displacements
108954 Square Feet [15689472.00 Square Inches]
5294 patches before subdivision
112138 patches after subdivision
7 direct lights
0...1...2...3...4...5...6...7...8...9...100...1...2...3...4...5...6...7...8...9...10transfers 9356902, max 1232
transfer lists:  71.4 megs
0...1...2...3...4...5...6...7...8...9...10	Bounce #1 added RGB(108180, 80632, 35081)
0...1...2...3...4...5...6...7...8...9...10	Bounce #2 added RGB(670339, 488636, 164116)
0...1...2...3...4...5...6...7...8...9...10	Bounce #3 added RGB(6254, 3206, 670)
0...1...2...3...4...5...6...7...8...9...10	Bounce #4 added RGB(65724, 35553, 5919)
0...1...2...3...4...5...6...7...8...9...10	Bounce #5 added RGB(562, 213, 20)
0...1...2...3...4...5...6...7...8...9...10	Bounce #6 added RGB(6571, 2637, 218)
0...1...2...3...4...5...6...7...8...9...10	Bounce #7 added RGB(56, 16, 1)
0...1...2...3...4...5...6...7...8...9...10	Bounce #8 added RGB(663, 197, 8)
0...1...2...3...4...5...6...7...8...9...10	Bounce #9 added RGB(6, 1, 0)
0...1...2...3...4...5...6...7...8...9...10	Bounce #10 added RGB(67, 15, 0)
0...1...2...3...4...5...6...7...8...9...10	Bounce #11 added RGB(1, 0, 0)
Build Patch/Sample Hash Table(s).....Done<0.0964 sec>
0...1...2...3...4...5...6...7...8...9...10FinalLightFace Done
0 of 0 (0% of) surface lights went in leaf ambient cubes.
0...1...2...3...4...5...6...7...8...9...10Writing leaf ambient...done
Ready to Finish

Object names       Objects/Maxobjs  Memory / Maxmem  Fullness 
------------       ---------------  ---------------  -------- 
models                 107/1024         5136/49152    (10.4%) 
brushes                434/8192         5208/98304    ( 5.3%) 
brushsides            2980/65536       23840/524288   ( 4.5%) 
planes                2462/65536       49240/1310720  ( 3.8%) 
vertexes              6608/65536       79296/786432   (10.1%) 
nodes                 3577/65536      114464/2097152  ( 5.5%) 
texinfos               502/12288       36144/884736   ( 4.1%) 
texdata                 80/2048         2560/65536    ( 3.9%) 
dispinfos                4/0             704/0        ( 0.0%) 
disp_verts             324/0            6480/0        ( 0.0%) 
disp_tris              512/0            1024/0        ( 0.0%) 
disp_lmsamples       63504/0           63504/0        ( 0.0%) 
faces                 5294/65536      296464/3670016  ( 8.1%) 
hdr faces                0/65536           0/3670016  ( 0.0%) 
origfaces             1426/65536       79856/3670016  ( 2.2%) 
leaves                3685/65536      117920/2097152  ( 5.6%) 
leaffaces             5749/65536       11498/131072   ( 8.8%) 
leafbrushes           2640/65536        5280/131072   ( 4.0%) 
areas                    3/256            24/2048     ( 1.2%) 
surfedges            29493/512000     117972/2048000  ( 5.8%) 
edges                15952/256000      63808/1024000  ( 6.2%) 
LDR worldlights          7/8192          616/720896   ( 0.1%) 
HDR worldlights          0/8192            0/720896   ( 0.0%) 
leafwaterdata            1/32768          12/393216   ( 0.0%) 
waterstrips            290/32768        2900/327680   ( 0.9%) 
waterverts               0/65536           0/786432   ( 0.0%) 
waterindices          5436/65536       10872/131072   ( 8.3%) 
cubemapsamples           5/1024           80/16384    ( 0.5%) 
overlays                 2/512           704/180224   ( 0.4%) 
LDR lightdata         [variable]     3653940/0        ( 0.0%) 
HDR lightdata         [variable]           0/0        ( 0.0%) 
visdata               [variable]      492312/16777216 ( 2.9%) 
entdata               [variable]       52756/393216   (13.4%) 
LDR ambient table     3685/65536       14740/262144   ( 5.6%) 
HDR ambient table     3685/65536       14740/262144   ( 5.6%) 
LDR leaf ambient     16232/65536      454496/1835008  (24.8%) 
HDR leaf ambient      3685/65536      103180/1835008  ( 5.6%) 
occluders                0/0               0/0        ( 0.0%) 
occluder polygons        0/0               0/0        ( 0.0%) 
occluder vert ind        0/0               0/0        ( 0.0%) 
detail props          [variable]           1/12       ( 8.3%) 
static props          [variable]           1/5700     ( 0.0%) 
pakfile               [variable]      494819/0        ( 0.0%) 
physics               [variable]      224473/4194304  ( 5.4%) 
physics terrain       [variable]        1432/1048576  ( 0.1%) 

Level flags = 0

Total triangle count: 13129
Writing e:\dropbox\dropbox\public\coding\vmf\firstone_v5\td_firstone_v5_3.bsp
38 seconds elapsed



materialPath: E:\Steam\steamapps\common\Team Fortress 2\tf\materials
Loading e:\dropbox\dropbox\public\coding\vmf\firstone_v5\td_firstone_v5_3.vmf
Patching WVT material: maps/td_firstone_v5_3/egypt/sand_floor_blend_04_with_grass_wvt_patch
Patching WVT material: maps/td_firstone_v5_3/egypt/sand_grass_blend_01_wvt_patch
fixing up env_cubemap materials on brush sides...
0...1...2...3...4...5...6...7...8...9...100...1...2...3...4...5...6...7...8...9...10Processing areas...done (0)
Building Faces...done (1)
Chop Details...done (0)
Find Visible Detail Sides...done (0)
Merging details...done (0)
FixTjuncs...
PruneNodes...
WriteBSP...
done (0)
writing e:\dropbox\dropbox\public\coding\vmf\firstone_v5\td_firstone_v5_3.prt...Building visibility clusters...
done (0)
Creating default LDR cubemaps for env_cubemap using skybox materials:
   skybox/sky_island_01*.vmt
 ! Run buildcubemaps in the engine to get the correct cube maps.
Creating default HDR cubemaps for env_cubemap using skybox materials:
   skybox/sky_island_01*.vmt
 ! Run buildcubemaps in the engine to get the correct cube maps.
Finding displacement neighbors...
Finding lightmap sample positions...
Displacement Alpha : 0...1...2...3...4...5...6...7...8...9...10
Building Physics collision data...
done (0) (224473 bytes)
Placing detail props : 0...1...2...3...4...5...6...7...8...9...10
Compacting texture/material tables...
Reduced 905 texinfos to 503
Reduced 88 texdatas to 81 (2614 bytes to 2328)
Writing e:\dropbox\dropbox\public\coding\vmf\firstone_v5\td_firstone_v5_3.bsp
2 seconds elapsed



4 threads
reading e:\dropbox\dropbox\public\coding\vmf\firstone_v5\td_firstone_v5_3.bsp
reading e:\dropbox\dropbox\public\coding\vmf\firstone_v5\td_firstone_v5_3.prt
1571 portalclusters
5121 numportals
0...1...2...3...4...5...6...7...8...9...100...1...2...3...4...5...6..


[Reading texlights from 'lights.rad']
[34 texlights parsed from 'lights.rad']

Loading e:\dropbox\dropbox\public\coding\vmf\firstone_v5\td_firstone_v5_3.bsp
No vis information, direct lighting only.
5294 faces
6179926 square feet [889909376.00 square inches]
4 Displacements
108954 Square Feet [15689472.00 Square Inches]
7 direct lights
0...1...2...3...4...5...6...7...8...9...10Build Patch/Sample Hash Table(s).....Done<0.0845 sec>
0...1...2...3...4...5...6...7...8...9...10FinalLightFace Done
0 of 0 (0% of) surface lights went in leaf ambient cubes.
0...1...2...3...4...5...6...7...8...9...10Writing leaf ambient...done
Ready to Finish

Object names       Objects/Maxobjs  Memory / Maxmem  Fullness 
------------       ---------------  ---------------  -------- 
models                 107/1024         5136/49152    (10.4%) 
brushes                434/8192         5208/98304    ( 5.3%) 
brushsides            2980/65536       23840/524288   ( 4.5%) 
planes                2462/65536       49240/1310720  ( 3.8%) 
vertexes              6608/65536       79296/786432   (10.1%) 
nodes                 3577/65536      114464/2097152  ( 5.5%) 
texinfos               503/12288       36216/884736   ( 4.1%) 
texdata                 81/2048         2592/65536    ( 4.0%) 
dispinfos                4/0             704/0        ( 0.0%) 
disp_verts             324/0            6480/0        ( 0.0%) 
disp_tris              512/0            1024/0        ( 0.0%) 
disp_lmsamples       63504/0           63504/0        ( 0.0%) 
faces                 5294/65536      296464/3670016  ( 8.1%) 
hdr faces                0/65536           0/3670016  ( 0.0%) 
origfaces             1426/65536       79856/3670016  ( 2.2%) 
leaves                3685/65536      117920/2097152  ( 5.6%) 
leaffaces             5749/65536       11498/131072   ( 8.8%) 
leafbrushes           2640/65536        5280/131072   ( 4.0%) 
areas                    3/256            24/2048     ( 1.2%) 
surfedges            29493/512000     117972/2048000  ( 5.8%) 
edges                15952/256000      63808/1024000  ( 6.2%) 
LDR worldlights          7/8192          616/720896   ( 0.1%) 
HDR worldlights          0/8192            0/720896   ( 0.0%) 
leafwaterdata            1/32768          12/393216   ( 0.0%) 
waterstrips            290/32768        2900/327680   ( 0.9%) 
waterverts               0/65536           0/786432   ( 0.0%) 
waterindices          5436/65536       10872/131072   ( 8.3%) 
cubemapsamples           6/1024           96/16384    ( 0.6%) 
overlays                 2/512           704/180224   ( 0.4%) 
LDR lightdata         [variable]     4024296/0        ( 0.0%) 
HDR lightdata         [variable]           0/0        ( 0.0%) 
visdata               [variable]           0/16777216 ( 0.0%) 
entdata               [variable]       52756/393216   (13.4%) 
LDR ambient table     3685/65536       14740/262144   ( 5.6%) 
HDR ambient table     3685/65536       14740/262144   ( 5.6%) 
LDR leaf ambient     16063/65536      449764/1835008  (24.5%) 
HDR leaf ambient      3685/65536      103180/1835008  ( 5.6%) 
occluders                0/0               0/0        ( 0.0%) 
occluder polygons        0/0               0/0        ( 0.0%) 
occluder vert ind        0/0               0/0        ( 0.0%) 
detail props          [variable]           1/12       ( 8.3%) 
static props          [variable]           1/5700     ( 0.0%) 
pakfile               [variable]      577031/0        ( 0.0%) 
physics               [variable]      224473/4194304  ( 5.4%) 
physics terrain       [variable]        1432/1048576  ( 0.1%) 

Level flags = 0

Total triangle count: 13129
Writing e:\dropbox\dropbox\public\coding\vmf\firstone_v5\td_firstone_v5_3.bsp
21 seconds elapsed



materialPath: E:\Steam\steamapps\common\Team Fortress 2\tf\materials
Loading E:\Dropbox\Dropbox\Public\Coding\vmf\firstone_v5\td_firstone_v5_3.vmf
Patching WVT material: maps/td_firstone_v5_3/egypt/sand_floor_blend_04_with_grass_wvt_patch
Patching WVT material: maps/td_firstone_v5_3/egypt/sand_grass_blend_01_wvt_patch
fixing up env_cubemap materials on brush sides...
env_cubemap pointing at deleted brushside near (324, 832, 548)
0...1...2...3...4...5...6...7...8...9...100...1...2...3...4...5...6...7...8...9...10Processing areas...done (0)
Building Faces...done (0)
Chop Details...done (0)
Find Visible Detail Sides...done (0)
Merging details...done (0)
FixTjuncs...
PruneNodes...
WriteBSP...
done (0)
writing E:\Dropbox\Dropbox\Public\Coding\vmf\firstone_v5\td_firstone_v5_3.prt...Building visibility clusters...
done (0)
Creating default LDR cubemaps for env_cubemap using skybox materials:
   skybox/sky_island_01*.vmt
 ! Run buildcubemaps in the engine to get the correct cube maps.
Creating default HDR cubemaps for env_cubemap using skybox materials:
   skybox/sky_island_01*.vmt
 ! Run buildcubemaps in the engine to get the correct cube maps.
Finding displacement neighbors...
Finding lightmap sample positions...
Displacement Alpha : 0...1...2...3...4...5...6...7...8...9...10
Building Physics collision data...
done (1) (223839 bytes)
Placing detail props : 0...1...2...3...4...5...6...7...8...9...10
Compacting texture/material tables...
Reduced 903 texinfos to 502
Reduced 86 texdatas to 80 (2476 bytes to 2286)
Writing E:\Dropbox\Dropbox\Public\Coding\vmf\firstone_v5\td_firstone_v5_3.bsp
1 second elapsed



4 threads
reading e:\dropbox\dropbox\public\coding\vmf\firstone_v5\td_firstone_v5_3.bsp
reading e:\dropbox\dropbox\public\coding\vmf\firstone_v5\td_firstone_v5_3.prt
 965 portalclusters
3143 numportals
0...1...2...3...4...5...6...7...8...9...100...1...2...3...4...5...6...7...8...9...10Optimized: 3884 visible clusters (0.77%)
Total clusters visible: 506225
Average clusters visible: 524
Building PAS...
Average clusters audible: 917
visdatasize:227233  compressed from 247040
writing e:\dropbox\dropbox\public\coding\vmf\firstone_v5\td_firstone_v5_3.bsp
45 minutes, 47 seconds elapsed
