PRT1
24
49
4 0 5 (0 384 576 ) (0 640 576 ) (0 640 64 ) (0 384 64 ) 
4 0 3 (256 384 64 ) (384 384 64 ) (384 384 80 ) (256 384 80 ) 
4 0 4 (0 384 64 ) (128 384 64 ) (128 384 80 ) (0 384 80 ) 
4 0 2 (512 384 64 ) (768 384 64 ) (768 384 80 ) (512 384 80 ) 
4 0 1 (768 384 80 ) (768 384 576 ) (0 384 576 ) (0 384 80 ) 
4 1 9 (768 0 80 ) (768 0 576 ) (0 0 576 ) (0 0 80 ) 
4 1 6 (0 0 80 ) (0 0 576 ) (0 384 576 ) (0 384 80 ) 
4 1 3 (256 384 80 ) (384 384 80 ) (384 0 80 ) (256 0 80 ) 
4 1 4 (0 384 80 ) (128 384 80 ) (128 0 80 ) (0 0 80 ) 
4 1 2 (512 384 80 ) (768 384 80 ) (768 0 80 ) (512 0 80 ) 
4 2 10 (768 0 64 ) (768 0 80 ) (512 0 80 ) (512 0 64 ) 
4 3 11 (384 0 80 ) (256 0 80 ) (256 0 64 ) (384 0 64 ) 
4 4 12 (128 0 80 ) (0 0 80 ) (0 0 64 ) (128 0 64 ) 
4 5 7 (-256 384 64 ) (-128 384 64 ) (-128 384 80 ) (-256 384 80 ) 
4 5 8 (-640 384 80 ) (-640 384 64 ) (-384 384 64 ) (-384 384 80 ) 
4 5 6 (-640 384 576 ) (-640 384 80 ) (0 384 80 ) (0 384 576 ) 
4 6 17 (0 0 80 ) (0 0 576 ) (-640 0 576 ) (-640 0 80 ) 
4 6 7 (-256 384 80 ) (-128 384 80 ) (-128 0 80 ) (-256 0 80 ) 
4 6 8 (-640 0 80 ) (-640 384 80 ) (-384 384 80 ) (-384 0 80 ) 
4 7 18 (-128 0 80 ) (-256 0 80 ) (-256 0 64 ) (-128 0 64 ) 
4 8 19 (-384 0 80 ) (-640 0 80 ) (-640 0 64 ) (-384 0 64 ) 
4 9 17 (0 0 576 ) (0 0 80 ) (0 -128 80 ) (0 -128 576 ) 
4 9 14 (512 -128 576 ) (0 -128 576 ) (0 -128 80 ) (512 -128 80 ) 
4 9 13 (768 -128 80 ) (768 -128 576 ) (512 -128 576 ) (512 -128 80 ) 
4 9 11 (384 -128 80 ) (256 -128 80 ) (256 0 80 ) (384 0 80 ) 
4 9 12 (128 -128 80 ) (0 -128 80 ) (0 0 80 ) (128 0 80 ) 
4 9 10 (768 -128 80 ) (512 -128 80 ) (512 0 80 ) (768 0 80 ) 
4 10 13 (512 -128 64 ) (768 -128 64 ) (768 -128 80 ) (512 -128 80 ) 
4 11 14 (256 -128 64 ) (384 -128 64 ) (384 -128 80 ) (256 -128 80 ) 
4 12 14 (0 -128 64 ) (128 -128 64 ) (128 -128 80 ) (0 -128 80 ) 
4 13 16 (512 -384 64 ) (768 -384 64 ) (768 -384 576 ) (512 -384 576 ) 
4 13 15 (512 -384 80 ) (512 -384 576 ) (512 -256 576 ) (512 -256 80 ) 
4 13 14 (512 -128 576 ) (512 -128 64 ) (512 -256 64 ) (512 -256 576 ) 
4 14 20 (0 -128 64 ) (0 -256 64 ) (0 -256 576 ) (0 -128 576 ) 
4 14 15 (512 -256 80 ) (512 -256 576 ) (0 -256 576 ) (0 -256 80 ) 
4 15 21 (0 -384 80 ) (0 -384 576 ) (0 -256 576 ) (0 -256 80 ) 
4 15 16 (512 -384 80 ) (512 -384 576 ) (0 -384 576 ) (0 -384 80 ) 
4 16 23 (0 -384 64 ) (0 -640 64 ) (0 -640 576 ) (0 -384 576 ) 
4 17 20 (-384 -128 80 ) (0 -128 80 ) (0 -128 576 ) (-384 -128 576 ) 
4 17 22 (-640 -128 576 ) (-640 -128 80 ) (-384 -128 80 ) (-384 -128 576 ) 
4 17 18 (-128 -128 80 ) (-256 -128 80 ) (-256 0 80 ) (-128 0 80 ) 
4 17 19 (-384 -128 80 ) (-640 -128 80 ) (-640 0 80 ) (-384 0 80 ) 
4 18 20 (-256 -128 64 ) (-128 -128 64 ) (-128 -128 80 ) (-256 -128 80 ) 
4 19 22 (-640 -128 80 ) (-640 -128 64 ) (-384 -128 64 ) (-384 -128 80 ) 
4 20 21 (-384 -256 576 ) (-384 -256 80 ) (0 -256 80 ) (0 -256 576 ) 
4 20 22 (-384 -128 576 ) (-384 -128 64 ) (-384 -256 64 ) (-384 -256 576 ) 
4 21 23 (0 -384 80 ) (0 -384 576 ) (-384 -384 576 ) (-384 -384 80 ) 
4 21 22 (-384 -384 80 ) (-384 -384 576 ) (-384 -256 576 ) (-384 -256 80 ) 
4 22 23 (-640 -384 576 ) (-640 -384 64 ) (-384 -384 64 ) (-384 -384 576 ) 
