


materialPath: D:\Steam\SteamApps\common\Team Fortress 2\tf\materials
Loading D:\Dropbox\Public\TF2\Maps\Tower Defense\td_multipath.vmf
fixing up env_cubemap materials on brush sides...
0...1...2...3...4...5...6...7...8...9...100...1...2...3...4...5...6...7...8...9...10Processing areas...done (0)
Building Faces...done (0)
FixTjuncs...
PruneNodes...
WriteBSP...
done (0)
writing D:\Dropbox\Public\TF2\Maps\Tower Defense\td_multipath.prt...Building visibility clusters...
done (0)
Creating default LDR cubemaps for env_cubemap using skybox materials:
   skybox/sky_day01_01*.vmt
 ! Run buildcubemaps in the engine to get the correct cube maps.
Creating default HDR cubemaps for env_cubemap using skybox materials:
   skybox/sky_day01_01*.vmt
 ! Run buildcubemaps in the engine to get the correct cube maps.
Finding displacement neighbors...
Finding lightmap sample positions...
Displacement Alpha : 0...1...2...3...4...5...6...7...8...9...10
Building Physics collision data...
done (0) (11806 bytes)
Placing detail props : 0...1...2...3...4...5...6...7...8...9...10
Compacting texture/material tables...
Reduced 44 texinfos to 37
Reduced 4 texdatas to 4 (78 bytes to 78)
Writing D:\Dropbox\Public\TF2\Maps\Tower Defense\td_multipath.bsp
0 seconds elapsed



8 threads
reading d:\dropbox\public\tf2\maps\tower defense\td_multipath.bsp
reading d:\dropbox\public\tf2\maps\tower defense\td_multipath.prt
  24 portalclusters
  49 numportals
0...1...2...3...4...5...6...7...8...9...100...1...2...3...4...5...6...7...8...9...10Optimized: 0 visible clusters (0.00%)
Total clusters visible: 496
Average clusters visible: 20
Building PAS...
Average clusters audible: 24
visdatasize:340  compressed from 384
writing d:\dropbox\public\tf2\maps\tower defense\td_multipath.bsp
0 seconds elapsed



[Reading texlights from 'lights.rad']
[34 texlights parsed from 'lights.rad']

Loading d:\dropbox\public\tf2\maps\tower defense\td_multipath.bsp
150 faces
56807 square feet [8180224.00 square inches]
0 Displacements
0 Square Feet [0.00 Square Inches]
150 patches before subdivision
2862 patches after subdivision
2 direct lights
0...1...2...3...4...5...6...7...8...9...100...1...2...3...4...5...6...7...8...9...10transfers 30697, max 145
transfer lists:   0.2 megs
0...1...2...3...4...5...6...7...8...9...10	Bounce #1 added RGB(1969, 1261, 791)
0...1...2...3...4...5...6...7...8...9...10	Bounce #2 added RGB(34, 10, 4)
0...1...2...3...4...5...6...7...8...9...10	Bounce #3 added RGB(1, 0, 0)
0...1...2...3...4...5...6...7...8...9...10	Bounce #4 added RGB(0, 0, 0)
Build Patch/Sample Hash Table(s).....Done<0.0006 sec>
0...1...2...3...4...5...6...7...8...9...10FinalLightFace Done
0 of 0 (0% of) surface lights went in leaf ambient cubes.
0...1...2...3...4...5...6...7...8...9...10Writing leaf ambient...done
Ready to Finish

Object names       Objects/Maxobjs  Memory / Maxmem  Fullness 
------------       ---------------  ---------------  -------- 
models                  14/1024          672/49152    ( 1.4%) 
brushes                 25/8192          300/98304    ( 0.3%) 
brushsides             150/65536        1200/524288   ( 0.2%) 
planes                 148/65536        2960/1310720  ( 0.2%) 
vertexes               210/65536        2520/786432   ( 0.3%) 
nodes                  135/65536        4320/2097152  ( 0.2%) 
texinfos                37/12288        2664/884736   ( 0.3%) 
texdata                  4/2048          128/65536    ( 0.2%) 
dispinfos                0/0               0/0        ( 0.0%) 
disp_verts               0/0               0/0        ( 0.0%) 
disp_tris                0/0               0/0        ( 0.0%) 
disp_lmsamples           0/0               0/0        ( 0.0%) 
faces                  150/65536        8400/3670016  ( 0.2%) 
hdr faces                0/65536           0/3670016  ( 0.0%) 
origfaces              109/65536        6104/3670016  ( 0.2%) 
leaves                 150/65536        4800/2097152  ( 0.2%) 
leaffaces              172/65536         344/131072   ( 0.3%) 
leafbrushes             51/65536         102/131072   ( 0.1%) 
areas                    2/256            16/2048     ( 0.8%) 
surfedges             1066/512000       4264/2048000  ( 0.2%) 
edges                  556/256000       2224/1024000  ( 0.2%) 
LDR worldlights          2/8192          176/720896   ( 0.0%) 
HDR worldlights          0/8192            0/720896   ( 0.0%) 
leafwaterdata            0/32768           0/393216   ( 0.0%) 
waterstrips              0/32768           0/327680   ( 0.0%) 
waterverts               0/65536           0/786432   ( 0.0%) 
waterindices             0/65536           0/131072   ( 0.0%) 
cubemapsamples           0/1024            0/16384    ( 0.0%) 
overlays                 0/512             0/180224   ( 0.0%) 
LDR lightdata         [variable]      111336/0        ( 0.0%) 
HDR lightdata         [variable]           0/0        ( 0.0%) 
visdata               [variable]         340/16777216 ( 0.0%) 
entdata               [variable]        3927/393216   ( 1.0%) 
LDR ambient table      150/65536         600/262144   ( 0.2%) 
HDR ambient table      150/65536         600/262144   ( 0.2%) 
LDR leaf ambient       706/65536       19768/1835008  ( 1.1%) 
HDR leaf ambient       150/65536        4200/1835008  ( 0.2%) 
occluders                0/0               0/0        ( 0.0%) 
occluder polygons        0/0               0/0        ( 0.0%) 
occluder vert ind        0/0               0/0        ( 0.0%) 
detail props          [variable]           1/12       ( 8.3%) 
static props          [variable]           1/12       ( 8.3%) 
pakfile               [variable]      105679/0        ( 0.0%) 
physics               [variable]       11806/4194304  ( 0.3%) 
physics terrain       [variable]           2/1048576  ( 0.0%) 

Level flags = 0

Total triangle count: 330
Writing d:\dropbox\public\tf2\maps\tower defense\td_multipath.bsp
1 second elapsed



materialPath: D:\Steam\SteamApps\common\Team Fortress 2\tf\materials
Loading D:\Dropbox\Public\TF2\Maps\Tower Defense\td_multipath.vmf
fixing up env_cubemap materials on brush sides...
0...1...2...3...4...5...6...7...8...9...100...1...2...3...4...5...6...7...8...9...10Processing areas...done (0)
Building Faces...done (0)
FixTjuncs...
PruneNodes...
WriteBSP...
done (0)
writing D:\Dropbox\Public\TF2\Maps\Tower Defense\td_multipath.prt...Building visibility clusters...
done (0)
Creating default LDR cubemaps for env_cubemap using skybox materials:
   skybox/sky_day01_01*.vmt
 ! Run buildcubemaps in the engine to get the correct cube maps.
Creating default HDR cubemaps for env_cubemap using skybox materials:
   skybox/sky_day01_01*.vmt
 ! Run buildcubemaps in the engine to get the correct cube maps.
Finding displacement neighbors...
Finding lightmap sample positions...
Displacement Alpha : 0...1...2...3...4...5...6...7...8...9...10
Building Physics collision data...
done (0) (11806 bytes)
Placing detail props : 0...1...2...3...4...5...6...7...8...9...10
Compacting texture/material tables...
Reduced 44 texinfos to 37
Reduced 4 texdatas to 4 (78 bytes to 78)
Writing D:\Dropbox\Public\TF2\Maps\Tower Defense\td_multipath.bsp
0 seconds elapsed



8 threads
reading d:\dropbox\public\tf2\maps\tower defense\td_multipath.bsp
reading d:\dropbox\public\tf2\maps\tower defense\td_multipath.prt
  24 portalclusters
  49 numportals
0...1...2...3...4...5...6...7...8...9...100...1...2...3...4...5...6...7...8...9...10Optimized: 0 visible clusters (0.00%)
Total clusters visible: 496
Average clusters visible: 20
Building PAS...
Average clusters audible: 24
visdatasize:340  compressed from 384
writing d:\dropbox\public\tf2\maps\tower defense\td_multipath.bsp
0 seconds elapsed



[Reading texlights from 'lights.rad']
[34 texlights parsed from 'lights.rad']

Loading d:\dropbox\public\tf2\maps\tower defense\td_multipath.bsp
150 faces
56807 square feet [8180224.00 square inches]
0 Displacements
0 Square Feet [0.00 Square Inches]
150 patches before subdivision
2862 patches after subdivision
2 direct lights
0...1...2...3...4...5...6...7...8...9...100...1...2...3...4...5...6...7...8...9...10transfers 30697, max 145
transfer lists:   0.2 megs
0...1...2...3...4...5...6...7...8...9...10	Bounce #1 added RGB(1969, 1261, 791)
0...1...2...3...4...5...6...7...8...9...10	Bounce #2 added RGB(34, 10, 4)
0...1...2...3...4...5...6...7...8...9...10	Bounce #3 added RGB(1, 0, 0)
0...1...2...3...4...5...6...7...8...9...10	Bounce #4 added RGB(0, 0, 0)
Build Patch/Sample Hash Table(s).....Done<0.0006 sec>
0...1...2...3...4...5...6...7...8...9...10FinalLightFace Done
0 of 0 (0% of) surface lights went in leaf ambient cubes.
0...1...2...3...4...5...6...7...8...9...10Writing leaf ambient...done
Ready to Finish

Object names       Objects/Maxobjs  Memory / Maxmem  Fullness 
------------       ---------------  ---------------  -------- 
models                  14/1024          672/49152    ( 1.4%) 
brushes                 25/8192          300/98304    ( 0.3%) 
brushsides             150/65536        1200/524288   ( 0.2%) 
planes                 148/65536        2960/1310720  ( 0.2%) 
vertexes               210/65536        2520/786432   ( 0.3%) 
nodes                  135/65536        4320/2097152  ( 0.2%) 
texinfos                37/12288        2664/884736   ( 0.3%) 
texdata                  4/2048          128/65536    ( 0.2%) 
dispinfos                0/0               0/0        ( 0.0%) 
disp_verts               0/0               0/0        ( 0.0%) 
disp_tris                0/0               0/0        ( 0.0%) 
disp_lmsamples           0/0               0/0        ( 0.0%) 
faces                  150/65536        8400/3670016  ( 0.2%) 
hdr faces                0/65536           0/3670016  ( 0.0%) 
origfaces              109/65536        6104/3670016  ( 0.2%) 
leaves                 150/65536        4800/2097152  ( 0.2%) 
leaffaces              172/65536         344/131072   ( 0.3%) 
leafbrushes             51/65536         102/131072   ( 0.1%) 
areas                    2/256            16/2048     ( 0.8%) 
surfedges             1066/512000       4264/2048000  ( 0.2%) 
edges                  556/256000       2224/1024000  ( 0.2%) 
LDR worldlights          2/8192          176/720896   ( 0.0%) 
HDR worldlights          0/8192            0/720896   ( 0.0%) 
leafwaterdata            0/32768           0/393216   ( 0.0%) 
waterstrips              0/32768           0/327680   ( 0.0%) 
waterverts               0/65536           0/786432   ( 0.0%) 
waterindices             0/65536           0/131072   ( 0.0%) 
cubemapsamples           0/1024            0/16384    ( 0.0%) 
overlays                 0/512             0/180224   ( 0.0%) 
LDR lightdata         [variable]      111336/0        ( 0.0%) 
HDR lightdata         [variable]           0/0        ( 0.0%) 
visdata               [variable]         340/16777216 ( 0.0%) 
entdata               [variable]        3927/393216   ( 1.0%) 
LDR ambient table      150/65536         600/262144   ( 0.2%) 
HDR ambient table      150/65536         600/262144   ( 0.2%) 
LDR leaf ambient       706/65536       19768/1835008  ( 1.1%) 
HDR leaf ambient       150/65536        4200/1835008  ( 0.2%) 
occluders                0/0               0/0        ( 0.0%) 
occluder polygons        0/0               0/0        ( 0.0%) 
occluder vert ind        0/0               0/0        ( 0.0%) 
detail props          [variable]           1/12       ( 8.3%) 
static props          [variable]           1/12       ( 8.3%) 
pakfile               [variable]      105679/0        ( 0.0%) 
physics               [variable]       11806/4194304  ( 0.3%) 
physics terrain       [variable]           2/1048576  ( 0.0%) 

Level flags = 0

Total triangle count: 330
Writing d:\dropbox\public\tf2\maps\tower defense\td_multipath.bsp
1 second elapsed
