PRT1
319
810
4 1 11 (4224.220215 3072 462.299988 ) (4096 3072 462.299988 ) (4096 3072 -158 ) (4224.220215 3072 -158 ) 
4 1 7 (4096 3072 -158 ) (4096 3072 462.299988 ) (4096 3584.250000 462.299988 ) (4096 3584.250000 -158 ) 
4 1 4 (4224 3072 -158 ) (4096 3072 -158 ) (4096 3584 -158 ) (4224 3584 -158 ) 
4 1 3 (4224.220215 3072 -158 ) (4224 3072 -158 ) (4224 3584 -158 ) (4224.220215 3584 -158 ) 
4 1 2 (4096 3584 -158 ) (4096 3584.250000 -158 ) (4224.220215 3584.250000 -158 ) (4224.220215 3584 -158 ) 
4 2 8 (4096 3584 -158 ) (4096 3584.250000 -158 ) (4096 3584.250000 -446.299988 ) (4096 3584 -446.299988 ) 
4 2 6 (4096 3584 -446.299988 ) (4224 3584 -446.299988 ) (4224 3584 -324 ) (4096 3584 -324 ) 
4 2 5 (4224 3584 -446.299988 ) (4224.220215 3584 -446.299988 ) (4224.220215 3584 -278 ) (4224 3584 -278 ) 
4 2 4 (4224 3584 -158 ) (4096 3584 -158 ) (4096 3584 -278 ) (4224 3584 -278 ) 
4 2 3 (4224.220215 3584 -278 ) (4224.220215 3584 -158 ) (4224 3584 -158 ) (4224 3584 -278 ) 
4 3 12 (4224.220215 3072 -158 ) (4224 3072 -158 ) (4224 3072 -278 ) (4224.220215 3072 -278 ) 
4 3 5 (4224 3584 -278 ) (4224.220215 3584 -278 ) (4224.220215 3072 -278 ) (4224 3072 -278 ) 
4 3 4 (4224 3584 -158 ) (4224 3584 -278 ) (4224 3072 -278 ) (4224 3072 -158 ) 
4 4 13 (4224 3072 -158 ) (4096 3072 -158 ) (4096 3072 -278 ) (4224 3072 -278 ) 
4 4 9 (4096 3072 -278 ) (4096 3072 -158 ) (4096 3584 -158 ) (4096 3584 -278 ) 
4 5 12 (4224 3072 -446.299988 ) (4224.220215 3072 -446.299988 ) (4224.220215 3072 -278 ) (4224 3072 -278 ) 
4 5 6 (4224 3584 -324 ) (4224 3584 -446.299988 ) (4224 3072 -446.299988 ) (4224 3072 -324 ) 
4 6 14 (4096 3072 -324 ) (4096 3072 -446.299988 ) (4224 3072 -446.299988 ) (4224 3072 -324 ) 
4 6 10 (4096 3072 -446.299988 ) (4096 3072 -324 ) (4096 3584 -324 ) (4096 3584 -446.299988 ) 
4 7 32 (3072 3072 -158 ) (3072 3072 462.299988 ) (3072 3584.250000 462.299988 ) (3072 3584.250000 -158 ) 
4 7 15 (4096 3072 -158 ) (4096 3072 462.299988 ) (3072 3072 462.299988 ) (3072 3072 -158 ) 
4 7 9 (4096 3584 -158 ) (4096 3072 -158 ) (3072 3072 -158 ) (3072 3584 -158 ) 
4 7 8 (4096 3584.250000 -158 ) (4096 3584 -158 ) (3072 3584 -158 ) (3072 3584.250000 -158 ) 
4 8 33 (3072 3584 -158 ) (3072 3584.250000 -158 ) (3072 3584.250000 -446.299988 ) (3072 3584 -446.299988 ) 
4 8 10 (3072 3584 -446.299988 ) (4096 3584 -446.299988 ) (4096 3584 -324 ) (3072 3584 -324 ) 
4 8 9 (4096 3584 -278 ) (4096 3584 -158 ) (3072 3584 -158 ) (3072 3584 -278 ) 
4 9 34 (3072 3072 -278 ) (3072 3072 -158 ) (3072 3584 -158 ) (3072 3584 -278 ) 
4 9 16 (4096 3072 -278 ) (4096 3072 -158 ) (3072 3072 -158 ) (3072 3072 -278 ) 
4 10 35 (3072 3072 -446.299988 ) (3072 3072 -324 ) (3072 3584 -324 ) (3072 3584 -446.299988 ) 
4 10 17 (4096 3072 -446.299988 ) (4096 3072 -324 ) (3072 3072 -324 ) (3072 3072 -446.299988 ) 
4 11 18 (4224.220215 2048 462.299988 ) (4096 2048 462.299988 ) (4096 2048 -158 ) (4224.220215 2048 -158 ) 
4 11 15 (4096 3072 462.299988 ) (4096 3072 -158 ) (4096 2048 -158 ) (4096 2048 462.299988 ) 
4 11 13 (4096 3072 -158 ) (4224 3072 -158 ) (4224 2048 -158 ) (4096 2048 -158 ) 
4 11 12 (4224 3072 -158 ) (4224.220215 3072 -158 ) (4224.220215 2048 -158 ) (4224 2048 -158 ) 
4 12 19 (4224.220215 2048 -158 ) (4224 2048 -158 ) (4224 2048 -446.299988 ) (4224.220215 2048 -446.299988 ) 
4 12 14 (4224 3072 -446.299988 ) (4224 2048 -446.299988 ) (4224 2048 -324 ) (4224 3072 -324 ) 
4 12 13 (4224 2048 -278 ) (4224 2048 -158 ) (4224 3072 -158 ) (4224 3072 -278 ) 
4 13 20 (4224 2048 -158 ) (4096 2048 -158 ) (4096 2048 -278 ) (4224 2048 -278 ) 
4 13 16 (4096 3072 -158 ) (4096 3072 -278 ) (4096 2048 -278 ) (4096 2048 -158 ) 
4 14 21 (4096 2048 -324 ) (4096 2048 -446.299988 ) (4224 2048 -446.299988 ) (4224 2048 -324 ) 
4 14 17 (4096 3072 -324 ) (4096 3072 -446.299988 ) (4096 2048 -446.299988 ) (4096 2048 -324 ) 
4 15 44 (3072 2048 -158 ) (3072 2048 462.299988 ) (3072 3072 462.299988 ) (3072 3072 -158 ) 
4 15 22 (3072 2048 462.299988 ) (3072 2048 -158 ) (4096 2048 -158 ) (4096 2048 462.299988 ) 
4 15 16 (3072 2048 -158 ) (3072 3072 -158 ) (4096 3072 -158 ) (4096 2048 -158 ) 
4 16 45 (3072 2048 -278 ) (3072 2048 -158 ) (3072 3072 -158 ) (3072 3072 -278 ) 
4 16 23 (3072 2048 -158 ) (3072 2048 -278 ) (4096 2048 -278 ) (4096 2048 -158 ) 
4 17 46 (3072 2048 -446.299988 ) (3072 2048 -324 ) (3072 3072 -324 ) (3072 3072 -446.299988 ) 
4 17 24 (3072 2048 -324 ) (3072 2048 -446.299988 ) (4096 2048 -446.299988 ) (4096 2048 -324 ) 
4 18 25 (4224.220215 1024 462.299988 ) (4096 1024 462.299988 ) (4096 1024 -158 ) (4224.220215 1024 -158 ) 
4 18 22 (4096 2048 462.299988 ) (4096 2048 -158 ) (4096 1024 -158 ) (4096 1024 462.299988 ) 
4 18 20 (4224 1024 -158 ) (4096 1024 -158 ) (4096 2048 -158 ) (4224 2048 -158 ) 
4 18 19 (4224.220215 1024 -158 ) (4224 1024 -158 ) (4224 2048 -158 ) (4224.220215 2048 -158 ) 
4 19 26 (4224.220215 1024 -158 ) (4224 1024 -158 ) (4224 1024 -446.299988 ) (4224.220215 1024 -446.299988 ) 
4 19 21 (4224 2048 -446.299988 ) (4224 1024 -446.299988 ) (4224 1024 -324 ) (4224 2048 -324 ) 
4 19 20 (4224 1024 -278 ) (4224 1024 -158 ) (4224 2048 -158 ) (4224 2048 -278 ) 
4 20 27 (4224 1024 -158 ) (4096 1024 -158 ) (4096 1024 -278 ) (4224 1024 -278 ) 
4 20 23 (4096 2048 -158 ) (4096 2048 -278 ) (4096 1024 -278 ) (4096 1024 -158 ) 
4 21 28 (4096 1024 -324 ) (4096 1024 -446.299988 ) (4224 1024 -446.299988 ) (4224 1024 -324 ) 
4 21 24 (4096 2048 -324 ) (4096 2048 -446.299988 ) (4096 1024 -446.299988 ) (4096 1024 -324 ) 
4 22 53 (3072 1024 -158 ) (3072 1024 462.299988 ) (3072 2048 462.299988 ) (3072 2048 -158 ) 
4 22 29 (3072 1024 462.299988 ) (3072 1024 -158 ) (4096 1024 -158 ) (4096 1024 462.299988 ) 
4 22 23 (4096 2048 -158 ) (4096 1024 -158 ) (3072 1024 -158 ) (3072 2048 -158 ) 
4 23 54 (3072 1024 -278 ) (3072 1024 -158 ) (3072 2048 -158 ) (3072 2048 -278 ) 
4 23 30 (3072 1024 -158 ) (3072 1024 -278 ) (4096 1024 -278 ) (4096 1024 -158 ) 
4 24 55 (3072 1024 -446.299988 ) (3072 1024 -324 ) (3072 2048 -324 ) (3072 2048 -446.299988 ) 
4 24 31 (3072 1024 -324 ) (3072 1024 -446.299988 ) (4096 1024 -446.299988 ) (4096 1024 -324 ) 
4 25 71 (4224.220215 0 462.299988 ) (4096 0 462.299988 ) (4096 0 -158 ) (4224.220215 0 -158 ) 
4 25 29 (4096 1024 462.299988 ) (4096 1024 -158 ) (4096 0 -158 ) (4096 0 462.299988 ) 
4 25 27 (4224 0 -158 ) (4096 0 -158 ) (4096 1024 -158 ) (4224 1024 -158 ) 
4 25 26 (4224.220215 0 -158 ) (4224 0 -158 ) (4224 1024 -158 ) (4224.220215 1024 -158 ) 
4 26 72 (4224.220215 0 -158 ) (4224 0 -158 ) (4224 0 -446.299988 ) (4224.220215 0 -446.299988 ) 
4 26 28 (4224 1024 -446.299988 ) (4224 0 -446.299988 ) (4224 0 -324 ) (4224 1024 -324 ) 
4 26 27 (4224 0 -278 ) (4224 0 -158 ) (4224 1024 -158 ) (4224 1024 -278 ) 
4 27 73 (4224 0 -158 ) (4096 0 -158 ) (4096 0 -278 ) (4224 0 -278 ) 
4 27 30 (4096 1024 -158 ) (4096 1024 -278 ) (4096 0 -278 ) (4096 0 -158 ) 
4 28 74 (4096 0 -324 ) (4096 0 -446.299988 ) (4224 0 -446.299988 ) (4224 0 -324 ) 
4 28 31 (4096 1024 -324 ) (4096 1024 -446.299988 ) (4096 0 -446.299988 ) (4096 0 -324 ) 
4 29 75 (4096 0 -158 ) (4096 0 462.299988 ) (3072 0 462.299988 ) (3072 0 -158 ) 
4 29 56 (3072 0 -158 ) (3072 0 462.299988 ) (3072 1024 462.299988 ) (3072 1024 -158 ) 
4 29 30 (3072 0 -158 ) (3072 1024 -158 ) (4096 1024 -158 ) (4096 0 -158 ) 
4 30 76 (4096 0 -278 ) (4096 0 -158 ) (3072 0 -158 ) (3072 0 -278 ) 
4 30 57 (3072 0 -278 ) (3072 0 -158 ) (3072 1024 -158 ) (3072 1024 -278 ) 
4 31 77 (4096 0 -446.299988 ) (4096 0 -324 ) (3072 0 -324 ) (3072 0 -446.299988 ) 
4 31 58 (3072 0 -446.299988 ) (3072 0 -324 ) (3072 1024 -324 ) (3072 1024 -446.299988 ) 
4 32 44 (3072 3072 -158 ) (3072 3072 462.299988 ) (2048 3072 462.299988 ) (2048 3072 -158 ) 
4 32 36 (2048 3072 -158 ) (2048 3072 462.299988 ) (2048 3584.250000 462.299988 ) (2048 3584.250000 -158 ) 
4 32 34 (2048 3072 -158 ) (2048 3584 -158 ) (3072 3584 -158 ) (3072 3072 -158 ) 
4 32 33 (2048 3584 -158 ) (2048 3584.250000 -158 ) (3072 3584.250000 -158 ) (3072 3584 -158 ) 
4 33 37 (2048 3584 -158 ) (2048 3584.250000 -158 ) (2048 3584.250000 -446.299988 ) (2048 3584 -446.299988 ) 
4 33 35 (2048 3584 -446.299988 ) (3072 3584 -446.299988 ) (3072 3584 -324 ) (2048 3584 -324 ) 
4 33 34 (3072 3584 -278 ) (3072 3584 -158 ) (2048 3584 -158 ) (2048 3584 -278 ) 
4 34 45 (3072 3072 -278 ) (3072 3072 -158 ) (2048 3072 -158 ) (2048 3072 -278 ) 
4 34 38 (2048 3072 -278 ) (2048 3072 -158 ) (2048 3584 -158 ) (2048 3584 -278 ) 
4 35 46 (3072 3072 -446.299988 ) (3072 3072 -324 ) (2048 3072 -324 ) (2048 3072 -446.299988 ) 
4 35 39 (2048 3072 -446.299988 ) (2048 3072 -324 ) (2048 3584 -324 ) (2048 3584 -446.299988 ) 
4 36 47 (2048 3072 -158 ) (2048 3072 462.299988 ) (1024 3072 462.299988 ) (1024 3072 -158 ) 
4 36 40 (1024 3072 -158 ) (1024 3072 462.299988 ) (1024 3584.250000 462.299988 ) (1024 3584.250000 -158 ) 
4 36 38 (2048 3584 -158 ) (2048 3072 -158 ) (1024 3072 -158 ) (1024 3584 -158 ) 
4 36 37 (2048 3584.250000 -158 ) (2048 3584 -158 ) (1024 3584 -158 ) (1024 3584.250000 -158 ) 
4 37 41 (1024 3584 -158 ) (1024 3584.250000 -158 ) (1024 3584.250000 -446.299988 ) (1024 3584 -446.299988 ) 
4 37 39 (1024 3584 -446.299988 ) (2048 3584 -446.299988 ) (2048 3584 -324 ) (1024 3584 -324 ) 
4 37 38 (2048 3584 -278 ) (2048 3584 -158 ) (1024 3584 -158 ) (1024 3584 -278 ) 
4 38 48 (2048 3072 -278 ) (2048 3072 -158 ) (1024 3072 -158 ) (1024 3072 -278 ) 
4 38 42 (1024 3072 -278 ) (1024 3072 -158 ) (1024 3584 -158 ) (1024 3584 -278 ) 
4 39 49 (2048 3072 -446.299988 ) (2048 3072 -324 ) (1024 3072 -324 ) (1024 3072 -446.299988 ) 
4 39 43 (1024 3072 -446.299988 ) (1024 3072 -324 ) (1024 3584 -324 ) (1024 3584 -446.299988 ) 
4 40 173 (0 3072 -158 ) (0 3072 462.299988 ) (0 3584.250000 462.299988 ) (0 3584.250000 -158 ) 
4 40 50 (1024 3072 -158 ) (1024 3072 462.299988 ) (0 3072 462.299988 ) (0 3072 -158 ) 
4 40 42 (1024 3584 -158 ) (1024 3072 -158 ) (0 3072 -158 ) (0 3584 -158 ) 
4 40 41 (1024 3584.250000 -158 ) (1024 3584 -158 ) (0 3584 -158 ) (0 3584.250000 -158 ) 
4 41 174 (0 3584 -158 ) (0 3584.250000 -158 ) (0 3584.250000 -446.299988 ) (0 3584 -446.299988 ) 
4 41 43 (0 3584 -446.299988 ) (1024 3584 -446.299988 ) (1024 3584 -324 ) (0 3584 -324 ) 
4 41 42 (1024 3584 -278 ) (1024 3584 -158 ) (0 3584 -158 ) (0 3584 -278 ) 
4 42 175 (0 3072 -278 ) (0 3072 -158 ) (0 3584 -158 ) (0 3584 -278 ) 
4 42 51 (1024 3072 -278 ) (1024 3072 -158 ) (0 3072 -158 ) (0 3072 -278 ) 
4 43 176 (0 3072 -446.299988 ) (0 3072 -324 ) (0 3584 -324 ) (0 3584 -446.299988 ) 
4 43 52 (1024 3072 -446.299988 ) (1024 3072 -324 ) (0 3072 -324 ) (0 3072 -446.299988 ) 
4 44 53 (3072 2048 -158 ) (3072 2048 462.299988 ) (2048 2048 462.299988 ) (2048 2048 -158 ) 
4 44 47 (2048 2048 -158 ) (2048 2048 462.299988 ) (2048 3072 462.299988 ) (2048 3072 -158 ) 
4 44 45 (3072 2048 -158 ) (2048 2048 -158 ) (2048 3072 -158 ) (3072 3072 -158 ) 
4 45 54 (3072 2048 -278 ) (3072 2048 -158 ) (2048 2048 -158 ) (2048 2048 -278 ) 
4 45 48 (2048 2048 -278 ) (2048 2048 -158 ) (2048 3072 -158 ) (2048 3072 -278 ) 
4 46 55 (3072 2048 -446.299988 ) (3072 2048 -324 ) (2048 2048 -324 ) (2048 2048 -446.299988 ) 
4 46 49 (2048 2048 -446.299988 ) (2048 2048 -324 ) (2048 3072 -324 ) (2048 3072 -446.299988 ) 
4 47 59 (2048 2048 -158 ) (2048 2048 462.299988 ) (1024 2048 462.299988 ) (1024 2048 -158 ) 
4 47 50 (1024 3072 462.299988 ) (1024 3072 -158 ) (1024 2048 -158 ) (1024 2048 462.299988 ) 
4 47 48 (2048 2048 -158 ) (1024 2048 -158 ) (1024 3072 -158 ) (2048 3072 -158 ) 
4 48 60 (2048 2048 -278 ) (2048 2048 -158 ) (1024 2048 -158 ) (1024 2048 -278 ) 
4 48 51 (1024 3072 -158 ) (1024 3072 -278 ) (1024 2048 -278 ) (1024 2048 -158 ) 
4 49 61 (2048 2048 -446.299988 ) (2048 2048 -324 ) (1024 2048 -324 ) (1024 2048 -446.299988 ) 
4 49 52 (1024 3072 -324 ) (1024 3072 -446.299988 ) (1024 2048 -446.299988 ) (1024 2048 -324 ) 
4 50 185 (0 2048 -158 ) (0 2048 462.299988 ) (0 3072 462.299988 ) (0 3072 -158 ) 
4 50 62 (0 2048 462.299988 ) (0 2048 -158 ) (1024 2048 -158 ) (1024 2048 462.299988 ) 
4 50 51 (0 2048 -158 ) (0 3072 -158 ) (1024 3072 -158 ) (1024 2048 -158 ) 
4 51 186 (0 2048 -278 ) (0 2048 -158 ) (0 3072 -158 ) (0 3072 -278 ) 
4 51 63 (0 2048 -158 ) (0 2048 -278 ) (1024 2048 -278 ) (1024 2048 -158 ) 
4 52 187 (0 2048 -446.299988 ) (0 2048 -324 ) (0 3072 -324 ) (0 3072 -446.299988 ) 
4 52 64 (0 2048 -324 ) (0 2048 -446.299988 ) (1024 2048 -446.299988 ) (1024 2048 -324 ) 
4 53 59 (2048 2048 462.299988 ) (2048 2048 -158 ) (2048 1024 -158 ) (2048 1024 462.299988 ) 
4 53 56 (3072 1024 -158 ) (3072 1024 462.299988 ) (2048 1024 462.299988 ) (2048 1024 -158 ) 
4 53 54 (2048 1024 -158 ) (2048 2048 -158 ) (3072 2048 -158 ) (3072 1024 -158 ) 
4 54 60 (2048 2048 -158 ) (2048 2048 -278 ) (2048 1024 -278 ) (2048 1024 -158 ) 
4 54 57 (3072 1024 -278 ) (3072 1024 -158 ) (2048 1024 -158 ) (2048 1024 -278 ) 
4 55 61 (2048 2048 -324 ) (2048 2048 -446.299988 ) (2048 1024 -446.299988 ) (2048 1024 -324 ) 
4 55 58 (3072 1024 -446.299988 ) (3072 1024 -324 ) (2048 1024 -324 ) (2048 1024 -446.299988 ) 
4 56 102 (3072 0 -158 ) (3072 0 462.299988 ) (2048 0 462.299988 ) (2048 0 -158 ) 
4 56 65 (2048 0 -158 ) (2048 0 462.299988 ) (2048 1024 462.299988 ) (2048 1024 -158 ) 
4 56 57 (2048 0 -158 ) (2048 1024 -158 ) (3072 1024 -158 ) (3072 0 -158 ) 
4 57 103 (3072 0 -278 ) (3072 0 -158 ) (2048 0 -158 ) (2048 0 -278 ) 
4 57 66 (2048 0 -278 ) (2048 0 -158 ) (2048 1024 -158 ) (2048 1024 -278 ) 
4 58 104 (3072 0 -446.299988 ) (3072 0 -324 ) (2048 0 -324 ) (2048 0 -446.299988 ) 
4 58 67 (2048 0 -446.299988 ) (2048 0 -324 ) (2048 1024 -324 ) (2048 1024 -446.299988 ) 
4 59 65 (2048 1024 -158 ) (2048 1024 462.299988 ) (1024 1024 462.299988 ) (1024 1024 -158 ) 
4 59 62 (1024 2048 462.299988 ) (1024 2048 -158 ) (1024 1024 -158 ) (1024 1024 462.299988 ) 
4 59 60 (2048 1024 -158 ) (1024 1024 -158 ) (1024 2048 -158 ) (2048 2048 -158 ) 
4 60 66 (2048 1024 -278 ) (2048 1024 -158 ) (1024 1024 -158 ) (1024 1024 -278 ) 
4 60 63 (1024 2048 -158 ) (1024 2048 -278 ) (1024 1024 -278 ) (1024 1024 -158 ) 
4 61 67 (2048 1024 -446.299988 ) (2048 1024 -324 ) (1024 1024 -324 ) (1024 1024 -446.299988 ) 
4 61 64 (1024 2048 -324 ) (1024 2048 -446.299988 ) (1024 1024 -446.299988 ) (1024 1024 -324 ) 
4 62 194 (0 1024 -158 ) (0 1024 462.299988 ) (0 2048 462.299988 ) (0 2048 -158 ) 
4 62 68 (0 1024 462.299988 ) (0 1024 -158 ) (1024 1024 -158 ) (1024 1024 462.299988 ) 
4 62 63 (1024 2048 -158 ) (1024 1024 -158 ) (0 1024 -158 ) (0 2048 -158 ) 
4 63 195 (0 1024 -278 ) (0 1024 -158 ) (0 2048 -158 ) (0 2048 -278 ) 
4 63 69 (0 1024 -158 ) (0 1024 -278 ) (1024 1024 -278 ) (1024 1024 -158 ) 
4 64 196 (0 1024 -446.299988 ) (0 1024 -324 ) (0 2048 -324 ) (0 2048 -446.299988 ) 
4 64 70 (0 1024 -324 ) (0 1024 -446.299988 ) (1024 1024 -446.299988 ) (1024 1024 -324 ) 
4 65 108 (2048 0 -158 ) (2048 0 462.299988 ) (1024 0 462.299988 ) (1024 0 -158 ) 
4 65 68 (1024 1024 462.299988 ) (1024 1024 -158 ) (1024 0 -158 ) (1024 0 462.299988 ) 
4 65 66 (1024 1024 -158 ) (2048 1024 -158 ) (2048 0 -158 ) (1024 0 -158 ) 
4 66 109 (2048 0 -278 ) (2048 0 -158 ) (1024 0 -158 ) (1024 0 -278 ) 
4 66 69 (1024 1024 -158 ) (1024 1024 -278 ) (1024 0 -278 ) (1024 0 -158 ) 
4 67 110 (2048 0 -446.299988 ) (2048 0 -324 ) (1024 0 -324 ) (1024 0 -446.299988 ) 
4 67 70 (1024 1024 -324 ) (1024 1024 -446.299988 ) (1024 0 -446.299988 ) (1024 0 -324 ) 
4 68 197 (0 0 -158 ) (0 0 462.299988 ) (0 1024 462.299988 ) (0 1024 -158 ) 
4 68 112 (712 0 462.299988 ) (620 0 462.299988 ) (620 0 -158 ) (712 0 -158 ) 
4 68 111 (1024 0 -158 ) (1024 0 462.299988 ) (712 0 462.299988 ) (712 0 -158 ) 
4 68 116 (620 0 462.299988 ) (0 0 462.299988 ) (0 0 -158 ) (620 0 -158 ) 
4 68 69 (0 0 -158 ) (0 1024 -158 ) (1024 1024 -158 ) (1024 0 -158 ) 
4 69 198 (0 0 -278 ) (0 0 -158 ) (0 1024 -158 ) (0 1024 -278 ) 
4 69 117 (1024 0 -278 ) (1024 0 -158 ) (0 0 -158 ) (0 0 -278 ) 
4 70 199 (0 0 -446.299988 ) (0 0 -324 ) (0 1024 -324 ) (0 1024 -446.299988 ) 
4 70 118 (1024 0 -446.299988 ) (1024 0 -324 ) (0 0 -324 ) (0 0 -446.299988 ) 
4 71 78 (4224.220215 -1024 462.299988 ) (4096 -1024 462.299988 ) (4096 -1024 -158 ) (4224.220215 -1024 -158 ) 
4 71 75 (4096 0 462.299988 ) (4096 0 -158 ) (4096 -1024 -158 ) (4096 -1024 462.299988 ) 
4 71 73 (4224 -1024 -158 ) (4096 -1024 -158 ) (4096 0 -158 ) (4224 0 -158 ) 
4 71 72 (4224.220215 -1024 -158 ) (4224 -1024 -158 ) (4224 0 -158 ) (4224.220215 0 -158 ) 
4 72 79 (4224.220215 -1024 -158 ) (4224 -1024 -158 ) (4224 -1024 -446.299988 ) (4224.220215 -1024 -446.299988 ) 
4 72 74 (4224 0 -446.299988 ) (4224 -1024 -446.299988 ) (4224 -1024 -324 ) (4224 0 -324 ) 
4 72 73 (4224 -1024 -278 ) (4224 -1024 -158 ) (4224 0 -158 ) (4224 0 -278 ) 
4 73 80 (4224 -1024 -158 ) (4096 -1024 -158 ) (4096 -1024 -278 ) (4224 -1024 -278 ) 
4 73 76 (4096 0 -158 ) (4096 0 -278 ) (4096 -1024 -278 ) (4096 -1024 -158 ) 
4 74 81 (4096 -1024 -324 ) (4096 -1024 -446.299988 ) (4224 -1024 -446.299988 ) (4224 -1024 -324 ) 
4 74 77 (4096 0 -324 ) (4096 0 -446.299988 ) (4096 -1024 -446.299988 ) (4096 -1024 -324 ) 
4 75 102 (3072 0 462.299988 ) (3072 0 -158 ) (3072 -1024 -158 ) (3072 -1024 462.299988 ) 
4 75 82 (4096 -1024 -158 ) (4096 -1024 462.299988 ) (3072 -1024 462.299988 ) (3072 -1024 -158 ) 
4 75 76 (3072 0 -158 ) (4096 0 -158 ) (4096 -1024 -158 ) (3072 -1024 -158 ) 
4 76 103 (3072 0 -158 ) (3072 0 -278 ) (3072 -1024 -278 ) (3072 -1024 -158 ) 
4 76 83 (4096 -1024 -278 ) (4096 -1024 -158 ) (3072 -1024 -158 ) (3072 -1024 -278 ) 
4 77 104 (3072 0 -324 ) (3072 0 -446.299988 ) (3072 -1024 -446.299988 ) (3072 -1024 -324 ) 
4 77 84 (4096 -1024 -446.299988 ) (4096 -1024 -324 ) (3072 -1024 -324 ) (3072 -1024 -446.299988 ) 
4 78 85 (4224.220215 -2048 462.299988 ) (4096 -2048 462.299988 ) (4096 -2048 -158 ) (4224.220215 -2048 -158 ) 
4 78 82 (4096 -1024 462.299988 ) (4096 -1024 -158 ) (4096 -2048 -158 ) (4096 -2048 462.299988 ) 
4 78 80 (4224 -2048 -158 ) (4096 -2048 -158 ) (4096 -1024 -158 ) (4224 -1024 -158 ) 
4 78 79 (4224.220215 -2048 -158 ) (4224 -2048 -158 ) (4224 -1024 -158 ) (4224.220215 -1024 -158 ) 
4 79 86 (4224.220215 -2048 -158 ) (4224 -2048 -158 ) (4224 -2048 -446.299988 ) (4224.220215 -2048 -446.299988 ) 
4 79 81 (4224 -1024 -446.299988 ) (4224 -2048 -446.299988 ) (4224 -2048 -324 ) (4224 -1024 -324 ) 
4 79 80 (4224 -2048 -278 ) (4224 -2048 -158 ) (4224 -1024 -158 ) (4224 -1024 -278 ) 
4 80 87 (4224 -2048 -158 ) (4096 -2048 -158 ) (4096 -2048 -278 ) (4224 -2048 -278 ) 
4 80 83 (4096 -1024 -158 ) (4096 -1024 -278 ) (4096 -2048 -278 ) (4096 -2048 -158 ) 
4 81 88 (4096 -2048 -324 ) (4096 -2048 -446.299988 ) (4224 -2048 -446.299988 ) (4224 -2048 -324 ) 
4 81 84 (4096 -1024 -324 ) (4096 -1024 -446.299988 ) (4096 -2048 -446.299988 ) (4096 -2048 -324 ) 
4 82 105 (3072 -2048 -158 ) (3072 -2048 462.299988 ) (3072 -1024 462.299988 ) (3072 -1024 -158 ) 
4 82 89 (4096 -2048 -158 ) (4096 -2048 462.299988 ) (3072 -2048 462.299988 ) (3072 -2048 -158 ) 
4 82 83 (4096 -1024 -158 ) (4096 -2048 -158 ) (3072 -2048 -158 ) (3072 -1024 -158 ) 
4 83 106 (3072 -2048 -278 ) (3072 -2048 -158 ) (3072 -1024 -158 ) (3072 -1024 -278 ) 
4 83 90 (4096 -2048 -278 ) (4096 -2048 -158 ) (3072 -2048 -158 ) (3072 -2048 -278 ) 
4 84 107 (3072 -2048 -446.299988 ) (3072 -2048 -324 ) (3072 -1024 -324 ) (3072 -1024 -446.299988 ) 
4 84 91 (4096 -2048 -446.299988 ) (4096 -2048 -324 ) (3072 -2048 -324 ) (3072 -2048 -446.299988 ) 
4 85 92 (4224.220215 -3072 462.299988 ) (4096 -3072 462.299988 ) (4096 -3072 -158 ) (4224.220215 -3072 -158 ) 
4 85 89 (4096 -2048 462.299988 ) (4096 -2048 -158 ) (4096 -3072 -158 ) (4096 -3072 462.299988 ) 
4 85 87 (4096 -2048 -158 ) (4224 -2048 -158 ) (4224 -3072 -158 ) (4096 -3072 -158 ) 
4 85 86 (4224 -2048 -158 ) (4224.220215 -2048 -158 ) (4224.220215 -3072 -158 ) (4224 -3072 -158 ) 
4 86 95 (4224 -3072 -278 ) (4224 -3072 -446.299988 ) (4224.220215 -3072 -446.299988 ) (4224.220215 -3072 -278 ) 
4 86 93 (4224.220215 -3072 -158 ) (4224 -3072 -158 ) (4224 -3072 -278 ) (4224.220215 -3072 -278 ) 
4 86 88 (4224 -2048 -446.299988 ) (4224 -3072 -446.299988 ) (4224 -3072 -324 ) (4224 -2048 -324 ) 
4 86 87 (4224 -3072 -278 ) (4224 -3072 -158 ) (4224 -2048 -158 ) (4224 -2048 -278 ) 
4 87 94 (4224 -3072 -158 ) (4096 -3072 -158 ) (4096 -3072 -278 ) (4224 -3072 -278 ) 
4 87 90 (4096 -2048 -158 ) (4096 -2048 -278 ) (4096 -3072 -278 ) (4096 -3072 -158 ) 
4 88 96 (4096 -3072 -324 ) (4096 -3072 -446.299988 ) (4224 -3072 -446.299988 ) (4224 -3072 -324 ) 
4 88 91 (4096 -2048 -324 ) (4096 -2048 -446.299988 ) (4096 -3072 -446.299988 ) (4096 -3072 -324 ) 
4 89 144 (3072 -3072 -158 ) (3072 -3072 462.299988 ) (3072 -2048 462.299988 ) (3072 -2048 -158 ) 
4 89 98 (3072 -3072 462.299988 ) (3072 -3072 -158 ) (4096 -3072 -158 ) (4096 -3072 462.299988 ) 
4 89 90 (3072 -3072 -158 ) (3072 -2048 -158 ) (4096 -2048 -158 ) (4096 -3072 -158 ) 
4 90 145 (3072 -3072 -278 ) (3072 -3072 -158 ) (3072 -2048 -158 ) (3072 -2048 -278 ) 
4 90 99 (3072 -3072 -158 ) (3072 -3072 -278 ) (4096 -3072 -278 ) (4096 -3072 -158 ) 
4 91 146 (3072 -3072 -446.299988 ) (3072 -3072 -324 ) (3072 -2048 -324 ) (3072 -2048 -446.299988 ) 
4 91 100 (3072 -3072 -324 ) (3072 -3072 -446.299988 ) (4096 -3072 -446.299988 ) (4096 -3072 -324 ) 
4 92 98 (4096 -3072 462.299988 ) (4096 -3072 -158 ) (4096 -3584.250000 -158 ) (4096 -3584.250000 462.299988 ) 
4 92 97 (4096 -3584.250000 -158 ) (4096 -3584 -158 ) (4224.220215 -3584 -158 ) (4224.220215 -3584.250000 -158 ) 
4 92 94 (4096 -3584 -158 ) (4096 -3072 -158 ) (4224 -3072 -158 ) (4224 -3584 -158 ) 
4 92 93 (4224 -3072 -158 ) (4224.220215 -3072 -158 ) (4224.220215 -3584 -158 ) (4224 -3584 -158 ) 
4 93 97 (4224.220215 -3584 -278 ) (4224.220215 -3584 -158 ) (4224 -3584 -158 ) (4224 -3584 -278 ) 
4 93 95 (4224.220215 -3584 -278 ) (4224 -3584 -278 ) (4224 -3072 -278 ) (4224.220215 -3072 -278 ) 
4 93 94 (4224 -3072 -278 ) (4224 -3584 -278 ) (4224 -3584 -158 ) (4224 -3072 -158 ) 
4 94 99 (4096 -3072 -158 ) (4096 -3072 -278 ) (4096 -3584 -278 ) (4096 -3584 -158 ) 
4 94 97 (4224 -3584 -158 ) (4096 -3584 -158 ) (4096 -3584 -278 ) (4224 -3584 -278 ) 
4 95 97 (4224 -3584 -446.299988 ) (4224.220215 -3584 -446.299988 ) (4224.220215 -3584 -278 ) (4224 -3584 -278 ) 
4 95 96 (4224 -3072 -446.299988 ) (4224 -3584 -446.299988 ) (4224 -3584 -324 ) (4224 -3072 -324 ) 
4 96 100 (4096 -3072 -324 ) (4096 -3072 -446.299988 ) (4096 -3584 -446.299988 ) (4096 -3584 -324 ) 
4 96 97 (4096 -3584 -446.299988 ) (4224 -3584 -446.299988 ) (4224 -3584 -324 ) (4096 -3584 -324 ) 
4 97 101 (4096 -3584 -446.299988 ) (4096 -3584.250000 -446.299988 ) (4096 -3584.250000 -158 ) (4096 -3584 -158 ) 
4 98 161 (3072 -3584.250000 462.299988 ) (3072 -3072 462.299988 ) (3072 -3072 -158 ) (3072 -3584.250000 -158 ) 
4 98 101 (4096 -3584 -158 ) (4096 -3584.250000 -158 ) (3072 -3584.250000 -158 ) (3072 -3584 -158 ) 
4 98 99 (4096 -3072 -158 ) (4096 -3584 -158 ) (3072 -3584 -158 ) (3072 -3072 -158 ) 
4 99 162 (3072 -3584 -158 ) (3072 -3072 -158 ) (3072 -3072 -278 ) (3072 -3584 -278 ) 
4 99 101 (4096 -3584 -278 ) (4096 -3584 -158 ) (3072 -3584 -158 ) (3072 -3584 -278 ) 
4 100 163 (3072 -3072 -324 ) (3072 -3072 -446.299988 ) (3072 -3584 -446.299988 ) (3072 -3584 -324 ) 
4 100 101 (3072 -3584 -446.299988 ) (4096 -3584 -446.299988 ) (4096 -3584 -324 ) (3072 -3584 -324 ) 
4 101 164 (3072 -3584.250000 -158 ) (3072 -3584 -158 ) (3072 -3584 -446.299988 ) (3072 -3584.250000 -446.299988 ) 
4 102 108 (2048 0 462.299988 ) (2048 0 -158 ) (2048 -1024 -158 ) (2048 -1024 462.299988 ) 
4 102 105 (3072 -1024 -158 ) (3072 -1024 462.299988 ) (2048 -1024 462.299988 ) (2048 -1024 -158 ) 
4 102 103 (2048 -1024 -158 ) (2048 0 -158 ) (3072 0 -158 ) (3072 -1024 -158 ) 
4 103 109 (2048 0 -158 ) (2048 0 -278 ) (2048 -1024 -278 ) (2048 -1024 -158 ) 
4 103 106 (3072 -1024 -278 ) (3072 -1024 -158 ) (2048 -1024 -158 ) (2048 -1024 -278 ) 
4 104 110 (2048 0 -324 ) (2048 0 -446.299988 ) (2048 -1024 -446.299988 ) (2048 -1024 -324 ) 
4 104 107 (3072 -1024 -446.299988 ) (3072 -1024 -324 ) (2048 -1024 -324 ) (2048 -1024 -446.299988 ) 
4 105 144 (3072 -2048 -158 ) (3072 -2048 462.299988 ) (2048 -2048 462.299988 ) (2048 -2048 -158 ) 
4 105 119 (2048 -2048 -158 ) (2048 -2048 462.299988 ) (2048 -1024 462.299988 ) (2048 -1024 -158 ) 
4 105 106 (2048 -2048 -158 ) (2048 -1024 -158 ) (3072 -1024 -158 ) (3072 -2048 -158 ) 
4 106 145 (3072 -2048 -278 ) (3072 -2048 -158 ) (2048 -2048 -158 ) (2048 -2048 -278 ) 
4 106 120 (2048 -2048 -278 ) (2048 -2048 -158 ) (2048 -1024 -158 ) (2048 -1024 -278 ) 
4 107 146 (3072 -2048 -446.299988 ) (3072 -2048 -324 ) (2048 -2048 -324 ) (2048 -2048 -446.299988 ) 
4 107 121 (2048 -2048 -446.299988 ) (2048 -2048 -324 ) (2048 -1024 -324 ) (2048 -1024 -446.299988 ) 
4 108 119 (2048 -1024 -158 ) (2048 -1024 462.299988 ) (1024 -1024 462.299988 ) (1024 -1024 -158 ) 
4 108 111 (1024 0 462.299988 ) (1024 0 -158 ) (1024 -1024 -158 ) (1024 -1024 462.299988 ) 
4 108 109 (2048 -1024 -158 ) (1024 -1024 -158 ) (1024 0 -158 ) (2048 0 -158 ) 
4 109 120 (2048 -1024 -278 ) (2048 -1024 -158 ) (1024 -1024 -158 ) (1024 -1024 -278 ) 
4 109 117 (1024 0 -158 ) (1024 0 -278 ) (1024 -1024 -278 ) (1024 -1024 -158 ) 
4 110 121 (2048 -1024 -446.299988 ) (2048 -1024 -324 ) (1024 -1024 -324 ) (1024 -1024 -446.299988 ) 
4 110 118 (1024 0 -324 ) (1024 0 -446.299988 ) (1024 -1024 -446.299988 ) (1024 -1024 -324 ) 
4 111 122 (1024 -1024 -158 ) (1024 -1024 462.299988 ) (712 -1024 462.299988 ) (712 -1024 -158 ) 
4 111 117 (1024 0 -158 ) (1024 -1024 -158 ) (712 -1024 -158 ) (712 0 -158 ) 
4 111 113 (712 -672 -50 ) (712 -672 462.299988 ) (712 -580 462.299988 ) (712 -580 -50 ) 
4 111 114 (712 -580 -158 ) (712 -672 -158 ) (712 -672 -98 ) (712 -580 -98 ) 
4 111 112 (712 0 -158 ) (712 -580 -158 ) (712 -580 462.299988 ) (712 0 462.299988 ) 
4 111 115 (712 -672 -158 ) (712 -1024 -158 ) (712 -1024 462.299988 ) (712 -672 462.299988 ) 
4 112 117 (620 -580 -158 ) (620 0 -158 ) (712 0 -158 ) (712 -580 -158 ) 
4 112 113 (620 -580 462.299988 ) (620 -580 -50 ) (712 -580 -50 ) (712 -580 462.299988 ) 
4 112 114 (620 -580 -98 ) (620 -580 -158 ) (712 -580 -158 ) (712 -580 -98 ) 
4 112 116 (620 0 -158 ) (620 -580 -158 ) (620 -580 462.299988 ) (620 0 462.299988 ) 
4 113 115 (620 -672 462.299988 ) (620 -672 -50 ) (712 -672 -50 ) (712 -672 462.299988 ) 
4 113 116 (620 -672 -50 ) (620 -672 462.299988 ) (620 -580 462.299988 ) (620 -580 -50 ) 
4 114 117 (620 -672 -158 ) (620 -580 -158 ) (712 -580 -158 ) (712 -672 -158 ) 
4 114 116 (620 -580 -158 ) (620 -672 -158 ) (620 -672 -98 ) (620 -580 -98 ) 
4 114 115 (620 -672 -98 ) (620 -672 -158 ) (712 -672 -158 ) (712 -672 -98 ) 
4 115 128 (659 -1024 462.299988 ) (620 -1024 462.299988 ) (620 -1024 -158 ) (659 -1024 -158 ) 
4 115 127 (665 -1024 462.299988 ) (659 -1024 462.299988 ) (659 -1024 -158 ) (665 -1024 -158 ) 
4 115 123 (670 -1024 462.299988 ) (665 -1024 462.299988 ) (665 -1024 -158 ) (670 -1024 -158 ) 
4 115 122 (712 -1024 462.299988 ) (670 -1024 462.299988 ) (670 -1024 -158 ) (712 -1024 -158 ) 
4 115 117 (712 -1024 -158 ) (620 -1024 -158 ) (620 -672 -158 ) (712 -672 -158 ) 
4 115 116 (620 -672 -158 ) (620 -1024 -158 ) (620 -1024 462.299988 ) (620 -672 462.299988 ) 
4 116 243 (0 -1024 -158 ) (0 -1024 462.299988 ) (0 0 462.299988 ) (0 0 -158 ) 
4 116 135 (432 -1024 462.299988 ) (330 -1024 462.299988 ) (330 -1024 -158 ) (432 -1024 -158 ) 
4 116 134 (480 -1024 462.299988 ) (432 -1024 462.299988 ) (432 -1024 -158 ) (480 -1024 -158 ) 
4 116 139 (330 -1024 462.299988 ) (0 -1024 462.299988 ) (0 -1024 -158 ) (330 -1024 -158 ) 
4 116 128 (620 -1024 462.299988 ) (509 -1024 462.299988 ) (509 -1024 -158 ) (620 -1024 -158 ) 
4 116 133 (509 -1024 462.299988 ) (480 -1024 462.299988 ) (480 -1024 -158 ) (509 -1024 -158 ) 
4 116 117 (620 -1024 -158 ) (0 -1024 -158 ) (0 0 -158 ) (620 0 -158 ) 
4 117 244 (0 -1024 -278 ) (0 -1024 -158 ) (0 0 -158 ) (0 0 -278 ) 
4 117 142 (1024 -1024 -278 ) (1024 -1024 -158 ) (0 -1024 -158 ) (0 -1024 -278 ) 
4 118 245 (0 -1024 -446.299988 ) (0 -1024 -324 ) (0 0 -324 ) (0 0 -446.299988 ) 
4 118 143 (1024 -1024 -446.299988 ) (1024 -1024 -324 ) (0 -1024 -324 ) (0 -1024 -446.299988 ) 
4 119 147 (2048 -2048 -158 ) (2048 -2048 462.299988 ) (1024 -2048 462.299988 ) (1024 -2048 -158 ) 
4 119 122 (1024 -1024 462.299988 ) (1024 -1024 -158 ) (1024 -2048 -158 ) (1024 -2048 462.299988 ) 
4 119 120 (1024 -1024 -158 ) (2048 -1024 -158 ) (2048 -2048 -158 ) (1024 -2048 -158 ) 
4 120 148 (2048 -2048 -278 ) (2048 -2048 -158 ) (1024 -2048 -158 ) (1024 -2048 -278 ) 
4 120 142 (1024 -1024 -158 ) (1024 -1024 -278 ) (1024 -2048 -278 ) (1024 -2048 -158 ) 
4 121 149 (2048 -2048 -446.299988 ) (2048 -2048 -324 ) (1024 -2048 -324 ) (1024 -2048 -446.299988 ) 
4 121 143 (1024 -1024 -324 ) (1024 -1024 -446.299988 ) (1024 -2048 -446.299988 ) (1024 -2048 -324 ) 
4 122 150 (1024 -2048 -158 ) (1024 -2048 462.299988 ) (670 -2048 462.299988 ) (670 -2048 -158 ) 
4 122 142 (1024 -1024 -158 ) (1024 -2048 -158 ) (670 -2048 -158 ) (670 -1024 -158 ) 
4 122 125 (670 -2048 -76 ) (670 -2048 55 ) (670 -1973 55 ) (670 -1973 -76 ) 
4 122 124 (670 -2048 55 ) (670 -2048 462.299988 ) (670 -1973 462.299988 ) (670 -1973 55 ) 
4 122 126 (670 -1973 -158 ) (670 -2048 -158 ) (670 -2048 -76 ) (670 -1973 -76 ) 
4 122 123 (670 -1024 -158 ) (670 -1973 -158 ) (670 -1973 462.299988 ) (670 -1024 462.299988 ) 
4 123 142 (665 -1973 -158 ) (665 -1024 -158 ) (670 -1024 -158 ) (670 -1973 -158 ) 
4 123 127 (665 -1024 -158 ) (665 -1973 -158 ) (665 -1973 462.299988 ) (665 -1024 462.299988 ) 
4 123 125 (665 -1973 55 ) (665 -1973 -76 ) (670 -1973 -76 ) (670 -1973 55 ) 
4 123 124 (665 -1973 462.299988 ) (665 -1973 55 ) (670 -1973 55 ) (670 -1973 462.299988 ) 
4 123 126 (665 -1973 -76 ) (665 -1973 -158 ) (670 -1973 -158 ) (670 -1973 -76 ) 
4 124 151 (670 -2048 462.299988 ) (665 -2048 462.299988 ) (665 -2048 55 ) (670 -2048 55 ) 
4 124 127 (665 -2048 55 ) (665 -2048 462.299988 ) (665 -1973 462.299988 ) (665 -1973 55 ) 
4 124 125 (665 -2048 55 ) (665 -1973 55 ) (670 -1973 55 ) (670 -2048 55 ) 
4 125 152 (665 -2048 55 ) (665 -2048 -76 ) (670 -2048 -76 ) (670 -2048 55 ) 
4 125 127 (665 -2048 -76 ) (665 -2048 55 ) (665 -1973 55 ) (665 -1973 -76 ) 
4 125 126 (665 -2048 -76 ) (665 -1973 -76 ) (670 -1973 -76 ) (670 -2048 -76 ) 
4 126 153 (665 -2048 -76 ) (665 -2048 -158 ) (670 -2048 -158 ) (670 -2048 -76 ) 
4 126 142 (670 -2048 -158 ) (665 -2048 -158 ) (665 -1973 -158 ) (670 -1973 -158 ) 
4 126 127 (665 -1973 -158 ) (665 -2048 -158 ) (665 -2048 -76 ) (665 -1973 -76 ) 
4 127 155 (665 -2048 462.299988 ) (659 -2048 462.299988 ) (659 -2048 -158 ) (665 -2048 -158 ) 
4 127 142 (665 -2048 -158 ) (659 -2048 -158 ) (659 -1024 -158 ) (665 -1024 -158 ) 
4 127 130 (659 -1850 -80 ) (659 -1850 85 ) (659 -1849 85 ) (659 -1849 -80 ) 
4 127 129 (659 -1850 85 ) (659 -1850 462.299988 ) (659 -1849 462.299988 ) (659 -1849 85 ) 
4 127 131 (659 -1849 -158 ) (659 -1850 -158 ) (659 -1850 -80 ) (659 -1849 -80 ) 
4 127 128 (659 -1024 -158 ) (659 -1849 -158 ) (659 -1849 462.299988 ) (659 -1024 462.299988 ) 
4 127 132 (659 -1850 -158 ) (659 -2048 -158 ) (659 -2048 462.299988 ) (659 -1850 462.299988 ) 
4 128 142 (509 -1849 -158 ) (509 -1024 -158 ) (659 -1024 -158 ) (659 -1849 -158 ) 
4 128 130 (509 -1849 85 ) (509 -1849 -80 ) (659 -1849 -80 ) (659 -1849 85 ) 
4 128 129 (509 -1849 462.299988 ) (509 -1849 85 ) (659 -1849 85 ) (659 -1849 462.299988 ) 
4 128 131 (509 -1849 -80 ) (509 -1849 -158 ) (659 -1849 -158 ) (659 -1849 -80 ) 
4 128 133 (509 -1024 -158 ) (509 -1849 -158 ) (509 -1849 462.299988 ) (509 -1024 462.299988 ) 
4 129 132 (509 -1850 462.299988 ) (509 -1850 85 ) (659 -1850 85 ) (659 -1850 462.299988 ) 
4 129 133 (509 -1850 85 ) (509 -1850 462.299988 ) (509 -1849 462.299988 ) (509 -1849 85 ) 
4 129 130 (659 -1850 85 ) (509 -1850 85 ) (509 -1849 85 ) (659 -1849 85 ) 
4 130 131 (659 -1850 -80 ) (509 -1850 -80 ) (509 -1849 -80 ) (659 -1849 -80 ) 
4 130 132 (509 -1850 85 ) (509 -1850 -80 ) (659 -1850 -80 ) (659 -1850 85 ) 
4 130 133 (509 -1850 -80 ) (509 -1850 85 ) (509 -1849 85 ) (509 -1849 -80 ) 
4 131 142 (509 -1850 -158 ) (509 -1849 -158 ) (659 -1849 -158 ) (659 -1850 -158 ) 
4 131 133 (509 -1849 -158 ) (509 -1850 -158 ) (509 -1850 -80 ) (509 -1849 -80 ) 
4 131 132 (509 -1850 -80 ) (509 -1850 -158 ) (659 -1850 -158 ) (659 -1850 -80 ) 
4 132 155 (659 -2048 462.299988 ) (509 -2048 462.299988 ) (509 -2048 -158 ) (659 -2048 -158 ) 
4 132 142 (659 -2048 -158 ) (509 -2048 -158 ) (509 -1850 -158 ) (659 -1850 -158 ) 
4 132 133 (509 -1850 -158 ) (509 -2048 -158 ) (509 -2048 462.299988 ) (509 -1850 462.299988 ) 
4 133 155 (509 -2048 462.299988 ) (480 -2048 462.299988 ) (480 -2048 -158 ) (509 -2048 -158 ) 
4 133 142 (509 -2048 -158 ) (480 -2048 -158 ) (480 -1024 -158 ) (509 -1024 -158 ) 
4 133 140 (480 -2048 -94 ) (480 -2048 462.299988 ) (480 -1887.989990 462.299988 ) (480 -1887.989990 -94 ) 
4 133 141 (480 -1887.989990 -158 ) (480 -2048 -158 ) (480 -2048 -100 ) (480 -1887.989990 -100 ) 
4 133 134 (480 -1024 -158 ) (480 -1887.989990 -158 ) (480 -1887.989990 462.299988 ) (480 -1024 462.299988 ) 
4 134 142 (432 -1024 -158 ) (480 -1024 -158 ) (480 -1887.989990 -158 ) (432 -1887.989990 -158 ) 
4 134 140 (480 -1887.989990 -94 ) (480 -1887.989990 462.299988 ) (432 -1887.989990 462.299988 ) (432 -1887.989990 -94 ) 
4 134 141 (432 -1887.989990 -158 ) (480 -1887.989990 -158 ) (480 -1887.989990 -100 ) (432 -1887.989990 -100 ) 
4 134 136 (432 -1738 -26 ) (432 -1738 462.299988 ) (432 -1732 462.299988 ) (432 -1732 -26 ) 
4 134 137 (432 -1732 -158 ) (432 -1738 -158 ) (432 -1738 -138 ) (432 -1732 -138 ) 
4 134 135 (432 -1024 -158 ) (432 -1732 -158 ) (432 -1732 462.299988 ) (432 -1024 462.299988 ) 
4 134 138 (432 -1738 -158 ) (432 -1887.989990 -158 ) (432 -1887.989990 462.299988 ) (432 -1738 462.299988 ) 
4 135 142 (330 -1024 -158 ) (432 -1024 -158 ) (432 -1732 -158 ) (330 -1732 -158 ) 
4 135 136 (330 -1732 462.299988 ) (330 -1732 -26 ) (432 -1732 -26 ) (432 -1732 462.299988 ) 
4 135 137 (330 -1732 -138 ) (330 -1732 -158 ) (432 -1732 -158 ) (432 -1732 -138 ) 
4 135 139 (330 -1024 -158 ) (330 -1732 -158 ) (330 -1732 462.299988 ) (330 -1024 462.299988 ) 
4 136 138 (330 -1738 462.299988 ) (330 -1738 -26 ) (432 -1738 -26 ) (432 -1738 462.299988 ) 
4 136 139 (330 -1738 -26 ) (330 -1738 462.299988 ) (330 -1732 462.299988 ) (330 -1732 -26 ) 
4 137 142 (432 -1732 -158 ) (432 -1738 -158 ) (330 -1738 -158 ) (330 -1732 -158 ) 
4 137 139 (330 -1732 -158 ) (330 -1738 -158 ) (330 -1738 -138 ) (330 -1732 -138 ) 
4 137 138 (330 -1738 -138 ) (330 -1738 -158 ) (432 -1738 -158 ) (432 -1738 -138 ) 
4 138 142 (432 -1738 -158 ) (432 -1887.989990 -158 ) (330 -1887.989990 -158 ) (330 -1738 -158 ) 
4 138 140 (432 -1887.989990 -94 ) (432 -1887.989990 462.299988 ) (330 -1887.989990 462.299988 ) (330 -1887.989990 -94 ) 
4 138 141 (330 -1887.989990 -158 ) (432 -1887.989990 -158 ) (432 -1887.989990 -100 ) (330 -1887.989990 -100 ) 
4 138 139 (330 -1738 -158 ) (330 -1887.989990 -158 ) (330 -1887.989990 462.299988 ) (330 -1738 462.299988 ) 
4 139 246 (0 -1887.989990 462.299988 ) (0 -1024 462.299988 ) (0 -1024 -158 ) (0 -1887.989990 -158 ) 
4 139 142 (0 -1887.989990 -158 ) (0 -1024 -158 ) (330 -1024 -158 ) (330 -1887.989990 -158 ) 
4 139 140 (330 -1887.989990 -94 ) (330 -1887.989990 462.299988 ) (0 -1887.989990 462.299988 ) (0 -1887.989990 -94 ) 
4 139 141 (0 -1887.989990 -158 ) (330 -1887.989990 -158 ) (330 -1887.989990 -100 ) (0 -1887.989990 -100 ) 
4 140 247 (0 -2048 -94 ) (0 -2048 462.299988 ) (0 -1887.989990 462.299988 ) (0 -1887.989990 -94 ) 
4 140 156 (480 -2048 462.299988 ) (0 -2048 462.299988 ) (0 -2048 -94 ) (480 -2048 -94 ) 
4 141 248 (0 -2048 -158 ) (0 -2048 -100 ) (0 -1887.989990 -100 ) (0 -1887.989990 -158 ) 
4 141 157 (0 -2048 -100 ) (0 -2048 -158 ) (480 -2048 -158 ) (480 -2048 -100 ) 
4 141 142 (480 -2048 -158 ) (0 -2048 -158 ) (0 -1887.989990 -158 ) (480 -1887.989990 -158 ) 
4 142 250 (0 -2048 -278 ) (0 -2048 -158 ) (0 -1024 -158 ) (0 -1024 -278 ) 
4 142 159 (1024 -2048 -278 ) (1024 -2048 -158 ) (0 -2048 -158 ) (0 -2048 -278 ) 
4 143 251 (0 -2048 -446.299988 ) (0 -2048 -324 ) (0 -1024 -324 ) (0 -1024 -446.299988 ) 
4 143 160 (1024 -2048 -446.299988 ) (1024 -2048 -324 ) (0 -2048 -324 ) (0 -2048 -446.299988 ) 
4 144 161 (3072 -3072 -158 ) (3072 -3072 462.299988 ) (2048 -3072 462.299988 ) (2048 -3072 -158 ) 
4 144 147 (2048 -3072 -158 ) (2048 -3072 462.299988 ) (2048 -2048 462.299988 ) (2048 -2048 -158 ) 
4 144 145 (3072 -3072 -158 ) (2048 -3072 -158 ) (2048 -2048 -158 ) (3072 -2048 -158 ) 
4 145 162 (3072 -3072 -278 ) (3072 -3072 -158 ) (2048 -3072 -158 ) (2048 -3072 -278 ) 
4 145 148 (2048 -3072 -278 ) (2048 -3072 -158 ) (2048 -2048 -158 ) (2048 -2048 -278 ) 
4 146 163 (3072 -3072 -446.299988 ) (3072 -3072 -324 ) (2048 -3072 -324 ) (2048 -3072 -446.299988 ) 
4 146 149 (2048 -3072 -446.299988 ) (2048 -3072 -324 ) (2048 -2048 -324 ) (2048 -2048 -446.299988 ) 
4 147 165 (2048 -3072 -158 ) (2048 -3072 462.299988 ) (1024 -3072 462.299988 ) (1024 -3072 -158 ) 
4 147 150 (1024 -2048 462.299988 ) (1024 -2048 -158 ) (1024 -3072 -158 ) (1024 -3072 462.299988 ) 
4 147 148 (2048 -3072 -158 ) (1024 -3072 -158 ) (1024 -2048 -158 ) (2048 -2048 -158 ) 
4 148 166 (2048 -3072 -278 ) (2048 -3072 -158 ) (1024 -3072 -158 ) (1024 -3072 -278 ) 
4 148 159 (1024 -2048 -158 ) (1024 -2048 -278 ) (1024 -3072 -278 ) (1024 -3072 -158 ) 
4 149 167 (2048 -3072 -446.299988 ) (2048 -3072 -324 ) (1024 -3072 -324 ) (1024 -3072 -446.299988 ) 
4 149 160 (1024 -2048 -324 ) (1024 -2048 -446.299988 ) (1024 -3072 -446.299988 ) (1024 -3072 -324 ) 
4 150 169 (670 -3072 -158 ) (1024 -3072 -158 ) (1024 -3072 462.299988 ) (670 -3072 462.299988 ) 
4 150 159 (670 -2048 -158 ) (1024 -2048 -158 ) (1024 -3072 -158 ) (670 -3072 -158 ) 
4 150 152 (670 -2085 -76 ) (670 -2085 55 ) (670 -2048 55 ) (670 -2048 -76 ) 
4 150 151 (670 -2085 55 ) (670 -2085 462.299988 ) (670 -2048 462.299988 ) (670 -2048 55 ) 
4 150 153 (670 -2048 -158 ) (670 -2085 -158 ) (670 -2085 -76 ) (670 -2048 -76 ) 
4 150 154 (670 -2085 -158 ) (670 -3072 -158 ) (670 -3072 462.299988 ) (670 -2085 462.299988 ) 
4 151 155 (665 -2085 55 ) (665 -2085 462.299988 ) (665 -2048 462.299988 ) (665 -2048 55 ) 
4 151 154 (665 -2085 462.299988 ) (665 -2085 55 ) (670 -2085 55 ) (670 -2085 462.299988 ) 
4 151 152 (670 -2085 55 ) (665 -2085 55 ) (665 -2048 55 ) (670 -2048 55 ) 
4 152 153 (670 -2085 -76 ) (665 -2085 -76 ) (665 -2048 -76 ) (670 -2048 -76 ) 
4 152 155 (665 -2085 -76 ) (665 -2085 55 ) (665 -2048 55 ) (665 -2048 -76 ) 
4 152 154 (665 -2085 55 ) (665 -2085 -76 ) (670 -2085 -76 ) (670 -2085 55 ) 
4 153 159 (665 -2048 -158 ) (670 -2048 -158 ) (670 -2085 -158 ) (665 -2085 -158 ) 
4 153 154 (665 -2085 -76 ) (665 -2085 -158 ) (670 -2085 -158 ) (670 -2085 -76 ) 
4 153 155 (665 -2048 -158 ) (665 -2085 -158 ) (665 -2085 -76 ) (665 -2048 -76 ) 
4 154 169 (665 -3072 -158 ) (670 -3072 -158 ) (670 -3072 462.299988 ) (665 -3072 462.299988 ) 
4 154 159 (670 -2085 -158 ) (670 -3072 -158 ) (665 -3072 -158 ) (665 -2085 -158 ) 
4 154 155 (665 -2085 -158 ) (665 -3072 -158 ) (665 -3072 462.299988 ) (665 -2085 462.299988 ) 
4 155 169 (480 -3072 -158 ) (665 -3072 -158 ) (665 -3072 462.299988 ) (480 -3072 462.299988 ) 
4 155 159 (480 -2048 -158 ) (665 -2048 -158 ) (665 -3072 -158 ) (480 -3072 -158 ) 
4 155 156 (480 -2495.989990 -94 ) (480 -2495.989990 462.299988 ) (480 -2048 462.299988 ) (480 -2048 -94 ) 
4 155 157 (480 -2048 -158 ) (480 -2495.989990 -158 ) (480 -2495.989990 -100 ) (480 -2048 -100 ) 
4 155 158 (480 -2495.989990 -158 ) (480 -3072 -158 ) (480 -3072 462.299988 ) (480 -2495.989990 462.299988 ) 
4 156 264 (0 -2495.989990 462.299988 ) (0 -2048 462.299988 ) (0 -2048 -94 ) (0 -2495.989990 -94 ) 
4 156 158 (480 -2495.989990 -94 ) (480 -2495.989990 462.299988 ) (0 -2495.989990 462.299988 ) (0 -2495.989990 -94 ) 
4 157 265 (0 -2048 -100 ) (0 -2048 -158 ) (0 -2495.989990 -158 ) (0 -2495.989990 -100 ) 
4 157 159 (0 -2495.989990 -158 ) (0 -2048 -158 ) (480 -2048 -158 ) (480 -2495.989990 -158 ) 
4 157 158 (0 -2495.989990 -158 ) (480 -2495.989990 -158 ) (480 -2495.989990 -100 ) (0 -2495.989990 -100 ) 
4 158 266 (0 -3072 -158 ) (0 -3072 462.299988 ) (0 -2495.989990 462.299988 ) (0 -2495.989990 -158 ) 
4 158 169 (0 -3072 462.299988 ) (0 -3072 -158 ) (480 -3072 -158 ) (480 -3072 462.299988 ) 
4 158 159 (0 -3072 -158 ) (0 -2495.989990 -158 ) (480 -2495.989990 -158 ) (480 -3072 -158 ) 
4 159 268 (0 -3072 -278 ) (0 -3072 -158 ) (0 -2048 -158 ) (0 -2048 -278 ) 
4 159 170 (0 -3072 -158 ) (0 -3072 -278 ) (1024 -3072 -278 ) (1024 -3072 -158 ) 
4 160 269 (0 -3072 -446.299988 ) (0 -3072 -324 ) (0 -2048 -324 ) (0 -2048 -446.299988 ) 
4 160 171 (0 -3072 -324 ) (0 -3072 -446.299988 ) (1024 -3072 -446.299988 ) (1024 -3072 -324 ) 
4 161 165 (2048 -3072 462.299988 ) (2048 -3072 -158 ) (2048 -3584.250000 -158 ) (2048 -3584.250000 462.299988 ) 
4 161 164 (2048 -3584.250000 -158 ) (2048 -3584 -158 ) (3072 -3584 -158 ) (3072 -3584.250000 -158 ) 
4 161 162 (2048 -3584 -158 ) (2048 -3072 -158 ) (3072 -3072 -158 ) (3072 -3584 -158 ) 
4 162 166 (2048 -3072 -158 ) (2048 -3072 -278 ) (2048 -3584 -278 ) (2048 -3584 -158 ) 
4 162 164 (3072 -3584 -278 ) (3072 -3584 -158 ) (2048 -3584 -158 ) (2048 -3584 -278 ) 
4 163 167 (2048 -3072 -324 ) (2048 -3072 -446.299988 ) (2048 -3584 -446.299988 ) (2048 -3584 -324 ) 
4 163 164 (2048 -3584 -446.299988 ) (3072 -3584 -446.299988 ) (3072 -3584 -324 ) (2048 -3584 -324 ) 
4 164 168 (2048 -3584 -446.299988 ) (2048 -3584.250000 -446.299988 ) (2048 -3584.250000 -158 ) (2048 -3584 -158 ) 
4 165 169 (1024 -3072 462.299988 ) (1024 -3072 -158 ) (1024 -3584.250000 -158 ) (1024 -3584.250000 462.299988 ) 
4 165 168 (1024 -3584.250000 -158 ) (1024 -3584 -158 ) (2048 -3584 -158 ) (2048 -3584.250000 -158 ) 
4 165 166 (1024 -3584 -158 ) (1024 -3072 -158 ) (2048 -3072 -158 ) (2048 -3584 -158 ) 
4 166 170 (1024 -3072 -158 ) (1024 -3072 -278 ) (1024 -3584 -278 ) (1024 -3584 -158 ) 
4 166 168 (2048 -3584 -278 ) (2048 -3584 -158 ) (1024 -3584 -158 ) (1024 -3584 -278 ) 
4 167 171 (1024 -3072 -324 ) (1024 -3072 -446.299988 ) (1024 -3584 -446.299988 ) (1024 -3584 -324 ) 
4 167 168 (1024 -3584 -446.299988 ) (2048 -3584 -446.299988 ) (2048 -3584 -324 ) (1024 -3584 -324 ) 
4 168 172 (1024 -3584 -446.299988 ) (1024 -3584.250000 -446.299988 ) (1024 -3584.250000 -158 ) (1024 -3584 -158 ) 
4 169 276 (0 -3584.250000 462.299988 ) (0 -3072 462.299988 ) (0 -3072 -158 ) (0 -3584.250000 -158 ) 
4 169 172 (1024 -3584 -158 ) (1024 -3584.250000 -158 ) (0 -3584.250000 -158 ) (0 -3584 -158 ) 
4 169 170 (1024 -3072 -158 ) (1024 -3584 -158 ) (0 -3584 -158 ) (0 -3072 -158 ) 
4 170 277 (0 -3584 -158 ) (0 -3072 -158 ) (0 -3072 -278 ) (0 -3584 -278 ) 
4 170 172 (1024 -3584 -278 ) (1024 -3584 -158 ) (0 -3584 -158 ) (0 -3584 -278 ) 
4 171 278 (0 -3072 -324 ) (0 -3072 -446.299988 ) (0 -3584 -446.299988 ) (0 -3584 -324 ) 
4 171 172 (0 -3584 -446.299988 ) (1024 -3584 -446.299988 ) (1024 -3584 -324 ) (0 -3584 -324 ) 
4 172 279 (0 -3584.250000 -158 ) (0 -3584 -158 ) (0 -3584 -446.299988 ) (0 -3584.250000 -446.299988 ) 
4 173 185 (0 3072 -158 ) (0 3072 462.299988 ) (-1024 3072 462.299988 ) (-1024 3072 -158 ) 
4 173 177 (-1024 3072 -158 ) (-1024 3072 462.299988 ) (-1024 3584.250000 462.299988 ) (-1024 3584.250000 -158 ) 
4 173 175 (-1024 3072 -158 ) (-1024 3584 -158 ) (0 3584 -158 ) (0 3072 -158 ) 
4 173 174 (-1024 3584 -158 ) (-1024 3584.250000 -158 ) (0 3584.250000 -158 ) (0 3584 -158 ) 
4 174 178 (-1024 3584 -158 ) (-1024 3584.250000 -158 ) (-1024 3584.250000 -446.299988 ) (-1024 3584 -446.299988 ) 
4 174 176 (-1024 3584 -446.299988 ) (0 3584 -446.299988 ) (0 3584 -324 ) (-1024 3584 -324 ) 
4 174 175 (0 3584 -278 ) (0 3584 -158 ) (-1024 3584 -158 ) (-1024 3584 -278 ) 
4 175 186 (0 3072 -278 ) (0 3072 -158 ) (-1024 3072 -158 ) (-1024 3072 -278 ) 
4 175 179 (-1024 3072 -278 ) (-1024 3072 -158 ) (-1024 3584 -158 ) (-1024 3584 -278 ) 
4 176 187 (0 3072 -446.299988 ) (0 3072 -324 ) (-1024 3072 -324 ) (-1024 3072 -446.299988 ) 
4 176 180 (-1024 3072 -446.299988 ) (-1024 3072 -324 ) (-1024 3584 -324 ) (-1024 3584 -446.299988 ) 
4 177 188 (-1024 3072 -158 ) (-1024 3072 462.299988 ) (-2048 3072 462.299988 ) (-2048 3072 -158 ) 
4 177 181 (-2048 3072 -158 ) (-2048 3072 462.299988 ) (-2048 3584.250000 462.299988 ) (-2048 3584.250000 -158 ) 
4 177 179 (-1024 3584 -158 ) (-1024 3072 -158 ) (-2048 3072 -158 ) (-2048 3584 -158 ) 
4 177 178 (-1024 3584.250000 -158 ) (-1024 3584 -158 ) (-2048 3584 -158 ) (-2048 3584.250000 -158 ) 
4 178 182 (-2048 3584 -158 ) (-2048 3584.250000 -158 ) (-2048 3584.250000 -446.299988 ) (-2048 3584 -446.299988 ) 
4 178 180 (-2048 3584 -446.299988 ) (-1024 3584 -446.299988 ) (-1024 3584 -324 ) (-2048 3584 -324 ) 
4 178 179 (-1024 3584 -278 ) (-1024 3584 -158 ) (-2048 3584 -158 ) (-2048 3584 -278 ) 
4 179 189 (-1024 3072 -278 ) (-1024 3072 -158 ) (-2048 3072 -158 ) (-2048 3072 -278 ) 
4 179 183 (-2048 3072 -278 ) (-2048 3072 -158 ) (-2048 3584 -158 ) (-2048 3584 -278 ) 
4 180 190 (-1024 3072 -446.299988 ) (-1024 3072 -324 ) (-2048 3072 -324 ) (-2048 3072 -446.299988 ) 
4 180 184 (-2048 3072 -446.299988 ) (-2048 3072 -324 ) (-2048 3584 -324 ) (-2048 3584 -446.299988 ) 
4 181 212 (-3072 3072 -158 ) (-3072 3072 462.299988 ) (-3072 3584.250000 462.299988 ) (-3072 3584.250000 -158 ) 
4 181 191 (-2048 3072 -158 ) (-2048 3072 462.299988 ) (-3072 3072 462.299988 ) (-3072 3072 -158 ) 
4 181 183 (-2048 3584 -158 ) (-2048 3072 -158 ) (-3072 3072 -158 ) (-3072 3584 -158 ) 
4 181 182 (-2048 3584.250000 -158 ) (-2048 3584 -158 ) (-3072 3584 -158 ) (-3072 3584.250000 -158 ) 
4 182 213 (-3072 3584 -158 ) (-3072 3584.250000 -158 ) (-3072 3584.250000 -446.299988 ) (-3072 3584 -446.299988 ) 
4 182 184 (-3072 3584 -446.299988 ) (-2048 3584 -446.299988 ) (-2048 3584 -324 ) (-3072 3584 -324 ) 
4 182 183 (-2048 3584 -278 ) (-2048 3584 -158 ) (-3072 3584 -158 ) (-3072 3584 -278 ) 
4 183 214 (-3072 3072 -278 ) (-3072 3072 -158 ) (-3072 3584 -158 ) (-3072 3584 -278 ) 
4 183 192 (-2048 3072 -278 ) (-2048 3072 -158 ) (-3072 3072 -158 ) (-3072 3072 -278 ) 
4 184 215 (-3072 3072 -446.299988 ) (-3072 3072 -324 ) (-3072 3584 -324 ) (-3072 3584 -446.299988 ) 
4 184 193 (-2048 3072 -446.299988 ) (-2048 3072 -324 ) (-3072 3072 -324 ) (-3072 3072 -446.299988 ) 
4 185 194 (0 2048 -158 ) (0 2048 462.299988 ) (-1024 2048 462.299988 ) (-1024 2048 -158 ) 
4 185 188 (-1024 2048 -158 ) (-1024 2048 462.299988 ) (-1024 3072 462.299988 ) (-1024 3072 -158 ) 
4 185 186 (0 2048 -158 ) (-1024 2048 -158 ) (-1024 3072 -158 ) (0 3072 -158 ) 
4 186 195 (0 2048 -278 ) (0 2048 -158 ) (-1024 2048 -158 ) (-1024 2048 -278 ) 
4 186 189 (-1024 2048 -278 ) (-1024 2048 -158 ) (-1024 3072 -158 ) (-1024 3072 -278 ) 
4 187 196 (0 2048 -446.299988 ) (0 2048 -324 ) (-1024 2048 -324 ) (-1024 2048 -446.299988 ) 
4 187 190 (-1024 2048 -446.299988 ) (-1024 2048 -324 ) (-1024 3072 -324 ) (-1024 3072 -446.299988 ) 
4 188 200 (-1024 2048 -158 ) (-1024 2048 462.299988 ) (-2048 2048 462.299988 ) (-2048 2048 -158 ) 
4 188 191 (-2048 3072 462.299988 ) (-2048 3072 -158 ) (-2048 2048 -158 ) (-2048 2048 462.299988 ) 
4 188 189 (-1024 2048 -158 ) (-2048 2048 -158 ) (-2048 3072 -158 ) (-1024 3072 -158 ) 
4 189 201 (-1024 2048 -278 ) (-1024 2048 -158 ) (-2048 2048 -158 ) (-2048 2048 -278 ) 
4 189 192 (-2048 3072 -158 ) (-2048 3072 -278 ) (-2048 2048 -278 ) (-2048 2048 -158 ) 
4 190 202 (-1024 2048 -446.299988 ) (-1024 2048 -324 ) (-2048 2048 -324 ) (-2048 2048 -446.299988 ) 
4 190 193 (-2048 3072 -324 ) (-2048 3072 -446.299988 ) (-2048 2048 -446.299988 ) (-2048 2048 -324 ) 
4 191 222 (-3072 2048 -158 ) (-3072 2048 462.299988 ) (-3072 3072 462.299988 ) (-3072 3072 -158 ) 
4 191 203 (-3072 2048 462.299988 ) (-3072 2048 -158 ) (-2048 2048 -158 ) (-2048 2048 462.299988 ) 
4 191 192 (-3072 2048 -158 ) (-3072 3072 -158 ) (-2048 3072 -158 ) (-2048 2048 -158 ) 
4 192 223 (-3072 2048 -278 ) (-3072 2048 -158 ) (-3072 3072 -158 ) (-3072 3072 -278 ) 
4 192 204 (-3072 2048 -158 ) (-3072 2048 -278 ) (-2048 2048 -278 ) (-2048 2048 -158 ) 
4 193 224 (-3072 2048 -446.299988 ) (-3072 2048 -324 ) (-3072 3072 -324 ) (-3072 3072 -446.299988 ) 
4 193 205 (-3072 2048 -324 ) (-3072 2048 -446.299988 ) (-2048 2048 -446.299988 ) (-2048 2048 -324 ) 
4 194 200 (-1024 2048 462.299988 ) (-1024 2048 -158 ) (-1024 1024 -158 ) (-1024 1024 462.299988 ) 
4 194 197 (0 1024 -158 ) (0 1024 462.299988 ) (-1024 1024 462.299988 ) (-1024 1024 -158 ) 
4 194 195 (-1024 1024 -158 ) (-1024 2048 -158 ) (0 2048 -158 ) (0 1024 -158 ) 
4 195 201 (-1024 2048 -158 ) (-1024 2048 -278 ) (-1024 1024 -278 ) (-1024 1024 -158 ) 
4 195 198 (0 1024 -278 ) (0 1024 -158 ) (-1024 1024 -158 ) (-1024 1024 -278 ) 
4 196 202 (-1024 2048 -324 ) (-1024 2048 -446.299988 ) (-1024 1024 -446.299988 ) (-1024 1024 -324 ) 
4 196 199 (0 1024 -446.299988 ) (0 1024 -324 ) (-1024 1024 -324 ) (-1024 1024 -446.299988 ) 
4 197 243 (0 0 -158 ) (0 0 462.299988 ) (-1024 0 462.299988 ) (-1024 0 -158 ) 
4 197 206 (-1024 0 -158 ) (-1024 0 462.299988 ) (-1024 1024 462.299988 ) (-1024 1024 -158 ) 
4 197 198 (0 0 -158 ) (-1024 0 -158 ) (-1024 1024 -158 ) (0 1024 -158 ) 
4 198 244 (0 0 -278 ) (0 0 -158 ) (-1024 0 -158 ) (-1024 0 -278 ) 
4 198 207 (-1024 0 -278 ) (-1024 0 -158 ) (-1024 1024 -158 ) (-1024 1024 -278 ) 
4 199 245 (0 0 -446.299988 ) (0 0 -324 ) (-1024 0 -324 ) (-1024 0 -446.299988 ) 
4 199 208 (-1024 0 -446.299988 ) (-1024 0 -324 ) (-1024 1024 -324 ) (-1024 1024 -446.299988 ) 
4 200 206 (-1024 1024 -158 ) (-1024 1024 462.299988 ) (-2048 1024 462.299988 ) (-2048 1024 -158 ) 
4 200 203 (-2048 2048 462.299988 ) (-2048 2048 -158 ) (-2048 1024 -158 ) (-2048 1024 462.299988 ) 
4 200 201 (-1024 1024 -158 ) (-2048 1024 -158 ) (-2048 2048 -158 ) (-1024 2048 -158 ) 
4 201 207 (-1024 1024 -278 ) (-1024 1024 -158 ) (-2048 1024 -158 ) (-2048 1024 -278 ) 
4 201 204 (-2048 2048 -158 ) (-2048 2048 -278 ) (-2048 1024 -278 ) (-2048 1024 -158 ) 
4 202 208 (-1024 1024 -446.299988 ) (-1024 1024 -324 ) (-2048 1024 -324 ) (-2048 1024 -446.299988 ) 
4 202 205 (-2048 2048 -324 ) (-2048 2048 -446.299988 ) (-2048 1024 -446.299988 ) (-2048 1024 -324 ) 
4 203 229 (-3072 1024 -158 ) (-3072 1024 462.299988 ) (-3072 2048 462.299988 ) (-3072 2048 -158 ) 
4 203 209 (-3072 1024 462.299988 ) (-3072 1024 -158 ) (-2048 1024 -158 ) (-2048 1024 462.299988 ) 
4 203 204 (-2048 2048 -158 ) (-2048 1024 -158 ) (-3072 1024 -158 ) (-3072 2048 -158 ) 
4 204 230 (-3072 1024 -278 ) (-3072 1024 -158 ) (-3072 2048 -158 ) (-3072 2048 -278 ) 
4 204 210 (-3072 1024 -158 ) (-3072 1024 -278 ) (-2048 1024 -278 ) (-2048 1024 -158 ) 
4 205 231 (-3072 1024 -446.299988 ) (-3072 1024 -324 ) (-3072 2048 -324 ) (-3072 2048 -446.299988 ) 
4 205 211 (-3072 1024 -324 ) (-3072 1024 -446.299988 ) (-2048 1024 -446.299988 ) (-2048 1024 -324 ) 
4 206 252 (-1024 0 -158 ) (-1024 0 462.299988 ) (-2048 0 462.299988 ) (-2048 0 -158 ) 
4 206 209 (-2048 1024 462.299988 ) (-2048 1024 -158 ) (-2048 0 -158 ) (-2048 0 462.299988 ) 
4 206 207 (-2048 1024 -158 ) (-1024 1024 -158 ) (-1024 0 -158 ) (-2048 0 -158 ) 
4 207 253 (-1024 0 -278 ) (-1024 0 -158 ) (-2048 0 -158 ) (-2048 0 -278 ) 
4 207 210 (-2048 1024 -158 ) (-2048 1024 -278 ) (-2048 0 -278 ) (-2048 0 -158 ) 
4 208 254 (-1024 0 -446.299988 ) (-1024 0 -324 ) (-2048 0 -324 ) (-2048 0 -446.299988 ) 
4 208 211 (-2048 1024 -324 ) (-2048 1024 -446.299988 ) (-2048 0 -446.299988 ) (-2048 0 -324 ) 
4 209 255 (-2048 0 -158 ) (-2048 0 462.299988 ) (-3072 0 462.299988 ) (-3072 0 -158 ) 
4 209 232 (-3072 0 -158 ) (-3072 0 462.299988 ) (-3072 1024 462.299988 ) (-3072 1024 -158 ) 
4 209 210 (-3072 0 -158 ) (-3072 1024 -158 ) (-2048 1024 -158 ) (-2048 0 -158 ) 
4 210 256 (-2048 0 -278 ) (-2048 0 -158 ) (-3072 0 -158 ) (-3072 0 -278 ) 
4 210 233 (-3072 0 -278 ) (-3072 0 -158 ) (-3072 1024 -158 ) (-3072 1024 -278 ) 
4 211 257 (-2048 0 -446.299988 ) (-2048 0 -324 ) (-3072 0 -324 ) (-3072 0 -446.299988 ) 
4 211 234 (-3072 0 -446.299988 ) (-3072 0 -324 ) (-3072 1024 -324 ) (-3072 1024 -446.299988 ) 
4 212 222 (-3072 3072 -158 ) (-3072 3072 462.299988 ) (-4096 3072 462.299988 ) (-4096 3072 -158 ) 
4 212 216 (-4096 3072 -158 ) (-4096 3072 462.299988 ) (-4096 3584.250000 462.299988 ) (-4096 3584.250000 -158 ) 
4 212 214 (-4096 3072 -158 ) (-4096 3584 -158 ) (-3072 3584 -158 ) (-3072 3072 -158 ) 
4 212 213 (-4096 3584 -158 ) (-4096 3584.250000 -158 ) (-3072 3584.250000 -158 ) (-3072 3584 -158 ) 
4 213 217 (-4096 3584 -158 ) (-4096 3584.250000 -158 ) (-4096 3584.250000 -446.299988 ) (-4096 3584 -446.299988 ) 
4 213 215 (-4096 3584 -446.299988 ) (-3072 3584 -446.299988 ) (-3072 3584 -324 ) (-4096 3584 -324 ) 
4 213 214 (-3072 3584 -278 ) (-3072 3584 -158 ) (-4096 3584 -158 ) (-4096 3584 -278 ) 
4 214 223 (-3072 3072 -278 ) (-3072 3072 -158 ) (-4096 3072 -158 ) (-4096 3072 -278 ) 
4 214 218 (-4096 3072 -278 ) (-4096 3072 -158 ) (-4096 3584 -158 ) (-4096 3584 -278 ) 
4 215 224 (-3072 3072 -446.299988 ) (-3072 3072 -324 ) (-4096 3072 -324 ) (-4096 3072 -446.299988 ) 
4 215 220 (-4096 3072 -446.299988 ) (-4096 3072 -324 ) (-4096 3584 -324 ) (-4096 3584 -446.299988 ) 
4 216 225 (-4096 3072 -158 ) (-4096 3072 462.299988 ) (-4224.220215 3072 462.299988 ) (-4224.220215 3072 -158 ) 
4 216 219 (-4224 3072 -158 ) (-4224.220215 3072 -158 ) (-4224.220215 3584 -158 ) (-4224 3584 -158 ) 
4 216 218 (-4096 3584 -158 ) (-4096 3072 -158 ) (-4224 3072 -158 ) (-4224 3584 -158 ) 
4 216 217 (-4096 3584.250000 -158 ) (-4096 3584 -158 ) (-4224.220215 3584 -158 ) (-4224.220215 3584.250000 -158 ) 
4 217 220 (-4224 3584 -446.299988 ) (-4096 3584 -446.299988 ) (-4096 3584 -324 ) (-4224 3584 -324 ) 
4 217 221 (-4224.220215 3584 -278 ) (-4224.220215 3584 -446.299988 ) (-4224 3584 -446.299988 ) (-4224 3584 -278 ) 
4 217 219 (-4224.220215 3584 -158 ) (-4224.220215 3584 -278 ) (-4224 3584 -278 ) (-4224 3584 -158 ) 
4 217 218 (-4224 3584 -278 ) (-4096 3584 -278 ) (-4096 3584 -158 ) (-4224 3584 -158 ) 
4 218 226 (-4096 3072 -278 ) (-4096 3072 -158 ) (-4224 3072 -158 ) (-4224 3072 -278 ) 
4 218 219 (-4224 3584 -158 ) (-4224 3584 -278 ) (-4224 3072 -278 ) (-4224 3072 -158 ) 
4 219 228 (-4224 3072 -158 ) (-4224.220215 3072 -158 ) (-4224.220215 3072 -278 ) (-4224 3072 -278 ) 
4 219 221 (-4224.220215 3072 -278 ) (-4224.220215 3584 -278 ) (-4224 3584 -278 ) (-4224 3072 -278 ) 
4 220 227 (-4096 3072 -446.299988 ) (-4096 3072 -324 ) (-4224 3072 -324 ) (-4224 3072 -446.299988 ) 
4 220 221 (-4224 3584 -324 ) (-4224 3584 -446.299988 ) (-4224 3072 -446.299988 ) (-4224 3072 -324 ) 
4 221 228 (-4224 3072 -278 ) (-4224.220215 3072 -278 ) (-4224.220215 3072 -446.299988 ) (-4224 3072 -446.299988 ) 
4 222 229 (-3072 2048 -158 ) (-3072 2048 462.299988 ) (-4096 2048 462.299988 ) (-4096 2048 -158 ) 
4 222 225 (-4096 2048 -158 ) (-4096 2048 462.299988 ) (-4096 3072 462.299988 ) (-4096 3072 -158 ) 
4 222 223 (-3072 2048 -158 ) (-4096 2048 -158 ) (-4096 3072 -158 ) (-3072 3072 -158 ) 
4 223 230 (-3072 2048 -278 ) (-3072 2048 -158 ) (-4096 2048 -158 ) (-4096 2048 -278 ) 
4 223 226 (-4096 2048 -278 ) (-4096 2048 -158 ) (-4096 3072 -158 ) (-4096 3072 -278 ) 
4 224 231 (-3072 2048 -446.299988 ) (-3072 2048 -324 ) (-4096 2048 -324 ) (-4096 2048 -446.299988 ) 
4 224 227 (-4096 2048 -446.299988 ) (-4096 2048 -324 ) (-4096 3072 -324 ) (-4096 3072 -446.299988 ) 
4 225 235 (-4096 2048 -158 ) (-4096 2048 462.299988 ) (-4224.220215 2048 462.299988 ) (-4224.220215 2048 -158 ) 
4 225 228 (-4224 2048 -158 ) (-4224.220215 2048 -158 ) (-4224.220215 3072 -158 ) (-4224 3072 -158 ) 
4 225 226 (-4096 2048 -158 ) (-4224 2048 -158 ) (-4224 3072 -158 ) (-4096 3072 -158 ) 
4 226 236 (-4096 2048 -278 ) (-4096 2048 -158 ) (-4224 2048 -158 ) (-4224 2048 -278 ) 
4 226 228 (-4224 2048 -278 ) (-4224 2048 -158 ) (-4224 3072 -158 ) (-4224 3072 -278 ) 
4 227 237 (-4096 2048 -446.299988 ) (-4096 2048 -324 ) (-4224 2048 -324 ) (-4224 2048 -446.299988 ) 
4 227 228 (-4224 3072 -446.299988 ) (-4224 2048 -446.299988 ) (-4224 2048 -324 ) (-4224 3072 -324 ) 
4 228 238 (-4224 2048 -158 ) (-4224.220215 2048 -158 ) (-4224.220215 2048 -446.299988 ) (-4224 2048 -446.299988 ) 
4 229 235 (-4096 2048 462.299988 ) (-4096 2048 -158 ) (-4096 1024 -158 ) (-4096 1024 462.299988 ) 
4 229 232 (-3072 1024 -158 ) (-3072 1024 462.299988 ) (-4096 1024 462.299988 ) (-4096 1024 -158 ) 
4 229 230 (-4096 1024 -158 ) (-4096 2048 -158 ) (-3072 2048 -158 ) (-3072 1024 -158 ) 
4 230 236 (-4096 2048 -158 ) (-4096 2048 -278 ) (-4096 1024 -278 ) (-4096 1024 -158 ) 
4 230 233 (-3072 1024 -278 ) (-3072 1024 -158 ) (-4096 1024 -158 ) (-4096 1024 -278 ) 
4 231 237 (-4096 2048 -324 ) (-4096 2048 -446.299988 ) (-4096 1024 -446.299988 ) (-4096 1024 -324 ) 
4 231 234 (-3072 1024 -446.299988 ) (-3072 1024 -324 ) (-4096 1024 -324 ) (-4096 1024 -446.299988 ) 
4 232 288 (-3072 0 -158 ) (-3072 0 462.299988 ) (-4096 0 462.299988 ) (-4096 0 -158 ) 
4 232 239 (-4096 0 -158 ) (-4096 0 462.299988 ) (-4096 1024 462.299988 ) (-4096 1024 -158 ) 
4 232 233 (-4096 0 -158 ) (-4096 1024 -158 ) (-3072 1024 -158 ) (-3072 0 -158 ) 
4 233 289 (-3072 0 -278 ) (-3072 0 -158 ) (-4096 0 -158 ) (-4096 0 -278 ) 
4 233 240 (-4096 0 -278 ) (-4096 0 -158 ) (-4096 1024 -158 ) (-4096 1024 -278 ) 
4 234 290 (-3072 0 -446.299988 ) (-3072 0 -324 ) (-4096 0 -324 ) (-4096 0 -446.299988 ) 
4 234 241 (-4096 0 -446.299988 ) (-4096 0 -324 ) (-4096 1024 -324 ) (-4096 1024 -446.299988 ) 
4 235 239 (-4096 1024 -158 ) (-4096 1024 462.299988 ) (-4224.220215 1024 462.299988 ) (-4224.220215 1024 -158 ) 
4 235 238 (-4224 1024 -158 ) (-4224.220215 1024 -158 ) (-4224.220215 2048 -158 ) (-4224 2048 -158 ) 
4 235 236 (-4096 1024 -158 ) (-4224 1024 -158 ) (-4224 2048 -158 ) (-4096 2048 -158 ) 
4 236 240 (-4096 1024 -278 ) (-4096 1024 -158 ) (-4224 1024 -158 ) (-4224 1024 -278 ) 
4 236 238 (-4224 1024 -278 ) (-4224 1024 -158 ) (-4224 2048 -158 ) (-4224 2048 -278 ) 
4 237 241 (-4096 1024 -446.299988 ) (-4096 1024 -324 ) (-4224 1024 -324 ) (-4224 1024 -446.299988 ) 
4 237 238 (-4224 2048 -446.299988 ) (-4224 1024 -446.299988 ) (-4224 1024 -324 ) (-4224 2048 -324 ) 
4 238 242 (-4224 1024 -158 ) (-4224.220215 1024 -158 ) (-4224.220215 1024 -446.299988 ) (-4224 1024 -446.299988 ) 
4 239 294 (-4096 0 -158 ) (-4096 0 462.299988 ) (-4224.220215 0 462.299988 ) (-4224.220215 0 -158 ) 
4 239 242 (-4224.220215 1024 -158 ) (-4224 1024 -158 ) (-4224 0 -158 ) (-4224.220215 0 -158 ) 
4 239 240 (-4224 1024 -158 ) (-4096 1024 -158 ) (-4096 0 -158 ) (-4224 0 -158 ) 
4 240 295 (-4096 0 -278 ) (-4096 0 -158 ) (-4224 0 -158 ) (-4224 0 -278 ) 
4 240 242 (-4224 0 -278 ) (-4224 0 -158 ) (-4224 1024 -158 ) (-4224 1024 -278 ) 
4 241 296 (-4096 0 -446.299988 ) (-4096 0 -324 ) (-4224 0 -324 ) (-4224 0 -446.299988 ) 
4 241 242 (-4224 1024 -446.299988 ) (-4224 0 -446.299988 ) (-4224 0 -324 ) (-4224 1024 -324 ) 
4 242 297 (-4224 0 -158 ) (-4224.220215 0 -158 ) (-4224.220215 0 -446.299988 ) (-4224 0 -446.299988 ) 
4 243 252 (-1024 0 462.299988 ) (-1024 0 -158 ) (-1024 -1024 -158 ) (-1024 -1024 462.299988 ) 
4 243 246 (0 -1024 -158 ) (0 -1024 462.299988 ) (-320 -1024 462.299988 ) (-320 -1024 -158 ) 
4 243 249 (-320 -1024 462.299988 ) (-1024 -1024 462.299988 ) (-1024 -1024 -158 ) (-320 -1024 -158 ) 
4 243 244 (-1024 -1024 -158 ) (-1024 0 -158 ) (0 0 -158 ) (0 -1024 -158 ) 
4 244 253 (-1024 0 -158 ) (-1024 0 -278 ) (-1024 -1024 -278 ) (-1024 -1024 -158 ) 
4 244 250 (0 -1024 -278 ) (0 -1024 -158 ) (-1024 -1024 -158 ) (-1024 -1024 -278 ) 
4 245 254 (-1024 0 -324 ) (-1024 0 -446.299988 ) (-1024 -1024 -446.299988 ) (-1024 -1024 -324 ) 
4 245 251 (0 -1024 -446.299988 ) (0 -1024 -324 ) (-1024 -1024 -324 ) (-1024 -1024 -446.299988 ) 
4 246 250 (-320 -1024 -158 ) (0 -1024 -158 ) (0 -1887.989990 -158 ) (-320 -1887.989990 -158 ) 
4 246 247 (-320 -1887.989990 462.299988 ) (-320 -1887.989990 -94 ) (0 -1887.989990 -94 ) (0 -1887.989990 462.299988 ) 
4 246 248 (-320 -1887.989990 -100 ) (-320 -1887.989990 -158 ) (0 -1887.989990 -158 ) (0 -1887.989990 -100 ) 
4 246 249 (-320 -1024 -158 ) (-320 -1887.989990 -158 ) (-320 -1887.989990 462.299988 ) (-320 -1024 462.299988 ) 
4 247 264 (0 -2048 -94 ) (0 -2048 462.299988 ) (-320 -2048 462.299988 ) (-320 -2048 -94 ) 
4 247 249 (-320 -2048 -94 ) (-320 -2048 462.299988 ) (-320 -1887.989990 462.299988 ) (-320 -1887.989990 -94 ) 
4 248 265 (0 -2048 -158 ) (0 -2048 -100 ) (-320 -2048 -100 ) (-320 -2048 -158 ) 
4 248 250 (0 -1887.989990 -158 ) (0 -2048 -158 ) (-320 -2048 -158 ) (-320 -1887.989990 -158 ) 
4 248 249 (-320 -1887.989990 -158 ) (-320 -2048 -158 ) (-320 -2048 -100 ) (-320 -1887.989990 -100 ) 
4 249 267 (-320 -2048 462.299988 ) (-1024 -2048 462.299988 ) (-1024 -2048 -158 ) (-320 -2048 -158 ) 
4 249 258 (-1024 -2048 -158 ) (-1024 -2048 462.299988 ) (-1024 -1024 462.299988 ) (-1024 -1024 -158 ) 
4 249 250 (-1024 -2048 -158 ) (-1024 -1024 -158 ) (-320 -1024 -158 ) (-320 -2048 -158 ) 
4 250 268 (0 -2048 -278 ) (0 -2048 -158 ) (-1024 -2048 -158 ) (-1024 -2048 -278 ) 
4 250 259 (-1024 -2048 -278 ) (-1024 -2048 -158 ) (-1024 -1024 -158 ) (-1024 -1024 -278 ) 
4 251 269 (0 -2048 -446.299988 ) (0 -2048 -324 ) (-1024 -2048 -324 ) (-1024 -2048 -446.299988 ) 
4 251 260 (-1024 -2048 -446.299988 ) (-1024 -2048 -324 ) (-1024 -1024 -324 ) (-1024 -1024 -446.299988 ) 
4 252 258 (-1024 -1024 -158 ) (-1024 -1024 462.299988 ) (-2048 -1024 462.299988 ) (-2048 -1024 -158 ) 
4 252 255 (-2048 0 462.299988 ) (-2048 0 -158 ) (-2048 -1024 -158 ) (-2048 -1024 462.299988 ) 
4 252 253 (-1024 -1024 -158 ) (-2048 -1024 -158 ) (-2048 0 -158 ) (-1024 0 -158 ) 
4 253 259 (-1024 -1024 -278 ) (-1024 -1024 -158 ) (-2048 -1024 -158 ) (-2048 -1024 -278 ) 
4 253 256 (-2048 0 -158 ) (-2048 0 -278 ) (-2048 -1024 -278 ) (-2048 -1024 -158 ) 
4 254 260 (-1024 -1024 -446.299988 ) (-1024 -1024 -324 ) (-2048 -1024 -324 ) (-2048 -1024 -446.299988 ) 
4 254 257 (-2048 0 -324 ) (-2048 0 -446.299988 ) (-2048 -1024 -446.299988 ) (-2048 -1024 -324 ) 
4 255 288 (-3072 0 462.299988 ) (-3072 0 -158 ) (-3072 -1024 -158 ) (-3072 -1024 462.299988 ) 
4 255 261 (-2048 -1024 -158 ) (-2048 -1024 462.299988 ) (-3072 -1024 462.299988 ) (-3072 -1024 -158 ) 
4 255 256 (-3072 0 -158 ) (-2048 0 -158 ) (-2048 -1024 -158 ) (-3072 -1024 -158 ) 
4 256 289 (-3072 0 -158 ) (-3072 0 -278 ) (-3072 -1024 -278 ) (-3072 -1024 -158 ) 
4 256 262 (-2048 -1024 -278 ) (-2048 -1024 -158 ) (-3072 -1024 -158 ) (-3072 -1024 -278 ) 
4 257 290 (-3072 0 -324 ) (-3072 0 -446.299988 ) (-3072 -1024 -446.299988 ) (-3072 -1024 -324 ) 
4 257 263 (-2048 -1024 -446.299988 ) (-2048 -1024 -324 ) (-3072 -1024 -324 ) (-3072 -1024 -446.299988 ) 
4 258 270 (-1024 -2048 -158 ) (-1024 -2048 462.299988 ) (-2048 -2048 462.299988 ) (-2048 -2048 -158 ) 
4 258 261 (-2048 -1024 462.299988 ) (-2048 -1024 -158 ) (-2048 -2048 -158 ) (-2048 -2048 462.299988 ) 
4 258 259 (-2048 -1024 -158 ) (-1024 -1024 -158 ) (-1024 -2048 -158 ) (-2048 -2048 -158 ) 
4 259 271 (-1024 -2048 -278 ) (-1024 -2048 -158 ) (-2048 -2048 -158 ) (-2048 -2048 -278 ) 
4 259 262 (-2048 -1024 -158 ) (-2048 -1024 -278 ) (-2048 -2048 -278 ) (-2048 -2048 -158 ) 
4 260 272 (-1024 -2048 -446.299988 ) (-1024 -2048 -324 ) (-2048 -2048 -324 ) (-2048 -2048 -446.299988 ) 
4 260 263 (-2048 -1024 -324 ) (-2048 -1024 -446.299988 ) (-2048 -2048 -446.299988 ) (-2048 -2048 -324 ) 
4 261 291 (-3072 -2048 -158 ) (-3072 -2048 462.299988 ) (-3072 -1024 462.299988 ) (-3072 -1024 -158 ) 
4 261 273 (-2048 -2048 -158 ) (-2048 -2048 462.299988 ) (-3072 -2048 462.299988 ) (-3072 -2048 -158 ) 
4 261 262 (-2048 -1024 -158 ) (-2048 -2048 -158 ) (-3072 -2048 -158 ) (-3072 -1024 -158 ) 
4 262 292 (-3072 -2048 -278 ) (-3072 -2048 -158 ) (-3072 -1024 -158 ) (-3072 -1024 -278 ) 
4 262 274 (-2048 -2048 -278 ) (-2048 -2048 -158 ) (-3072 -2048 -158 ) (-3072 -2048 -278 ) 
4 263 293 (-3072 -2048 -446.299988 ) (-3072 -2048 -324 ) (-3072 -1024 -324 ) (-3072 -1024 -446.299988 ) 
4 263 275 (-2048 -2048 -446.299988 ) (-2048 -2048 -324 ) (-3072 -2048 -324 ) (-3072 -2048 -446.299988 ) 
4 264 267 (-320 -2495.989990 -94 ) (-320 -2495.989990 462.299988 ) (-320 -2048 462.299988 ) (-320 -2048 -94 ) 
4 264 266 (-320 -2495.989990 462.299988 ) (-320 -2495.989990 -94 ) (0 -2495.989990 -94 ) (0 -2495.989990 462.299988 ) 
4 265 268 (-320 -2495.989990 -158 ) (-320 -2048 -158 ) (0 -2048 -158 ) (0 -2495.989990 -158 ) 
4 265 266 (-320 -2495.989990 -100 ) (-320 -2495.989990 -158 ) (0 -2495.989990 -158 ) (0 -2495.989990 -100 ) 
4 265 267 (-320 -2048 -158 ) (-320 -2495.989990 -158 ) (-320 -2495.989990 -100 ) (-320 -2048 -100 ) 
4 266 276 (0 -3072 -158 ) (0 -3072 462.299988 ) (-320 -3072 462.299988 ) (-320 -3072 -158 ) 
4 266 268 (0 -3072 -158 ) (-320 -3072 -158 ) (-320 -2495.989990 -158 ) (0 -2495.989990 -158 ) 
4 266 267 (-320 -2495.989990 -158 ) (-320 -3072 -158 ) (-320 -3072 462.299988 ) (-320 -2495.989990 462.299988 ) 
4 267 276 (-320 -3072 462.299988 ) (-1024 -3072 462.299988 ) (-1024 -3072 -158 ) (-320 -3072 -158 ) 
4 267 270 (-1024 -3072 -158 ) (-1024 -3072 462.299988 ) (-1024 -2048 462.299988 ) (-1024 -2048 -158 ) 
4 267 268 (-320 -3072 -158 ) (-1024 -3072 -158 ) (-1024 -2048 -158 ) (-320 -2048 -158 ) 
4 268 277 (0 -3072 -278 ) (0 -3072 -158 ) (-1024 -3072 -158 ) (-1024 -3072 -278 ) 
4 268 271 (-1024 -3072 -278 ) (-1024 -3072 -158 ) (-1024 -2048 -158 ) (-1024 -2048 -278 ) 
4 269 278 (0 -3072 -446.299988 ) (0 -3072 -324 ) (-1024 -3072 -324 ) (-1024 -3072 -446.299988 ) 
4 269 272 (-1024 -3072 -446.299988 ) (-1024 -3072 -324 ) (-1024 -2048 -324 ) (-1024 -2048 -446.299988 ) 
4 270 280 (-1024 -3072 -158 ) (-1024 -3072 462.299988 ) (-2048 -3072 462.299988 ) (-2048 -3072 -158 ) 
4 270 273 (-2048 -2048 462.299988 ) (-2048 -2048 -158 ) (-2048 -3072 -158 ) (-2048 -3072 462.299988 ) 
4 270 271 (-1024 -3072 -158 ) (-2048 -3072 -158 ) (-2048 -2048 -158 ) (-1024 -2048 -158 ) 
4 271 281 (-1024 -3072 -278 ) (-1024 -3072 -158 ) (-2048 -3072 -158 ) (-2048 -3072 -278 ) 
4 271 274 (-2048 -2048 -158 ) (-2048 -2048 -278 ) (-2048 -3072 -278 ) (-2048 -3072 -158 ) 
4 272 282 (-1024 -3072 -446.299988 ) (-1024 -3072 -324 ) (-2048 -3072 -324 ) (-2048 -3072 -446.299988 ) 
4 272 275 (-2048 -2048 -324 ) (-2048 -2048 -446.299988 ) (-2048 -3072 -446.299988 ) (-2048 -3072 -324 ) 
4 273 302 (-3072 -3072 -158 ) (-3072 -3072 462.299988 ) (-3072 -2048 462.299988 ) (-3072 -2048 -158 ) 
4 273 284 (-3072 -3072 462.299988 ) (-3072 -3072 -158 ) (-2048 -3072 -158 ) (-2048 -3072 462.299988 ) 
4 273 274 (-3072 -3072 -158 ) (-3072 -2048 -158 ) (-2048 -2048 -158 ) (-2048 -3072 -158 ) 
4 274 303 (-3072 -3072 -278 ) (-3072 -3072 -158 ) (-3072 -2048 -158 ) (-3072 -2048 -278 ) 
4 274 285 (-3072 -3072 -158 ) (-3072 -3072 -278 ) (-2048 -3072 -278 ) (-2048 -3072 -158 ) 
4 275 304 (-3072 -3072 -446.299988 ) (-3072 -3072 -324 ) (-3072 -2048 -324 ) (-3072 -2048 -446.299988 ) 
4 275 286 (-3072 -3072 -324 ) (-3072 -3072 -446.299988 ) (-2048 -3072 -446.299988 ) (-2048 -3072 -324 ) 
4 276 280 (-1024 -3072 462.299988 ) (-1024 -3072 -158 ) (-1024 -3584.250000 -158 ) (-1024 -3584.250000 462.299988 ) 
4 276 279 (-1024 -3584.250000 -158 ) (-1024 -3584 -158 ) (0 -3584 -158 ) (0 -3584.250000 -158 ) 
4 276 277 (-1024 -3584 -158 ) (-1024 -3072 -158 ) (0 -3072 -158 ) (0 -3584 -158 ) 
4 277 281 (-1024 -3072 -158 ) (-1024 -3072 -278 ) (-1024 -3584 -278 ) (-1024 -3584 -158 ) 
4 277 279 (0 -3584 -278 ) (0 -3584 -158 ) (-1024 -3584 -158 ) (-1024 -3584 -278 ) 
4 278 282 (-1024 -3072 -324 ) (-1024 -3072 -446.299988 ) (-1024 -3584 -446.299988 ) (-1024 -3584 -324 ) 
4 278 279 (-1024 -3584 -446.299988 ) (0 -3584 -446.299988 ) (0 -3584 -324 ) (-1024 -3584 -324 ) 
4 279 283 (-1024 -3584 -446.299988 ) (-1024 -3584.250000 -446.299988 ) (-1024 -3584.250000 -158 ) (-1024 -3584 -158 ) 
4 280 284 (-2048 -3072 462.299988 ) (-2048 -3072 -158 ) (-2048 -3584.250000 -158 ) (-2048 -3584.250000 462.299988 ) 
4 280 283 (-2048 -3584.250000 -158 ) (-2048 -3584 -158 ) (-1024 -3584 -158 ) (-1024 -3584.250000 -158 ) 
4 280 281 (-2048 -3584 -158 ) (-2048 -3072 -158 ) (-1024 -3072 -158 ) (-1024 -3584 -158 ) 
4 281 285 (-2048 -3072 -158 ) (-2048 -3072 -278 ) (-2048 -3584 -278 ) (-2048 -3584 -158 ) 
4 281 283 (-1024 -3584 -278 ) (-1024 -3584 -158 ) (-2048 -3584 -158 ) (-2048 -3584 -278 ) 
4 282 286 (-2048 -3072 -324 ) (-2048 -3072 -446.299988 ) (-2048 -3584 -446.299988 ) (-2048 -3584 -324 ) 
4 282 283 (-2048 -3584 -446.299988 ) (-1024 -3584 -446.299988 ) (-1024 -3584 -324 ) (-2048 -3584 -324 ) 
4 283 287 (-2048 -3584 -446.299988 ) (-2048 -3584.250000 -446.299988 ) (-2048 -3584.250000 -158 ) (-2048 -3584 -158 ) 
4 284 309 (-3072 -3584.250000 462.299988 ) (-3072 -3072 462.299988 ) (-3072 -3072 -158 ) (-3072 -3584.250000 -158 ) 
4 284 287 (-2048 -3584 -158 ) (-2048 -3584.250000 -158 ) (-3072 -3584.250000 -158 ) (-3072 -3584 -158 ) 
4 284 285 (-2048 -3072 -158 ) (-2048 -3584 -158 ) (-3072 -3584 -158 ) (-3072 -3072 -158 ) 
4 285 310 (-3072 -3584 -158 ) (-3072 -3072 -158 ) (-3072 -3072 -278 ) (-3072 -3584 -278 ) 
4 285 287 (-2048 -3584 -278 ) (-2048 -3584 -158 ) (-3072 -3584 -158 ) (-3072 -3584 -278 ) 
4 286 311 (-3072 -3072 -324 ) (-3072 -3072 -446.299988 ) (-3072 -3584 -446.299988 ) (-3072 -3584 -324 ) 
4 286 287 (-3072 -3584 -446.299988 ) (-2048 -3584 -446.299988 ) (-2048 -3584 -324 ) (-3072 -3584 -324 ) 
4 287 312 (-3072 -3584.250000 -158 ) (-3072 -3584 -158 ) (-3072 -3584 -446.299988 ) (-3072 -3584.250000 -446.299988 ) 
4 288 294 (-4096 0 462.299988 ) (-4096 0 -158 ) (-4096 -1024 -158 ) (-4096 -1024 462.299988 ) 
4 288 291 (-3072 -1024 -158 ) (-3072 -1024 462.299988 ) (-4096 -1024 462.299988 ) (-4096 -1024 -158 ) 
4 288 289 (-4096 -1024 -158 ) (-4096 0 -158 ) (-3072 0 -158 ) (-3072 -1024 -158 ) 
4 289 295 (-4096 0 -158 ) (-4096 0 -278 ) (-4096 -1024 -278 ) (-4096 -1024 -158 ) 
4 289 292 (-3072 -1024 -278 ) (-3072 -1024 -158 ) (-4096 -1024 -158 ) (-4096 -1024 -278 ) 
4 290 296 (-4096 0 -324 ) (-4096 0 -446.299988 ) (-4096 -1024 -446.299988 ) (-4096 -1024 -324 ) 
4 290 293 (-3072 -1024 -446.299988 ) (-3072 -1024 -324 ) (-4096 -1024 -324 ) (-4096 -1024 -446.299988 ) 
4 291 302 (-3072 -2048 -158 ) (-3072 -2048 462.299988 ) (-4096 -2048 462.299988 ) (-4096 -2048 -158 ) 
4 291 298 (-4096 -2048 -158 ) (-4096 -2048 462.299988 ) (-4096 -1024 462.299988 ) (-4096 -1024 -158 ) 
4 291 292 (-4096 -2048 -158 ) (-4096 -1024 -158 ) (-3072 -1024 -158 ) (-3072 -2048 -158 ) 
4 292 303 (-3072 -2048 -278 ) (-3072 -2048 -158 ) (-4096 -2048 -158 ) (-4096 -2048 -278 ) 
4 292 299 (-4096 -2048 -278 ) (-4096 -2048 -158 ) (-4096 -1024 -158 ) (-4096 -1024 -278 ) 
4 293 304 (-3072 -2048 -446.299988 ) (-3072 -2048 -324 ) (-4096 -2048 -324 ) (-4096 -2048 -446.299988 ) 
4 293 300 (-4096 -2048 -446.299988 ) (-4096 -2048 -324 ) (-4096 -1024 -324 ) (-4096 -1024 -446.299988 ) 
4 294 298 (-4096 -1024 -158 ) (-4096 -1024 462.299988 ) (-4224.220215 -1024 462.299988 ) (-4224.220215 -1024 -158 ) 
4 294 297 (-4224 -1024 -158 ) (-4224.220215 -1024 -158 ) (-4224.220215 0 -158 ) (-4224 0 -158 ) 
4 294 295 (-4096 -1024 -158 ) (-4224 -1024 -158 ) (-4224 0 -158 ) (-4096 0 -158 ) 
4 295 299 (-4096 -1024 -278 ) (-4096 -1024 -158 ) (-4224 -1024 -158 ) (-4224 -1024 -278 ) 
4 295 297 (-4224 -1024 -278 ) (-4224 -1024 -158 ) (-4224 0 -158 ) (-4224 0 -278 ) 
4 296 300 (-4096 -1024 -446.299988 ) (-4096 -1024 -324 ) (-4224 -1024 -324 ) (-4224 -1024 -446.299988 ) 
4 296 297 (-4224 0 -446.299988 ) (-4224 -1024 -446.299988 ) (-4224 -1024 -324 ) (-4224 0 -324 ) 
4 297 301 (-4224 -1024 -158 ) (-4224.220215 -1024 -158 ) (-4224.220215 -1024 -446.299988 ) (-4224 -1024 -446.299988 ) 
4 298 305 (-4096 -2048 -158 ) (-4096 -2048 462.299988 ) (-4224.220215 -2048 462.299988 ) (-4224.220215 -2048 -158 ) 
4 298 301 (-4224.220215 -1024 -158 ) (-4224 -1024 -158 ) (-4224 -2048 -158 ) (-4224.220215 -2048 -158 ) 
4 298 299 (-4224 -1024 -158 ) (-4096 -1024 -158 ) (-4096 -2048 -158 ) (-4224 -2048 -158 ) 
4 299 306 (-4096 -2048 -278 ) (-4096 -2048 -158 ) (-4224 -2048 -158 ) (-4224 -2048 -278 ) 
4 299 301 (-4224 -2048 -278 ) (-4224 -2048 -158 ) (-4224 -1024 -158 ) (-4224 -1024 -278 ) 
4 300 307 (-4096 -2048 -446.299988 ) (-4096 -2048 -324 ) (-4224 -2048 -324 ) (-4224 -2048 -446.299988 ) 
4 300 301 (-4224 -1024 -446.299988 ) (-4224 -2048 -446.299988 ) (-4224 -2048 -324 ) (-4224 -1024 -324 ) 
4 301 308 (-4224 -2048 -158 ) (-4224.220215 -2048 -158 ) (-4224.220215 -2048 -446.299988 ) (-4224 -2048 -446.299988 ) 
4 302 309 (-3072 -3072 -158 ) (-3072 -3072 462.299988 ) (-4096 -3072 462.299988 ) (-4096 -3072 -158 ) 
4 302 305 (-4096 -3072 -158 ) (-4096 -3072 462.299988 ) (-4096 -2048 462.299988 ) (-4096 -2048 -158 ) 
4 302 303 (-3072 -3072 -158 ) (-4096 -3072 -158 ) (-4096 -2048 -158 ) (-3072 -2048 -158 ) 
4 303 310 (-3072 -3072 -278 ) (-3072 -3072 -158 ) (-4096 -3072 -158 ) (-4096 -3072 -278 ) 
4 303 306 (-4096 -3072 -278 ) (-4096 -3072 -158 ) (-4096 -2048 -158 ) (-4096 -2048 -278 ) 
4 304 311 (-3072 -3072 -446.299988 ) (-3072 -3072 -324 ) (-4096 -3072 -324 ) (-4096 -3072 -446.299988 ) 
4 304 307 (-4096 -3072 -446.299988 ) (-4096 -3072 -324 ) (-4096 -2048 -324 ) (-4096 -2048 -446.299988 ) 
4 305 313 (-4096 -3072 -158 ) (-4096 -3072 462.299988 ) (-4224.220215 -3072 462.299988 ) (-4224.220215 -3072 -158 ) 
4 305 308 (-4224 -3072 -158 ) (-4224.220215 -3072 -158 ) (-4224.220215 -2048 -158 ) (-4224 -2048 -158 ) 
4 305 306 (-4096 -3072 -158 ) (-4224 -3072 -158 ) (-4224 -2048 -158 ) (-4096 -2048 -158 ) 
4 306 314 (-4096 -3072 -278 ) (-4096 -3072 -158 ) (-4224 -3072 -158 ) (-4224 -3072 -278 ) 
4 306 308 (-4224 -3072 -278 ) (-4224 -3072 -158 ) (-4224 -2048 -158 ) (-4224 -2048 -278 ) 
4 307 316 (-4096 -3072 -446.299988 ) (-4096 -3072 -324 ) (-4224 -3072 -324 ) (-4224 -3072 -446.299988 ) 
4 307 308 (-4224 -2048 -446.299988 ) (-4224 -3072 -446.299988 ) (-4224 -3072 -324 ) (-4224 -2048 -324 ) 
4 308 317 (-4224.220215 -3072 -278 ) (-4224.220215 -3072 -446.299988 ) (-4224 -3072 -446.299988 ) (-4224 -3072 -278 ) 
4 308 315 (-4224 -3072 -158 ) (-4224.220215 -3072 -158 ) (-4224.220215 -3072 -278 ) (-4224 -3072 -278 ) 
4 309 313 (-4096 -3072 462.299988 ) (-4096 -3072 -158 ) (-4096 -3584.250000 -158 ) (-4096 -3584.250000 462.299988 ) 
4 309 312 (-4096 -3584.250000 -158 ) (-4096 -3584 -158 ) (-3072 -3584 -158 ) (-3072 -3584.250000 -158 ) 
4 309 310 (-4096 -3584 -158 ) (-4096 -3072 -158 ) (-3072 -3072 -158 ) (-3072 -3584 -158 ) 
4 310 314 (-4096 -3072 -158 ) (-4096 -3072 -278 ) (-4096 -3584 -278 ) (-4096 -3584 -158 ) 
4 310 312 (-3072 -3584 -278 ) (-3072 -3584 -158 ) (-4096 -3584 -158 ) (-4096 -3584 -278 ) 
4 311 316 (-4096 -3072 -324 ) (-4096 -3072 -446.299988 ) (-4096 -3584 -446.299988 ) (-4096 -3584 -324 ) 
4 311 312 (-4096 -3584 -446.299988 ) (-3072 -3584 -446.299988 ) (-3072 -3584 -324 ) (-4096 -3584 -324 ) 
4 312 318 (-4096 -3584 -446.299988 ) (-4096 -3584.250000 -446.299988 ) (-4096 -3584.250000 -158 ) (-4096 -3584 -158 ) 
4 313 318 (-4224.220215 -3584.250000 -158 ) (-4224.220215 -3584 -158 ) (-4096 -3584 -158 ) (-4096 -3584.250000 -158 ) 
4 313 315 (-4224.220215 -3584 -158 ) (-4224.220215 -3072 -158 ) (-4224 -3072 -158 ) (-4224 -3584 -158 ) 
4 313 314 (-4224 -3072 -158 ) (-4096 -3072 -158 ) (-4096 -3584 -158 ) (-4224 -3584 -158 ) 
4 314 318 (-4224 -3584 -278 ) (-4096 -3584 -278 ) (-4096 -3584 -158 ) (-4224 -3584 -158 ) 
4 314 315 (-4224 -3072 -278 ) (-4224 -3584 -278 ) (-4224 -3584 -158 ) (-4224 -3072 -158 ) 
4 315 318 (-4224.220215 -3584 -158 ) (-4224.220215 -3584 -278 ) (-4224 -3584 -278 ) (-4224 -3584 -158 ) 
4 315 317 (-4224 -3584 -278 ) (-4224.220215 -3584 -278 ) (-4224.220215 -3072 -278 ) (-4224 -3072 -278 ) 
4 316 318 (-4224 -3584 -446.299988 ) (-4096 -3584 -446.299988 ) (-4096 -3584 -324 ) (-4224 -3584 -324 ) 
4 316 317 (-4224 -3072 -446.299988 ) (-4224 -3584 -446.299988 ) (-4224 -3584 -324 ) (-4224 -3072 -324 ) 
4 317 318 (-4224.220215 -3584 -278 ) (-4224.220215 -3584 -446.299988 ) (-4224 -3584 -446.299988 ) (-4224 -3584 -278 ) 
