PRT1
312
802
4 0 5 (4096.220215 4096 620.299988 ) (4096 4096 620.299988 ) (4096 4096 -288.299988 ) (4096.220215 4096 -288.299988 ) 
4 0 4 (4096 4096 -288.299988 ) (4096 4096 -166 ) (4096 4736 -166 ) (4096 4736 -288.299988 ) 
4 0 3 (4096 4096 -120 ) (4096 4096 0 ) (4096 4736 0 ) (4096 4736 -120 ) 
4 0 2 (4096 4736 0 ) (4096 4736.250000 0 ) (4096 4736.250000 -288.299988 ) (4096 4736 -288.299988 ) 
4 0 1 (4096 4096 0 ) (4096 4096 620.299988 ) (4096 4736.250000 620.299988 ) (4096 4736.250000 0 ) 
4 1 18 (3072 4096 0 ) (3072 4096 620.299988 ) (3072 4736.250000 620.299988 ) (3072 4736.250000 0 ) 
4 1 6 (4096 4096 0 ) (4096 4096 620.299988 ) (3072 4096 620.299988 ) (3072 4096 0 ) 
4 1 3 (4096 4736 0 ) (4096 4096 0 ) (3072 4096 0 ) (3072 4736 0 ) 
4 1 2 (4096 4736.250000 0 ) (4096 4736 0 ) (3072 4736 0 ) (3072 4736.250000 0 ) 
4 2 19 (3072 4736 0 ) (3072 4736.250000 0 ) (3072 4736.250000 -288.299988 ) (3072 4736 -288.299988 ) 
4 2 4 (3072 4736 -288.299988 ) (4096 4736 -288.299988 ) (4096 4736 -166 ) (3072 4736 -166 ) 
4 2 3 (4096 4736 -120 ) (4096 4736 0 ) (3072 4736 0 ) (3072 4736 -120 ) 
4 3 20 (3072 4096 -120 ) (3072 4096 0 ) (3072 4736 0 ) (3072 4736 -120 ) 
4 3 7 (4096 4096 -120 ) (4096 4096 0 ) (3072 4096 0 ) (3072 4096 -120 ) 
4 4 21 (3072 4096 -288.299988 ) (3072 4096 -166 ) (3072 4736 -166 ) (3072 4736 -288.299988 ) 
4 4 8 (4096 4096 -288.299988 ) (4096 4096 -166 ) (3072 4096 -166 ) (3072 4096 -288.299988 ) 
4 5 9 (4096.220215 3072 620.299988 ) (4096 3072 620.299988 ) (4096 3072 -288.299988 ) (4096.220215 3072 -288.299988 ) 
4 5 8 (4096 4096 -166 ) (4096 4096 -288.299988 ) (4096 3072 -288.299988 ) (4096 3072 -166 ) 
4 5 7 (4096 4096 0 ) (4096 4096 -120 ) (4096 3072 -120 ) (4096 3072 0 ) 
4 5 6 (4096 4096 620.299988 ) (4096 4096 0 ) (4096 3072 0 ) (4096 3072 620.299988 ) 
4 6 30 (3072 3072 0 ) (3072 3072 620.299988 ) (3072 4096 620.299988 ) (3072 4096 0 ) 
4 6 10 (3072 3072 620.299988 ) (3072 3072 0 ) (4096 3072 0 ) (4096 3072 620.299988 ) 
4 6 7 (3072 3072 0 ) (3072 4096 0 ) (4096 4096 0 ) (4096 3072 0 ) 
4 7 31 (3072 3072 -120 ) (3072 3072 0 ) (3072 4096 0 ) (3072 4096 -120 ) 
4 7 11 (3072 3072 0 ) (3072 3072 -120 ) (4096 3072 -120 ) (4096 3072 0 ) 
4 8 32 (3072 3072 -288.299988 ) (3072 3072 -166 ) (3072 4096 -166 ) (3072 4096 -288.299988 ) 
4 8 12 (3072 3072 -166 ) (3072 3072 -288.299988 ) (4096 3072 -288.299988 ) (4096 3072 -166 ) 
4 9 13 (4096.220215 2048 620.299988 ) (4096 2048 620.299988 ) (4096 2048 -288.299988 ) (4096.220215 2048 -288.299988 ) 
4 9 12 (4096 3072 -166 ) (4096 3072 -288.299988 ) (4096 2048 -288.299988 ) (4096 2048 -166 ) 
4 9 11 (4096 3072 0 ) (4096 3072 -120 ) (4096 2048 -120 ) (4096 2048 0 ) 
4 9 10 (4096 3072 620.299988 ) (4096 3072 0 ) (4096 2048 0 ) (4096 2048 620.299988 ) 
4 10 39 (3072 2048 0 ) (3072 2048 620.299988 ) (3072 3072 620.299988 ) (3072 3072 0 ) 
4 10 14 (3072 2048 620.299988 ) (3072 2048 0 ) (4096 2048 0 ) (4096 2048 620.299988 ) 
4 10 11 (4096 3072 0 ) (4096 2048 0 ) (3072 2048 0 ) (3072 3072 0 ) 
4 11 40 (3072 2048 -120 ) (3072 2048 0 ) (3072 3072 0 ) (3072 3072 -120 ) 
4 11 15 (3072 2048 0 ) (3072 2048 -120 ) (4096 2048 -120 ) (4096 2048 0 ) 
4 12 41 (3072 2048 -288.299988 ) (3072 2048 -166 ) (3072 3072 -166 ) (3072 3072 -288.299988 ) 
4 12 17 (3072 2048 -166 ) (3072 2048 -288.299988 ) (4096 2048 -288.299988 ) (4096 2048 -166 ) 
4 13 60 (4096.220215 1024 620.299988 ) (4096 1024 620.299988 ) (4096 1024 -288.299988 ) (4096.220215 1024 -288.299988 ) 
4 13 17 (4096 2048 -166 ) (4096 2048 -288.299988 ) (4096 1024 -288.299988 ) (4096 1024 -166 ) 
4 13 16 (4096 1152 -120 ) (4096 1024 -120 ) (4096 1024 0 ) (4096 1152 0 ) 
4 13 15 (4096 2048 0 ) (4096 2048 -120 ) (4096 1152 -120 ) (4096 1152 0 ) 
4 13 14 (4096 2048 620.299988 ) (4096 2048 0 ) (4096 1024 0 ) (4096 1024 620.299988 ) 
4 14 61 (4096 1024 0 ) (4096 1024 620.299988 ) (3072 1024 620.299988 ) (3072 1024 0 ) 
4 14 42 (3072 1024 0 ) (3072 1024 620.299988 ) (3072 2048 620.299988 ) (3072 2048 0 ) 
4 14 16 (3072 1024 0 ) (3072 1152 0 ) (4096 1152 0 ) (4096 1024 0 ) 
4 14 15 (3072 1152 0 ) (3072 2048 0 ) (4096 2048 0 ) (4096 1152 0 ) 
4 15 43 (3072 1152 0 ) (3072 2048 0 ) (3072 2048 -120 ) (3072 1152 -120 ) 
4 15 16 (3072 1152 -120 ) (4096 1152 -120 ) (4096 1152 0 ) (3072 1152 0 ) 
4 16 62 (4096 1024 -120 ) (4096 1024 0 ) (3072 1024 0 ) (3072 1024 -120 ) 
4 16 44 (3072 1024 -120 ) (3072 1024 0 ) (3072 1152 0 ) (3072 1152 -120 ) 
4 17 63 (4096 1024 -288.299988 ) (4096 1024 -166 ) (3072 1024 -166 ) (3072 1024 -288.299988 ) 
4 17 45 (3072 1024 -288.299988 ) (3072 1024 -166 ) (3072 2048 -166 ) (3072 2048 -288.299988 ) 
4 18 30 (3072 4096 0 ) (3072 4096 620.299988 ) (2048 4096 620.299988 ) (2048 4096 0 ) 
4 18 22 (2048 4096 0 ) (2048 4096 620.299988 ) (2048 4736.250000 620.299988 ) (2048 4736.250000 0 ) 
4 18 20 (2048 4096 0 ) (2048 4736 0 ) (3072 4736 0 ) (3072 4096 0 ) 
4 18 19 (2048 4736 0 ) (2048 4736.250000 0 ) (3072 4736.250000 0 ) (3072 4736 0 ) 
4 19 23 (2048 4736 0 ) (2048 4736.250000 0 ) (2048 4736.250000 -288.299988 ) (2048 4736 -288.299988 ) 
4 19 21 (2048 4736 -288.299988 ) (3072 4736 -288.299988 ) (3072 4736 -166 ) (2048 4736 -166 ) 
4 19 20 (3072 4736 -120 ) (3072 4736 0 ) (2048 4736 0 ) (2048 4736 -120 ) 
4 20 31 (3072 4096 -120 ) (3072 4096 0 ) (2048 4096 0 ) (2048 4096 -120 ) 
4 20 24 (2048 4096 -120 ) (2048 4096 0 ) (2048 4736 0 ) (2048 4736 -120 ) 
4 21 32 (3072 4096 -288.299988 ) (3072 4096 -166 ) (2048 4096 -166 ) (2048 4096 -288.299988 ) 
4 21 25 (2048 4096 -288.299988 ) (2048 4096 -166 ) (2048 4736 -166 ) (2048 4736 -288.299988 ) 
4 22 33 (2048 4096 0 ) (2048 4096 620.299988 ) (1024 4096 620.299988 ) (1024 4096 0 ) 
4 22 26 (1024 4096 0 ) (1024 4096 620.299988 ) (1024 4736.250000 620.299988 ) (1024 4736.250000 0 ) 
4 22 24 (2048 4736 0 ) (2048 4096 0 ) (1024 4096 0 ) (1024 4736 0 ) 
4 22 23 (2048 4736.250000 0 ) (2048 4736 0 ) (1024 4736 0 ) (1024 4736.250000 0 ) 
4 23 27 (1024 4736 0 ) (1024 4736.250000 0 ) (1024 4736.250000 -288.299988 ) (1024 4736 -288.299988 ) 
4 23 25 (1024 4736 -288.299988 ) (2048 4736 -288.299988 ) (2048 4736 -166 ) (1024 4736 -166 ) 
4 23 24 (2048 4736 -120 ) (2048 4736 0 ) (1024 4736 0 ) (1024 4736 -120 ) 
4 24 34 (2048 4096 -120 ) (2048 4096 0 ) (1024 4096 0 ) (1024 4096 -120 ) 
4 24 28 (1024 4096 -120 ) (1024 4096 0 ) (1024 4736 0 ) (1024 4736 -120 ) 
4 25 35 (2048 4096 -288.299988 ) (2048 4096 -166 ) (1024 4096 -166 ) (1024 4096 -288.299988 ) 
4 25 29 (1024 4096 -288.299988 ) (1024 4096 -166 ) (1024 4736 -166 ) (1024 4736 -288.299988 ) 
4 26 144 (0 4096 0 ) (0 4096 620.299988 ) (0 4736.250000 620.299988 ) (0 4736.250000 0 ) 
4 26 36 (1024 4096 0 ) (1024 4096 620.299988 ) (0 4096 620.299988 ) (0 4096 0 ) 
4 26 28 (1024 4736 0 ) (1024 4096 0 ) (0 4096 0 ) (0 4736 0 ) 
4 26 27 (1024 4736.250000 0 ) (1024 4736 0 ) (0 4736 0 ) (0 4736.250000 0 ) 
4 27 148 (0 4736.250000 -120 ) (0 4736.250000 -288.299988 ) (0 4736 -288.299988 ) (0 4736 -120 ) 
4 27 145 (0 4736 0 ) (0 4736.250000 0 ) (0 4736.250000 -120 ) (0 4736 -120 ) 
4 27 29 (0 4736 -288.299988 ) (1024 4736 -288.299988 ) (1024 4736 -166 ) (0 4736 -166 ) 
4 27 28 (1024 4736 -120 ) (1024 4736 0 ) (0 4736 0 ) (0 4736 -120 ) 
4 28 146 (0 4096 -120 ) (0 4096 0 ) (0 4736 0 ) (0 4736 -120 ) 
4 28 37 (1024 4096 -120 ) (1024 4096 0 ) (0 4096 0 ) (0 4096 -120 ) 
4 29 149 (0 4096 -288.299988 ) (0 4096 -166 ) (0 4736 -166 ) (0 4736 -288.299988 ) 
4 29 38 (1024 4096 -288.299988 ) (1024 4096 -166 ) (0 4096 -166 ) (0 4096 -288.299988 ) 
4 30 39 (3072 3072 0 ) (3072 3072 620.299988 ) (2048 3072 620.299988 ) (2048 3072 0 ) 
4 30 33 (2048 3072 0 ) (2048 3072 620.299988 ) (2048 4096 620.299988 ) (2048 4096 0 ) 
4 30 31 (3072 3072 0 ) (2048 3072 0 ) (2048 4096 0 ) (3072 4096 0 ) 
4 31 40 (3072 3072 -120 ) (3072 3072 0 ) (2048 3072 0 ) (2048 3072 -120 ) 
4 31 34 (2048 3072 -120 ) (2048 3072 0 ) (2048 4096 0 ) (2048 4096 -120 ) 
4 32 41 (3072 3072 -288.299988 ) (3072 3072 -166 ) (2048 3072 -166 ) (2048 3072 -288.299988 ) 
4 32 35 (2048 3072 -288.299988 ) (2048 3072 -166 ) (2048 4096 -166 ) (2048 4096 -288.299988 ) 
4 33 46 (2048 3072 0 ) (2048 3072 620.299988 ) (1024 3072 620.299988 ) (1024 3072 0 ) 
4 33 36 (1024 4096 620.299988 ) (1024 4096 0 ) (1024 3072 0 ) (1024 3072 620.299988 ) 
4 33 34 (2048 3072 0 ) (1024 3072 0 ) (1024 4096 0 ) (2048 4096 0 ) 
4 34 47 (2048 3072 -120 ) (2048 3072 0 ) (1024 3072 0 ) (1024 3072 -120 ) 
4 34 37 (1024 4096 0 ) (1024 4096 -120 ) (1024 3072 -120 ) (1024 3072 0 ) 
4 35 48 (2048 3072 -288.299988 ) (2048 3072 -166 ) (1024 3072 -166 ) (1024 3072 -288.299988 ) 
4 35 38 (1024 4096 -166 ) (1024 4096 -288.299988 ) (1024 3072 -288.299988 ) (1024 3072 -166 ) 
4 36 158 (0 3072 0 ) (0 3072 620.299988 ) (0 4096 620.299988 ) (0 4096 0 ) 
4 36 49 (0 3072 620.299988 ) (0 3072 0 ) (1024 3072 0 ) (1024 3072 620.299988 ) 
4 36 37 (0 3072 0 ) (0 4096 0 ) (1024 4096 0 ) (1024 3072 0 ) 
4 37 159 (0 3072 -120 ) (0 3072 0 ) (0 4096 0 ) (0 4096 -120 ) 
4 37 50 (0 3072 0 ) (0 3072 -120 ) (1024 3072 -120 ) (1024 3072 0 ) 
4 38 161 (0 3072 -288.299988 ) (0 3072 -166 ) (0 4096 -166 ) (0 4096 -288.299988 ) 
4 38 51 (0 3072 -166 ) (0 3072 -288.299988 ) (1024 3072 -288.299988 ) (1024 3072 -166 ) 
4 39 46 (2048 3072 620.299988 ) (2048 3072 0 ) (2048 2048 0 ) (2048 2048 620.299988 ) 
4 39 42 (3072 2048 0 ) (3072 2048 620.299988 ) (2048 2048 620.299988 ) (2048 2048 0 ) 
4 39 40 (2048 2048 0 ) (2048 3072 0 ) (3072 3072 0 ) (3072 2048 0 ) 
4 40 47 (2048 3072 0 ) (2048 3072 -120 ) (2048 2048 -120 ) (2048 2048 0 ) 
4 40 43 (3072 2048 -120 ) (3072 2048 0 ) (2048 2048 0 ) (2048 2048 -120 ) 
4 41 48 (2048 3072 -166 ) (2048 3072 -288.299988 ) (2048 2048 -288.299988 ) (2048 2048 -166 ) 
4 41 45 (3072 2048 -288.299988 ) (3072 2048 -166 ) (2048 2048 -166 ) (2048 2048 -288.299988 ) 
4 42 77 (3072 1024 0 ) (3072 1024 620.299988 ) (2048 1024 620.299988 ) (2048 1024 0 ) 
4 42 52 (2048 1024 0 ) (2048 1024 620.299988 ) (2048 2048 620.299988 ) (2048 2048 0 ) 
4 42 44 (2048 1024 0 ) (2048 1152 0 ) (3072 1152 0 ) (3072 1024 0 ) 
4 42 43 (2048 1152 0 ) (2048 2048 0 ) (3072 2048 0 ) (3072 1152 0 ) 
4 43 53 (2048 1152 0 ) (2048 2048 0 ) (2048 2048 -120 ) (2048 1152 -120 ) 
4 43 44 (2048 1152 -120 ) (3072 1152 -120 ) (3072 1152 0 ) (2048 1152 0 ) 
4 44 78 (3072 1024 -120 ) (3072 1024 0 ) (2048 1024 0 ) (2048 1024 -120 ) 
4 44 54 (2048 1024 -120 ) (2048 1024 0 ) (2048 1152 0 ) (2048 1152 -120 ) 
4 45 79 (3072 1024 -288.299988 ) (3072 1024 -166 ) (2048 1024 -166 ) (2048 1024 -288.299988 ) 
4 45 55 (2048 1024 -288.299988 ) (2048 1024 -166 ) (2048 2048 -166 ) (2048 2048 -288.299988 ) 
4 46 52 (2048 2048 0 ) (2048 2048 620.299988 ) (1024 2048 620.299988 ) (1024 2048 0 ) 
4 46 49 (1024 3072 620.299988 ) (1024 3072 0 ) (1024 2048 0 ) (1024 2048 620.299988 ) 
4 46 47 (2048 2048 0 ) (1024 2048 0 ) (1024 3072 0 ) (2048 3072 0 ) 
4 47 53 (2048 2048 -120 ) (2048 2048 0 ) (1024 2048 0 ) (1024 2048 -120 ) 
4 47 50 (1024 3072 0 ) (1024 3072 -120 ) (1024 2048 -120 ) (1024 2048 0 ) 
4 48 55 (2048 2048 -288.299988 ) (2048 2048 -166 ) (1024 2048 -166 ) (1024 2048 -288.299988 ) 
4 48 51 (1024 3072 -166 ) (1024 3072 -288.299988 ) (1024 2048 -288.299988 ) (1024 2048 -166 ) 
4 49 168 (0 2048 0 ) (0 2048 620.299988 ) (0 3072 620.299988 ) (0 3072 0 ) 
4 49 56 (0 2048 620.299988 ) (0 2048 0 ) (1024 2048 0 ) (1024 2048 620.299988 ) 
4 49 50 (1024 3072 0 ) (1024 2048 0 ) (0 2048 0 ) (0 3072 0 ) 
4 50 169 (0 2048 -120 ) (0 2048 0 ) (0 3072 0 ) (0 3072 -120 ) 
4 50 57 (0 2048 0 ) (0 2048 -120 ) (1024 2048 -120 ) (1024 2048 0 ) 
4 51 171 (0 2048 -288.299988 ) (0 2048 -166 ) (0 3072 -166 ) (0 3072 -288.299988 ) 
4 51 59 (0 2048 -166 ) (0 2048 -288.299988 ) (1024 2048 -288.299988 ) (1024 2048 -166 ) 
4 52 83 (2048 1024 0 ) (2048 1024 620.299988 ) (1024 1024 620.299988 ) (1024 1024 0 ) 
4 52 56 (1024 2048 620.299988 ) (1024 2048 0 ) (1024 1024 0 ) (1024 1024 620.299988 ) 
4 52 54 (2048 1152 0 ) (2048 1024 0 ) (1024 1024 0 ) (1024 1152 0 ) 
4 52 53 (1024 2048 0 ) (2048 2048 0 ) (2048 1152 0 ) (1024 1152 0 ) 
4 53 57 (1024 2048 0 ) (1024 2048 -120 ) (1024 1152 -120 ) (1024 1152 0 ) 
4 53 54 (1024 1152 -120 ) (2048 1152 -120 ) (2048 1152 0 ) (1024 1152 0 ) 
4 54 84 (2048 1024 -120 ) (2048 1024 0 ) (1024 1024 0 ) (1024 1024 -120 ) 
4 54 58 (1024 1152 -120 ) (1024 1024 -120 ) (1024 1024 0 ) (1024 1152 0 ) 
4 55 85 (2048 1024 -288.299988 ) (2048 1024 -166 ) (1024 1024 -166 ) (1024 1024 -288.299988 ) 
4 55 59 (1024 2048 -166 ) (1024 2048 -288.299988 ) (1024 1024 -288.299988 ) (1024 1024 -166 ) 
4 56 176 (0 1024 0 ) (0 1024 620.299988 ) (0 2048 620.299988 ) (0 2048 0 ) 
4 56 87 (584 1024 620.299988 ) (492 1024 620.299988 ) (492 1024 0 ) (584 1024 0 ) 
4 56 86 (1024 1024 0 ) (1024 1024 620.299988 ) (584 1024 620.299988 ) (584 1024 0 ) 
4 56 91 (492 1024 620.299988 ) (0 1024 620.299988 ) (0 1024 0 ) (492 1024 0 ) 
4 56 58 (0 1024 0 ) (0 1152 0 ) (1024 1152 0 ) (1024 1024 0 ) 
4 56 57 (0 1152 0 ) (0 2048 0 ) (1024 2048 0 ) (1024 1152 0 ) 
4 57 177 (0 1152 0 ) (0 2048 0 ) (0 2048 -120 ) (0 1152 -120 ) 
4 57 58 (0 1152 -120 ) (1024 1152 -120 ) (1024 1152 0 ) (0 1152 0 ) 
4 58 178 (0 1024 -120 ) (0 1024 0 ) (0 1152 0 ) (0 1152 -120 ) 
4 58 92 (1024 1024 -120 ) (1024 1024 0 ) (0 1024 0 ) (0 1024 -120 ) 
4 59 181 (0 1024 -288.299988 ) (0 1024 -166 ) (0 2048 -166 ) (0 2048 -288.299988 ) 
4 59 93 (1024 1024 -288.299988 ) (1024 1024 -166 ) (0 1024 -166 ) (0 1024 -288.299988 ) 
4 60 64 (4096.220215 0 620.299988 ) (4096 0 620.299988 ) (4096 0 -288.299988 ) (4096.220215 0 -288.299988 ) 
4 60 63 (4096 1024 -166 ) (4096 1024 -288.299988 ) (4096 0 -288.299988 ) (4096 0 -166 ) 
4 60 62 (4096 1024 0 ) (4096 1024 -120 ) (4096 0 -120 ) (4096 0 0 ) 
4 60 61 (4096 1024 620.299988 ) (4096 1024 0 ) (4096 0 0 ) (4096 0 620.299988 ) 
4 61 77 (3072 1024 620.299988 ) (3072 1024 0 ) (3072 0 0 ) (3072 0 620.299988 ) 
4 61 65 (4096 0 0 ) (4096 0 620.299988 ) (3072 0 620.299988 ) (3072 0 0 ) 
4 61 62 (3072 1024 0 ) (4096 1024 0 ) (4096 0 0 ) (3072 0 0 ) 
4 62 78 (3072 1024 0 ) (3072 1024 -120 ) (3072 0 -120 ) (3072 0 0 ) 
4 62 66 (4096 0 -120 ) (4096 0 0 ) (3072 0 0 ) (3072 0 -120 ) 
4 63 79 (3072 1024 -166 ) (3072 1024 -288.299988 ) (3072 0 -288.299988 ) (3072 0 -166 ) 
4 63 67 (4096 0 -288.299988 ) (4096 0 -166 ) (3072 0 -166 ) (3072 0 -288.299988 ) 
4 64 68 (4096.220215 -1024 620.299988 ) (4096 -1024 620.299988 ) (4096 -1024 -288.299988 ) (4096.220215 -1024 -288.299988 ) 
4 64 67 (4096 0 -166 ) (4096 0 -288.299988 ) (4096 -1024 -288.299988 ) (4096 -1024 -166 ) 
4 64 66 (4096 0 0 ) (4096 0 -120 ) (4096 -1024 -120 ) (4096 -1024 0 ) 
4 64 65 (4096 0 620.299988 ) (4096 0 0 ) (4096 -1024 0 ) (4096 -1024 620.299988 ) 
4 65 80 (3072 -1024 0 ) (3072 -1024 620.299988 ) (3072 0 620.299988 ) (3072 0 0 ) 
4 65 69 (4096 -1024 0 ) (4096 -1024 620.299988 ) (3072 -1024 620.299988 ) (3072 -1024 0 ) 
4 65 66 (4096 0 0 ) (4096 -1024 0 ) (3072 -1024 0 ) (3072 0 0 ) 
4 66 81 (3072 -1024 -120 ) (3072 -1024 0 ) (3072 0 0 ) (3072 0 -120 ) 
4 66 70 (4096 -1024 -120 ) (4096 -1024 0 ) (3072 -1024 0 ) (3072 -1024 -120 ) 
4 67 82 (3072 -1024 -288.299988 ) (3072 -1024 -166 ) (3072 0 -166 ) (3072 0 -288.299988 ) 
4 67 71 (4096 -1024 -288.299988 ) (4096 -1024 -166 ) (3072 -1024 -166 ) (3072 -1024 -288.299988 ) 
4 68 72 (4096.220215 -2048 620.299988 ) (4096 -2048 620.299988 ) (4096 -2048 -288.299988 ) (4096.220215 -2048 -288.299988 ) 
4 68 71 (4096 -1024 -166 ) (4096 -1024 -288.299988 ) (4096 -2048 -288.299988 ) (4096 -2048 -166 ) 
4 68 70 (4096 -1024 0 ) (4096 -1024 -120 ) (4096 -2048 -120 ) (4096 -2048 0 ) 
4 68 69 (4096 -1024 620.299988 ) (4096 -1024 0 ) (4096 -2048 0 ) (4096 -2048 620.299988 ) 
4 69 120 (3072 -2048 0 ) (3072 -2048 620.299988 ) (3072 -1024 620.299988 ) (3072 -1024 0 ) 
4 69 73 (3072 -2048 620.299988 ) (3072 -2048 0 ) (4096 -2048 0 ) (4096 -2048 620.299988 ) 
4 69 70 (3072 -2048 0 ) (3072 -1024 0 ) (4096 -1024 0 ) (4096 -2048 0 ) 
4 70 121 (3072 -2048 -120 ) (3072 -2048 0 ) (3072 -1024 0 ) (3072 -1024 -120 ) 
4 70 74 (3072 -2048 0 ) (3072 -2048 -120 ) (4096 -2048 -120 ) (4096 -2048 0 ) 
4 71 122 (3072 -2048 -288.299988 ) (3072 -2048 -166 ) (3072 -1024 -166 ) (3072 -1024 -288.299988 ) 
4 71 75 (3072 -2048 -166 ) (3072 -2048 -288.299988 ) (4096 -2048 -288.299988 ) (4096 -2048 -166 ) 
4 72 76 (4096 -2432 -288.299988 ) (4096 -2432.250000 -288.299988 ) (4096 -2432.250000 0 ) (4096 -2432 0 ) 
4 72 75 (4096 -2048 -166 ) (4096 -2048 -288.299988 ) (4096 -2432 -288.299988 ) (4096 -2432 -166 ) 
4 72 74 (4096 -2048 0 ) (4096 -2048 -120 ) (4096 -2432 -120 ) (4096 -2432 0 ) 
4 72 73 (4096 -2048 620.299988 ) (4096 -2048 0 ) (4096 -2432.250000 0 ) (4096 -2432.250000 620.299988 ) 
4 73 132 (3072 -2432.250000 620.299988 ) (3072 -2048 620.299988 ) (3072 -2048 0 ) (3072 -2432.250000 0 ) 
4 73 76 (4096 -2432 0 ) (4096 -2432.250000 0 ) (3072 -2432.250000 0 ) (3072 -2432 0 ) 
4 73 74 (4096 -2048 0 ) (4096 -2432 0 ) (3072 -2432 0 ) (3072 -2048 0 ) 
4 74 133 (3072 -2432 0 ) (3072 -2048 0 ) (3072 -2048 -120 ) (3072 -2432 -120 ) 
4 74 76 (4096 -2432 -120 ) (4096 -2432 0 ) (3072 -2432 0 ) (3072 -2432 -120 ) 
4 75 134 (3072 -2048 -166 ) (3072 -2048 -288.299988 ) (3072 -2432 -288.299988 ) (3072 -2432 -166 ) 
4 75 76 (3072 -2432 -288.299988 ) (4096 -2432 -288.299988 ) (4096 -2432 -166 ) (3072 -2432 -166 ) 
4 76 135 (3072 -2432.250000 0 ) (3072 -2432 0 ) (3072 -2432 -288.299988 ) (3072 -2432.250000 -288.299988 ) 
4 77 83 (2048 1024 620.299988 ) (2048 1024 0 ) (2048 0 0 ) (2048 0 620.299988 ) 
4 77 80 (3072 0 0 ) (3072 0 620.299988 ) (2048 0 620.299988 ) (2048 0 0 ) 
4 77 78 (2048 0 0 ) (2048 1024 0 ) (3072 1024 0 ) (3072 0 0 ) 
4 78 84 (2048 1024 0 ) (2048 1024 -120 ) (2048 0 -120 ) (2048 0 0 ) 
4 78 81 (3072 0 -120 ) (3072 0 0 ) (2048 0 0 ) (2048 0 -120 ) 
4 79 85 (2048 1024 -166 ) (2048 1024 -288.299988 ) (2048 0 -288.299988 ) (2048 0 -166 ) 
4 79 82 (3072 0 -288.299988 ) (3072 0 -166 ) (2048 0 -166 ) (2048 0 -288.299988 ) 
4 80 120 (3072 -1024 0 ) (3072 -1024 620.299988 ) (2048 -1024 620.299988 ) (2048 -1024 0 ) 
4 80 94 (2048 -1024 0 ) (2048 -1024 620.299988 ) (2048 0 620.299988 ) (2048 0 0 ) 
4 80 81 (2048 -1024 0 ) (2048 0 0 ) (3072 0 0 ) (3072 -1024 0 ) 
4 81 121 (3072 -1024 -120 ) (3072 -1024 0 ) (2048 -1024 0 ) (2048 -1024 -120 ) 
4 81 95 (2048 -1024 -120 ) (2048 -1024 0 ) (2048 0 0 ) (2048 0 -120 ) 
4 82 122 (3072 -1024 -288.299988 ) (3072 -1024 -166 ) (2048 -1024 -166 ) (2048 -1024 -288.299988 ) 
4 82 96 (2048 -1024 -288.299988 ) (2048 -1024 -166 ) (2048 0 -166 ) (2048 0 -288.299988 ) 
4 83 94 (2048 0 0 ) (2048 0 620.299988 ) (1024 0 620.299988 ) (1024 0 0 ) 
4 83 86 (1024 1024 620.299988 ) (1024 1024 0 ) (1024 0 0 ) (1024 0 620.299988 ) 
4 83 84 (2048 0 0 ) (1024 0 0 ) (1024 1024 0 ) (2048 1024 0 ) 
4 84 95 (2048 0 -120 ) (2048 0 0 ) (1024 0 0 ) (1024 0 -120 ) 
4 84 92 (1024 1024 0 ) (1024 1024 -120 ) (1024 0 -120 ) (1024 0 0 ) 
4 85 96 (2048 0 -288.299988 ) (2048 0 -166 ) (1024 0 -166 ) (1024 0 -288.299988 ) 
4 85 93 (1024 1024 -166 ) (1024 1024 -288.299988 ) (1024 0 -288.299988 ) (1024 0 -166 ) 
4 86 97 (1024 0 0 ) (1024 0 620.299988 ) (584 0 620.299988 ) (584 0 0 ) 
4 86 92 (1024 1024 0 ) (1024 0 0 ) (584 0 0 ) (584 1024 0 ) 
4 86 88 (584 480 108 ) (584 480 620.299988 ) (584 572 620.299988 ) (584 572 108 ) 
4 86 89 (584 572 0 ) (584 480 0 ) (584 480 60 ) (584 572 60 ) 
4 86 87 (584 1024 0 ) (584 572 0 ) (584 572 620.299988 ) (584 1024 620.299988 ) 
4 86 90 (584 480 0 ) (584 0 0 ) (584 0 620.299988 ) (584 480 620.299988 ) 
4 87 92 (492 572 0 ) (492 1024 0 ) (584 1024 0 ) (584 572 0 ) 
4 87 88 (492 572 620.299988 ) (492 572 108 ) (584 572 108 ) (584 572 620.299988 ) 
4 87 89 (492 572 60 ) (492 572 0 ) (584 572 0 ) (584 572 60 ) 
4 87 91 (492 1024 0 ) (492 572 0 ) (492 572 620.299988 ) (492 1024 620.299988 ) 
4 88 90 (492 480 620.299988 ) (492 480 108 ) (584 480 108 ) (584 480 620.299988 ) 
4 88 91 (492 480 108 ) (492 480 620.299988 ) (492 572 620.299988 ) (492 572 108 ) 
4 89 92 (492 480 0 ) (492 572 0 ) (584 572 0 ) (584 480 0 ) 
4 89 91 (492 572 0 ) (492 480 0 ) (492 480 60 ) (492 572 60 ) 
4 89 90 (492 480 60 ) (492 480 0 ) (584 480 0 ) (584 480 60 ) 
4 90 104 (531 0 620.299988 ) (492 0 620.299988 ) (492 0 0 ) (531 0 0 ) 
4 90 103 (535 0 620.299988 ) (531 0 620.299988 ) (531 0 0 ) (535 0 0 ) 
4 90 98 (540 0 620.299988 ) (535 0 620.299988 ) (535 0 0 ) (540 0 0 ) 
4 90 97 (584 0 620.299988 ) (540 0 620.299988 ) (540 0 0 ) (584 0 0 ) 
4 90 92 (584 0 0 ) (492 0 0 ) (492 480 0 ) (584 480 0 ) 
4 90 91 (492 480 0 ) (492 0 0 ) (492 0 620.299988 ) (492 480 620.299988 ) 
4 91 231 (0 0 0 ) (0 0 620.299988 ) (0 1024 620.299988 ) (0 1024 0 ) 
4 91 111 (304 0 620.299988 ) (202 0 620.299988 ) (202 0 0 ) (304 0 0 ) 
4 91 110 (352 0 620.299988 ) (304 0 620.299988 ) (304 0 0 ) (352 0 0 ) 
4 91 115 (202 0 620.299988 ) (0 0 620.299988 ) (0 0 0 ) (202 0 0 ) 
4 91 104 (492 0 620.299988 ) (381 0 620.299988 ) (381 0 0 ) (492 0 0 ) 
4 91 109 (381 0 620.299988 ) (352 0 620.299988 ) (352 0 0 ) (381 0 0 ) 
4 91 92 (492 0 0 ) (0 0 0 ) (0 1024 0 ) (492 1024 0 ) 
4 92 232 (0 0 -120 ) (0 0 0 ) (0 1024 0 ) (0 1024 -120 ) 
4 92 118 (1024 0 -120 ) (1024 0 0 ) (0 0 0 ) (0 0 -120 ) 
4 93 234 (0 0 -288.299988 ) (0 0 -166 ) (0 1024 -166 ) (0 1024 -288.299988 ) 
4 93 119 (1024 0 -288.299988 ) (1024 0 -166 ) (0 0 -166 ) (0 0 -288.299988 ) 
4 94 123 (2048 -1024 0 ) (2048 -1024 620.299988 ) (1024 -1024 620.299988 ) (1024 -1024 0 ) 
4 94 97 (1024 0 620.299988 ) (1024 0 0 ) (1024 -1024 0 ) (1024 -1024 620.299988 ) 
4 94 95 (1024 0 0 ) (2048 0 0 ) (2048 -1024 0 ) (1024 -1024 0 ) 
4 95 124 (2048 -1024 -120 ) (2048 -1024 0 ) (1024 -1024 0 ) (1024 -1024 -120 ) 
4 95 118 (1024 0 0 ) (1024 0 -120 ) (1024 -1024 -120 ) (1024 -1024 0 ) 
4 96 125 (2048 -1024 -288.299988 ) (2048 -1024 -166 ) (1024 -1024 -166 ) (1024 -1024 -288.299988 ) 
4 96 119 (1024 0 -166 ) (1024 0 -288.299988 ) (1024 -1024 -288.299988 ) (1024 -1024 -166 ) 
4 97 126 (1024 -1024 0 ) (1024 -1024 620.299988 ) (540 -1024 620.299988 ) (540 -1024 0 ) 
4 97 118 (1024 0 0 ) (1024 -1024 0 ) (540 -1024 0 ) (540 0 0 ) 
4 97 100 (540 -933 68 ) (540 -933 199 ) (540 -821 199 ) (540 -821 68 ) 
4 97 99 (540 -933 199 ) (540 -933 620.299988 ) (540 -821 620.299988 ) (540 -821 199 ) 
4 97 101 (540 -821 0 ) (540 -933 0 ) (540 -933 68 ) (540 -821 68 ) 
4 97 98 (540 0 0 ) (540 -821 0 ) (540 -821 620.299988 ) (540 0 620.299988 ) 
4 97 102 (540 -933 0 ) (540 -1024 0 ) (540 -1024 620.299988 ) (540 -933 620.299988 ) 
4 98 118 (535 -821 0 ) (535 0 0 ) (540 0 0 ) (540 -821 0 ) 
4 98 103 (535 0 0 ) (535 -821 0 ) (535 -821 620.299988 ) (535 0 620.299988 ) 
4 98 100 (535 -821 199 ) (535 -821 68 ) (540 -821 68 ) (540 -821 199 ) 
4 98 99 (535 -821 620.299988 ) (535 -821 199 ) (540 -821 199 ) (540 -821 620.299988 ) 
4 98 101 (535 -821 68 ) (535 -821 0 ) (540 -821 0 ) (540 -821 68 ) 
4 99 103 (535 -933 199 ) (535 -933 620.299988 ) (535 -821 620.299988 ) (535 -821 199 ) 
4 99 102 (535 -933 620.299988 ) (535 -933 199 ) (540 -933 199 ) (540 -933 620.299988 ) 
4 99 100 (540 -933 199 ) (535 -933 199 ) (535 -821 199 ) (540 -821 199 ) 
4 100 103 (535 -933 68 ) (535 -933 199 ) (535 -821 199 ) (535 -821 68 ) 
4 100 101 (540 -933 68 ) (535 -933 68 ) (535 -821 68 ) (540 -821 68 ) 
4 100 102 (535 -933 199 ) (535 -933 68 ) (540 -933 68 ) (540 -933 199 ) 
4 101 118 (535 -933 0 ) (535 -821 0 ) (540 -821 0 ) (540 -933 0 ) 
4 101 103 (535 -821 0 ) (535 -933 0 ) (535 -933 68 ) (535 -821 68 ) 
4 101 102 (535 -933 68 ) (535 -933 0 ) (540 -933 0 ) (540 -933 68 ) 
4 102 126 (540 -1024 620.299988 ) (535 -1024 620.299988 ) (535 -1024 0 ) (540 -1024 0 ) 
4 102 118 (540 -1024 0 ) (535 -1024 0 ) (535 -933 0 ) (540 -933 0 ) 
4 102 103 (535 -933 0 ) (535 -1024 0 ) (535 -1024 620.299988 ) (535 -933 620.299988 ) 
4 103 126 (535 -1024 620.299988 ) (531 -1024 620.299988 ) (531 -1024 0 ) (535 -1024 0 ) 
4 103 118 (535 -1024 0 ) (531 -1024 0 ) (531 0 0 ) (535 0 0 ) 
4 103 106 (531 -700 78 ) (531 -700 243 ) (531 -697 243 ) (531 -697 78 ) 
4 103 105 (531 -700 243 ) (531 -700 620.299988 ) (531 -697 620.299988 ) (531 -697 243 ) 
4 103 107 (531 -697 0 ) (531 -700 0 ) (531 -700 78 ) (531 -697 78 ) 
4 103 104 (531 0 0 ) (531 -697 0 ) (531 -697 620.299988 ) (531 0 620.299988 ) 
4 103 108 (531 -700 0 ) (531 -1024 0 ) (531 -1024 620.299988 ) (531 -700 620.299988 ) 
4 104 118 (381 -697 0 ) (381 0 0 ) (531 0 0 ) (531 -697 0 ) 
4 104 106 (381 -697 243 ) (381 -697 78 ) (531 -697 78 ) (531 -697 243 ) 
4 104 105 (381 -697 620.299988 ) (381 -697 243 ) (531 -697 243 ) (531 -697 620.299988 ) 
4 104 107 (381 -697 78 ) (381 -697 0 ) (531 -697 0 ) (531 -697 78 ) 
4 104 109 (381 0 0 ) (381 -697 0 ) (381 -697 620.299988 ) (381 0 620.299988 ) 
4 105 108 (381 -700 620.299988 ) (381 -700 243 ) (531 -700 243 ) (531 -700 620.299988 ) 
4 105 109 (381 -700 243 ) (381 -700 620.299988 ) (381 -697 620.299988 ) (381 -697 243 ) 
4 105 106 (531 -700 243 ) (381 -700 243 ) (381 -697 243 ) (531 -697 243 ) 
4 106 107 (531 -700 78 ) (381 -700 78 ) (381 -697 78 ) (531 -697 78 ) 
4 106 108 (381 -700 243 ) (381 -700 78 ) (531 -700 78 ) (531 -700 243 ) 
4 106 109 (381 -700 78 ) (381 -700 243 ) (381 -697 243 ) (381 -697 78 ) 
4 107 118 (381 -700 0 ) (381 -697 0 ) (531 -697 0 ) (531 -700 0 ) 
4 107 109 (381 -697 0 ) (381 -700 0 ) (381 -700 78 ) (381 -697 78 ) 
4 107 108 (381 -700 78 ) (381 -700 0 ) (531 -700 0 ) (531 -700 78 ) 
4 108 126 (531 -1024 620.299988 ) (381 -1024 620.299988 ) (381 -1024 0 ) (531 -1024 0 ) 
4 108 118 (531 -1024 0 ) (381 -1024 0 ) (381 -700 0 ) (531 -700 0 ) 
4 108 109 (381 -700 0 ) (381 -1024 0 ) (381 -1024 620.299988 ) (381 -700 620.299988 ) 
4 109 126 (381 -1024 620.299988 ) (352 -1024 620.299988 ) (352 -1024 0 ) (381 -1024 0 ) 
4 109 118 (381 -1024 0 ) (352 -1024 0 ) (352 0 0 ) (381 0 0 ) 
4 109 116 (352 -1024 64 ) (352 -1024 620.299988 ) (352 -735.987976 620.299988 ) (352 -735.987976 64 ) 
4 109 117 (352 -735.987976 0 ) (352 -1024 0 ) (352 -1024 58 ) (352 -735.987976 58 ) 
4 109 110 (352 0 0 ) (352 -735.987976 0 ) (352 -735.987976 620.299988 ) (352 0 620.299988 ) 
4 110 118 (304 0 0 ) (352 0 0 ) (352 -735.987976 0 ) (304 -735.987976 0 ) 
4 110 116 (352 -735.987976 64 ) (352 -735.987976 620.299988 ) (304 -735.987976 620.299988 ) (304 -735.987976 64 ) 
4 110 117 (304 -735.987976 0 ) (352 -735.987976 0 ) (352 -735.987976 58 ) (304 -735.987976 58 ) 
4 110 112 (304 -586 132 ) (304 -586 620.299988 ) (304 -580 620.299988 ) (304 -580 132 ) 
4 110 113 (304 -580 0 ) (304 -586 0 ) (304 -586 20 ) (304 -580 20 ) 
4 110 111 (304 0 0 ) (304 -580 0 ) (304 -580 620.299988 ) (304 0 620.299988 ) 
4 110 114 (304 -586 0 ) (304 -735.987976 0 ) (304 -735.987976 620.299988 ) (304 -586 620.299988 ) 
4 111 118 (202 0 0 ) (304 0 0 ) (304 -580 0 ) (202 -580 0 ) 
4 111 112 (202 -580 620.299988 ) (202 -580 132 ) (304 -580 132 ) (304 -580 620.299988 ) 
4 111 113 (202 -580 20 ) (202 -580 0 ) (304 -580 0 ) (304 -580 20 ) 
4 111 115 (202 0 0 ) (202 -580 0 ) (202 -580 620.299988 ) (202 0 620.299988 ) 
4 112 114 (202 -586 620.299988 ) (202 -586 132 ) (304 -586 132 ) (304 -586 620.299988 ) 
4 112 115 (202 -586 132 ) (202 -586 620.299988 ) (202 -580 620.299988 ) (202 -580 132 ) 
4 113 118 (304 -580 0 ) (304 -586 0 ) (202 -586 0 ) (202 -580 0 ) 
4 113 115 (202 -580 0 ) (202 -586 0 ) (202 -586 20 ) (202 -580 20 ) 
4 113 114 (202 -586 20 ) (202 -586 0 ) (304 -586 0 ) (304 -586 20 ) 
4 114 118 (304 -586 0 ) (304 -735.987976 0 ) (202 -735.987976 0 ) (202 -586 0 ) 
4 114 116 (304 -735.987976 64 ) (304 -735.987976 620.299988 ) (202 -735.987976 620.299988 ) (202 -735.987976 64 ) 
4 114 117 (202 -735.987976 0 ) (304 -735.987976 0 ) (304 -735.987976 58 ) (202 -735.987976 58 ) 
4 114 115 (202 -586 0 ) (202 -735.987976 0 ) (202 -735.987976 620.299988 ) (202 -586 620.299988 ) 
4 115 235 (0 -735.987976 620.299988 ) (0 0 620.299988 ) (0 0 0 ) (0 -735.987976 0 ) 
4 115 118 (0 -735.987976 0 ) (0 0 0 ) (202 0 0 ) (202 -735.987976 0 ) 
4 115 116 (202 -735.987976 64 ) (202 -735.987976 620.299988 ) (0 -735.987976 620.299988 ) (0 -735.987976 64 ) 
4 115 117 (0 -735.987976 0 ) (202 -735.987976 0 ) (202 -735.987976 58 ) (0 -735.987976 58 ) 
4 116 236 (0 -1024 64 ) (0 -1024 620.299988 ) (0 -735.987976 620.299988 ) (0 -735.987976 64 ) 
4 116 127 (352 -1024 620.299988 ) (0 -1024 620.299988 ) (0 -1024 64 ) (352 -1024 64 ) 
4 117 237 (0 -1024 0 ) (0 -1024 58 ) (0 -735.987976 58 ) (0 -735.987976 0 ) 
4 117 128 (0 -1024 58 ) (0 -1024 0 ) (352 -1024 0 ) (352 -1024 58 ) 
4 117 118 (352 -1024 0 ) (0 -1024 0 ) (0 -735.987976 0 ) (352 -735.987976 0 ) 
4 118 239 (0 -1024 -120 ) (0 -1024 0 ) (0 0 0 ) (0 0 -120 ) 
4 118 130 (1024 -1024 -120 ) (1024 -1024 0 ) (0 -1024 0 ) (0 -1024 -120 ) 
4 119 241 (0 -1024 -288.299988 ) (0 -1024 -166 ) (0 0 -166 ) (0 0 -288.299988 ) 
4 119 131 (1024 -1024 -288.299988 ) (1024 -1024 -166 ) (0 -1024 -166 ) (0 -1024 -288.299988 ) 
4 120 132 (3072 -2048 0 ) (3072 -2048 620.299988 ) (2048 -2048 620.299988 ) (2048 -2048 0 ) 
4 120 123 (2048 -2048 0 ) (2048 -2048 620.299988 ) (2048 -1024 620.299988 ) (2048 -1024 0 ) 
4 120 121 (3072 -2048 0 ) (2048 -2048 0 ) (2048 -1024 0 ) (3072 -1024 0 ) 
4 121 133 (3072 -2048 -120 ) (3072 -2048 0 ) (2048 -2048 0 ) (2048 -2048 -120 ) 
4 121 124 (2048 -2048 -120 ) (2048 -2048 0 ) (2048 -1024 0 ) (2048 -1024 -120 ) 
4 122 134 (3072 -2048 -288.299988 ) (3072 -2048 -166 ) (2048 -2048 -166 ) (2048 -2048 -288.299988 ) 
4 122 125 (2048 -2048 -288.299988 ) (2048 -2048 -166 ) (2048 -1024 -166 ) (2048 -1024 -288.299988 ) 
4 123 136 (2048 -2048 0 ) (2048 -2048 620.299988 ) (1024 -2048 620.299988 ) (1024 -2048 0 ) 
4 123 126 (1024 -1024 620.299988 ) (1024 -1024 0 ) (1024 -2048 0 ) (1024 -2048 620.299988 ) 
4 123 124 (2048 -2048 0 ) (1024 -2048 0 ) (1024 -1024 0 ) (2048 -1024 0 ) 
4 124 137 (2048 -2048 -120 ) (2048 -2048 0 ) (1024 -2048 0 ) (1024 -2048 -120 ) 
4 124 130 (1024 -1024 0 ) (1024 -1024 -120 ) (1024 -2048 -120 ) (1024 -2048 0 ) 
4 125 138 (2048 -2048 -288.299988 ) (2048 -2048 -166 ) (1024 -2048 -166 ) (1024 -2048 -288.299988 ) 
4 125 131 (1024 -1024 -166 ) (1024 -1024 -288.299988 ) (1024 -2048 -288.299988 ) (1024 -2048 -166 ) 
4 126 140 (352 -2048 0 ) (1024 -2048 0 ) (1024 -2048 620.299988 ) (352 -2048 620.299988 ) 
4 126 130 (352 -1024 0 ) (1024 -1024 0 ) (1024 -2048 0 ) (352 -2048 0 ) 
4 126 127 (352 -1343.989990 64 ) (352 -1343.989990 620.299988 ) (352 -1024 620.299988 ) (352 -1024 64 ) 
4 126 128 (352 -1024 0 ) (352 -1343.989990 0 ) (352 -1343.989990 58 ) (352 -1024 58 ) 
4 126 129 (352 -1343.989990 0 ) (352 -2048 0 ) (352 -2048 620.299988 ) (352 -1343.989990 620.299988 ) 
4 127 254 (0 -1343.989990 620.299988 ) (0 -1024 620.299988 ) (0 -1024 64 ) (0 -1343.989990 64 ) 
4 127 129 (352 -1343.989990 64 ) (352 -1343.989990 620.299988 ) (0 -1343.989990 620.299988 ) (0 -1343.989990 64 ) 
4 128 255 (0 -1024 58 ) (0 -1024 0 ) (0 -1343.989990 0 ) (0 -1343.989990 58 ) 
4 128 130 (0 -1343.989990 0 ) (0 -1024 0 ) (352 -1024 0 ) (352 -1343.989990 0 ) 
4 128 129 (0 -1343.989990 0 ) (352 -1343.989990 0 ) (352 -1343.989990 58 ) (0 -1343.989990 58 ) 
4 129 256 (0 -2048 0 ) (0 -2048 620.299988 ) (0 -1343.989990 620.299988 ) (0 -1343.989990 0 ) 
4 129 140 (0 -2048 620.299988 ) (0 -2048 0 ) (352 -2048 0 ) (352 -2048 620.299988 ) 
4 129 130 (0 -2048 0 ) (0 -1343.989990 0 ) (352 -1343.989990 0 ) (352 -2048 0 ) 
4 130 258 (0 -2048 -120 ) (0 -2048 0 ) (0 -1024 0 ) (0 -1024 -120 ) 
4 130 141 (0 -2048 0 ) (0 -2048 -120 ) (1024 -2048 -120 ) (1024 -2048 0 ) 
4 131 260 (0 -2048 -288.299988 ) (0 -2048 -166 ) (0 -1024 -166 ) (0 -1024 -288.299988 ) 
4 131 142 (0 -2048 -166 ) (0 -2048 -288.299988 ) (1024 -2048 -288.299988 ) (1024 -2048 -166 ) 
4 132 136 (2048 -2048 620.299988 ) (2048 -2048 0 ) (2048 -2432.250000 0 ) (2048 -2432.250000 620.299988 ) 
4 132 135 (2048 -2432.250000 0 ) (2048 -2432 0 ) (3072 -2432 0 ) (3072 -2432.250000 0 ) 
4 132 133 (2048 -2432 0 ) (2048 -2048 0 ) (3072 -2048 0 ) (3072 -2432 0 ) 
4 133 137 (2048 -2048 0 ) (2048 -2048 -120 ) (2048 -2432 -120 ) (2048 -2432 0 ) 
4 133 135 (3072 -2432 -120 ) (3072 -2432 0 ) (2048 -2432 0 ) (2048 -2432 -120 ) 
4 134 138 (2048 -2048 -166 ) (2048 -2048 -288.299988 ) (2048 -2432 -288.299988 ) (2048 -2432 -166 ) 
4 134 135 (2048 -2432 -288.299988 ) (3072 -2432 -288.299988 ) (3072 -2432 -166 ) (2048 -2432 -166 ) 
4 135 139 (2048 -2432 -288.299988 ) (2048 -2432.250000 -288.299988 ) (2048 -2432.250000 0 ) (2048 -2432 0 ) 
4 136 140 (1024 -2048 620.299988 ) (1024 -2048 0 ) (1024 -2432.250000 0 ) (1024 -2432.250000 620.299988 ) 
4 136 139 (1024 -2432.250000 0 ) (1024 -2432 0 ) (2048 -2432 0 ) (2048 -2432.250000 0 ) 
4 136 137 (1024 -2432 0 ) (1024 -2048 0 ) (2048 -2048 0 ) (2048 -2432 0 ) 
4 137 141 (1024 -2048 0 ) (1024 -2048 -120 ) (1024 -2432 -120 ) (1024 -2432 0 ) 
4 137 139 (2048 -2432 -120 ) (2048 -2432 0 ) (1024 -2432 0 ) (1024 -2432 -120 ) 
4 138 142 (1024 -2048 -166 ) (1024 -2048 -288.299988 ) (1024 -2432 -288.299988 ) (1024 -2432 -166 ) 
4 138 139 (1024 -2432 -288.299988 ) (2048 -2432 -288.299988 ) (2048 -2432 -166 ) (1024 -2432 -166 ) 
4 139 143 (1024 -2432 -288.299988 ) (1024 -2432.250000 -288.299988 ) (1024 -2432.250000 0 ) (1024 -2432 0 ) 
4 140 267 (0 -2432.250000 620.299988 ) (0 -2048 620.299988 ) (0 -2048 0 ) (0 -2432.250000 0 ) 
4 140 143 (1024 -2432 0 ) (1024 -2432.250000 0 ) (0 -2432.250000 0 ) (0 -2432 0 ) 
4 140 141 (1024 -2048 0 ) (1024 -2432 0 ) (0 -2432 0 ) (0 -2048 0 ) 
4 141 268 (0 -2432 0 ) (0 -2048 0 ) (0 -2048 -120 ) (0 -2432 -120 ) 
4 141 143 (1024 -2432 -120 ) (1024 -2432 0 ) (0 -2432 0 ) (0 -2432 -120 ) 
4 142 271 (0 -2048 -166 ) (0 -2048 -288.299988 ) (0 -2432 -288.299988 ) (0 -2432 -166 ) 
4 142 143 (0 -2432 -288.299988 ) (1024 -2432 -288.299988 ) (1024 -2432 -166 ) (0 -2432 -166 ) 
4 143 272 (0 -2432 -120 ) (0 -2432 -288.299988 ) (0 -2432.250000 -288.299988 ) (0 -2432.250000 -120 ) 
4 143 270 (0 -2432.250000 0 ) (0 -2432 0 ) (0 -2432 -120 ) (0 -2432.250000 -120 ) 
4 144 158 (0 4096 0 ) (0 4096 620.299988 ) (-1024 4096 620.299988 ) (-1024 4096 0 ) 
4 144 150 (-1024 4096 0 ) (-1024 4096 620.299988 ) (-1024 4736.250000 620.299988 ) (-1024 4736.250000 0 ) 
4 144 147 (-1024 4096 0 ) (-1024 4736 0 ) (-128 4736 0 ) (-128 4096 0 ) 
4 144 146 (-128 4736 0 ) (0 4736 0 ) (0 4096 0 ) (-128 4096 0 ) 
4 144 145 (-1024 4736 0 ) (-1024 4736.250000 0 ) (0 4736.250000 0 ) (0 4736 0 ) 
4 145 151 (-1024 4736 0 ) (-1024 4736.250000 0 ) (-1024 4736.250000 -120 ) (-1024 4736 -120 ) 
4 145 148 (-1024 4736 -120 ) (-1024 4736.250000 -120 ) (0 4736.250000 -120 ) (0 4736 -120 ) 
4 145 147 (-1024 4736 -120 ) (-128 4736 -120 ) (-128 4736 0 ) (-1024 4736 0 ) 
4 145 146 (-128 4736 -120 ) (0 4736 -120 ) (0 4736 0 ) (-128 4736 0 ) 
4 146 159 (0 4096 -120 ) (0 4096 0 ) (-128 4096 0 ) (-128 4096 -120 ) 
4 146 147 (-128 4736 0 ) (-128 4736 -120 ) (-128 4096 -120 ) (-128 4096 0 ) 
4 147 160 (-128 4096 0 ) (-1024 4096 0 ) (-1024 4096 -120 ) (-128 4096 -120 ) 
4 147 152 (-1024 4096 -120 ) (-1024 4096 0 ) (-1024 4736 0 ) (-1024 4736 -120 ) 
4 148 151 (-1024 4736 -120 ) (-1024 4736.250000 -120 ) (-1024 4736.250000 -288.299988 ) (-1024 4736 -288.299988 ) 
4 148 149 (-1024 4736 -288.299988 ) (0 4736 -288.299988 ) (0 4736 -166 ) (-1024 4736 -166 ) 
4 149 161 (0 4096 -288.299988 ) (0 4096 -166 ) (-1024 4096 -166 ) (-1024 4096 -288.299988 ) 
4 149 153 (-1024 4096 -288.299988 ) (-1024 4096 -166 ) (-1024 4736 -166 ) (-1024 4736 -288.299988 ) 
4 150 162 (-1024 4096 0 ) (-1024 4096 620.299988 ) (-2048 4096 620.299988 ) (-2048 4096 0 ) 
4 150 154 (-2048 4096 0 ) (-2048 4096 620.299988 ) (-2048 4736.250000 620.299988 ) (-2048 4736.250000 0 ) 
4 150 152 (-1024 4736 0 ) (-1024 4096 0 ) (-2048 4096 0 ) (-2048 4736 0 ) 
4 150 151 (-1024 4736.250000 0 ) (-1024 4736 0 ) (-2048 4736 0 ) (-2048 4736.250000 0 ) 
4 151 155 (-2048 4736 0 ) (-2048 4736.250000 0 ) (-2048 4736.250000 -288.299988 ) (-2048 4736 -288.299988 ) 
4 151 153 (-2048 4736 -288.299988 ) (-1024 4736 -288.299988 ) (-1024 4736 -166 ) (-2048 4736 -166 ) 
4 151 152 (-1024 4736 -120 ) (-1024 4736 0 ) (-2048 4736 0 ) (-2048 4736 -120 ) 
4 152 163 (-1024 4096 -120 ) (-1024 4096 0 ) (-2048 4096 0 ) (-2048 4096 -120 ) 
4 152 156 (-2048 4096 -120 ) (-2048 4096 0 ) (-2048 4736 0 ) (-2048 4736 -120 ) 
4 153 164 (-1024 4096 -288.299988 ) (-1024 4096 -166 ) (-2048 4096 -166 ) (-2048 4096 -288.299988 ) 
4 153 157 (-2048 4096 -288.299988 ) (-2048 4096 -166 ) (-2048 4736 -166 ) (-2048 4736 -288.299988 ) 
4 154 197 (-3072 4096 0 ) (-3072 4096 620.299988 ) (-3072 4736.250000 620.299988 ) (-3072 4736.250000 0 ) 
4 154 165 (-2048 4096 0 ) (-2048 4096 620.299988 ) (-3072 4096 620.299988 ) (-3072 4096 0 ) 
4 154 156 (-2048 4736 0 ) (-2048 4096 0 ) (-3072 4096 0 ) (-3072 4736 0 ) 
4 154 155 (-2048 4736.250000 0 ) (-2048 4736 0 ) (-3072 4736 0 ) (-3072 4736.250000 0 ) 
4 155 198 (-3072 4736 0 ) (-3072 4736.250000 0 ) (-3072 4736.250000 -288.299988 ) (-3072 4736 -288.299988 ) 
4 155 157 (-3072 4736 -288.299988 ) (-2048 4736 -288.299988 ) (-2048 4736 -166 ) (-3072 4736 -166 ) 
4 155 156 (-2048 4736 -120 ) (-2048 4736 0 ) (-3072 4736 0 ) (-3072 4736 -120 ) 
4 156 199 (-3072 4096 -120 ) (-3072 4096 0 ) (-3072 4736 0 ) (-3072 4736 -120 ) 
4 156 166 (-2048 4096 -120 ) (-2048 4096 0 ) (-3072 4096 0 ) (-3072 4096 -120 ) 
4 157 200 (-3072 4096 -288.299988 ) (-3072 4096 -166 ) (-3072 4736 -166 ) (-3072 4736 -288.299988 ) 
4 157 167 (-2048 4096 -288.299988 ) (-2048 4096 -166 ) (-3072 4096 -166 ) (-3072 4096 -288.299988 ) 
4 158 168 (0 3072 0 ) (0 3072 620.299988 ) (-1024 3072 620.299988 ) (-1024 3072 0 ) 
4 158 162 (-1024 3072 0 ) (-1024 3072 620.299988 ) (-1024 4096 620.299988 ) (-1024 4096 0 ) 
4 158 160 (-128 3072 0 ) (-1024 3072 0 ) (-1024 4096 0 ) (-128 4096 0 ) 
4 158 159 (0 3072 0 ) (-128 3072 0 ) (-128 4096 0 ) (0 4096 0 ) 
4 159 169 (0 3072 -120 ) (0 3072 0 ) (-128 3072 0 ) (-128 3072 -120 ) 
4 159 160 (-128 4096 -120 ) (-128 3072 -120 ) (-128 3072 0 ) (-128 4096 0 ) 
4 160 170 (-128 3072 0 ) (-1024 3072 0 ) (-1024 3072 -120 ) (-128 3072 -120 ) 
4 160 163 (-1024 3072 -120 ) (-1024 3072 0 ) (-1024 4096 0 ) (-1024 4096 -120 ) 
4 161 171 (0 3072 -288.299988 ) (0 3072 -166 ) (-1024 3072 -166 ) (-1024 3072 -288.299988 ) 
4 161 164 (-1024 3072 -288.299988 ) (-1024 3072 -166 ) (-1024 4096 -166 ) (-1024 4096 -288.299988 ) 
4 162 182 (-1024 3072 0 ) (-1024 3072 620.299988 ) (-2048 3072 620.299988 ) (-2048 3072 0 ) 
4 162 165 (-2048 4096 620.299988 ) (-2048 4096 0 ) (-2048 3072 0 ) (-2048 3072 620.299988 ) 
4 162 163 (-1024 3072 0 ) (-2048 3072 0 ) (-2048 4096 0 ) (-1024 4096 0 ) 
4 163 183 (-1024 3072 -120 ) (-1024 3072 0 ) (-2048 3072 0 ) (-2048 3072 -120 ) 
4 163 166 (-2048 4096 0 ) (-2048 4096 -120 ) (-2048 3072 -120 ) (-2048 3072 0 ) 
4 164 184 (-1024 3072 -288.299988 ) (-1024 3072 -166 ) (-2048 3072 -166 ) (-2048 3072 -288.299988 ) 
4 164 167 (-2048 4096 -166 ) (-2048 4096 -288.299988 ) (-2048 3072 -288.299988 ) (-2048 3072 -166 ) 
4 165 207 (-3072 3072 0 ) (-3072 3072 620.299988 ) (-3072 4096 620.299988 ) (-3072 4096 0 ) 
4 165 186 (-3072 3072 620.299988 ) (-3072 3072 0 ) (-2048 3072 0 ) (-2048 3072 620.299988 ) 
4 165 166 (-3072 3072 0 ) (-3072 4096 0 ) (-2048 4096 0 ) (-2048 3072 0 ) 
4 166 208 (-3072 3072 -120 ) (-3072 3072 0 ) (-3072 4096 0 ) (-3072 4096 -120 ) 
4 166 187 (-3072 3072 0 ) (-3072 3072 -120 ) (-2048 3072 -120 ) (-2048 3072 0 ) 
4 167 209 (-3072 3072 -288.299988 ) (-3072 3072 -166 ) (-3072 4096 -166 ) (-3072 4096 -288.299988 ) 
4 167 188 (-3072 3072 -166 ) (-3072 3072 -288.299988 ) (-2048 3072 -288.299988 ) (-2048 3072 -166 ) 
4 168 182 (-1024 3072 620.299988 ) (-1024 3072 0 ) (-1024 2048 0 ) (-1024 2048 620.299988 ) 
4 168 176 (0 2048 0 ) (0 2048 620.299988 ) (-1024 2048 620.299988 ) (-1024 2048 0 ) 
4 168 170 (-1024 2048 0 ) (-1024 3072 0 ) (-128 3072 0 ) (-128 2048 0 ) 
4 168 169 (-128 3072 0 ) (0 3072 0 ) (0 2048 0 ) (-128 2048 0 ) 
4 169 177 (0 2048 -120 ) (0 2048 0 ) (-128 2048 0 ) (-128 2048 -120 ) 
4 169 170 (-128 3072 -120 ) (-128 2048 -120 ) (-128 2048 0 ) (-128 3072 0 ) 
4 170 183 (-1024 3072 0 ) (-1024 3072 -120 ) (-1024 2048 -120 ) (-1024 2048 0 ) 
4 170 179 (-128 2048 0 ) (-1024 2048 0 ) (-1024 2048 -120 ) (-128 2048 -120 ) 
4 171 184 (-1024 3072 -166 ) (-1024 3072 -288.299988 ) (-1024 2048 -288.299988 ) (-1024 2048 -166 ) 
4 171 181 (0 2048 -288.299988 ) (0 2048 -166 ) (-1024 2048 -166 ) (-1024 2048 -288.299988 ) 
4 172 174 (-616 2747 -502 ) (-616 2197 -502 ) (-616 2197 -423 ) (-616 2747 -423 ) 
4 172 173 (-616 2197 -423 ) (-616 2197 -336 ) (-616 2747 -336 ) (-616 2747 -423 ) 
4 173 175 (-661 2197 -336 ) (-661 2747 -336 ) (-661 2747 -423 ) (-661 2197 -423 ) 
4 173 174 (-661 2197 -423 ) (-661 2747 -423 ) (-616 2747 -423 ) (-616 2197 -423 ) 
4 174 175 (-661 2747 -502 ) (-661 2197 -502 ) (-661 2197 -423 ) (-661 2747 -423 ) 
4 175 185 (-1024 2747 -502 ) (-1024 2197 -502 ) (-1024 2197 -336 ) (-1024 2747 -336 ) 
4 176 231 (0 1024 0 ) (0 1024 620.299988 ) (-1024 1024 620.299988 ) (-1024 1024 0 ) 
4 176 189 (-1024 1024 0 ) (-1024 1024 620.299988 ) (-1024 2048 620.299988 ) (-1024 2048 0 ) 
4 176 180 (-128 1024 0 ) (-1024 1024 0 ) (-1024 1152 0 ) (-128 1152 0 ) 
4 176 179 (-1024 1152 0 ) (-1024 2048 0 ) (-128 2048 0 ) (-128 1152 0 ) 
4 176 178 (0 1024 0 ) (-128 1024 0 ) (-128 1152 0 ) (0 1152 0 ) 
4 176 177 (-128 1152 0 ) (-128 2048 0 ) (0 2048 0 ) (0 1152 0 ) 
4 177 179 (-128 2048 -120 ) (-128 1152 -120 ) (-128 1152 0 ) (-128 2048 0 ) 
4 177 178 (-128 1152 0 ) (-128 1152 -120 ) (0 1152 -120 ) (0 1152 0 ) 
4 178 232 (0 1024 -120 ) (0 1024 0 ) (-128 1024 0 ) (-128 1024 -120 ) 
4 178 180 (-128 1152 -120 ) (-128 1024 -120 ) (-128 1024 0 ) (-128 1152 0 ) 
4 179 190 (-1024 1152 0 ) (-1024 2048 0 ) (-1024 2048 -120 ) (-1024 1152 -120 ) 
4 179 180 (-1024 1152 -120 ) (-128 1152 -120 ) (-128 1152 0 ) (-1024 1152 0 ) 
4 180 233 (-128 1024 0 ) (-1024 1024 0 ) (-1024 1024 -120 ) (-128 1024 -120 ) 
4 180 191 (-1024 1024 -120 ) (-1024 1024 0 ) (-1024 1152 0 ) (-1024 1152 -120 ) 
4 181 234 (0 1024 -288.299988 ) (0 1024 -166 ) (-1024 1024 -166 ) (-1024 1024 -288.299988 ) 
4 181 192 (-1024 1024 -288.299988 ) (-1024 1024 -166 ) (-1024 2048 -166 ) (-1024 2048 -288.299988 ) 
4 182 189 (-1024 2048 0 ) (-1024 2048 620.299988 ) (-2048 2048 620.299988 ) (-2048 2048 0 ) 
4 182 186 (-2048 3072 620.299988 ) (-2048 3072 0 ) (-2048 2048 0 ) (-2048 2048 620.299988 ) 
4 182 183 (-1024 2048 0 ) (-2048 2048 0 ) (-2048 3072 0 ) (-1024 3072 0 ) 
4 183 190 (-1024 2048 -120 ) (-1024 2048 0 ) (-2048 2048 0 ) (-2048 2048 -120 ) 
4 183 187 (-2048 3072 0 ) (-2048 3072 -120 ) (-2048 2048 -120 ) (-2048 2048 0 ) 
4 184 192 (-1024 2048 -288.299988 ) (-1024 2048 -166 ) (-2048 2048 -166 ) (-2048 2048 -288.299988 ) 
4 184 188 (-2048 3072 -166 ) (-2048 3072 -288.299988 ) (-2048 2048 -288.299988 ) (-2048 2048 -166 ) 
4 186 214 (-3072 2048 0 ) (-3072 2048 620.299988 ) (-3072 3072 620.299988 ) (-3072 3072 0 ) 
4 186 193 (-3072 2048 620.299988 ) (-3072 2048 0 ) (-2048 2048 0 ) (-2048 2048 620.299988 ) 
4 186 187 (-2048 3072 0 ) (-2048 2048 0 ) (-3072 2048 0 ) (-3072 3072 0 ) 
4 187 215 (-3072 2048 -120 ) (-3072 2048 0 ) (-3072 3072 0 ) (-3072 3072 -120 ) 
4 187 194 (-3072 2048 0 ) (-3072 2048 -120 ) (-2048 2048 -120 ) (-2048 2048 0 ) 
4 188 216 (-3072 2048 -288.299988 ) (-3072 2048 -166 ) (-3072 3072 -166 ) (-3072 3072 -288.299988 ) 
4 188 196 (-3072 2048 -166 ) (-3072 2048 -288.299988 ) (-2048 2048 -288.299988 ) (-2048 2048 -166 ) 
4 189 242 (-1024 1024 0 ) (-1024 1024 620.299988 ) (-2048 1024 620.299988 ) (-2048 1024 0 ) 
4 189 193 (-2048 2048 620.299988 ) (-2048 2048 0 ) (-2048 1024 0 ) (-2048 1024 620.299988 ) 
4 189 191 (-1024 1152 0 ) (-1024 1024 0 ) (-2048 1024 0 ) (-2048 1152 0 ) 
4 189 190 (-2048 2048 0 ) (-1024 2048 0 ) (-1024 1152 0 ) (-2048 1152 0 ) 
4 190 194 (-2048 2048 0 ) (-2048 2048 -120 ) (-2048 1152 -120 ) (-2048 1152 0 ) 
4 190 191 (-2048 1152 -120 ) (-1024 1152 -120 ) (-1024 1152 0 ) (-2048 1152 0 ) 
4 191 243 (-1024 1024 -120 ) (-1024 1024 0 ) (-2048 1024 0 ) (-2048 1024 -120 ) 
4 191 195 (-2048 1152 -120 ) (-2048 1024 -120 ) (-2048 1024 0 ) (-2048 1152 0 ) 
4 192 244 (-1024 1024 -288.299988 ) (-1024 1024 -166 ) (-2048 1024 -166 ) (-2048 1024 -288.299988 ) 
4 192 196 (-2048 2048 -166 ) (-2048 2048 -288.299988 ) (-2048 1024 -288.299988 ) (-2048 1024 -166 ) 
4 193 245 (-2048 1024 0 ) (-2048 1024 620.299988 ) (-3072 1024 620.299988 ) (-3072 1024 0 ) 
4 193 217 (-3072 1024 0 ) (-3072 1024 620.299988 ) (-3072 2048 620.299988 ) (-3072 2048 0 ) 
4 193 195 (-3072 1024 0 ) (-3072 1152 0 ) (-2048 1152 0 ) (-2048 1024 0 ) 
4 193 194 (-3072 1152 0 ) (-3072 2048 0 ) (-2048 2048 0 ) (-2048 1152 0 ) 
4 194 218 (-3072 1152 0 ) (-3072 2048 0 ) (-3072 2048 -120 ) (-3072 1152 -120 ) 
4 194 195 (-3072 1152 -120 ) (-2048 1152 -120 ) (-2048 1152 0 ) (-3072 1152 0 ) 
4 195 246 (-2048 1024 -120 ) (-2048 1024 0 ) (-3072 1024 0 ) (-3072 1024 -120 ) 
4 195 219 (-3072 1024 -120 ) (-3072 1024 0 ) (-3072 1152 0 ) (-3072 1152 -120 ) 
4 196 247 (-2048 1024 -288.299988 ) (-2048 1024 -166 ) (-3072 1024 -166 ) (-3072 1024 -288.299988 ) 
4 196 220 (-3072 1024 -288.299988 ) (-3072 1024 -166 ) (-3072 2048 -166 ) (-3072 2048 -288.299988 ) 
4 197 207 (-3072 4096 0 ) (-3072 4096 620.299988 ) (-4096 4096 620.299988 ) (-4096 4096 0 ) 
4 197 201 (-4096 4096 0 ) (-4096 4096 620.299988 ) (-4096 4736.250000 620.299988 ) (-4096 4736.250000 0 ) 
4 197 199 (-4096 4096 0 ) (-4096 4736 0 ) (-3072 4736 0 ) (-3072 4096 0 ) 
4 197 198 (-4096 4736 0 ) (-4096 4736.250000 0 ) (-3072 4736.250000 0 ) (-3072 4736 0 ) 
4 198 202 (-4096 4736 0 ) (-4096 4736.250000 0 ) (-4096 4736.250000 -288.299988 ) (-4096 4736 -288.299988 ) 
4 198 200 (-4096 4736 -288.299988 ) (-3072 4736 -288.299988 ) (-3072 4736 -166 ) (-4096 4736 -166 ) 
4 198 199 (-3072 4736 -120 ) (-3072 4736 0 ) (-4096 4736 0 ) (-4096 4736 -120 ) 
4 199 208 (-3072 4096 -120 ) (-3072 4096 0 ) (-4096 4096 0 ) (-4096 4096 -120 ) 
4 199 203 (-4096 4096 -120 ) (-4096 4096 0 ) (-4096 4736 0 ) (-4096 4736 -120 ) 
4 200 209 (-3072 4096 -288.299988 ) (-3072 4096 -166 ) (-4096 4096 -166 ) (-4096 4096 -288.299988 ) 
4 200 205 (-4096 4096 -288.299988 ) (-4096 4096 -166 ) (-4096 4736 -166 ) (-4096 4736 -288.299988 ) 
4 201 210 (-4096 4096 0 ) (-4096 4096 620.299988 ) (-4352.220215 4096 620.299988 ) (-4352.220215 4096 0 ) 
4 201 204 (-4352 4096 0 ) (-4352.220215 4096 0 ) (-4352.220215 4736 0 ) (-4352 4736 0 ) 
4 201 203 (-4096 4736 0 ) (-4096 4096 0 ) (-4352 4096 0 ) (-4352 4736 0 ) 
4 201 202 (-4096 4736.250000 0 ) (-4096 4736 0 ) (-4352.220215 4736 0 ) (-4352.220215 4736.250000 0 ) 
4 202 205 (-4352 4736 -288.299988 ) (-4096 4736 -288.299988 ) (-4096 4736 -166 ) (-4352 4736 -166 ) 
4 202 206 (-4352.220215 4736 -120 ) (-4352.220215 4736 -288.299988 ) (-4352 4736 -288.299988 ) (-4352 4736 -120 ) 
4 202 204 (-4352.220215 4736 0 ) (-4352.220215 4736 -120 ) (-4352 4736 -120 ) (-4352 4736 0 ) 
4 202 203 (-4352 4736 -120 ) (-4096 4736 -120 ) (-4096 4736 0 ) (-4352 4736 0 ) 
4 203 211 (-4096 4096 -120 ) (-4096 4096 0 ) (-4352 4096 0 ) (-4352 4096 -120 ) 
4 203 204 (-4352 4736 0 ) (-4352 4736 -120 ) (-4352 4096 -120 ) (-4352 4096 0 ) 
4 204 213 (-4352 4096 0 ) (-4352.220215 4096 0 ) (-4352.220215 4096 -120 ) (-4352 4096 -120 ) 
4 204 206 (-4352.220215 4096 -120 ) (-4352.220215 4736 -120 ) (-4352 4736 -120 ) (-4352 4096 -120 ) 
4 205 212 (-4096 4096 -288.299988 ) (-4096 4096 -166 ) (-4352 4096 -166 ) (-4352 4096 -288.299988 ) 
4 205 206 (-4352 4736 -166 ) (-4352 4736 -288.299988 ) (-4352 4096 -288.299988 ) (-4352 4096 -166 ) 
4 206 213 (-4352 4096 -120 ) (-4352.220215 4096 -120 ) (-4352.220215 4096 -288.299988 ) (-4352 4096 -288.299988 ) 
4 207 214 (-3072 3072 0 ) (-3072 3072 620.299988 ) (-4096 3072 620.299988 ) (-4096 3072 0 ) 
4 207 210 (-4096 3072 0 ) (-4096 3072 620.299988 ) (-4096 4096 620.299988 ) (-4096 4096 0 ) 
4 207 208 (-3072 3072 0 ) (-4096 3072 0 ) (-4096 4096 0 ) (-3072 4096 0 ) 
4 208 215 (-3072 3072 -120 ) (-3072 3072 0 ) (-4096 3072 0 ) (-4096 3072 -120 ) 
4 208 211 (-4096 3072 -120 ) (-4096 3072 0 ) (-4096 4096 0 ) (-4096 4096 -120 ) 
4 209 216 (-3072 3072 -288.299988 ) (-3072 3072 -166 ) (-4096 3072 -166 ) (-4096 3072 -288.299988 ) 
4 209 212 (-4096 3072 -288.299988 ) (-4096 3072 -166 ) (-4096 4096 -166 ) (-4096 4096 -288.299988 ) 
4 210 221 (-4096 3072 0 ) (-4096 3072 620.299988 ) (-4352.220215 3072 620.299988 ) (-4352.220215 3072 0 ) 
4 210 213 (-4352 3072 0 ) (-4352.220215 3072 0 ) (-4352.220215 4096 0 ) (-4352 4096 0 ) 
4 210 211 (-4096 3072 0 ) (-4352 3072 0 ) (-4352 4096 0 ) (-4096 4096 0 ) 
4 211 222 (-4096 3072 -120 ) (-4096 3072 0 ) (-4352 3072 0 ) (-4352 3072 -120 ) 
4 211 213 (-4352 3072 -120 ) (-4352 3072 0 ) (-4352 4096 0 ) (-4352 4096 -120 ) 
4 212 223 (-4096 3072 -288.299988 ) (-4096 3072 -166 ) (-4352 3072 -166 ) (-4352 3072 -288.299988 ) 
4 212 213 (-4352 4096 -288.299988 ) (-4352 3072 -288.299988 ) (-4352 3072 -166 ) (-4352 4096 -166 ) 
4 213 224 (-4352 3072 0 ) (-4352.220215 3072 0 ) (-4352.220215 3072 -288.299988 ) (-4352 3072 -288.299988 ) 
4 214 221 (-4096 3072 620.299988 ) (-4096 3072 0 ) (-4096 2048 0 ) (-4096 2048 620.299988 ) 
4 214 217 (-3072 2048 0 ) (-3072 2048 620.299988 ) (-4096 2048 620.299988 ) (-4096 2048 0 ) 
4 214 215 (-4096 2048 0 ) (-4096 3072 0 ) (-3072 3072 0 ) (-3072 2048 0 ) 
4 215 222 (-4096 3072 0 ) (-4096 3072 -120 ) (-4096 2048 -120 ) (-4096 2048 0 ) 
4 215 218 (-3072 2048 -120 ) (-3072 2048 0 ) (-4096 2048 0 ) (-4096 2048 -120 ) 
4 216 223 (-4096 3072 -166 ) (-4096 3072 -288.299988 ) (-4096 2048 -288.299988 ) (-4096 2048 -166 ) 
4 216 220 (-3072 2048 -288.299988 ) (-3072 2048 -166 ) (-4096 2048 -166 ) (-4096 2048 -288.299988 ) 
4 217 281 (-3072 1024 0 ) (-3072 1024 620.299988 ) (-4096 1024 620.299988 ) (-4096 1024 0 ) 
4 217 225 (-4096 1024 0 ) (-4096 1024 620.299988 ) (-4096 2048 620.299988 ) (-4096 2048 0 ) 
4 217 219 (-4096 1024 0 ) (-4096 1152 0 ) (-3072 1152 0 ) (-3072 1024 0 ) 
4 217 218 (-4096 1152 0 ) (-4096 2048 0 ) (-3072 2048 0 ) (-3072 1152 0 ) 
4 218 226 (-4096 1152 0 ) (-4096 2048 0 ) (-4096 2048 -120 ) (-4096 1152 -120 ) 
4 218 219 (-4096 1152 -120 ) (-3072 1152 -120 ) (-3072 1152 0 ) (-4096 1152 0 ) 
4 219 282 (-3072 1024 -120 ) (-3072 1024 0 ) (-4096 1024 0 ) (-4096 1024 -120 ) 
4 219 227 (-4096 1024 -120 ) (-4096 1024 0 ) (-4096 1152 0 ) (-4096 1152 -120 ) 
4 220 283 (-3072 1024 -288.299988 ) (-3072 1024 -166 ) (-4096 1024 -166 ) (-4096 1024 -288.299988 ) 
4 220 229 (-4096 1024 -288.299988 ) (-4096 1024 -166 ) (-4096 2048 -166 ) (-4096 2048 -288.299988 ) 
4 221 225 (-4096 2048 0 ) (-4096 2048 620.299988 ) (-4352.220215 2048 620.299988 ) (-4352.220215 2048 0 ) 
4 221 224 (-4352 2048 0 ) (-4352.220215 2048 0 ) (-4352.220215 3072 0 ) (-4352 3072 0 ) 
4 221 222 (-4096 2048 0 ) (-4352 2048 0 ) (-4352 3072 0 ) (-4096 3072 0 ) 
4 222 226 (-4096 2048 -120 ) (-4096 2048 0 ) (-4352 2048 0 ) (-4352 2048 -120 ) 
4 222 224 (-4352 2048 -120 ) (-4352 2048 0 ) (-4352 3072 0 ) (-4352 3072 -120 ) 
4 223 229 (-4096 2048 -288.299988 ) (-4096 2048 -166 ) (-4352 2048 -166 ) (-4352 2048 -288.299988 ) 
4 223 224 (-4352 3072 -288.299988 ) (-4352 2048 -288.299988 ) (-4352 2048 -166 ) (-4352 3072 -166 ) 
4 224 230 (-4352.220215 2048 -120 ) (-4352.220215 2048 -288.299988 ) (-4352 2048 -288.299988 ) (-4352 2048 -120 ) 
4 224 228 (-4352 2048 0 ) (-4352.220215 2048 0 ) (-4352.220215 2048 -120 ) (-4352 2048 -120 ) 
4 225 287 (-4096 1024 0 ) (-4096 1024 620.299988 ) (-4352.220215 1024 620.299988 ) (-4352.220215 1024 0 ) 
4 225 228 (-4352.220215 2048 0 ) (-4352 2048 0 ) (-4352 1024 0 ) (-4352.220215 1024 0 ) 
4 225 227 (-4096 1152 0 ) (-4096 1024 0 ) (-4352 1024 0 ) (-4352 1152 0 ) 
4 225 226 (-4352 2048 0 ) (-4096 2048 0 ) (-4096 1152 0 ) (-4352 1152 0 ) 
4 226 228 (-4352 2048 -120 ) (-4352 1152 -120 ) (-4352 1152 0 ) (-4352 2048 0 ) 
4 226 227 (-4352 1152 0 ) (-4352 1152 -120 ) (-4096 1152 -120 ) (-4096 1152 0 ) 
4 227 288 (-4096 1024 -120 ) (-4096 1024 0 ) (-4352 1024 0 ) (-4352 1024 -120 ) 
4 227 228 (-4352 1152 -120 ) (-4352 1024 -120 ) (-4352 1024 0 ) (-4352 1152 0 ) 
4 228 290 (-4352 1024 0 ) (-4352.220215 1024 0 ) (-4352.220215 1024 -120 ) (-4352 1024 -120 ) 
4 228 230 (-4352 1024 -120 ) (-4352.220215 1024 -120 ) (-4352.220215 2048 -120 ) (-4352 2048 -120 ) 
4 229 289 (-4096 1024 -288.299988 ) (-4096 1024 -166 ) (-4352 1024 -166 ) (-4352 1024 -288.299988 ) 
4 229 230 (-4352 2048 -288.299988 ) (-4352 1024 -288.299988 ) (-4352 1024 -166 ) (-4352 2048 -166 ) 
4 230 290 (-4352 1024 -120 ) (-4352.220215 1024 -120 ) (-4352.220215 1024 -288.299988 ) (-4352 1024 -288.299988 ) 
4 231 242 (-1024 1024 620.299988 ) (-1024 1024 0 ) (-1024 0 0 ) (-1024 0 620.299988 ) 
4 231 235 (0 0 0 ) (0 0 620.299988 ) (-448 0 620.299988 ) (-448 0 0 ) 
4 231 238 (-448 0 620.299988 ) (-1024 0 620.299988 ) (-1024 0 0 ) (-448 0 0 ) 
4 231 233 (-1024 0 0 ) (-1024 1024 0 ) (-128 1024 0 ) (-128 0 0 ) 
4 231 232 (-128 1024 0 ) (0 1024 0 ) (0 0 0 ) (-128 0 0 ) 
4 232 239 (0 0 -120 ) (0 0 0 ) (-128 0 0 ) (-128 0 -120 ) 
4 232 233 (-128 1024 -120 ) (-128 0 -120 ) (-128 0 0 ) (-128 1024 0 ) 
4 233 243 (-1024 1024 0 ) (-1024 1024 -120 ) (-1024 0 -120 ) (-1024 0 0 ) 
4 233 240 (-128 0 0 ) (-1024 0 0 ) (-1024 0 -120 ) (-128 0 -120 ) 
4 234 244 (-1024 1024 -166 ) (-1024 1024 -288.299988 ) (-1024 0 -288.299988 ) (-1024 0 -166 ) 
4 234 241 (0 0 -288.299988 ) (0 0 -166 ) (-1024 0 -166 ) (-1024 0 -288.299988 ) 
4 235 240 (-448 0 0 ) (-128 0 0 ) (-128 -735.987976 0 ) (-448 -735.987976 0 ) 
4 235 239 (-128 0 0 ) (0 0 0 ) (0 -735.987976 0 ) (-128 -735.987976 0 ) 
4 235 236 (-448 -735.987976 620.299988 ) (-448 -735.987976 64 ) (0 -735.987976 64 ) (0 -735.987976 620.299988 ) 
4 235 237 (-448 -735.987976 58 ) (-448 -735.987976 0 ) (0 -735.987976 0 ) (0 -735.987976 58 ) 
4 235 238 (-448 0 0 ) (-448 -735.987976 0 ) (-448 -735.987976 620.299988 ) (-448 0 620.299988 ) 
4 236 254 (0 -1024 64 ) (0 -1024 620.299988 ) (-448 -1024 620.299988 ) (-448 -1024 64 ) 
4 236 238 (-448 -1024 64 ) (-448 -1024 620.299988 ) (-448 -735.987976 620.299988 ) (-448 -735.987976 64 ) 
4 237 255 (0 -1024 0 ) (0 -1024 58 ) (-448 -1024 58 ) (-448 -1024 0 ) 
4 237 240 (-128 -1024 0 ) (-448 -1024 0 ) (-448 -735.987976 0 ) (-128 -735.987976 0 ) 
4 237 239 (0 -735.987976 0 ) (0 -1024 0 ) (-128 -1024 0 ) (-128 -735.987976 0 ) 
4 237 238 (-448 -735.987976 0 ) (-448 -1024 0 ) (-448 -1024 58 ) (-448 -735.987976 58 ) 
4 238 257 (-448 -1024 620.299988 ) (-1024 -1024 620.299988 ) (-1024 -1024 0 ) (-448 -1024 0 ) 
4 238 248 (-1024 -1024 0 ) (-1024 -1024 620.299988 ) (-1024 0 620.299988 ) (-1024 0 0 ) 
4 238 240 (-1024 -1024 0 ) (-1024 0 0 ) (-448 0 0 ) (-448 -1024 0 ) 
4 239 258 (0 -1024 -120 ) (0 -1024 0 ) (-128 -1024 0 ) (-128 -1024 -120 ) 
4 239 240 (-128 0 -120 ) (-128 -1024 -120 ) (-128 -1024 0 ) (-128 0 0 ) 
4 240 259 (-128 -1024 0 ) (-1024 -1024 0 ) (-1024 -1024 -120 ) (-128 -1024 -120 ) 
4 240 249 (-1024 -1024 -120 ) (-1024 -1024 0 ) (-1024 0 0 ) (-1024 0 -120 ) 
4 241 260 (0 -1024 -288.299988 ) (0 -1024 -166 ) (-1024 -1024 -166 ) (-1024 -1024 -288.299988 ) 
4 241 250 (-1024 -1024 -288.299988 ) (-1024 -1024 -166 ) (-1024 0 -166 ) (-1024 0 -288.299988 ) 
4 242 248 (-1024 0 0 ) (-1024 0 620.299988 ) (-2048 0 620.299988 ) (-2048 0 0 ) 
4 242 245 (-2048 1024 620.299988 ) (-2048 1024 0 ) (-2048 0 0 ) (-2048 0 620.299988 ) 
4 242 243 (-1024 0 0 ) (-2048 0 0 ) (-2048 1024 0 ) (-1024 1024 0 ) 
4 243 249 (-1024 0 -120 ) (-1024 0 0 ) (-2048 0 0 ) (-2048 0 -120 ) 
4 243 246 (-2048 1024 0 ) (-2048 1024 -120 ) (-2048 0 -120 ) (-2048 0 0 ) 
4 244 250 (-1024 0 -288.299988 ) (-1024 0 -166 ) (-2048 0 -166 ) (-2048 0 -288.299988 ) 
4 244 247 (-2048 1024 -166 ) (-2048 1024 -288.299988 ) (-2048 0 -288.299988 ) (-2048 0 -166 ) 
4 245 281 (-3072 1024 620.299988 ) (-3072 1024 0 ) (-3072 0 0 ) (-3072 0 620.299988 ) 
4 245 251 (-2048 0 0 ) (-2048 0 620.299988 ) (-3072 0 620.299988 ) (-3072 0 0 ) 
4 245 246 (-3072 1024 0 ) (-2048 1024 0 ) (-2048 0 0 ) (-3072 0 0 ) 
4 246 282 (-3072 1024 0 ) (-3072 1024 -120 ) (-3072 0 -120 ) (-3072 0 0 ) 
4 246 252 (-2048 0 -120 ) (-2048 0 0 ) (-3072 0 0 ) (-3072 0 -120 ) 
4 247 283 (-3072 1024 -166 ) (-3072 1024 -288.299988 ) (-3072 0 -288.299988 ) (-3072 0 -166 ) 
4 247 253 (-2048 0 -288.299988 ) (-2048 0 -166 ) (-3072 0 -166 ) (-3072 0 -288.299988 ) 
4 248 261 (-1024 -1024 0 ) (-1024 -1024 620.299988 ) (-2048 -1024 620.299988 ) (-2048 -1024 0 ) 
4 248 251 (-2048 0 620.299988 ) (-2048 0 0 ) (-2048 -1024 0 ) (-2048 -1024 620.299988 ) 
4 248 249 (-2048 0 0 ) (-1024 0 0 ) (-1024 -1024 0 ) (-2048 -1024 0 ) 
4 249 262 (-1024 -1024 -120 ) (-1024 -1024 0 ) (-2048 -1024 0 ) (-2048 -1024 -120 ) 
4 249 252 (-2048 0 0 ) (-2048 0 -120 ) (-2048 -1024 -120 ) (-2048 -1024 0 ) 
4 250 263 (-1024 -1024 -288.299988 ) (-1024 -1024 -166 ) (-2048 -1024 -166 ) (-2048 -1024 -288.299988 ) 
4 250 253 (-2048 0 -166 ) (-2048 0 -288.299988 ) (-2048 -1024 -288.299988 ) (-2048 -1024 -166 ) 
4 251 284 (-3072 -1024 0 ) (-3072 -1024 620.299988 ) (-3072 0 620.299988 ) (-3072 0 0 ) 
4 251 264 (-2048 -1024 0 ) (-2048 -1024 620.299988 ) (-3072 -1024 620.299988 ) (-3072 -1024 0 ) 
4 251 252 (-2048 0 0 ) (-2048 -1024 0 ) (-3072 -1024 0 ) (-3072 0 0 ) 
4 252 285 (-3072 -1024 -120 ) (-3072 -1024 0 ) (-3072 0 0 ) (-3072 0 -120 ) 
4 252 265 (-2048 -1024 -120 ) (-2048 -1024 0 ) (-3072 -1024 0 ) (-3072 -1024 -120 ) 
4 253 286 (-3072 -1024 -288.299988 ) (-3072 -1024 -166 ) (-3072 0 -166 ) (-3072 0 -288.299988 ) 
4 253 266 (-2048 -1024 -288.299988 ) (-2048 -1024 -166 ) (-3072 -1024 -166 ) (-3072 -1024 -288.299988 ) 
4 254 257 (-448 -1343.989990 64 ) (-448 -1343.989990 620.299988 ) (-448 -1024 620.299988 ) (-448 -1024 64 ) 
4 254 256 (-448 -1343.989990 620.299988 ) (-448 -1343.989990 64 ) (0 -1343.989990 64 ) (0 -1343.989990 620.299988 ) 
4 255 259 (-448 -1343.989990 0 ) (-448 -1024 0 ) (-128 -1024 0 ) (-128 -1343.989990 0 ) 
4 255 258 (-128 -1024 0 ) (0 -1024 0 ) (0 -1343.989990 0 ) (-128 -1343.989990 0 ) 
4 255 256 (-448 -1343.989990 58 ) (-448 -1343.989990 0 ) (0 -1343.989990 0 ) (0 -1343.989990 58 ) 
4 255 257 (-448 -1024 0 ) (-448 -1343.989990 0 ) (-448 -1343.989990 58 ) (-448 -1024 58 ) 
4 256 267 (0 -2048 0 ) (0 -2048 620.299988 ) (-448 -2048 620.299988 ) (-448 -2048 0 ) 
4 256 259 (-128 -2048 0 ) (-448 -2048 0 ) (-448 -1343.989990 0 ) (-128 -1343.989990 0 ) 
4 256 258 (0 -2048 0 ) (-128 -2048 0 ) (-128 -1343.989990 0 ) (0 -1343.989990 0 ) 
4 256 257 (-448 -1343.989990 0 ) (-448 -2048 0 ) (-448 -2048 620.299988 ) (-448 -1343.989990 620.299988 ) 
4 257 267 (-448 -2048 620.299988 ) (-1024 -2048 620.299988 ) (-1024 -2048 0 ) (-448 -2048 0 ) 
4 257 261 (-1024 -2048 0 ) (-1024 -2048 620.299988 ) (-1024 -1024 620.299988 ) (-1024 -1024 0 ) 
4 257 259 (-448 -2048 0 ) (-1024 -2048 0 ) (-1024 -1024 0 ) (-448 -1024 0 ) 
4 258 268 (0 -2048 -120 ) (0 -2048 0 ) (-128 -2048 0 ) (-128 -2048 -120 ) 
4 258 259 (-128 -1024 -120 ) (-128 -2048 -120 ) (-128 -2048 0 ) (-128 -1024 0 ) 
4 259 269 (-128 -2048 0 ) (-1024 -2048 0 ) (-1024 -2048 -120 ) (-128 -2048 -120 ) 
4 259 262 (-1024 -2048 -120 ) (-1024 -2048 0 ) (-1024 -1024 0 ) (-1024 -1024 -120 ) 
4 260 271 (0 -2048 -288.299988 ) (0 -2048 -166 ) (-1024 -2048 -166 ) (-1024 -2048 -288.299988 ) 
4 260 263 (-1024 -2048 -288.299988 ) (-1024 -2048 -166 ) (-1024 -1024 -166 ) (-1024 -1024 -288.299988 ) 
4 261 273 (-1024 -2048 0 ) (-1024 -2048 620.299988 ) (-2048 -2048 620.299988 ) (-2048 -2048 0 ) 
4 261 264 (-2048 -1024 620.299988 ) (-2048 -1024 0 ) (-2048 -2048 0 ) (-2048 -2048 620.299988 ) 
4 261 262 (-1024 -2048 0 ) (-2048 -2048 0 ) (-2048 -1024 0 ) (-1024 -1024 0 ) 
4 262 274 (-1024 -2048 -120 ) (-1024 -2048 0 ) (-2048 -2048 0 ) (-2048 -2048 -120 ) 
4 262 265 (-2048 -1024 0 ) (-2048 -1024 -120 ) (-2048 -2048 -120 ) (-2048 -2048 0 ) 
4 263 275 (-1024 -2048 -288.299988 ) (-1024 -2048 -166 ) (-2048 -2048 -166 ) (-2048 -2048 -288.299988 ) 
4 263 266 (-2048 -1024 -166 ) (-2048 -1024 -288.299988 ) (-2048 -2048 -288.299988 ) (-2048 -2048 -166 ) 
4 264 295 (-3072 -2048 0 ) (-3072 -2048 620.299988 ) (-3072 -1024 620.299988 ) (-3072 -1024 0 ) 
4 264 277 (-3072 -2048 620.299988 ) (-3072 -2048 0 ) (-2048 -2048 0 ) (-2048 -2048 620.299988 ) 
4 264 265 (-3072 -2048 0 ) (-3072 -1024 0 ) (-2048 -1024 0 ) (-2048 -2048 0 ) 
4 265 296 (-3072 -2048 -120 ) (-3072 -2048 0 ) (-3072 -1024 0 ) (-3072 -1024 -120 ) 
4 265 278 (-3072 -2048 0 ) (-3072 -2048 -120 ) (-2048 -2048 -120 ) (-2048 -2048 0 ) 
4 266 297 (-3072 -2048 -288.299988 ) (-3072 -2048 -166 ) (-3072 -1024 -166 ) (-3072 -1024 -288.299988 ) 
4 266 279 (-3072 -2048 -166 ) (-3072 -2048 -288.299988 ) (-2048 -2048 -288.299988 ) (-2048 -2048 -166 ) 
4 267 273 (-1024 -2048 620.299988 ) (-1024 -2048 0 ) (-1024 -2432.250000 0 ) (-1024 -2432.250000 620.299988 ) 
4 267 270 (-1024 -2432.250000 0 ) (-1024 -2432 0 ) (0 -2432 0 ) (0 -2432.250000 0 ) 
4 267 269 (-1024 -2432 0 ) (-1024 -2048 0 ) (-128 -2048 0 ) (-128 -2432 0 ) 
4 267 268 (-128 -2048 0 ) (0 -2048 0 ) (0 -2432 0 ) (-128 -2432 0 ) 
4 268 270 (-128 -2432 -120 ) (0 -2432 -120 ) (0 -2432 0 ) (-128 -2432 0 ) 
4 268 269 (-128 -2048 -120 ) (-128 -2432 -120 ) (-128 -2432 0 ) (-128 -2048 0 ) 
4 269 274 (-1024 -2048 0 ) (-1024 -2048 -120 ) (-1024 -2432 -120 ) (-1024 -2432 0 ) 
4 269 270 (-1024 -2432 -120 ) (-128 -2432 -120 ) (-128 -2432 0 ) (-1024 -2432 0 ) 
4 270 276 (-1024 -2432 -120 ) (-1024 -2432.250000 -120 ) (-1024 -2432.250000 0 ) (-1024 -2432 0 ) 
4 270 272 (-1024 -2432.250000 -120 ) (-1024 -2432 -120 ) (0 -2432 -120 ) (0 -2432.250000 -120 ) 
4 271 275 (-1024 -2048 -166 ) (-1024 -2048 -288.299988 ) (-1024 -2432 -288.299988 ) (-1024 -2432 -166 ) 
4 271 272 (-1024 -2432 -288.299988 ) (0 -2432 -288.299988 ) (0 -2432 -166 ) (-1024 -2432 -166 ) 
4 272 276 (-1024 -2432 -288.299988 ) (-1024 -2432.250000 -288.299988 ) (-1024 -2432.250000 -120 ) (-1024 -2432 -120 ) 
4 273 277 (-2048 -2048 620.299988 ) (-2048 -2048 0 ) (-2048 -2432.250000 0 ) (-2048 -2432.250000 620.299988 ) 
4 273 276 (-2048 -2432.250000 0 ) (-2048 -2432 0 ) (-1024 -2432 0 ) (-1024 -2432.250000 0 ) 
4 273 274 (-2048 -2432 0 ) (-2048 -2048 0 ) (-1024 -2048 0 ) (-1024 -2432 0 ) 
4 274 278 (-2048 -2048 0 ) (-2048 -2048 -120 ) (-2048 -2432 -120 ) (-2048 -2432 0 ) 
4 274 276 (-1024 -2432 -120 ) (-1024 -2432 0 ) (-2048 -2432 0 ) (-2048 -2432 -120 ) 
4 275 279 (-2048 -2048 -166 ) (-2048 -2048 -288.299988 ) (-2048 -2432 -288.299988 ) (-2048 -2432 -166 ) 
4 275 276 (-2048 -2432 -288.299988 ) (-1024 -2432 -288.299988 ) (-1024 -2432 -166 ) (-2048 -2432 -166 ) 
4 276 280 (-2048 -2432 -288.299988 ) (-2048 -2432.250000 -288.299988 ) (-2048 -2432.250000 0 ) (-2048 -2432 0 ) 
4 277 302 (-3072 -2432.250000 620.299988 ) (-3072 -2048 620.299988 ) (-3072 -2048 0 ) (-3072 -2432.250000 0 ) 
4 277 280 (-2048 -2432 0 ) (-2048 -2432.250000 0 ) (-3072 -2432.250000 0 ) (-3072 -2432 0 ) 
4 277 278 (-2048 -2048 0 ) (-2048 -2432 0 ) (-3072 -2432 0 ) (-3072 -2048 0 ) 
4 278 303 (-3072 -2432 0 ) (-3072 -2048 0 ) (-3072 -2048 -120 ) (-3072 -2432 -120 ) 
4 278 280 (-2048 -2432 -120 ) (-2048 -2432 0 ) (-3072 -2432 0 ) (-3072 -2432 -120 ) 
4 279 304 (-3072 -2048 -166 ) (-3072 -2048 -288.299988 ) (-3072 -2432 -288.299988 ) (-3072 -2432 -166 ) 
4 279 280 (-3072 -2432 -288.299988 ) (-2048 -2432 -288.299988 ) (-2048 -2432 -166 ) (-3072 -2432 -166 ) 
4 280 305 (-3072 -2432.250000 0 ) (-3072 -2432 0 ) (-3072 -2432 -288.299988 ) (-3072 -2432.250000 -288.299988 ) 
4 281 287 (-4096 1024 620.299988 ) (-4096 1024 0 ) (-4096 0 0 ) (-4096 0 620.299988 ) 
4 281 284 (-3072 0 0 ) (-3072 0 620.299988 ) (-4096 0 620.299988 ) (-4096 0 0 ) 
4 281 282 (-4096 0 0 ) (-4096 1024 0 ) (-3072 1024 0 ) (-3072 0 0 ) 
4 282 288 (-4096 1024 0 ) (-4096 1024 -120 ) (-4096 0 -120 ) (-4096 0 0 ) 
4 282 285 (-3072 0 -120 ) (-3072 0 0 ) (-4096 0 0 ) (-4096 0 -120 ) 
4 283 289 (-4096 1024 -166 ) (-4096 1024 -288.299988 ) (-4096 0 -288.299988 ) (-4096 0 -166 ) 
4 283 286 (-3072 0 -288.299988 ) (-3072 0 -166 ) (-4096 0 -166 ) (-4096 0 -288.299988 ) 
4 284 295 (-3072 -1024 0 ) (-3072 -1024 620.299988 ) (-4096 -1024 620.299988 ) (-4096 -1024 0 ) 
4 284 291 (-4096 -1024 0 ) (-4096 -1024 620.299988 ) (-4096 0 620.299988 ) (-4096 0 0 ) 
4 284 285 (-4096 -1024 0 ) (-4096 0 0 ) (-3072 0 0 ) (-3072 -1024 0 ) 
4 285 296 (-3072 -1024 -120 ) (-3072 -1024 0 ) (-4096 -1024 0 ) (-4096 -1024 -120 ) 
4 285 292 (-4096 -1024 -120 ) (-4096 -1024 0 ) (-4096 0 0 ) (-4096 0 -120 ) 
4 286 297 (-3072 -1024 -288.299988 ) (-3072 -1024 -166 ) (-4096 -1024 -166 ) (-4096 -1024 -288.299988 ) 
4 286 293 (-4096 -1024 -288.299988 ) (-4096 -1024 -166 ) (-4096 0 -166 ) (-4096 0 -288.299988 ) 
4 287 291 (-4096 0 0 ) (-4096 0 620.299988 ) (-4352.220215 0 620.299988 ) (-4352.220215 0 0 ) 
4 287 290 (-4352 0 0 ) (-4352.220215 0 0 ) (-4352.220215 1024 0 ) (-4352 1024 0 ) 
4 287 288 (-4096 0 0 ) (-4352 0 0 ) (-4352 1024 0 ) (-4096 1024 0 ) 
4 288 292 (-4096 0 -120 ) (-4096 0 0 ) (-4352 0 0 ) (-4352 0 -120 ) 
4 288 290 (-4352 0 -120 ) (-4352 0 0 ) (-4352 1024 0 ) (-4352 1024 -120 ) 
4 289 293 (-4096 0 -288.299988 ) (-4096 0 -166 ) (-4352 0 -166 ) (-4352 0 -288.299988 ) 
4 289 290 (-4352 1024 -288.299988 ) (-4352 0 -288.299988 ) (-4352 0 -166 ) (-4352 1024 -166 ) 
4 290 294 (-4352 0 0 ) (-4352.220215 0 0 ) (-4352.220215 0 -288.299988 ) (-4352 0 -288.299988 ) 
4 291 298 (-4096 -1024 0 ) (-4096 -1024 620.299988 ) (-4352.220215 -1024 620.299988 ) (-4352.220215 -1024 0 ) 
4 291 294 (-4352.220215 0 0 ) (-4352 0 0 ) (-4352 -1024 0 ) (-4352.220215 -1024 0 ) 
4 291 292 (-4352 0 0 ) (-4096 0 0 ) (-4096 -1024 0 ) (-4352 -1024 0 ) 
4 292 299 (-4096 -1024 -120 ) (-4096 -1024 0 ) (-4352 -1024 0 ) (-4352 -1024 -120 ) 
4 292 294 (-4352 -1024 -120 ) (-4352 -1024 0 ) (-4352 0 0 ) (-4352 0 -120 ) 
4 293 300 (-4096 -1024 -288.299988 ) (-4096 -1024 -166 ) (-4352 -1024 -166 ) (-4352 -1024 -288.299988 ) 
4 293 294 (-4352 0 -288.299988 ) (-4352 -1024 -288.299988 ) (-4352 -1024 -166 ) (-4352 0 -166 ) 
4 294 301 (-4352 -1024 0 ) (-4352.220215 -1024 0 ) (-4352.220215 -1024 -288.299988 ) (-4352 -1024 -288.299988 ) 
4 295 302 (-3072 -2048 0 ) (-3072 -2048 620.299988 ) (-4096 -2048 620.299988 ) (-4096 -2048 0 ) 
4 295 298 (-4096 -2048 0 ) (-4096 -2048 620.299988 ) (-4096 -1024 620.299988 ) (-4096 -1024 0 ) 
4 295 296 (-3072 -2048 0 ) (-4096 -2048 0 ) (-4096 -1024 0 ) (-3072 -1024 0 ) 
4 296 303 (-3072 -2048 -120 ) (-3072 -2048 0 ) (-4096 -2048 0 ) (-4096 -2048 -120 ) 
4 296 299 (-4096 -2048 -120 ) (-4096 -2048 0 ) (-4096 -1024 0 ) (-4096 -1024 -120 ) 
4 297 304 (-3072 -2048 -288.299988 ) (-3072 -2048 -166 ) (-4096 -2048 -166 ) (-4096 -2048 -288.299988 ) 
4 297 300 (-4096 -2048 -288.299988 ) (-4096 -2048 -166 ) (-4096 -1024 -166 ) (-4096 -1024 -288.299988 ) 
4 298 306 (-4096 -2048 0 ) (-4096 -2048 620.299988 ) (-4352.220215 -2048 620.299988 ) (-4352.220215 -2048 0 ) 
4 298 301 (-4352 -2048 0 ) (-4352.220215 -2048 0 ) (-4352.220215 -1024 0 ) (-4352 -1024 0 ) 
4 298 299 (-4096 -2048 0 ) (-4352 -2048 0 ) (-4352 -1024 0 ) (-4096 -1024 0 ) 
4 299 307 (-4096 -2048 -120 ) (-4096 -2048 0 ) (-4352 -2048 0 ) (-4352 -2048 -120 ) 
4 299 301 (-4352 -2048 -120 ) (-4352 -2048 0 ) (-4352 -1024 0 ) (-4352 -1024 -120 ) 
4 300 309 (-4096 -2048 -288.299988 ) (-4096 -2048 -166 ) (-4352 -2048 -166 ) (-4352 -2048 -288.299988 ) 
4 300 301 (-4352 -1024 -288.299988 ) (-4352 -2048 -288.299988 ) (-4352 -2048 -166 ) (-4352 -1024 -166 ) 
4 301 310 (-4352.220215 -2048 -120 ) (-4352.220215 -2048 -288.299988 ) (-4352 -2048 -288.299988 ) (-4352 -2048 -120 ) 
4 301 308 (-4352 -2048 0 ) (-4352.220215 -2048 0 ) (-4352.220215 -2048 -120 ) (-4352 -2048 -120 ) 
4 302 306 (-4096 -2048 620.299988 ) (-4096 -2048 0 ) (-4096 -2432.250000 0 ) (-4096 -2432.250000 620.299988 ) 
4 302 305 (-4096 -2432.250000 0 ) (-4096 -2432 0 ) (-3072 -2432 0 ) (-3072 -2432.250000 0 ) 
4 302 303 (-4096 -2432 0 ) (-4096 -2048 0 ) (-3072 -2048 0 ) (-3072 -2432 0 ) 
4 303 307 (-4096 -2048 0 ) (-4096 -2048 -120 ) (-4096 -2432 -120 ) (-4096 -2432 0 ) 
4 303 305 (-3072 -2432 -120 ) (-3072 -2432 0 ) (-4096 -2432 0 ) (-4096 -2432 -120 ) 
4 304 309 (-4096 -2048 -166 ) (-4096 -2048 -288.299988 ) (-4096 -2432 -288.299988 ) (-4096 -2432 -166 ) 
4 304 305 (-4096 -2432 -288.299988 ) (-3072 -2432 -288.299988 ) (-3072 -2432 -166 ) (-4096 -2432 -166 ) 
4 305 311 (-4096 -2432 -288.299988 ) (-4096 -2432.250000 -288.299988 ) (-4096 -2432.250000 0 ) (-4096 -2432 0 ) 
4 306 311 (-4352.220215 -2432.250000 0 ) (-4352.220215 -2432 0 ) (-4096 -2432 0 ) (-4096 -2432.250000 0 ) 
4 306 308 (-4352.220215 -2432 0 ) (-4352.220215 -2048 0 ) (-4352 -2048 0 ) (-4352 -2432 0 ) 
4 306 307 (-4352 -2048 0 ) (-4096 -2048 0 ) (-4096 -2432 0 ) (-4352 -2432 0 ) 
4 307 311 (-4352 -2432 -120 ) (-4096 -2432 -120 ) (-4096 -2432 0 ) (-4352 -2432 0 ) 
4 307 308 (-4352 -2048 -120 ) (-4352 -2432 -120 ) (-4352 -2432 0 ) (-4352 -2048 0 ) 
4 308 311 (-4352.220215 -2432 0 ) (-4352.220215 -2432 -120 ) (-4352 -2432 -120 ) (-4352 -2432 0 ) 
4 308 310 (-4352 -2432 -120 ) (-4352.220215 -2432 -120 ) (-4352.220215 -2048 -120 ) (-4352 -2048 -120 ) 
4 309 311 (-4352 -2432 -288.299988 ) (-4096 -2432 -288.299988 ) (-4096 -2432 -166 ) (-4352 -2432 -166 ) 
4 309 310 (-4352 -2048 -288.299988 ) (-4352 -2432 -288.299988 ) (-4352 -2432 -166 ) (-4352 -2048 -166 ) 
4 310 311 (-4352.220215 -2432 -120 ) (-4352.220215 -2432 -288.299988 ) (-4352 -2432 -288.299988 ) (-4352 -2432 -120 ) 
