PRT1
312
1038
4 0 6 (8825.599609 1024 3296 ) (8192 1024 3296 ) (8192 1024 -416 ) (8825.599609 1024 -416 ) 
4 0 3 (8192 1024 -416 ) (8192 1024 3296 ) (8192 1785.599976 3296 ) (8192 1785.599976 -416 ) 
4 0 1 (8825.599609 1024 -416 ) (8192 1024 -416 ) (8192 1785.599976 -416 ) (8825.599609 1785.599976 -416 ) 
4 1 7 (8825.599609 1024 -416 ) (8192 1024 -416 ) (8192 1024 -736 ) (8825.599609 1024 -736 ) 
4 1 4 (8192 1024 -736 ) (8192 1024 -416 ) (8192 1785.599976 -416 ) (8192 1785.599976 -736 ) 
4 1 2 (8192 1785.599976 -736 ) (8825.599609 1785.599976 -736 ) (8825.599609 1024 -736 ) (8192 1024 -736 ) 
4 2 8 (8192 1024 -736 ) (8192 1024 -800 ) (8825.599609 1024 -800 ) (8825.599609 1024 -736 ) 
4 2 5 (8192 1024 -800 ) (8192 1024 -736 ) (8192 1785.599976 -736 ) (8192 1785.599976 -800 ) 
4 3 12 (7168 1024 -416 ) (7168 1024 3296 ) (7168 1785.599976 3296 ) (7168 1785.599976 -416 ) 
4 3 9 (8192 1024 -416 ) (8192 1024 3296 ) (7168 1024 3296 ) (7168 1024 -416 ) 
4 3 4 (8192 1785.599976 -416 ) (8192 1024 -416 ) (7168 1024 -416 ) (7168 1785.599976 -416 ) 
4 4 13 (7168 1024 -736 ) (7168 1024 -416 ) (7168 1785.599976 -416 ) (7168 1785.599976 -736 ) 
4 4 10 (8192 1024 -736 ) (8192 1024 -416 ) (7168 1024 -416 ) (7168 1024 -736 ) 
4 4 5 (8192 1024 -736 ) (7168 1024 -736 ) (7168 1785.599976 -736 ) (8192 1785.599976 -736 ) 
4 5 14 (7168 1024 -800 ) (7168 1024 -736 ) (7168 1785.599976 -736 ) (7168 1785.599976 -800 ) 
4 5 11 (8192 1024 -800 ) (8192 1024 -736 ) (7168 1024 -736 ) (7168 1024 -800 ) 
4 6 30 (8825.599609 0 3296 ) (8192 0 3296 ) (8192 0 -416 ) (8825.599609 0 -416 ) 
4 6 9 (8192 1024 3296 ) (8192 1024 -416 ) (8192 0 -416 ) (8192 0 3296 ) 
4 6 7 (8825.599609 0 -416 ) (8192 0 -416 ) (8192 1024 -416 ) (8825.599609 1024 -416 ) 
4 7 31 (8825.599609 0 -416 ) (8192 0 -416 ) (8192 0 -736 ) (8825.599609 0 -736 ) 
4 7 10 (8192 1024 -416 ) (8192 1024 -736 ) (8192 0 -736 ) (8192 0 -416 ) 
4 7 8 (8192 0 -736 ) (8192 1024 -736 ) (8825.599609 1024 -736 ) (8825.599609 0 -736 ) 
4 8 32 (8192 0 -736 ) (8192 0 -800 ) (8825.599609 0 -800 ) (8825.599609 0 -736 ) 
4 8 11 (8192 1024 -736 ) (8192 1024 -800 ) (8192 0 -800 ) (8192 0 -736 ) 
4 9 33 (8192 0 -416 ) (8192 0 3296 ) (7168 0 3296 ) (7168 0 -416 ) 
4 9 18 (7168 0 -416 ) (7168 0 3296 ) (7168 1024 3296 ) (7168 1024 -416 ) 
4 9 10 (8192 1024 -416 ) (8192 0 -416 ) (7168 0 -416 ) (7168 1024 -416 ) 
4 10 34 (8192 0 -736 ) (8192 0 -416 ) (7168 0 -416 ) (7168 0 -736 ) 
4 10 19 (7168 0 -736 ) (7168 0 -416 ) (7168 1024 -416 ) (7168 1024 -736 ) 
4 10 11 (8192 1024 -736 ) (8192 0 -736 ) (7168 0 -736 ) (7168 1024 -736 ) 
4 11 35 (8192 0 -800 ) (8192 0 -736 ) (7168 0 -736 ) (7168 0 -800 ) 
4 11 20 (7168 0 -800 ) (7168 0 -736 ) (7168 1024 -736 ) (7168 1024 -800 ) 
4 12 18 (7168 1024 -416 ) (7168 1024 3296 ) (6144 1024 3296 ) (6144 1024 -416 ) 
4 12 15 (6144 1785.599976 -416 ) (6144 1024 -416 ) (6144 1024 3296 ) (6144 1785.599976 3296 ) 
4 12 13 (7168 1024 -416 ) (6144 1024 -416 ) (6144 1785.599976 -416 ) (7168 1785.599976 -416 ) 
4 13 19 (7168 1024 -736 ) (7168 1024 -416 ) (6144 1024 -416 ) (6144 1024 -736 ) 
4 13 16 (6144 1024 -736 ) (6144 1024 -416 ) (6144 1785.599976 -416 ) (6144 1785.599976 -736 ) 
4 13 14 (6144 1024 -736 ) (6144 1785.599976 -736 ) (7168 1785.599976 -736 ) (7168 1024 -736 ) 
4 14 20 (7168 1024 -800 ) (7168 1024 -736 ) (6144 1024 -736 ) (6144 1024 -800 ) 
4 14 17 (6144 1785.599976 -800 ) (6144 1024 -800 ) (6144 1024 -736 ) (6144 1785.599976 -736 ) 
4 15 24 (5120 1024 -416 ) (5120 1024 3296 ) (5120 1785.599976 3296 ) (5120 1785.599976 -416 ) 
4 15 21 (5120 1024 3296 ) (5120 1024 -416 ) (6144 1024 -416 ) (6144 1024 3296 ) 
4 15 16 (6144 1785.599976 -416 ) (6144 1024 -416 ) (5120 1024 -416 ) (5120 1785.599976 -416 ) 
4 16 25 (5120 1024 -736 ) (5120 1024 -416 ) (5120 1785.599976 -416 ) (5120 1785.599976 -736 ) 
4 16 22 (5120 1024 -416 ) (5120 1024 -736 ) (6144 1024 -736 ) (6144 1024 -416 ) 
4 16 17 (6144 1024 -736 ) (5120 1024 -736 ) (5120 1785.599976 -736 ) (6144 1785.599976 -736 ) 
4 17 26 (5120 1024 -800 ) (5120 1024 -736 ) (5120 1785.599976 -736 ) (5120 1785.599976 -800 ) 
4 17 23 (5120 1024 -736 ) (5120 1024 -800 ) (6144 1024 -800 ) (6144 1024 -736 ) 
4 18 48 (7168 0 -416 ) (7168 0 3296 ) (6144 0 3296 ) (6144 0 -416 ) 
4 18 21 (6144 1024 3296 ) (6144 1024 -416 ) (6144 0 -416 ) (6144 0 3296 ) 
4 18 19 (6144 1024 -416 ) (7168 1024 -416 ) (7168 0 -416 ) (6144 0 -416 ) 
4 19 49 (7168 0 -736 ) (7168 0 -416 ) (6144 0 -416 ) (6144 0 -736 ) 
4 19 22 (6144 1024 -416 ) (6144 1024 -736 ) (6144 0 -736 ) (6144 0 -416 ) 
4 19 20 (6144 1024 -736 ) (7168 1024 -736 ) (7168 0 -736 ) (6144 0 -736 ) 
4 20 50 (7168 0 -800 ) (7168 0 -736 ) (6144 0 -736 ) (6144 0 -800 ) 
4 20 23 (6144 1024 -736 ) (6144 1024 -800 ) (6144 0 -800 ) (6144 0 -736 ) 
4 21 51 (6144 0 -416 ) (6144 0 3296 ) (5120 0 3296 ) (5120 0 -416 ) 
4 21 27 (5120 0 -416 ) (5120 0 3296 ) (5120 1024 3296 ) (5120 1024 -416 ) 
4 21 22 (5120 0 -416 ) (5120 1024 -416 ) (6144 1024 -416 ) (6144 0 -416 ) 
4 22 52 (6144 0 -736 ) (6144 0 -416 ) (5120 0 -416 ) (5120 0 -736 ) 
4 22 28 (5120 0 -736 ) (5120 0 -416 ) (5120 1024 -416 ) (5120 1024 -736 ) 
4 22 23 (5120 0 -736 ) (5120 1024 -736 ) (6144 1024 -736 ) (6144 0 -736 ) 
4 23 53 (6144 0 -800 ) (6144 0 -736 ) (5120 0 -736 ) (5120 0 -800 ) 
4 23 29 (5120 0 -800 ) (5120 0 -736 ) (5120 1024 -736 ) (5120 1024 -800 ) 
4 24 27 (5120 1024 -416 ) (5120 1024 3296 ) (4729.600586 1024 3296 ) (4729.600586 1024 -416 ) 
4 24 25 (5120 1024 -416 ) (4729.600586 1024 -416 ) (4729.600586 1785.599976 -416 ) (5120 1785.599976 -416 ) 
4 25 28 (5120 1024 -736 ) (5120 1024 -416 ) (4729.600586 1024 -416 ) (4729.600586 1024 -736 ) 
4 25 26 (5120 1024 -736 ) (4729.600586 1024 -736 ) (4729.600586 1785.599976 -736 ) (5120 1785.599976 -736 ) 
4 26 29 (5120 1024 -800 ) (5120 1024 -736 ) (4729.600586 1024 -736 ) (4729.600586 1024 -800 ) 
4 27 60 (5120 0 -416 ) (5120 0 3296 ) (4729.600586 0 3296 ) (4729.600586 0 -416 ) 
4 27 28 (5120 0 -416 ) (4729.600586 0 -416 ) (4729.600586 1024 -416 ) (5120 1024 -416 ) 
4 28 61 (5120 0 -736 ) (5120 0 -416 ) (4729.600586 0 -416 ) (4729.600586 0 -736 ) 
4 28 29 (4729.600586 0 -736 ) (4729.600586 1024 -736 ) (5120 1024 -736 ) (5120 0 -736 ) 
4 29 62 (5120 0 -800 ) (5120 0 -736 ) (4729.600586 0 -736 ) (4729.600586 0 -800 ) 
4 30 36 (8825.599609 -1024 3296 ) (8192 -1024 3296 ) (8192 -1024 -416 ) (8825.599609 -1024 -416 ) 
4 30 33 (8192 0 3296 ) (8192 0 -416 ) (8192 -1024 -416 ) (8192 -1024 3296 ) 
4 30 31 (8825.599609 -1024 -416 ) (8192 -1024 -416 ) (8192 0 -416 ) (8825.599609 0 -416 ) 
4 31 37 (8825.599609 -1024 -416 ) (8192 -1024 -416 ) (8192 -1024 -736 ) (8825.599609 -1024 -736 ) 
4 31 34 (8192 0 -416 ) (8192 0 -736 ) (8192 -1024 -736 ) (8192 -1024 -416 ) 
4 31 32 (8192 -1024 -736 ) (8192 0 -736 ) (8825.599609 0 -736 ) (8825.599609 -1024 -736 ) 
4 32 38 (8192 -1024 -736 ) (8192 -1024 -800 ) (8825.599609 -1024 -800 ) (8825.599609 -1024 -736 ) 
4 32 35 (8192 0 -736 ) (8192 0 -800 ) (8192 -1024 -800 ) (8192 -1024 -736 ) 
4 33 48 (7168 0 3296 ) (7168 0 -416 ) (7168 -1024 -416 ) (7168 -1024 3296 ) 
4 33 39 (8192 -1024 -416 ) (8192 -1024 3296 ) (7168 -1024 3296 ) (7168 -1024 -416 ) 
4 33 34 (7168 0 -416 ) (8192 0 -416 ) (8192 -1024 -416 ) (7168 -1024 -416 ) 
4 34 49 (7168 0 -416 ) (7168 0 -736 ) (7168 -1024 -736 ) (7168 -1024 -416 ) 
4 34 40 (8192 -1024 -736 ) (8192 -1024 -416 ) (7168 -1024 -416 ) (7168 -1024 -736 ) 
4 34 35 (7168 0 -736 ) (8192 0 -736 ) (8192 -1024 -736 ) (7168 -1024 -736 ) 
4 35 50 (7168 0 -736 ) (7168 0 -800 ) (7168 -1024 -800 ) (7168 -1024 -736 ) 
4 35 41 (8192 -1024 -800 ) (8192 -1024 -736 ) (7168 -1024 -736 ) (7168 -1024 -800 ) 
4 36 42 (8825.599609 -2048 3296 ) (8192 -2048 3296 ) (8192 -2048 -416 ) (8825.599609 -2048 -416 ) 
4 36 39 (8192 -1024 3296 ) (8192 -1024 -416 ) (8192 -2048 -416 ) (8192 -2048 3296 ) 
4 36 37 (8825.599609 -2048 -416 ) (8192 -2048 -416 ) (8192 -1024 -416 ) (8825.599609 -1024 -416 ) 
4 37 43 (8825.599609 -2048 -416 ) (8192 -2048 -416 ) (8192 -2048 -736 ) (8825.599609 -2048 -736 ) 
4 37 40 (8192 -1024 -416 ) (8192 -1024 -736 ) (8192 -2048 -736 ) (8192 -2048 -416 ) 
4 37 38 (8192 -2048 -736 ) (8192 -1024 -736 ) (8825.599609 -1024 -736 ) (8825.599609 -2048 -736 ) 
4 38 44 (8192 -2048 -736 ) (8192 -2048 -800 ) (8825.599609 -2048 -800 ) (8825.599609 -2048 -736 ) 
4 38 41 (8192 -1024 -736 ) (8192 -1024 -800 ) (8192 -2048 -800 ) (8192 -2048 -736 ) 
4 39 54 (7168 -2048 -416 ) (7168 -2048 3296 ) (7168 -1024 3296 ) (7168 -1024 -416 ) 
4 39 45 (8192 -2048 -416 ) (8192 -2048 3296 ) (7168 -2048 3296 ) (7168 -2048 -416 ) 
4 39 40 (8192 -1024 -416 ) (8192 -2048 -416 ) (7168 -2048 -416 ) (7168 -1024 -416 ) 
4 40 55 (7168 -2048 -736 ) (7168 -2048 -416 ) (7168 -1024 -416 ) (7168 -1024 -736 ) 
4 40 46 (8192 -2048 -736 ) (8192 -2048 -416 ) (7168 -2048 -416 ) (7168 -2048 -736 ) 
4 40 41 (8192 -1024 -736 ) (8192 -2048 -736 ) (7168 -2048 -736 ) (7168 -1024 -736 ) 
4 41 56 (7168 -2048 -800 ) (7168 -2048 -736 ) (7168 -1024 -736 ) (7168 -1024 -800 ) 
4 41 47 (8192 -2048 -800 ) (8192 -2048 -736 ) (7168 -2048 -736 ) (7168 -2048 -800 ) 
4 42 45 (8192 -2048 3296 ) (8192 -2048 -416 ) (8192 -2310.399902 -416 ) (8192 -2310.399902 3296 ) 
4 42 43 (8192 -2310.399902 -416 ) (8192 -2048 -416 ) (8825.599609 -2048 -416 ) (8825.599609 -2310.399902 -416 ) 
4 43 46 (8192 -2048 -416 ) (8192 -2048 -736 ) (8192 -2310.399902 -736 ) (8192 -2310.399902 -416 ) 
4 43 44 (8825.599609 -2310.399902 -736 ) (8192 -2310.399902 -736 ) (8192 -2048 -736 ) (8825.599609 -2048 -736 ) 
4 44 47 (8192 -2048 -736 ) (8192 -2048 -800 ) (8192 -2310.399902 -800 ) (8192 -2310.399902 -736 ) 
4 45 66 (7168 -2310.399902 3296 ) (7168 -2048 3296 ) (7168 -2048 -416 ) (7168 -2310.399902 -416 ) 
4 45 46 (8192 -2048 -416 ) (8192 -2310.399902 -416 ) (7168 -2310.399902 -416 ) (7168 -2048 -416 ) 
4 46 67 (7168 -2310.399902 -416 ) (7168 -2048 -416 ) (7168 -2048 -736 ) (7168 -2310.399902 -736 ) 
4 46 47 (8192 -2310.399902 -736 ) (7168 -2310.399902 -736 ) (7168 -2048 -736 ) (8192 -2048 -736 ) 
4 47 68 (7168 -2048 -736 ) (7168 -2048 -800 ) (7168 -2310.399902 -800 ) (7168 -2310.399902 -736 ) 
4 48 54 (7168 -1024 -416 ) (7168 -1024 3296 ) (6144 -1024 3296 ) (6144 -1024 -416 ) 
4 48 51 (6144 0 3296 ) (6144 0 -416 ) (6144 -1024 -416 ) (6144 -1024 3296 ) 
4 48 49 (7168 -1024 -416 ) (6144 -1024 -416 ) (6144 0 -416 ) (7168 0 -416 ) 
4 49 55 (7168 -1024 -736 ) (7168 -1024 -416 ) (6144 -1024 -416 ) (6144 -1024 -736 ) 
4 49 52 (6144 0 -416 ) (6144 0 -736 ) (6144 -1024 -736 ) (6144 -1024 -416 ) 
4 49 50 (7168 -1024 -736 ) (6144 -1024 -736 ) (6144 0 -736 ) (7168 0 -736 ) 
4 50 56 (7168 -1024 -800 ) (7168 -1024 -736 ) (6144 -1024 -736 ) (6144 -1024 -800 ) 
4 50 53 (6144 0 -736 ) (6144 0 -800 ) (6144 -1024 -800 ) (6144 -1024 -736 ) 
4 51 60 (5120 0 3296 ) (5120 0 -416 ) (5120 -1024 -416 ) (5120 -1024 3296 ) 
4 51 57 (6144 -1024 -416 ) (6144 -1024 3296 ) (5120 -1024 3296 ) (5120 -1024 -416 ) 
4 51 52 (5120 0 -416 ) (6144 0 -416 ) (6144 -1024 -416 ) (5120 -1024 -416 ) 
4 52 61 (5120 0 -416 ) (5120 0 -736 ) (5120 -1024 -736 ) (5120 -1024 -416 ) 
4 52 58 (6144 -1024 -736 ) (6144 -1024 -416 ) (5120 -1024 -416 ) (5120 -1024 -736 ) 
4 52 53 (5120 0 -736 ) (6144 0 -736 ) (6144 -1024 -736 ) (5120 -1024 -736 ) 
4 53 62 (5120 0 -736 ) (5120 0 -800 ) (5120 -1024 -800 ) (5120 -1024 -736 ) 
4 53 59 (6144 -1024 -800 ) (6144 -1024 -736 ) (5120 -1024 -736 ) (5120 -1024 -800 ) 
4 54 66 (7168 -2048 -416 ) (7168 -2048 3296 ) (6144 -2048 3296 ) (6144 -2048 -416 ) 
4 54 57 (6144 -1024 3296 ) (6144 -1024 -416 ) (6144 -2048 -416 ) (6144 -2048 3296 ) 
4 54 55 (7168 -2048 -416 ) (6144 -2048 -416 ) (6144 -1024 -416 ) (7168 -1024 -416 ) 
4 55 67 (7168 -2048 -736 ) (7168 -2048 -416 ) (6144 -2048 -416 ) (6144 -2048 -736 ) 
4 55 58 (6144 -1024 -416 ) (6144 -1024 -736 ) (6144 -2048 -736 ) (6144 -2048 -416 ) 
4 55 56 (7168 -2048 -736 ) (6144 -2048 -736 ) (6144 -1024 -736 ) (7168 -1024 -736 ) 
4 56 68 (7168 -2048 -800 ) (7168 -2048 -736 ) (6144 -2048 -736 ) (6144 -2048 -800 ) 
4 56 59 (6144 -1024 -736 ) (6144 -1024 -800 ) (6144 -2048 -800 ) (6144 -2048 -736 ) 
4 57 69 (6144 -2048 -416 ) (6144 -2048 3296 ) (5120 -2048 3296 ) (5120 -2048 -416 ) 
4 57 63 (5120 -2048 -416 ) (5120 -2048 3296 ) (5120 -1024 3296 ) (5120 -1024 -416 ) 
4 57 58 (6144 -1024 -416 ) (6144 -2048 -416 ) (5120 -2048 -416 ) (5120 -1024 -416 ) 
4 58 70 (6144 -2048 -736 ) (6144 -2048 -416 ) (5120 -2048 -416 ) (5120 -2048 -736 ) 
4 58 64 (5120 -2048 -736 ) (5120 -2048 -416 ) (5120 -1024 -416 ) (5120 -1024 -736 ) 
4 58 59 (6144 -1024 -736 ) (6144 -2048 -736 ) (5120 -2048 -736 ) (5120 -1024 -736 ) 
4 59 71 (6144 -2048 -800 ) (6144 -2048 -736 ) (5120 -2048 -736 ) (5120 -2048 -800 ) 
4 59 65 (5120 -2048 -800 ) (5120 -2048 -736 ) (5120 -1024 -736 ) (5120 -1024 -800 ) 
4 60 63 (5120 -1024 -416 ) (5120 -1024 3296 ) (4729.600586 -1024 3296 ) (4729.600586 -1024 -416 ) 
4 60 61 (5120 -1024 -416 ) (4729.600586 -1024 -416 ) (4729.600586 0 -416 ) (5120 0 -416 ) 
4 61 64 (5120 -1024 -736 ) (5120 -1024 -416 ) (4729.600586 -1024 -416 ) (4729.600586 -1024 -736 ) 
4 61 62 (4729.600586 -1024 -736 ) (4729.600586 0 -736 ) (5120 0 -736 ) (5120 -1024 -736 ) 
4 62 65 (5120 -1024 -800 ) (5120 -1024 -736 ) (4729.600586 -1024 -736 ) (4729.600586 -1024 -800 ) 
4 63 72 (5120 -2048 -416 ) (5120 -2048 3296 ) (4729.600586 -2048 3296 ) (4729.600586 -2048 -416 ) 
4 63 64 (4729.600586 -1024 -416 ) (5120 -1024 -416 ) (5120 -2048 -416 ) (4729.600586 -2048 -416 ) 
4 64 73 (5120 -2048 -736 ) (5120 -2048 -416 ) (4729.600586 -2048 -416 ) (4729.600586 -2048 -736 ) 
4 64 65 (5120 -2048 -736 ) (4729.600586 -2048 -736 ) (4729.600586 -1024 -736 ) (5120 -1024 -736 ) 
4 65 74 (5120 -2048 -800 ) (5120 -2048 -736 ) (4729.600586 -2048 -736 ) (4729.600586 -2048 -800 ) 
4 66 69 (6144 -2048 3296 ) (6144 -2048 -416 ) (6144 -2310.399902 -416 ) (6144 -2310.399902 3296 ) 
4 66 67 (6144 -2310.399902 -416 ) (6144 -2048 -416 ) (7168 -2048 -416 ) (7168 -2310.399902 -416 ) 
4 67 70 (6144 -2048 -416 ) (6144 -2048 -736 ) (6144 -2310.399902 -736 ) (6144 -2310.399902 -416 ) 
4 67 68 (7168 -2310.399902 -736 ) (6144 -2310.399902 -736 ) (6144 -2048 -736 ) (7168 -2048 -736 ) 
4 68 71 (6144 -2048 -736 ) (6144 -2048 -800 ) (6144 -2310.399902 -800 ) (6144 -2310.399902 -736 ) 
4 69 72 (5120 -2048 3296 ) (5120 -2048 -416 ) (5120 -2310.399902 -416 ) (5120 -2310.399902 3296 ) 
4 69 70 (5120 -2048 -416 ) (6144 -2048 -416 ) (6144 -2310.399902 -416 ) (5120 -2310.399902 -416 ) 
4 70 73 (5120 -2048 -416 ) (5120 -2048 -736 ) (5120 -2310.399902 -736 ) (5120 -2310.399902 -416 ) 
4 70 71 (6144 -2310.399902 -736 ) (5120 -2310.399902 -736 ) (5120 -2048 -736 ) (6144 -2048 -736 ) 
4 71 74 (5120 -2048 -736 ) (5120 -2048 -800 ) (5120 -2310.399902 -800 ) (5120 -2310.399902 -736 ) 
4 72 73 (4729.600586 -2310.399902 -416 ) (4729.600586 -2048 -416 ) (5120 -2048 -416 ) (5120 -2310.399902 -416 ) 
4 73 74 (5120 -2310.399902 -736 ) (4729.600586 -2310.399902 -736 ) (4729.600586 -2048 -736 ) (5120 -2048 -736 ) 
4 75 94 (2048 1024 -768 ) (2048 1024 -376 ) (2048 1440 -376 ) (2048 1440 -768 ) 
4 75 93 (2048 1440 -376 ) (2048 1612.800171 -376 ) (2048 1612.800171 -768 ) (2048 1440 -768 ) 
4 75 77 (2048 1024 -376 ) (2048 1024 768 ) (2048 1612.800171 768 ) (2048 1612.800171 -376 ) 
4 75 76 (2150.399902 1024 768 ) (2048 1024 768 ) (2048 1024 -768 ) (2150.399902 1024 -768 ) 
4 76 235 (2150.399902 0 768 ) (2048 0 768 ) (2048 0 -768 ) (2150.399902 0 -768 ) 
4 76 141 (2048 0 -768 ) (2048 0 -480 ) (2048 1024 -480 ) (2048 1024 -768 ) 
4 76 139 (2048 0 -480 ) (2048 0 -444 ) (2048 352 -444 ) (2048 352 -480 ) 
4 76 137 (2048 352 -444 ) (2048 512 -444 ) (2048 512 -480 ) (2048 352 -480 ) 
4 76 135 (2048 512 -444 ) (2048 1024 -444 ) (2048 1024 -480 ) (2048 512 -480 ) 
4 76 125 (2048 0 -444 ) (2048 0 -220 ) (2048 868 -220 ) (2048 868 -444 ) 
4 76 117 (2048 868 -220 ) (2048 1024 -220 ) (2048 1024 -384 ) (2048 868 -384 ) 
4 76 124 (2048 1024 -384 ) (2048 1024 -444 ) (2048 868 -444 ) (2048 868 -384 ) 
3 76 114 (2048 992 -64 ) (2048 1024 -64 ) (2048 1024 -102.929398 ) 
5 76 108 (2048 0 -220 ) (2048 0 -64 ) (2048 992 -64 ) (2048 1024 -102.929398 ) (2048 1024 -220 ) 
4 76 107 (2048 0 -64 ) (2048 0 768 ) (2048 1024 768 ) (2048 1024 -64 ) 
4 77 117 (2048 1024 -376 ) (2048 1024 -220 ) (1512 1024 -220 ) (1512 1024 -376 ) 
4 77 114 (2048 1024 -102.929398 ) (2048 1024 -64 ) (1512 1024 -64 ) (1512 1024 -102.929398 ) 
4 77 108 (2048 1024 -220 ) (2048 1024 -102.929398 ) (1512 1024 -102.929398 ) (1512 1024 -220 ) 
4 77 107 (2048 1024 -64 ) (2048 1024 768 ) (1512 1024 768 ) (1512 1024 -64 ) 
4 77 97 (1512 1280 -376 ) (1512 1440 -376 ) (1792 1440 -376 ) (1792 1280 -376 ) 
4 77 99 (1792 1024 -376 ) (1512 1024 -376 ) (1512 1280 -376 ) (1792 1280 -376 ) 
4 77 95 (1952 1024 -376 ) (1792 1024 -376 ) (1792 1440 -376 ) (1952 1440 -376 ) 
4 77 94 (2048 1024 -376 ) (1952 1024 -376 ) (1952 1440 -376 ) (2048 1440 -376 ) 
4 77 93 (1512 1440 -376 ) (1512 1612.800171 -376 ) (2048 1612.800171 -376 ) (2048 1440 -376 ) 
4 77 84 (1512 1124 -376 ) (1512 1024 -376 ) (1512 1024 -224 ) (1512 1124 -224 ) 
4 77 83 (1512 1024 -224 ) (1512 1024 -220 ) (1512 1120.231934 -220 ) (1512 1123.520020 -224 ) 
4 77 81 (1512 1612.800171 -220 ) (1512 1612.800171 -224 ) (1512 1132 -224 ) (1512 1128.711914 -220 ) 
4 77 82 (1512 1612.800171 -224 ) (1512 1612.800171 -376 ) (1512 1124 -376 ) (1512 1124 -224 ) 
5 77 80 (1512 1612.800171 768 ) (1512 1612.800171 -220 ) (1512 1128.712036 -220 ) (1512 1024 -92.613190 ) (1512 1024 768 ) 
3 77 78 (1512 1120.232056 -220 ) (1512 1024 -220 ) (1512 1024 -102.929428 ) 
4 78 110 (1504 1024 -220 ) (1512 1024 -220 ) (1512 1024 -102.929428 ) (1504 1024 -102.929428 ) 
4 78 83 (1504 1120.232056 -220 ) (1512 1120.232056 -220 ) (1512 1024 -220 ) (1504 1024 -220 ) 
4 79 111 (1296 1024 -102.929443 ) (1296 1024 -220 ) (1496 1024 -220 ) (1496 1024 -102.929428 ) 
4 79 85 (1296 1024 -220 ) (1296 1116 -220 ) (1496 1116 -220 ) (1496 1024 -220 ) 
4 80 115 (1296 1024 -64 ) (1296 1024 -92.613159 ) (1512 1024 -92.613190 ) (1512 1024 -64 ) 
4 80 107 (1512 1024 768 ) (1296 1024 768 ) (1296 1024 -64 ) (1512 1024 -64 ) 
4 80 87 (1296 1024 -92.613190 ) (1296 1024 768 ) (1296 1124 768 ) (1296 1124 -214.267593 ) 
5 80 86 (1296 1124 768 ) (1296 1612.800171 768 ) (1296 1612.800171 -220 ) (1296 1128.712036 -220 ) (1296 1124 -214.267593 ) 
4 80 81 (1296 1128.712036 -220 ) (1296 1612.800171 -220 ) (1512 1612.800171 -220 ) (1512 1128.712036 -220 ) 
4 81 86 (1296 1128.711914 -220 ) (1296 1612.800171 -220 ) (1296 1612.800171 -224 ) (1296 1132 -224 ) 
4 81 82 (1296 1132 -224 ) (1296 1612.800171 -224 ) (1512 1612.800171 -224 ) (1512 1132 -224 ) 
4 82 97 (1296 1280 -376 ) (1296 1440 -376 ) (1512 1440 -376 ) (1512 1280 -376 ) 
4 82 99 (1296 1124 -376 ) (1296 1280 -376 ) (1512 1280 -376 ) (1512 1124 -376 ) 
4 82 93 (1296 1440 -376 ) (1296 1612.800171 -376 ) (1512 1612.800171 -376 ) (1512 1440 -376 ) 
4 82 88 (1296 1612.800171 -376 ) (1296 1124 -376 ) (1296 1124 -224 ) (1296 1612.800171 -224 ) 
4 82 84 (1512 1124 -376 ) (1512 1124 -224 ) (1504 1124 -224 ) (1504 1124 -376 ) 
4 83 118 (1512 1024 -224 ) (1512 1024 -220 ) (1504 1024 -220 ) (1504 1024 -224 ) 
4 83 84 (1512 1123.520020 -224 ) (1512 1024 -224 ) (1504 1024 -224 ) (1504 1123.520020 -224 ) 
4 84 119 (1504 1024 -376 ) (1512 1024 -376 ) (1512 1024 -224 ) (1504 1024 -224 ) 
4 84 99 (1512 1024 -376 ) (1504 1024 -376 ) (1504 1124 -376 ) (1512 1124 -376 ) 
4 85 122 (1296 1024 -220 ) (1296 1024 -376 ) (1430 1024 -376 ) (1430 1024 -220 ) 
4 85 121 (1430 1024 -376 ) (1496 1024 -376 ) (1496 1024 -220 ) (1430 1024 -220 ) 
4 85 99 (1496 1024 -376 ) (1296 1024 -376 ) (1296 1116 -376 ) (1496 1116 -376 ) 
5 86 90 (1288 1612.800171 768 ) (1288 1612.800171 -224 ) (1288 1132 -224 ) (1288 1124 -214.267670 ) (1288 1124 768 ) 
4 86 88 (1288 1132 -224 ) (1288 1612.800171 -224 ) (1296 1612.800171 -224 ) (1296 1132 -224 ) 
4 86 87 (1288 1124 768 ) (1288 1124 -214.267700 ) (1296 1124 -214.267670 ) (1296 1124 768 ) 
4 87 115 (1296 1024 -92.613144 ) (1296 1024 -64 ) (1288 1024 -64 ) (1288 1024 -92.613098 ) 
4 87 107 (1296 1024 -64 ) (1296 1024 768 ) (1288 1024 768 ) (1288 1024 -64 ) 
4 87 90 (1288 1024 -92.613144 ) (1288 1024 768 ) (1288 1124 768 ) (1288 1124 -214.267700 ) 
4 88 97 (1288 1280 -376 ) (1288 1440 -376 ) (1296 1440 -376 ) (1296 1280 -376 ) 
4 88 99 (1288 1124 -376 ) (1288 1280 -376 ) (1296 1280 -376 ) (1296 1124 -376 ) 
4 88 93 (1288 1440 -376 ) (1288 1612.800171 -376 ) (1296 1612.800171 -376 ) (1296 1440 -376 ) 
4 88 91 (1288 1612.800171 -224 ) (1288 1612.800171 -376 ) (1288 1124 -376 ) (1288 1124 -224 ) 
4 89 131 (1288 1024 -224 ) (1288 1024 -220 ) (1280 1024 -220 ) (1280 1024 -224 ) 
4 89 112 (1288 1024 -220 ) (1288 1024 -102.929382 ) (1280 1024 -102.929382 ) (1280 1024 -220 ) 
4 89 91 (1280 1024 -224 ) (1280 1123.520020 -224 ) (1288 1123.520020 -224 ) (1288 1024 -224 ) 
3 89 92 (1280 1123.520020 -224 ) (1280 1024 -224 ) (1280 1024 -102.929382 ) 
4 90 115 (1288 1024 -92.613144 ) (1288 1024 -64 ) (1280 1024 -64 ) (1280 1024 -92.613098 ) 
4 90 107 (1288 1024 -64 ) (1288 1024 768 ) (1280 1024 768 ) (1280 1024 -64 ) 
5 90 92 (1280 1612.800171 768 ) (1280 1612.800171 -224 ) (1280 1132 -224 ) (1280 1024 -92.613144 ) (1280 1024 768 ) 
4 90 91 (1280 1132 -224 ) (1280 1612.800171 -224 ) (1288 1612.800171 -224 ) (1288 1132 -224 ) 
4 91 132 (1280 1024 -376 ) (1288 1024 -376 ) (1288 1024 -224 ) (1280 1024 -224 ) 
4 91 97 (1280 1280 -376 ) (1280 1440 -376 ) (1288 1440 -376 ) (1288 1280 -376 ) 
4 91 99 (1288 1024 -376 ) (1280 1024 -376 ) (1280 1280 -376 ) (1288 1280 -376 ) 
4 91 93 (1280 1440 -376 ) (1280 1612.800171 -376 ) (1288 1612.800171 -376 ) (1288 1440 -376 ) 
4 91 92 (1280 1612.800171 -224 ) (1280 1612.800171 -376 ) (1280 1024 -376 ) (1280 1024 -224 ) 
4 92 133 (1024 1024 -220 ) (1024 1024 -376 ) (1280 1024 -376 ) (1280 1024 -220 ) 
4 92 116 (1024 1024 -64 ) (1024 1024 -102.929398 ) (1280 1024 -102.929398 ) (1280 1024 -64 ) 
4 92 113 (1024 1024 -102.929398 ) (1024 1024 -220 ) (1280 1024 -220 ) (1280 1024 -102.929398 ) 
4 92 107 (1024 1024 768 ) (1024 1024 -64 ) (1280 1024 -64 ) (1280 1024 768 ) 
4 92 103 (1024 1024 -376 ) (1024 1024 768 ) (1024 1280 768 ) (1024 1280 -376 ) 
4 92 101 (1024 1280 768 ) (1024 1440 768 ) (1024 1440 -376 ) (1024 1280 -376 ) 
4 92 100 (1024 1440 768 ) (1024 1612.800171 768 ) (1024 1612.800171 -376 ) (1024 1440 -376 ) 
4 92 97 (1024 1280 -376 ) (1024 1440 -376 ) (1280 1440 -376 ) (1280 1280 -376 ) 
4 92 99 (1280 1024 -376 ) (1024 1024 -376 ) (1024 1280 -376 ) (1280 1280 -376 ) 
4 92 93 (1024 1440 -376 ) (1024 1612.800171 -376 ) (1280 1612.800171 -376 ) (1280 1440 -376 ) 
4 93 106 (1024 1612.800171 -480 ) (1024 1612.800171 -768 ) (1024 1440 -768 ) (1024 1440 -480 ) 
4 93 100 (1024 1440 -376 ) (1024 1612.800171 -376 ) (1024 1612.800171 -480 ) (1024 1440 -480 ) 
4 93 97 (1792 1440 -444 ) (1792 1440 -376 ) (1024 1440 -376 ) (1024 1440 -444 ) 
4 93 98 (1024 1440 -768 ) (1792 1440 -768 ) (1792 1440 -480 ) (1024 1440 -480 ) 
4 93 95 (1952 1440 -444 ) (1952 1440 -376 ) (1792 1440 -376 ) (1792 1440 -444 ) 
4 93 96 (1792 1440 -768 ) (1952 1440 -768 ) (1952 1440 -480 ) (1792 1440 -480 ) 
4 93 94 (1952 1440 -768 ) (2048 1440 -768 ) (2048 1440 -376 ) (1952 1440 -376 ) 
4 94 141 (2048 1024 -768 ) (2048 1024 -480 ) (1952 1024 -480 ) (1952 1024 -768 ) 
4 94 135 (2048 1024 -480 ) (2048 1024 -444 ) (1952 1024 -444 ) (1952 1024 -480 ) 
4 94 117 (2048 1024 -384 ) (2048 1024 -376 ) (1952 1024 -376 ) (1952 1024 -384 ) 
4 94 124 (2048 1024 -444 ) (2048 1024 -384 ) (1952 1024 -384 ) (1952 1024 -444 ) 
4 94 95 (1952 1440 -376 ) (1952 1440 -444 ) (1952 1024 -444 ) (1952 1024 -376 ) 
4 94 96 (1952 1440 -480 ) (1952 1440 -768 ) (1952 1024 -768 ) (1952 1024 -480 ) 
4 95 117 (1952 1024 -376 ) (1792 1024 -376 ) (1792 1024 -384 ) (1952 1024 -384 ) 
4 95 124 (1792 1024 -384 ) (1792 1024 -444 ) (1952 1024 -444 ) (1952 1024 -384 ) 
4 95 97 (1792 1440 -376 ) (1792 1440 -444 ) (1792 1280 -444 ) (1792 1280 -376 ) 
4 95 99 (1792 1280 -444 ) (1792 1024 -444 ) (1792 1024 -376 ) (1792 1280 -376 ) 
4 96 141 (1792 1024 -480 ) (1792 1024 -768 ) (1952 1024 -768 ) (1952 1024 -480 ) 
4 96 98 (1792 1440 -480 ) (1792 1440 -768 ) (1792 1280 -768 ) (1792 1280 -480 ) 
4 96 99 (1792 1280 -768 ) (1792 1024 -768 ) (1792 1024 -480 ) (1792 1280 -480 ) 
4 97 101 (1024 1280 -376 ) (1024 1440 -376 ) (1024 1440 -444 ) (1024 1280 -444 ) 
4 97 99 (1792 1280 -444 ) (1792 1280 -376 ) (1024 1280 -376 ) (1024 1280 -444 ) 
4 98 106 (1024 1440 -480 ) (1024 1440 -768 ) (1024 1280 -768 ) (1024 1280 -480 ) 
4 98 99 (1024 1280 -768 ) (1792 1280 -768 ) (1792 1280 -480 ) (1024 1280 -480 ) 
4 99 141 (1024 1024 -480 ) (1024 1024 -768 ) (1792 1024 -768 ) (1792 1024 -480 ) 
4 99 136 (1024 1024 -444 ) (1024 1024 -480 ) (1792 1024 -480 ) (1792 1024 -444 ) 
4 99 134 (1296 1024 -376 ) (1024 1024 -376 ) (1024 1024 -444 ) (1296 1024 -444 ) 
4 99 122 (1430 1024 -376 ) (1296 1024 -376 ) (1296 1024 -384 ) (1430 1024 -384 ) 
4 99 121 (1496 1024 -376 ) (1430 1024 -376 ) (1430 1024 -384 ) (1496 1024 -384 ) 
4 99 120 (1512 1024 -376 ) (1496 1024 -376 ) (1496 1024 -384 ) (1512 1024 -384 ) 
4 99 117 (1792 1024 -376 ) (1512 1024 -376 ) (1512 1024 -384 ) (1792 1024 -384 ) 
4 99 124 (1296 1024 -384 ) (1296 1024 -444 ) (1792 1024 -444 ) (1792 1024 -384 ) 
4 99 106 (1024 1024 -768 ) (1024 1024 -480 ) (1024 1280 -480 ) (1024 1280 -768 ) 
4 99 103 (1024 1024 -444 ) (1024 1024 -376 ) (1024 1280 -376 ) (1024 1280 -444 ) 
4 100 167 (0 1612.800171 -480 ) (0 1440 -480 ) (0 1440 768 ) (0 1612.800171 768 ) 
4 100 106 (1024 1612.800171 -480 ) (1024 1440 -480 ) (0 1440 -480 ) (0 1612.800171 -480 ) 
4 100 102 (512 1440 -480 ) (864 1440 -480 ) (864 1440 -444 ) (512 1440 -444 ) 
4 100 101 (1024 1440 -444 ) (1024 1440 768 ) (0 1440 768 ) (0 1440 -444 ) 
4 101 168 (0 1280 -444 ) (0 1280 768 ) (0 1440 768 ) (0 1440 -444 ) 
4 101 103 (0 1280 768 ) (0 1280 -444 ) (1024 1280 -444 ) (1024 1280 768 ) 
4 101 102 (864 1280 -444 ) (512 1280 -444 ) (512 1440 -444 ) (864 1440 -444 ) 
4 102 106 (864 1280 -480 ) (512 1280 -480 ) (512 1440 -480 ) (864 1440 -480 ) 
4 102 104 (512 1280 -480 ) (864 1280 -480 ) (864 1280 -444 ) (512 1280 -444 ) 
4 103 171 (0 1024 -444 ) (0 1024 768 ) (0 1280 768 ) (0 1280 -444 ) 
4 103 142 (1024 1024 -444 ) (1024 1024 768 ) (0 1024 768 ) (0 1024 -444 ) 
4 103 104 (512 1280 -444 ) (864 1280 -444 ) (864 1024 -444 ) (512 1024 -444 ) 
4 103 105 (0 1280 -444 ) (352 1280 -444 ) (352 1024 -444 ) (0 1024 -444 ) 
4 104 143 (864 1024 -444 ) (512 1024 -444 ) (512 1024 -480 ) (864 1024 -480 ) 
4 104 106 (864 1024 -480 ) (512 1024 -480 ) (512 1280 -480 ) (864 1280 -480 ) 
4 105 171 (0 1024 -480 ) (0 1024 -444 ) (0 1280 -444 ) (0 1280 -480 ) 
4 105 144 (352 1024 -444 ) (0 1024 -444 ) (0 1024 -480 ) (352 1024 -480 ) 
4 105 106 (352 1024 -480 ) (0 1024 -480 ) (0 1280 -480 ) (352 1280 -480 ) 
4 106 171 (0 1024 -768 ) (0 1024 -480 ) (0 1280 -480 ) (0 1280 -768 ) 
4 106 169 (0 1280 -480 ) (0 1440 -480 ) (0 1440 -768 ) (0 1280 -768 ) 
4 106 167 (0 1440 -480 ) (0 1612.800171 -480 ) (0 1612.800171 -768 ) (0 1440 -768 ) 
4 106 164 (1012 1024 -484 ) (0 1024 -484 ) (0 1024 -768 ) (1012 1024 -768 ) 
4 106 163 (1024 1024 -768 ) (1024 1024 -484 ) (1012 1024 -484 ) (1012 1024 -768 ) 
4 106 145 (1024 1024 -484 ) (1024 1024 -480 ) (0 1024 -480 ) (0 1024 -484 ) 
4 107 238 (1948 0 768 ) (1932 0 768 ) (1932 0 -64 ) (1948 0 -64 ) 
4 107 237 (2048 0 -64 ) (2048 0 768 ) (1948 0 768 ) (1948 0 -64 ) 
4 107 240 (1932 0 768 ) (1024 0 768 ) (1024 0 -64 ) (1932 0 -64 ) 
4 107 147 (1024 768 -64 ) (1024 0 -64 ) (1024 0 768 ) (1024 768 768 ) 
4 107 142 (1024 1024 768 ) (1024 1024 -64 ) (1024 768 -64 ) (1024 768 768 ) 
4 107 115 (1280 1024 -64 ) (1512 1024 -64 ) (1512 1000.479980 -64 ) (1280 1000.479980 -64 ) 
4 107 114 (1512 1024 -64 ) (2048 1024 -64 ) (2048 992 -64 ) (1512 992 -64 ) 
4 107 116 (1024 992 -64 ) (1024 1024 -64 ) (1280 1024 -64 ) (1280 992 -64 ) 
4 107 109 (1512 0 -64 ) (1280 0 -64 ) (1280 983.742004 -64 ) (1512 983.742004 -64 ) 
4 107 108 (2048 0 -64 ) (1512 0 -64 ) (1512 992 -64 ) (2048 992 -64 ) 
4 107 113 (1280 0 -64 ) (1024 0 -64 ) (1024 992 -64 ) (1280 992 -64 ) 
4 108 238 (1948 0 -64 ) (1932 0 -64 ) (1932 0 -220 ) (1948 0 -220 ) 
4 108 237 (2048 0 -220 ) (2048 0 -64 ) (1948 0 -64 ) (1948 0 -220 ) 
4 108 240 (1932 0 -64 ) (1512 0 -64 ) (1512 0 -220 ) (1932 0 -220 ) 
4 108 125 (2048 868 -220 ) (2048 0 -220 ) (1512 0 -220 ) (1512 868 -220 ) 
4 108 117 (1512 1024 -220 ) (2048 1024 -220 ) (2048 868 -220 ) (1512 868 -220 ) 
4 108 114 (1512 992 -64 ) (2048 992 -64 ) (2048 1024 -102.929688 ) (1512 1024 -102.929688 ) 
4 108 110 (1512 992 -64 ) (1512 1024 -102.929428 ) (1512 1024 -220 ) (1512 875.251526 -220 ) 
4 108 109 (1512 866.993591 -220 ) (1512 0 -220 ) (1512 0 -64 ) (1512 983.741943 -64 ) 
4 109 240 (1512 0 -64 ) (1280 0 -64 ) (1280 0 -220 ) (1512 0 -220 ) 
4 109 130 (1288 0 -220 ) (1280 0 -220 ) (1280 866.993591 -220 ) (1288 866.993591 -220 ) 
4 109 128 (1296 0 -220 ) (1288 0 -220 ) (1288 866.993591 -220 ) (1296 866.993591 -220 ) 
4 109 126 (1512 866.993591 -220 ) (1512 0 -220 ) (1296 0 -220 ) (1296 866.993591 -220 ) 
4 109 113 (1280 866.993591 -220 ) (1280 0 -220 ) (1280 0 -64 ) (1280 983.741943 -64 ) 
4 110 118 (1504 1024 -220 ) (1512 1024 -220 ) (1512 875.251526 -220 ) (1504 875.251526 -220 ) 
4 111 122 (1296 1024 -220 ) (1430 1024 -220 ) (1430 876 -220 ) (1296 876 -220 ) 
4 111 121 (1430 1024 -220 ) (1496 1024 -220 ) (1496 876 -220 ) (1430 876 -220 ) 
4 112 131 (1280 1024 -220 ) (1288 1024 -220 ) (1288 875.251526 -220 ) (1280 875.251526 -220 ) 
4 112 113 (1280 992 -64 ) (1280 1024 -102.929428 ) (1280 1024 -220 ) (1280 875.251526 -220 ) 
4 113 240 (1280 0 -64 ) (1024 0 -64 ) (1024 0 -220 ) (1280 0 -220 ) 
4 113 147 (1024 768 -220 ) (1024 0 -220 ) (1024 0 -64 ) (1024 768 -64 ) 
5 113 142 (1024 1024 -102.929398 ) (1024 1024 -220 ) (1024 768 -220 ) (1024 768 -64 ) (1024 992 -64 ) 
4 113 133 (1024 1024 -220 ) (1280 1024 -220 ) (1280 0 -220 ) (1024 0 -220 ) 
4 113 116 (1024 992 -64 ) (1280 992 -64 ) (1280 1024 -102.929688 ) (1024 1024 -102.929688 ) 
3 114 115 (1512 1000.479980 -64 ) (1512 1024 -64 ) (1512 1024 -92.613144 ) 
3 115 116 (1280 1000.479980 -64 ) (1280 1024 -64 ) (1280 1024 -92.613144 ) 
3 116 142 (1024 1024 -64 ) (1024 1024 -102.929398 ) (1024 992 -64 ) 
4 117 125 (1512 868 -384 ) (2048 868 -384 ) (2048 868 -220 ) (1512 868 -220 ) 
4 117 119 (1512 868 -376 ) (1512 868 -224 ) (1512 1024 -224 ) (1512 1024 -376 ) 
4 117 118 (1512 875.251648 -220 ) (1512 1024 -220 ) (1512 1024 -224 ) (1512 872.258057 -224 ) 
4 117 120 (1512 1024 -384 ) (1512 868 -384 ) (1512 868 -376 ) (1512 1024 -376 ) 
4 117 124 (2048 868 -384 ) (1512 868 -384 ) (1512 1024 -384 ) (2048 1024 -384 ) 
4 118 119 (1504 1024 -224 ) (1512 1024 -224 ) (1512 872.258057 -224 ) (1504 872.258057 -224 ) 
4 119 127 (1512 868 -376 ) (1512 868 -224 ) (1504 868 -224 ) (1504 868 -376 ) 
4 119 120 (1504 1024 -376 ) (1512 1024 -376 ) (1512 868 -376 ) (1504 868 -376 ) 
4 120 127 (1496 868 -384 ) (1512 868 -384 ) (1512 868 -376 ) (1496 868 -376 ) 
4 120 121 (1496 1024 -384 ) (1496 876 -384 ) (1496 876 -376 ) (1496 1024 -376 ) 
4 120 124 (1512 868 -384 ) (1496 868 -384 ) (1496 1024 -384 ) (1512 1024 -384 ) 
4 121 122 (1430 1024 -384 ) (1430 876 -384 ) (1430 876 -220 ) (1430 1024 -220 ) 
4 121 124 (1430 876 -384 ) (1430 1024 -384 ) (1496 1024 -384 ) (1496 876 -384 ) 
4 122 134 (1296 1024 -376 ) (1296 1024 -384 ) (1296 876 -384 ) (1296 876 -376 ) 
4 122 123 (1360 876 -384 ) (1430 876 -384 ) (1430 876 -252 ) (1360 876 -252 ) 
4 122 124 (1296 876 -384 ) (1296 1024 -384 ) (1430 1024 -384 ) (1430 876 -384 ) 
4 123 127 (1360 868 -384 ) (1430 868 -384 ) (1430 868 -252 ) (1360 868 -252 ) 
4 123 124 (1430 868 -384 ) (1360 868 -384 ) (1360 876 -384 ) (1430 876 -384 ) 
4 124 135 (1952 1024 -444 ) (2048 1024 -444 ) (2048 868 -444 ) (1952 868 -444 ) 
4 124 136 (1296 868 -444 ) (1296 1024 -444 ) (1792 1024 -444 ) (1792 868 -444 ) 
4 124 134 (1296 1024 -444 ) (1296 868 -444 ) (1296 868 -384 ) (1296 1024 -384 ) 
4 124 127 (1296 868 -384 ) (1296 868 -444 ) (1512 868 -444 ) (1512 868 -384 ) 
4 124 125 (1512 868 -444 ) (2048 868 -444 ) (2048 868 -384 ) (1512 868 -384 ) 
4 125 241 (2048 0 -444 ) (2048 0 -418 ) (1512 0 -418 ) (1512 0 -444 ) 
4 125 238 (1948 0 -220 ) (1932 0 -220 ) (1932 0 -418 ) (1948 0 -418 ) 
4 125 237 (2048 0 -418 ) (2048 0 -220 ) (1948 0 -220 ) (1948 0 -418 ) 
4 125 240 (1932 0 -220 ) (1512 0 -220 ) (1512 0 -418 ) (1932 0 -418 ) 
4 125 139 (2048 0 -444 ) (1512 0 -444 ) (1512 352 -444 ) (2048 352 -444 ) 
4 125 137 (1952 512 -444 ) (2048 512 -444 ) (2048 352 -444 ) (1952 352 -444 ) 
4 125 135 (1952 868 -444 ) (2048 868 -444 ) (2048 512 -444 ) (1952 512 -444 ) 
4 125 136 (1512 512 -444 ) (1512 868 -444 ) (1792 868 -444 ) (1792 512 -444 ) 
4 125 126 (1512 864 -224 ) (1512 0 -224 ) (1512 0 -220 ) (1512 866.993591 -220 ) 
4 125 127 (1512 868 -224 ) (1512 868 -444 ) (1512 0 -444 ) (1512 0 -224 ) 
4 126 240 (1512 0 -220 ) (1296 0 -220 ) (1296 0 -224 ) (1512 0 -224 ) 
4 126 128 (1296 0 -224 ) (1296 0 -220 ) (1296 866.993591 -220 ) (1296 864 -224 ) 
4 126 127 (1296 0 -224 ) (1296 864 -224 ) (1512 864 -224 ) (1512 0 -224 ) 
4 127 242 (1296 0 -418 ) (1296 0 -444 ) (1440 0 -444 ) (1440 0 -418 ) 
4 127 241 (1440 0 -444 ) (1512 0 -444 ) (1512 0 -418 ) (1440 0 -418 ) 
4 127 240 (1296 0 -224 ) (1296 0 -418 ) (1512 0 -418 ) (1512 0 -224 ) 
4 127 139 (1512 0 -444 ) (1440 0 -444 ) (1440 352 -444 ) (1512 352 -444 ) 
4 127 136 (1296 512 -444 ) (1296 868 -444 ) (1512 868 -444 ) (1512 512 -444 ) 
4 127 129 (1296 0 -376 ) (1296 0 -224 ) (1296 868 -224 ) (1296 868 -376 ) 
4 127 134 (1296 868 -444 ) (1296 0 -444 ) (1296 0 -376 ) (1296 868 -376 ) 
4 128 240 (1296 0 -220 ) (1288 0 -220 ) (1288 0 -224 ) (1296 0 -224 ) 
4 128 130 (1288 0 -224 ) (1288 0 -220 ) (1288 866.993591 -220 ) (1288 864 -224 ) 
4 128 129 (1288 0 -224 ) (1288 864 -224 ) (1296 864 -224 ) (1296 0 -224 ) 
4 129 240 (1288 0 -224 ) (1288 0 -376 ) (1296 0 -376 ) (1296 0 -224 ) 
4 129 132 (1288 868 -376 ) (1288 0 -376 ) (1288 0 -224 ) (1288 868 -224 ) 
4 129 134 (1296 868 -376 ) (1296 0 -376 ) (1288 0 -376 ) (1288 868 -376 ) 
4 130 240 (1288 0 -220 ) (1280 0 -220 ) (1280 0 -224 ) (1288 0 -224 ) 
4 130 132 (1280 0 -224 ) (1280 864 -224 ) (1288 864 -224 ) (1288 0 -224 ) 
4 130 133 (1280 0 -224 ) (1280 0 -220 ) (1280 866.993591 -220 ) (1280 864 -224 ) 
4 131 133 (1280 875.251526 -220 ) (1280 1024 -220 ) (1280 1024 -224 ) (1280 872.257996 -224 ) 
4 131 132 (1280 872.257996 -224 ) (1280 1024 -224 ) (1288 1024 -224 ) (1288 872.257996 -224 ) 
4 132 240 (1280 0 -224 ) (1280 0 -376 ) (1288 0 -376 ) (1288 0 -224 ) 
4 132 133 (1280 1024 -376 ) (1280 0 -376 ) (1280 0 -224 ) (1280 1024 -224 ) 
4 132 134 (1280 1024 -376 ) (1288 1024 -376 ) (1288 0 -376 ) (1280 0 -376 ) 
4 133 240 (1280 0 -220 ) (1024 0 -220 ) (1024 0 -376 ) (1280 0 -376 ) 
4 133 157 (1024 336 -376 ) (1024 0 -376 ) (1024 0 -290 ) (1024 336 -290 ) 
3 133 154 (1024 768 -376 ) (1024 463.200867 -376 ) (1024 768 -351.938995 ) 
5 133 151 (1024 463.200867 -376 ) (1024 336 -376 ) (1024 336 -290 ) (1024 768 -290 ) (1024 768 -351.938995 ) 
4 133 148 (1024 0 -290 ) (1024 0 -266 ) (1024 768 -266 ) (1024 768 -290 ) 
4 133 147 (1024 0 -266 ) (1024 0 -220 ) (1024 768 -220 ) (1024 768 -266 ) 
4 133 142 (1024 1024 -220 ) (1024 1024 -376 ) (1024 768 -376 ) (1024 768 -220 ) 
4 133 134 (1024 0 -376 ) (1024 1024 -376 ) (1280 1024 -376 ) (1280 0 -376 ) 
4 134 242 (1280 0 -444 ) (1296 0 -444 ) (1296 0 -418 ) (1280 0 -418 ) 
4 134 243 (1024 0 -418 ) (1024 0 -444 ) (1280 0 -444 ) (1280 0 -418 ) 
4 134 240 (1024 0 -376 ) (1024 0 -418 ) (1296 0 -418 ) (1296 0 -376 ) 
4 134 160 (1024 336 -444 ) (1024 0 -444 ) (1024 0 -442 ) (1024 336 -442 ) 
4 134 157 (1024 0 -442 ) (1024 0 -376 ) (1024 336 -376 ) (1024 336 -442 ) 
6 134 154 (1024 418.094147 -444 ) (1024 336 -444 ) (1024 336 -386.041290 ) (1024 463.200897 -376 ) (1024 768 -376 ) (1024 768 -416.383148 ) 
3 134 152 (1024 768 -444 ) (1024 418.094147 -444 ) (1024 768 -416.383148 ) 
3 134 151 (1024 336 -386.041290 ) (1024 336 -376 ) (1024 463.200897 -376 ) 
4 134 142 (1024 1024 -376 ) (1024 1024 -444 ) (1024 768 -444 ) (1024 768 -376 ) 
4 134 140 (1280 0 -444 ) (1024 0 -444 ) (1024 352 -444 ) (1280 352 -444 ) 
4 134 138 (1024 352 -444 ) (1024 512 -444 ) (1280 512 -444 ) (1280 352 -444 ) 
4 134 136 (1024 512 -444 ) (1024 1024 -444 ) (1296 1024 -444 ) (1296 512 -444 ) 
4 135 141 (1952 1024 -480 ) (2048 1024 -480 ) (2048 512 -480 ) (1952 512 -480 ) 
4 135 137 (1952 512 -480 ) (2048 512 -480 ) (2048 512 -444 ) (1952 512 -444 ) 
4 136 152 (1024 768 -480 ) (1024 512 -480 ) (1024 512 -444 ) (1024 768 -444 ) 
4 136 141 (1024 1024 -480 ) (1792 1024 -480 ) (1792 512 -480 ) (1024 512 -480 ) 
4 136 138 (1024 512 -480 ) (1280 512 -480 ) (1280 512 -444 ) (1024 512 -444 ) 
4 137 141 (2048 512 -480 ) (2048 352 -480 ) (1952 352 -480 ) (1952 512 -480 ) 
4 137 139 (1952 352 -480 ) (2048 352 -480 ) (2048 352 -444 ) (1952 352 -444 ) 
3 138 154 (1024 352 -449.216583 ) (1024 352 -444 ) (1024 418.093842 -444 ) 
5 138 152 (1024 512 -480 ) (1024 352 -480 ) (1024 352 -449.216583 ) (1024 418.093842 -444 ) (1024 512 -444 ) 
4 138 141 (1280 352 -480 ) (1024 352 -480 ) (1024 512 -480 ) (1280 512 -480 ) 
4 138 140 (1024 352 -480 ) (1280 352 -480 ) (1280 352 -444 ) (1024 352 -444 ) 
4 139 241 (2048 0 -480 ) (2048 0 -444 ) (1440 0 -444 ) (1440 0 -480 ) 
4 139 141 (2048 352 -480 ) (2048 0 -480 ) (1440 0 -480 ) (1440 352 -480 ) 
4 140 243 (1280 0 -444 ) (1024 0 -444 ) (1024 0 -480 ) (1280 0 -480 ) 
4 140 160 (1024 336 -480 ) (1024 0 -480 ) (1024 0 -444 ) (1024 336 -444 ) 
4 140 154 (1024 336 -450.479401 ) (1024 336 -444 ) (1024 352 -444 ) (1024 352 -449.216583 ) 
4 140 152 (1024 352 -480 ) (1024 336 -480 ) (1024 336 -450.479401 ) (1024 352 -449.216583 ) 
4 140 141 (1280 0 -480 ) (1024 0 -480 ) (1024 352 -480 ) (1280 352 -480 ) 
4 141 244 (2048 0 -768 ) (2048 0 -480 ) (1024 0 -480 ) (1024 0 -768 ) 
4 141 163 (1024 1024 -484 ) (1024 1024 -768 ) (1024 0 -768 ) (1024 0 -484 ) 
4 141 160 (1024 336 -484 ) (1024 0 -484 ) (1024 0 -480 ) (1024 336 -480 ) 
4 141 152 (1024 768 -484 ) (1024 336 -484 ) (1024 336 -480 ) (1024 768 -480 ) 
4 141 145 (1024 1024 -480 ) (1024 1024 -484 ) (1024 768 -484 ) (1024 768 -480 ) 
4 142 211 (0 1024 -400 ) (0 1024 -444 ) (0 768 -444 ) (0 768 -400 ) 
4 142 210 (0 1024 768 ) (0 1024 -400 ) (0 768 -400 ) (0 768 768 ) 
4 142 155 (696.522461 768 -444 ) (706.464294 768 -444 ) (704.587524 768 -379.887299 ) (694.671082 768 -380.754974 ) 
5 142 154 (706.464294 768 -444 ) (708.386963 768 -444 ) (1024 768 -416.383179 ) (1024 768 -351.938965 ) (704.587524 768 -379.887299 ) 
4 142 153 (0 768 -441.538086 ) (0 768 -444 ) (696.522461 768 -444 ) (694.671082 768 -380.754974 ) 
3 142 152 (708.386963 768 -444 ) (1024 768 -444 ) (1024 768 -416.383179 ) 
4 142 151 (0 768 -290 ) (0 768 -441.538086 ) (1024 768 -351.938965 ) (1024 768 -290 ) 
4 142 150 (902 768 -290 ) (978 768 -290 ) (941.237976 768 -266 ) (934.765991 768 -266 ) 
4 142 149 (0 768 -266 ) (0 768 -290 ) (902 768 -290 ) (934.765991 768 -266 ) 
4 142 148 (978 768 -290 ) (1024 768 -290 ) (1024 768 -266 ) (941.237976 768 -266 ) 
4 142 147 (0 768 768 ) (0 768 -266 ) (1024 768 -266 ) (1024 768 768 ) 
4 142 144 (352 768 -444 ) (0 768 -444 ) (0 1024 -444 ) (352 1024 -444 ) 
4 142 143 (512 928 -444 ) (512 1024 -444 ) (864 1024 -444 ) (864 928 -444 ) 
4 143 145 (512 928 -480 ) (512 1024 -480 ) (864 1024 -480 ) (864 928 -480 ) 
4 144 211 (0 1024 -444 ) (0 1024 -480 ) (0 768 -480 ) (0 768 -444 ) 
5 144 153 (0 768 -444 ) (0 768 -480 ) (296.968597 768 -480 ) (352 768 -475.184631 ) (352 768 -444 ) 
3 144 152 (296.968597 768 -480 ) (352 768 -480 ) (352 768 -475.184631 ) 
4 144 145 (352 768 -480 ) (0 768 -480 ) (0 1024 -480 ) (352 1024 -480 ) 
4 145 211 (0 1024 -480 ) (0 1024 -484 ) (0 768 -484 ) (0 768 -480 ) 
4 145 165 (1012 768 -484 ) (0 768 -484 ) (0 929.280029 -484 ) (1012 929.280029 -484 ) 
4 145 164 (0 929.280029 -484 ) (0 1024 -484 ) (1012 1024 -484 ) (1012 929.280029 -484 ) 
4 145 163 (1024 1024 -484 ) (1024 768 -484 ) (1012 768 -484 ) (1012 1024 -484 ) 
4 145 153 (0 768 -480 ) (0 768 -484 ) (251.255600 768 -484 ) (296.968933 768 -480 ) 
4 145 152 (251.255600 768 -484 ) (1024 768 -484 ) (1024 768 -480 ) (296.968933 768 -480 ) 
4 147 245 (1024 0 -266 ) (1024 0 768 ) (0 0 768 ) (0 0 -266 ) 
4 147 210 (0 0 -266 ) (0 0 768 ) (0 768 768 ) (0 768 -266 ) 
4 147 150 (934.766052 768 -266 ) (941.237976 768 -266 ) (941.237976 296 -266 ) (934.765991 296 -266 ) 
4 147 149 (0 768 -266 ) (934.766052 768 -266 ) (934.765991 0 -266 ) (0 0 -266 ) 
4 147 148 (941.237976 768 -266 ) (1024 768 -266 ) (1024 0 -266 ) (941.237976 0 -266 ) 
4 148 246 (1024 0 -290 ) (1024 0 -266 ) (941.237976 0 -266 ) (978 0 -290 ) 
4 148 157 (1024 336 -290 ) (1024 0 -290 ) (978 0 -290 ) (978 336 -290 ) 
4 148 151 (978 768 -290 ) (1024 768 -290 ) (1024 336 -290 ) (978 336 -290 ) 
4 148 150 (941.242188 296 -266 ) (941.242188 768 -266 ) (978.004089 768 -290 ) (978.004089 336 -290 ) 
4 149 247 (934.765991 0 -266 ) (0 0 -266 ) (0 0 -290 ) (902 0 -290 ) 
4 149 210 (0 0 -290 ) (0 0 -266 ) (0 768 -266 ) (0 768 -290 ) 
4 149 158 (902 336 -290 ) (902 0 -290 ) (890 0 -290 ) (890 336 -290 ) 
4 149 159 (890 0 -290 ) (0 0 -290 ) (0 336 -290 ) (890 336 -290 ) 
4 149 151 (0 768 -290 ) (902 768 -290 ) (902 336 -290 ) (0 336 -290 ) 
4 149 150 (902 336 -290 ) (902 768 -290 ) (934.765747 768 -266 ) (934.765747 296 -266 ) 
4 150 151 (902 768 -290 ) (978 768 -290 ) (978 336 -290 ) (902 336 -290 ) 
4 151 211 (0 768 -400 ) (0 768 -441.538086 ) (0 336 -475.640411 ) (0 336 -400 ) 
4 151 210 (0 336 -290 ) (0 768 -290 ) (0 768 -400 ) (0 336 -400 ) 
4 151 161 (0 336 -442 ) (0 336 -466 ) (110.177567 336 -466 ) (384.465973 336 -442 ) 
3 151 162 (0 336 -466 ) (0 336 -475.640442 ) (110.177567 336 -466 ) 
4 151 158 (978 336 -290 ) (890 336 -290 ) (890 336 -397.766205 ) (978 336 -390.066284 ) 
4 151 157 (1024 336 -386.041321 ) (1024 336 -290 ) (978 336 -290 ) (978 336 -390.066284 ) 
5 151 159 (890 336 -290 ) (0 336 -290 ) (0 336 -442 ) (384.465973 336 -442 ) (890 336 -397.766205 ) 
4 151 156 (388.083252 336 -441.683044 ) (378.170898 336 -442.550354 ) (552.876465 574.460571 -408.439453 ) (559.315430 569.716553 -408.250549 ) 
4 151 155 (557.573486 580.871643 -407.522369 ) (694.671021 768 -380.754333 ) (704.587463 768 -379.886658 ) (564.012451 576.127625 -407.333466 ) 
4 151 154 (1024 336 -386.040894 ) (388.083252 336 -441.683044 ) (704.587463 768 -379.886658 ) (1024 768 -351.938354 ) 
4 151 153 (378.170898 336 -442.550354 ) (0 336 -475.639954 ) (0 768 -441.537354 ) (694.671021 768 -380.754333 ) 
4 152 165 (1012 336 -484 ) (640.916260 336 -484 ) (251.255600 768 -484 ) (1012 768 -484 ) 
4 152 163 (1024 768 -484 ) (1024 336 -484 ) (1012 336 -484 ) (1012 768 -484 ) 
3 152 161 (931.861145 336 -458.541687 ) (846.625305 336 -466 ) (942.799988 336 -466 ) 
4 152 162 (640.916199 336 -484 ) (978 336 -484 ) (978 336 -466 ) (846.625305 336 -466 ) 
4 152 160 (978 336 -484 ) (1024 336 -484 ) (1024 336 -450.479340 ) (978 336 -454.504425 ) 
4 152 156 (558.437012 579.482056 -472 ) (496.971710 495.586334 -484 ) (502.442169 489.521484 -484 ) (564.876038 574.738037 -471.811035 ) 
4 152 155 (706.469238 768 -444.167816 ) (696.552734 768 -445.035522 ) (563.133911 585.893005 -471.083069 ) (569.572998 581.148987 -470.894043 ) 
5 152 154 (640.917969 336 -484 ) (1024 336 -450.479462 ) (1024 768 -416.383179 ) (706.469238 768 -444.167816 ) (502.442169 489.521484 -484 ) 
3 152 153 (696.552734 768 -445.035522 ) (251.255615 768 -484 ) (496.971710 495.586334 -484 ) 
4 153 211 (0 768 -441.538086 ) (0 768 -484 ) (0 336 -484 ) (0 336 -475.640411 ) 
5 153 165 (379.384247 336 -484 ) (0 336 -484 ) (0 768 -484 ) (251.255600 768 -484 ) (496.971222 495.585663 -484 ) 
3 153 161 (378.857361 336 -466 ) (378.170898 336 -442.550812 ) (110.177551 336 -466 ) 
5 153 162 (0 336 -484 ) (379.384277 336 -484 ) (378.857361 336 -466 ) (110.177551 336 -466 ) (0 336 -475.640442 ) 
5 153 156 (496.997070 495.623199 -484 ) (558.436279 579.483276 -472.005157 ) (552.874451 574.462219 -408.440704 ) (378.167969 336 -442.551758 ) (379.382019 336 -484 ) 
4 153 155 (563.133240 585.894287 -471.088165 ) (696.551147 768 -445.040863 ) (694.667603 768 -380.755920 ) (557.571472 580.873291 -407.523621 ) 
3 154 165 (640.916260 336 -484 ) (389.322021 336 -484 ) (502.441681 489.520813 -484 ) 
5 154 161 (846.625305 336 -466 ) (931.861145 336 -458.541687 ) (907.600037 336 -442 ) (388.092529 336 -442 ) (388.795105 336 -466 ) 
4 154 162 (389.322021 336 -484 ) (640.916199 336 -484 ) (846.625305 336 -466 ) (388.795105 336 -466 ) 
4 154 160 (978 336 -454.504425 ) (1024 336 -450.479340 ) (1024 336 -442 ) (978 336 -442 ) 
4 154 158 (978 336 -390.066284 ) (890 336 -397.766205 ) (890 336 -434 ) (978 336 -434 ) 
4 154 157 (1024 336 -442 ) (1024 336 -386.041321 ) (978 336 -390.066284 ) (978 336 -442 ) 
4 154 159 (890 336 -397.766205 ) (388.083252 336 -441.683502 ) (388.092529 336 -442 ) (890 336 -442 ) 
5 154 156 (564.873718 574.739807 -471.812317 ) (502.446228 489.532043 -484 ) (389.319000 336 -484 ) (388.082031 336 -441.684570 ) (559.314697 569.717285 -408.252106 ) 
4 154 155 (706.465881 768 -444.169342 ) (569.570740 581.150818 -470.895325 ) (564.011780 576.128357 -407.335022 ) (704.586304 768 -379.888428 ) 
4 156 165 (389.322021 336 -484 ) (379.384247 336 -484 ) (496.971222 495.585663 -484 ) (502.441681 489.520813 -484 ) 
5 156 161 (388.795105 336 -466 ) (388.092529 336 -442 ) (384.466034 336 -442 ) (378.170898 336 -442.550812 ) (378.857361 336 -466 ) 
4 156 162 (379.384277 336 -484 ) (389.322021 336 -484 ) (388.795105 336 -466 ) (378.857361 336 -466 ) 
3 156 159 (388.092529 336 -442 ) (388.083252 336 -441.683502 ) (384.466034 336 -442 ) 
4 157 250 (1024 0 -442 ) (1024 0 -434 ) (978 0 -434 ) (978 0 -442 ) 
4 157 249 (1024 0 -434 ) (1024 0 -290 ) (978 0 -290 ) (978 0 -434 ) 
4 157 160 (978 336 -442 ) (1024 336 -442 ) (1024 0 -442 ) (978 0 -442 ) 
4 157 158 (978 336 -290 ) (978 336 -434 ) (978 0 -434 ) (978 0 -290 ) 
4 158 249 (978 0 -290 ) (890 0 -290 ) (890 0 -434 ) (978 0 -434 ) 
4 158 159 (890 336 -290 ) (890 336 -434 ) (890 0 -434 ) (890 0 -290 ) 
4 159 252 (0 0 -434 ) (0 0 -442 ) (890 0 -442 ) (890 0 -434 ) 
4 159 249 (890 0 -290 ) (0 0 -290 ) (0 0 -434 ) (890 0 -434 ) 
4 159 211 (0 0 -442 ) (0 0 -400 ) (0 336 -400 ) (0 336 -442 ) 
4 159 210 (0 0 -400 ) (0 0 -290 ) (0 336 -290 ) (0 336 -400 ) 
4 159 161 (0 336 -442 ) (890 336 -442 ) (890 0 -442 ) (0 0 -442 ) 
4 160 253 (1024 0 -484 ) (1024 0 -442 ) (978 0 -442 ) (978 0 -484 ) 
4 160 165 (1012 0 -484 ) (978 0 -484 ) (978 336 -484 ) (1012 336 -484 ) 
4 160 163 (1024 336 -484 ) (1024 0 -484 ) (1012 0 -484 ) (1012 336 -484 ) 
4 160 162 (978 336 -466 ) (978 336 -484 ) (978 0 -484 ) (978 0 -466 ) 
4 161 254 (907.600037 0 -442 ) (0 0 -442 ) (0 0 -466 ) (942.799988 0 -466 ) 
4 161 211 (0 0 -466 ) (0 0 -442 ) (0 336 -442 ) (0 336 -466 ) 
4 161 162 (0 336 -466 ) (942.799988 336 -466 ) (942.800049 0 -466 ) (0 0 -466 ) 
4 162 255 (0 0 -466 ) (0 0 -484 ) (978 0 -484 ) (978 0 -466 ) 
4 162 211 (0 0 -484 ) (0 0 -466 ) (0 336 -466 ) (0 336 -484 ) 
4 162 165 (978 0 -484 ) (0 0 -484 ) (0 336 -484 ) (978 336 -484 ) 
4 163 257 (1024 0 -768 ) (1024 0 -484 ) (1012 0 -484 ) (1012 0 -768 ) 
4 163 166 (1012 929.280029 -768 ) (1012 0 -768 ) (1012 0 -741.760010 ) (1012 929.280029 -741.760010 ) 
4 163 165 (1012 0 -741.760010 ) (1012 0 -484 ) (1012 929.280029 -484 ) (1012 929.280029 -741.760010 ) 
4 163 164 (1012 1024 -768 ) (1012 929.280029 -768 ) (1012 929.280029 -484 ) (1012 1024 -484 ) 
4 164 218 (0 929.280029 -484 ) (0 1024 -484 ) (0 1024 -768 ) (0 929.280029 -768 ) 
4 164 166 (0 929.280029 -768 ) (1012 929.280029 -768 ) (1012 929.280029 -741.760010 ) (0 929.280029 -741.760010 ) 
4 164 165 (1012 929.280029 -741.760010 ) (1012 929.280029 -484 ) (0 929.280029 -484 ) (0 929.280029 -741.760010 ) 
4 165 258 (1012 0 -484 ) (0 0 -484 ) (0 0 -741.760010 ) (1012 0 -741.760010 ) 
4 165 219 (0 0 -741.760010 ) (0 0 -484 ) (0 929.280029 -484 ) (0 929.280029 -741.760010 ) 
4 165 166 (0 929.280029 -741.760010 ) (1012 929.280029 -741.760010 ) (1012 0 -741.760010 ) (0 0 -741.760010 ) 
4 166 259 (0 0 -741.760010 ) (0 0 -768 ) (1012 0 -768 ) (1012 0 -741.760010 ) 
4 166 220 (0 0 -768 ) (0 0 -741.760010 ) (0 929.280029 -741.760010 ) (0 929.280029 -768 ) 
4 167 168 (-704 1440 768 ) (-704 1440 -444 ) (0 1440 -444 ) (0 1440 768 ) 
4 167 169 (-704 1440 -480 ) (-704 1440 -768 ) (0 1440 -768 ) (0 1440 -480 ) 
4 167 170 (-704 1612.800171 768 ) (-704 1612.800171 -768 ) (-704 1440 -768 ) (-704 1440 768 ) 
4 168 172 (-544 1280 768 ) (-704 1280 768 ) (-704 1280 -444 ) (-544 1280 -444 ) 
4 168 171 (0 1280 -444 ) (0 1280 768 ) (-544 1280 768 ) (-544 1280 -444 ) 
4 168 170 (-704 1280 -444 ) (-704 1280 768 ) (-704 1440 768 ) (-704 1440 -444 ) 
4 169 173 (-704 1280 -768 ) (-544 1280 -768 ) (-544 1280 -480 ) (-704 1280 -480 ) 
4 169 171 (-544 1280 -768 ) (0 1280 -768 ) (0 1280 -480 ) (-544 1280 -480 ) 
4 169 170 (-704 1440 -768 ) (-704 1280 -768 ) (-704 1280 -480 ) (-704 1440 -480 ) 
4 170 181 (-1024 1567 -768 ) (-1024 1280 -768 ) (-1024 1280 768 ) (-1024 1567 768 ) 
4 170 180 (-1024 1584 -768 ) (-1024 1567 -768 ) (-1024 1567 768 ) (-1024 1584 768 ) 
4 170 175 (-1024 1612.800171 -768 ) (-1024 1584 -768 ) (-1024 1584 768 ) (-1024 1612.800171 768 ) 
4 170 174 (-1024 1280 -768 ) (-704 1280 -768 ) (-704 1280 768 ) (-1024 1280 768 ) 
4 171 218 (0 1024 -768 ) (0 1024 -484 ) (-544 1024 -484 ) (-544 1024 -768 ) 
4 171 211 (0 1024 -484 ) (0 1024 -400 ) (-544 1024 -400 ) (-544 1024 -484 ) 
4 171 210 (0 1024 -400 ) (0 1024 768 ) (-544 1024 768 ) (-544 1024 -400 ) 
4 171 172 (-544 1280 768 ) (-544 1280 -444 ) (-544 1024 -444 ) (-544 1024 768 ) 
4 171 173 (-544 1280 -480 ) (-544 1280 -768 ) (-544 1024 -768 ) (-544 1024 -480 ) 
4 172 214 (-704 1024 -416 ) (-704 1024 -444 ) (-544 1024 -444 ) (-544 1024 -416 ) 
4 172 212 (-704 1024 -400 ) (-704 1024 -416 ) (-544 1024 -416 ) (-544 1024 -400 ) 
4 172 210 (-544 1024 768 ) (-704 1024 768 ) (-704 1024 -400 ) (-544 1024 -400 ) 
4 172 174 (-704 1280 768 ) (-704 1280 -444 ) (-704 1024 -444 ) (-704 1024 768 ) 
4 173 218 (-704 1024 -484 ) (-704 1024 -768 ) (-544 1024 -768 ) (-544 1024 -484 ) 
4 173 216 (-704 1024 -480 ) (-704 1024 -484 ) (-544 1024 -484 ) (-544 1024 -480 ) 
4 173 174 (-704 1280 -480 ) (-704 1280 -768 ) (-704 1024 -768 ) (-704 1024 -480 ) 
4 174 218 (-1024 1024 -484 ) (-1024 1024 -768 ) (-704 1024 -768 ) (-704 1024 -484 ) 
4 174 217 (-1024 1024 -400 ) (-1024 1024 -484 ) (-704 1024 -484 ) (-704 1024 -400 ) 
4 174 210 (-704 1024 768 ) (-1024 1024 768 ) (-1024 1024 -400 ) (-704 1024 -400 ) 
4 174 200 (-1024 1024 -480 ) (-1024 1024 -444 ) (-1024 1264 -444 ) (-1024 1264 -480 ) 
4 174 196 (-1024 1024 -444 ) (-1024 1024 768 ) (-1024 1264 768 ) (-1024 1264 -444 ) 
4 174 209 (-1024 1264 -768 ) (-1024 1024 -768 ) (-1024 1024 -480 ) (-1024 1264 -480 ) 
4 174 181 (-1024 1280 -768 ) (-1024 1264 -768 ) (-1024 1264 768 ) (-1024 1280 768 ) 
4 175 180 (-1216 1584 -768 ) (-1024 1584 -768 ) (-1024 1584 768 ) (-1216 1584 768 ) 
4 175 177 (-1216 1584 -336 ) (-1216 1584 768 ) (-1216 1600 768 ) (-1216 1600 -336 ) 
4 175 178 (-1216 1600 -768 ) (-1216 1584 -768 ) (-1216 1584 -544 ) (-1216 1600 -544 ) 
4 175 176 (-1216 1612.800171 768 ) (-1216 1612.800171 -768 ) (-1216 1600 -768 ) (-1216 1600 768 ) 
4 176 177 (-1808 1600 768 ) (-1808 1600 -336 ) (-1216 1600 -336 ) (-1216 1600 768 ) 
4 176 178 (-1808 1600 -544 ) (-1808 1600 -768 ) (-1216 1600 -768 ) (-1216 1600 -544 ) 
4 176 179 (-1808 1612.800171 768 ) (-1808 1612.800171 -768 ) (-1808 1600 -768 ) (-1808 1600 768 ) 
4 177 180 (-1216 1584 -336 ) (-1216 1584 768 ) (-1808 1584 768 ) (-1808 1584 -336 ) 
4 177 179 (-1808 1584 -336 ) (-1808 1584 768 ) (-1808 1600 768 ) (-1808 1600 -336 ) 
4 178 180 (-1808 1584 -768 ) (-1216 1584 -768 ) (-1216 1584 -544 ) (-1808 1584 -544 ) 
4 178 179 (-1808 1600 -768 ) (-1808 1584 -768 ) (-1808 1584 -544 ) (-1808 1600 -544 ) 
4 179 233 (-2048 1584 768 ) (-2048 1612.800171 768 ) (-2048 1612.800171 -768 ) (-2048 1584 -768 ) 
4 179 180 (-2048 1584 -768 ) (-1808 1584 -768 ) (-1808 1584 768 ) (-2048 1584 768 ) 
4 180 233 (-2048 1567 768 ) (-2048 1584 768 ) (-2048 1584 -768 ) (-2048 1567 -768 ) 
4 180 191 (-1726 1567 -768 ) (-1552 1567 -768 ) (-1552 1567 768 ) (-1726 1567 768 ) 
4 180 195 (-2048 1567 -768 ) (-1726 1567 -768 ) (-1726 1567 768 ) (-2048 1567 768 ) 
4 180 188 (-1392 1567 -488 ) (-1392 1567 768 ) (-1552 1567 768 ) (-1552 1567 -488 ) 
4 180 187 (-1552 1567 -768 ) (-1392 1567 -768 ) (-1392 1567 -512 ) (-1552 1567 -512 ) 
4 180 182 (-1392 1567 -768 ) (-1286 1567 -768 ) (-1286 1567 768 ) (-1392 1567 768 ) 
4 180 181 (-1286 1567 -768 ) (-1024 1567 -768 ) (-1024 1567 768 ) (-1286 1567 768 ) 
4 181 200 (-1024 1264 -480 ) (-1024 1264 -444 ) (-1286 1264 -444 ) (-1286 1264 -480 ) 
4 181 196 (-1024 1264 -444 ) (-1024 1264 768 ) (-1286 1264 768 ) (-1286 1264 -444 ) 
4 181 209 (-1286 1264 -768 ) (-1024 1264 -768 ) (-1024 1264 -480 ) (-1286 1264 -480 ) 
4 181 184 (-1286 1264 -472 ) (-1286 1264 -304 ) (-1286 1298 -304 ) (-1286 1298 -472 ) 
4 181 183 (-1286 1264 -304 ) (-1286 1264 768 ) (-1286 1298 768 ) (-1286 1298 -304 ) 
4 181 185 (-1286 1298 -768 ) (-1286 1264 -768 ) (-1286 1264 -472 ) (-1286 1298 -472 ) 
4 181 182 (-1286 1567 768 ) (-1286 1567 -768 ) (-1286 1298 -768 ) (-1286 1298 768 ) 
4 182 188 (-1392 1567 768 ) (-1392 1567 -488 ) (-1392 1298 -448.937286 ) (-1392 1298 768 ) 
4 182 187 (-1392 1567 -512 ) (-1392 1567 -768 ) (-1392 1298 -768 ) (-1392 1298 -472.937317 ) 
4 182 184 (-1392 1298 -304 ) (-1392 1298 -472 ) (-1286 1298 -472 ) (-1286 1298 -304 ) 
4 182 183 (-1392 1298 768 ) (-1392 1298 -304 ) (-1286 1298 -304 ) (-1286 1298 768 ) 
4 182 185 (-1392 1298 -472 ) (-1392 1298 -768 ) (-1286 1298 -768 ) (-1286 1298 -472 ) 
4 183 197 (-1286 1264 -304 ) (-1286 1264 768 ) (-1392 1264 768 ) (-1392 1264 -304 ) 
4 183 189 (-1392 1264 -304 ) (-1392 1264 768 ) (-1392 1298 768 ) (-1392 1298 -304 ) 
4 183 184 (-1392 1264 -304 ) (-1392 1298 -304 ) (-1286 1298 -304 ) (-1286 1264 -304 ) 
4 184 201 (-1286 1264 -472 ) (-1286 1264 -444 ) (-1392 1264 -444 ) (-1392 1264 -472 ) 
4 184 198 (-1286 1264 -444 ) (-1286 1264 -304 ) (-1392 1264 -304 ) (-1392 1264 -444 ) 
4 184 190 (-1392 1264 -444 ) (-1392 1264 -304 ) (-1392 1298 -304 ) (-1392 1298 -448.937317 ) 
3 184 186 (-1392 1264 -472 ) (-1392 1264 -468 ) (-1392 1291.545288 -472 ) 
4 184 185 (-1392 1264 -472 ) (-1392 1298 -472 ) (-1286 1298 -472 ) (-1286 1264 -472 ) 
4 185 202 (-1286 1264 -480 ) (-1286 1264 -472 ) (-1392 1264 -472 ) (-1392 1264 -480 ) 
4 185 209 (-1392 1264 -768 ) (-1286 1264 -768 ) (-1286 1264 -480 ) (-1392 1264 -480 ) 
5 185 187 (-1392 1298 -768 ) (-1392 1264 -768 ) (-1392 1264 -472 ) (-1392 1291.545288 -472 ) (-1392 1298 -472.937317 ) 
3 186 193 (-1552 1264 -472 ) (-1552 1264 -468 ) (-1552 1291.545288 -472 ) 
4 186 187 (-1552 1264 -472 ) (-1552 1291.544922 -472 ) (-1392 1291.544922 -472 ) (-1392 1264 -472 ) 
4 187 209 (-1552 1264 -768 ) (-1392 1264 -768 ) (-1392 1264 -480 ) (-1552 1264 -480 ) 
5 187 194 (-1552 1298 -768 ) (-1552 1264 -768 ) (-1552 1264 -472 ) (-1552 1291.545288 -472 ) (-1552 1298 -472.937317 ) 
4 187 191 (-1552 1567 -512 ) (-1552 1567 -768 ) (-1552 1298 -768 ) (-1552 1298 -472.937317 ) 
4 188 191 (-1552 1567 768 ) (-1552 1567 -488 ) (-1552 1298 -448.937286 ) (-1552 1298 768 ) 
4 188 190 (-1552 1298 -304 ) (-1552 1298 -448.935516 ) (-1392 1298 -448.935516 ) (-1392 1298 -304 ) 
4 188 189 (-1552 1298 768 ) (-1552 1298 -304 ) (-1392 1298 -304 ) (-1392 1298 768 ) 
4 189 197 (-1392 1264 -304 ) (-1392 1264 768 ) (-1552 1264 768 ) (-1552 1264 -304 ) 
4 189 192 (-1552 1264 -304 ) (-1552 1264 768 ) (-1552 1298 768 ) (-1552 1298 -304 ) 
4 189 190 (-1552 1264 -304 ) (-1552 1298 -304 ) (-1392 1298 -304 ) (-1392 1264 -304 ) 
4 190 198 (-1392 1264 -444 ) (-1392 1264 -304 ) (-1552 1264 -304 ) (-1552 1264 -444 ) 
4 190 193 (-1552 1298 -448.937286 ) (-1552 1264 -444 ) (-1552 1264 -304 ) (-1552 1298 -304 ) 
4 191 193 (-1726 1298 -304 ) (-1726 1298 -472 ) (-1552 1298 -472 ) (-1552 1298 -304 ) 
4 191 192 (-1726 1298 768 ) (-1726 1298 -304 ) (-1552 1298 -304 ) (-1552 1298 768 ) 
4 191 194 (-1726 1298 -472 ) (-1726 1298 -768 ) (-1552 1298 -768 ) (-1552 1298 -472 ) 
4 191 195 (-1726 1567 768 ) (-1726 1567 -768 ) (-1726 1298 -768 ) (-1726 1298 768 ) 
4 192 204 (-1552 1264 -304 ) (-1552 1264 768 ) (-1726 1264 768 ) (-1726 1264 -304 ) 
4 192 195 (-1726 1264 -304 ) (-1726 1264 768 ) (-1726 1298 768 ) (-1726 1298 -304 ) 
4 192 193 (-1726 1264 -304 ) (-1726 1298 -304 ) (-1552 1298 -304 ) (-1552 1264 -304 ) 
4 193 205 (-1552 1264 -472 ) (-1552 1264 -304 ) (-1726 1264 -304 ) (-1726 1264 -472 ) 
4 193 194 (-1726 1264 -472 ) (-1726 1298 -472 ) (-1552 1298 -472 ) (-1552 1264 -472 ) 
4 193 195 (-1726 1264 -472 ) (-1726 1264 -304 ) (-1726 1298 -304 ) (-1726 1298 -472 ) 
4 194 206 (-1552 1264 -480 ) (-1552 1264 -472 ) (-1726 1264 -472 ) (-1726 1264 -480 ) 
4 194 209 (-1726 1264 -768 ) (-1552 1264 -768 ) (-1552 1264 -480 ) (-1726 1264 -480 ) 
4 194 195 (-1726 1298 -768 ) (-1726 1264 -768 ) (-1726 1264 -472 ) (-1726 1298 -472 ) 
4 195 233 (-2048 1264 768 ) (-2048 1567 768 ) (-2048 1567 -768 ) (-2048 1264 -768 ) 
4 195 208 (-1726 1264 -480 ) (-1726 1264 768 ) (-2048 1264 768 ) (-2048 1264 -480 ) 
4 195 209 (-2048 1264 -768 ) (-1726 1264 -768 ) (-1726 1264 -480 ) (-2048 1264 -480 ) 
4 196 221 (-1024 1024 -444 ) (-1024 1024 768 ) (-1286 1024 768 ) (-1286 1024 -444 ) 
4 196 200 (-1024 1024 -444 ) (-1286 1024 -444 ) (-1286 1264 -444 ) (-1024 1264 -444 ) 
4 196 198 (-1286 1264 -304 ) (-1286 1264 -444 ) (-1286 1262 -444 ) (-1286 1262 -304 ) 
4 196 197 (-1286 1264 768 ) (-1286 1264 -304 ) (-1286 1262 -304 ) (-1286 1262 768 ) 
4 196 199 (-1286 1262 -444 ) (-1286 1024 -444 ) (-1286 1024 768 ) (-1286 1262 768 ) 
4 197 204 (-1552 1264 768 ) (-1552 1264 -304 ) (-1552 1262 -304 ) (-1552 1262 768 ) 
4 197 199 (-1552 1262 768 ) (-1552 1262 -304 ) (-1286 1262 -304 ) (-1286 1262 768 ) 
4 197 198 (-1286 1262 -304 ) (-1552 1262 -304 ) (-1552 1264 -304 ) (-1286 1264 -304 ) 
4 198 205 (-1552 1264 -304 ) (-1552 1264 -444 ) (-1552 1262 -444 ) (-1552 1262 -304 ) 
4 198 201 (-1392 1264 -444 ) (-1286 1264 -444 ) (-1286 1262 -444 ) (-1392 1262 -444 ) 
4 198 199 (-1552 1262 -304 ) (-1552 1262 -444 ) (-1286 1262 -444 ) (-1286 1262 -304 ) 
4 199 221 (-1286 1024 768 ) (-1552 1024 768 ) (-1552 1024 -444 ) (-1286 1024 -444 ) 
4 199 207 (-1552 1262 -444 ) (-1552 1024 -444 ) (-1552 1024 768 ) (-1552 1262 768 ) 
4 199 203 (-1286 1024 -444 ) (-1392 1024 -444 ) (-1392 1262 -444 ) (-1286 1262 -444 ) 
4 200 222 (-1286 1024 -480 ) (-1024 1024 -480 ) (-1024 1024 -444 ) (-1286 1024 -444 ) 
4 200 202 (-1286 1264 -480 ) (-1286 1262 -480 ) (-1286 1262 -472 ) (-1286 1264 -472 ) 
4 200 201 (-1286 1262 -472 ) (-1286 1262 -444 ) (-1286 1264 -444 ) (-1286 1264 -472 ) 
4 200 203 (-1286 1262 -480 ) (-1286 1024 -480 ) (-1286 1024 -444 ) (-1286 1262 -444 ) 
4 200 209 (-1024 1024 -480 ) (-1286 1024 -480 ) (-1286 1264 -480 ) (-1024 1264 -480 ) 
4 201 203 (-1392 1262 -444 ) (-1392 1262 -472 ) (-1286 1262 -472 ) (-1286 1262 -444 ) 
4 201 202 (-1286 1262 -472 ) (-1392 1262 -472 ) (-1392 1264 -472 ) (-1286 1264 -472 ) 
4 202 203 (-1392 1262 -472 ) (-1392 1262 -480 ) (-1286 1262 -480 ) (-1286 1262 -472 ) 
4 202 209 (-1392 1262 -480 ) (-1392 1264 -480 ) (-1286 1264 -480 ) (-1286 1262 -480 ) 
4 203 222 (-1392 1024 -480 ) (-1286 1024 -480 ) (-1286 1024 -444 ) (-1392 1024 -444 ) 
4 203 209 (-1286 1024 -480 ) (-1392 1024 -480 ) (-1392 1262 -480 ) (-1286 1262 -480 ) 
4 204 208 (-1726 1264 768 ) (-1726 1264 -304 ) (-1726 1262 -304 ) (-1726 1262 768 ) 
4 204 207 (-1726 1262 768 ) (-1726 1262 -304 ) (-1552 1262 -304 ) (-1552 1262 768 ) 
4 204 205 (-1552 1262 -304 ) (-1726 1262 -304 ) (-1726 1264 -304 ) (-1552 1264 -304 ) 
4 205 206 (-1552 1262 -472 ) (-1726 1262 -472 ) (-1726 1264 -472 ) (-1552 1264 -472 ) 
4 205 208 (-1726 1264 -304 ) (-1726 1264 -472 ) (-1726 1262 -472 ) (-1726 1262 -304 ) 
4 205 207 (-1726 1262 -304 ) (-1726 1262 -472 ) (-1552 1262 -472 ) (-1552 1262 -304 ) 
4 206 207 (-1726 1262 -472 ) (-1726 1262 -480 ) (-1552 1262 -480 ) (-1552 1262 -472 ) 
4 206 209 (-1726 1262 -480 ) (-1726 1264 -480 ) (-1552 1264 -480 ) (-1552 1262 -480 ) 
4 206 208 (-1726 1264 -472 ) (-1726 1264 -480 ) (-1726 1262 -480 ) (-1726 1262 -472 ) 
4 207 224 (-1726 1024 -480 ) (-1552 1024 -480 ) (-1552 1024 -444 ) (-1726 1024 -444 ) 
4 207 221 (-1552 1024 -444 ) (-1552 1024 768 ) (-1726 1024 768 ) (-1726 1024 -444 ) 
4 207 208 (-1726 1262 -480 ) (-1726 1024 -480 ) (-1726 1024 768 ) (-1726 1262 768 ) 
4 207 209 (-1552 1024 -480 ) (-1726 1024 -480 ) (-1726 1262 -480 ) (-1552 1262 -480 ) 
4 208 233 (-2048 1024 -480 ) (-2048 1024 768 ) (-2048 1264 768 ) (-2048 1264 -480 ) 
4 208 224 (-1920 1024 -480 ) (-1726 1024 -480 ) (-1726 1024 -444 ) (-1920 1024 -444 ) 
4 208 225 (-2048 1024 -444 ) (-2048 1024 -480 ) (-1920 1024 -480 ) (-1920 1024 -444 ) 
4 208 221 (-2048 1024 768 ) (-2048 1024 -444 ) (-1726 1024 -444 ) (-1726 1024 768 ) 
4 208 209 (-1726 1024 -480 ) (-2048 1024 -480 ) (-2048 1264 -480 ) (-1726 1264 -480 ) 
4 209 233 (-2048 1024 -768 ) (-2048 1024 -480 ) (-2048 1264 -480 ) (-2048 1264 -768 ) 
4 209 229 (-1523.199951 1024 -768 ) (-1024 1024 -768 ) (-1024 1024 -484 ) (-1523.199951 1024 -484 ) 
4 209 232 (-2048 1024 -484 ) (-2048 1024 -768 ) (-1523.199951 1024 -768 ) (-1523.199951 1024 -484 ) 
4 209 228 (-2048 1024 -480 ) (-2048 1024 -484 ) (-1024 1024 -484 ) (-1024 1024 -480 ) 
4 210 277 (0 0 -400 ) (0 0 768 ) (-1024 0 768 ) (-1024 0 -400 ) 
4 210 221 (-1024 1024 768 ) (-1024 1024 -400 ) (-1024 0 -400 ) (-1024 0 768 ) 
4 210 212 (-704 704 -400 ) (-704 1024 -400 ) (-544 1024 -400 ) (-544 704 -400 ) 
4 210 211 (0 0 -400 ) (-544 0 -400 ) (-544 1024 -400 ) (0 1024 -400 ) 
4 210 217 (-704 0 -400 ) (-1024 0 -400 ) (-1024 1024 -400 ) (-704 1024 -400 ) 
4 211 278 (0 0 -484 ) (0 0 -400 ) (-544 0 -400 ) (-544 0 -484 ) 
4 211 219 (0 929.280029 -484 ) (0 0 -484 ) (-544 0 -484 ) (-544 929.280029 -484 ) 
4 211 218 (-544 1024 -484 ) (0 1024 -484 ) (0 929.280029 -484 ) (-544 929.280029 -484 ) 
4 211 215 (-544 0 -480 ) (-544 0 -444 ) (-544 816 -444 ) (-544 960 -480 ) 
4 211 214 (-544 797.090881 -416 ) (-544 1024 -416 ) (-544 1024 -444 ) (-544 960 -444 ) 
4 211 213 (-544 0 -444 ) (-544 0 -416 ) (-544 704 -416 ) (-544 816 -444 ) 
4 211 212 (-544 704 -400 ) (-544 1024 -400 ) (-544 1024 -416 ) (-544 797.090820 -416 ) 
4 211 216 (-544 1024 -484 ) (-544 0 -484 ) (-544 0 -480 ) (-544 1024 -480 ) 
4 212 214 (-704 797.090881 -416 ) (-704 1024 -416 ) (-544 1024 -416 ) (-544 797.090820 -416 ) 
4 212 217 (-704 704 -400 ) (-704 1024 -400 ) (-704 1024 -416 ) (-704 797.090820 -416 ) 
4 213 280 (-704 0 -416 ) (-704 0 -444 ) (-544 0 -444 ) (-544 0 -416 ) 
4 213 215 (-704 0 -444 ) (-704 816 -444 ) (-544 816 -444 ) (-544 0 -444 ) 
4 213 217 (-704 0 -444 ) (-704 0 -416 ) (-704 704 -416 ) (-704 816 -444 ) 
4 214 217 (-704 797.090881 -416 ) (-704 1024 -416 ) (-704 1024 -444 ) (-704 960 -444 ) 
4 215 280 (-704 0 -444 ) (-704 0 -480 ) (-544 0 -480 ) (-544 0 -444 ) 
4 215 217 (-704 0 -480 ) (-704 0 -444 ) (-704 816 -444 ) (-704 960 -480 ) 
4 215 216 (-704 0 -480 ) (-704 960 -480 ) (-544 960 -480 ) (-544 0 -480 ) 
4 216 280 (-704 0 -480 ) (-704 0 -484 ) (-544 0 -484 ) (-544 0 -480 ) 
4 216 219 (-544 929.280029 -484 ) (-544 0 -484 ) (-704 0 -484 ) (-704 929.280029 -484 ) 
4 216 218 (-704 1024 -484 ) (-544 1024 -484 ) (-544 929.280029 -484 ) (-704 929.280029 -484 ) 
4 216 217 (-704 1024 -484 ) (-704 0 -484 ) (-704 0 -480 ) (-704 1024 -480 ) 
4 217 282 (-704 0 -400 ) (-1024 0 -400 ) (-1024 0 -484 ) (-704 0 -484 ) 
4 217 222 (-1024 1024 -444 ) (-1024 1024 -480 ) (-1024 0 -480 ) (-1024 0 -444 ) 
4 217 228 (-1024 1024 -480 ) (-1024 1024 -484 ) (-1024 0 -484 ) (-1024 0 -480 ) 
4 217 221 (-1024 1024 -400 ) (-1024 1024 -444 ) (-1024 0 -444 ) (-1024 0 -400 ) 
4 217 219 (-704 929.280029 -484 ) (-704 0 -484 ) (-1024 0 -484 ) (-1024 929.280029 -484 ) 
4 217 218 (-1024 1024 -484 ) (-704 1024 -484 ) (-704 929.280029 -484 ) (-1024 929.280029 -484 ) 
4 218 229 (-1024 1024 -484 ) (-1024 1024 -768 ) (-1024 929.280029 -768 ) (-1024 929.280029 -484 ) 
4 218 220 (-1024 929.280029 -768 ) (0 929.280029 -768 ) (0 929.280029 -741.760010 ) (-1024 929.280029 -741.760010 ) 
4 218 219 (0 929.280029 -741.760010 ) (0 929.280029 -484 ) (-1024 929.280029 -484 ) (-1024 929.280029 -741.760010 ) 
4 219 285 (0 0 -741.760010 ) (0 0 -484 ) (-1024 0 -484 ) (-1024 0 -741.760010 ) 
4 219 230 (-1024 0 -741.760010 ) (-1024 0 -484 ) (-1024 929.280029 -484 ) (-1024 929.280029 -741.760010 ) 
4 219 220 (0 0 -741.760010 ) (-1024 0 -741.760010 ) (-1024 929.280029 -741.760010 ) (0 929.280029 -741.760010 ) 
4 220 286 (0 0 -768 ) (0 0 -741.760010 ) (-1024 0 -741.760010 ) (-1024 0 -768 ) 
4 220 231 (-1024 929.280029 -768 ) (-1024 0 -768 ) (-1024 0 -741.760010 ) (-1024 929.280029 -741.760010 ) 
4 221 288 (-1024 0 -444 ) (-1024 0 768 ) (-2048 0 768 ) (-2048 0 -444 ) 
4 221 234 (-2048 0 -444 ) (-2048 0 768 ) (-2048 1024 768 ) (-2048 1024 -444 ) 
4 221 226 (-1552 0 -444 ) (-1760 0 -444 ) (-1760 352 -444 ) (-1552 352 -444 ) 
4 221 227 (-1920 0 -444 ) (-2048 0 -444 ) (-2048 352 -444 ) (-1920 352 -444 ) 
4 221 224 (-1920 1024 -444 ) (-1552 1024 -444 ) (-1552 512 -444 ) (-1920 512 -444 ) 
4 221 225 (-2048 352 -444 ) (-2048 1024 -444 ) (-1920 1024 -444 ) (-1920 352 -444 ) 
4 221 223 (-1392 0 -444 ) (-1552 0 -444 ) (-1552 352 -444 ) (-1392 352 -444 ) 
4 221 222 (-1024 0 -444 ) (-1392 0 -444 ) (-1392 1024 -444 ) (-1024 1024 -444 ) 
4 222 289 (-1024 0 -480 ) (-1024 0 -444 ) (-1392 0 -444 ) (-1392 0 -480 ) 
4 222 223 (-1392 352 -480 ) (-1392 0 -480 ) (-1392 0 -444 ) (-1392 352 -444 ) 
4 222 228 (-1392 1024 -480 ) (-1024 1024 -480 ) (-1024 0 -480 ) (-1392 0 -480 ) 
4 223 289 (-1392 0 -444 ) (-1552 0 -444 ) (-1552 0 -480 ) (-1392 0 -480 ) 
4 223 226 (-1552 352 -480 ) (-1552 0 -480 ) (-1552 0 -444 ) (-1552 352 -444 ) 
4 223 228 (-1392 352 -480 ) (-1392 0 -480 ) (-1552 0 -480 ) (-1552 352 -480 ) 
4 224 225 (-1920 1024 -480 ) (-1920 512 -480 ) (-1920 512 -444 ) (-1920 1024 -444 ) 
4 224 228 (-1920 1024 -480 ) (-1552 1024 -480 ) (-1552 512 -480 ) (-1920 512 -480 ) 
4 225 234 (-2048 352 -444 ) (-2048 1024 -444 ) (-2048 1024 -480 ) (-2048 352 -480 ) 
4 225 227 (-2048 352 -480 ) (-1920 352 -480 ) (-1920 352 -444 ) (-2048 352 -444 ) 
4 225 228 (-2048 352 -480 ) (-2048 1024 -480 ) (-1920 1024 -480 ) (-1920 352 -480 ) 
4 226 289 (-1552 0 -444 ) (-1760 0 -444 ) (-1760 0 -480 ) (-1552 0 -480 ) 
4 226 228 (-1760 352 -480 ) (-1552 352 -480 ) (-1552 0 -480 ) (-1760 0 -480 ) 
4 227 290 (-1920 0 -444 ) (-2048 0 -444 ) (-2048 0 -480 ) (-1920 0 -480 ) 
4 227 234 (-2048 0 -480 ) (-2048 0 -444 ) (-2048 352 -444 ) (-2048 352 -480 ) 
4 227 228 (-2048 0 -480 ) (-2048 352 -480 ) (-1920 352 -480 ) (-1920 0 -480 ) 
4 228 292 (-1024 0 -484 ) (-1024 0 -480 ) (-2048 0 -480 ) (-2048 0 -484 ) 
4 228 234 (-2048 0 -484 ) (-2048 0 -480 ) (-2048 1024 -480 ) (-2048 1024 -484 ) 
4 228 230 (-1024 929.280029 -484 ) (-1024 0 -484 ) (-1523.199951 0 -484 ) (-1523.199951 929.280029 -484 ) 
4 228 229 (-1523.199951 1024 -484 ) (-1024 1024 -484 ) (-1024 929.280029 -484 ) (-1523.199951 929.280029 -484 ) 
4 228 232 (-2048 0 -484 ) (-2048 1024 -484 ) (-1523.199951 1024 -484 ) (-1523.199951 0 -484 ) 
4 229 231 (-1523.199951 929.280029 -741.760010 ) (-1523.199951 929.280029 -768 ) (-1024 929.280029 -768 ) (-1024 929.280029 -741.760010 ) 
4 229 230 (-1523.199951 929.280029 -484 ) (-1523.199951 929.280029 -741.760010 ) (-1024 929.280029 -741.760010 ) (-1024 929.280029 -484 ) 
4 229 232 (-1523.199951 1024 -768 ) (-1523.199951 929.280029 -768 ) (-1523.199951 929.280029 -484 ) (-1523.199951 1024 -484 ) 
4 230 293 (-1024 0 -741.760010 ) (-1024 0 -484 ) (-1523.199951 0 -484 ) (-1523.199951 0 -741.760010 ) 
4 230 232 (-1523.199951 0 -741.760010 ) (-1523.199951 0 -484 ) (-1523.199951 929.280029 -484 ) (-1523.199951 929.280029 -741.760010 ) 
4 230 231 (-1523.199951 0 -741.760010 ) (-1523.199951 929.280029 -741.760010 ) (-1024 929.280029 -741.760010 ) (-1024 0 -741.760010 ) 
4 231 294 (-1024 0 -768 ) (-1024 0 -741.760010 ) (-1523.199951 0 -741.760010 ) (-1523.199951 0 -768 ) 
4 231 232 (-1523.199951 929.280029 -768 ) (-1523.199951 0 -768 ) (-1523.199951 0 -741.760010 ) (-1523.199951 929.280029 -741.760010 ) 
4 232 296 (-1523.199951 0 -484 ) (-2048 0 -484 ) (-2048 0 -768 ) (-1523.199951 0 -768 ) 
4 232 234 (-2048 0 -768 ) (-2048 0 -484 ) (-2048 1024 -484 ) (-2048 1024 -768 ) 
4 233 234 (-2048 1024 -768 ) (-2048 1024 768 ) (-2150.399902 1024 768 ) (-2150.399902 1024 -768 ) 
4 234 310 (-2048 0 -768 ) (-2048 0 768 ) (-2150.399902 0 768 ) (-2150.399902 0 -768 ) 
4 235 244 (2048 0 -480 ) (2048 0 -768 ) (2048 -1024 -768 ) (2048 -1024 -480 ) 
4 235 241 (2048 0 -418 ) (2048 0 -480 ) (2048 -1024 -480 ) (2048 -1024 -418 ) 
4 235 237 (2048 0 768 ) (2048 0 -418 ) (2048 -1024 -418 ) (2048 -1024 768 ) 
4 235 236 (2150.399902 -1024 768 ) (2048 -1024 768 ) (2048 -1024 -768 ) (2150.399902 -1024 -768 ) 
4 236 269 (2048 -1612.800171 768 ) (2048 -1280 768 ) (2048 -1280 -768 ) (2048 -1612.800171 -768 ) 
4 236 261 (2048 -1280 768 ) (2048 -1024 768 ) (2048 -1024 -768 ) (2048 -1280 -768 ) 
4 237 261 (2048 -1024 -418 ) (2048 -1024 768 ) (1948 -1024 768 ) (1948 -1024 -418 ) 
4 237 241 (1948 0 -418 ) (2048 0 -418 ) (2048 -1024 -418 ) (1948 -1024 -418 ) 
4 237 239 (1948 -1024 -258 ) (1948 -1024 768 ) (1948 -880 768 ) (1948 -880 -258 ) 
4 237 238 (1948 0 -418 ) (1948 -880 -418 ) (1948 -880 768 ) (1948 0 768 ) 
4 238 241 (1932 0 -418 ) (1948 0 -418 ) (1948 -880 -418 ) (1932 -880 -418 ) 
4 238 239 (1932 -880 768 ) (1932 -880 -258 ) (1948 -880 -258 ) (1948 -880 768 ) 
4 238 240 (1932 0 -418 ) (1932 -880 -418 ) (1932 -880 768 ) (1932 0 768 ) 
4 239 262 (1948 -1024 768 ) (1932 -1024 768 ) (1932 -1024 -258 ) (1948 -1024 -258 ) 
4 239 240 (1932 -1024 -258 ) (1932 -1024 768 ) (1932 -880 768 ) (1932 -880 -258 ) 
4 240 266 (1440 -1024 768 ) (1280 -1024 768 ) (1280 -1024 -418 ) (1440 -1024 -418 ) 
4 240 265 (1932 -1024 768 ) (1440 -1024 768 ) (1440 -1024 -418 ) (1932 -1024 -418 ) 
4 240 268 (1280 -1024 768 ) (1024 -1024 768 ) (1024 -1024 -418 ) (1280 -1024 -418 ) 
4 240 246 (1024 0 -266 ) (1024 0 -290 ) (1024 -1024 -290 ) (1024 -1024 -266 ) 
4 240 245 (1024 0 768 ) (1024 0 -266 ) (1024 -1024 -266 ) (1024 -1024 768 ) 
4 240 249 (1024 0 -290 ) (1024 0 -418 ) (1024 -1024 -418 ) (1024 -1024 -290 ) 
4 240 242 (1280 0 -418 ) (1440 0 -418 ) (1440 -1024 -418 ) (1280 -1024 -418 ) 
4 240 241 (1440 0 -418 ) (1932 0 -418 ) (1932 -1024 -418 ) (1440 -1024 -418 ) 
4 240 243 (1024 -1024 -418 ) (1024 0 -418 ) (1280 0 -418 ) (1280 -1024 -418 ) 
4 241 265 (1932 -1024 -418 ) (1440 -1024 -418 ) (1440 -1024 -480 ) (1932 -1024 -480 ) 
4 241 263 (1948 -1024 -418 ) (1932 -1024 -418 ) (1932 -1024 -480 ) (1948 -1024 -480 ) 
4 241 261 (2048 -1024 -480 ) (2048 -1024 -418 ) (1948 -1024 -418 ) (1948 -1024 -480 ) 
4 241 244 (2048 -1024 -480 ) (1440 -1024 -480 ) (1440 0 -480 ) (2048 0 -480 ) 
4 241 242 (1440 -1024 -444 ) (1440 -1024 -418 ) (1440 0 -418 ) (1440 0 -444 ) 
4 242 266 (1440 -1024 -418 ) (1280 -1024 -418 ) (1280 -1024 -444 ) (1440 -1024 -444 ) 
4 242 243 (1280 -1024 -444 ) (1280 -1024 -418 ) (1280 0 -418 ) (1280 0 -444 ) 
4 243 268 (1280 -1024 -418 ) (1024 -1024 -418 ) (1024 -1024 -480 ) (1280 -1024 -480 ) 
4 243 253 (1024 0 -442 ) (1024 0 -480 ) (1024 -1024 -480 ) (1024 -1024 -442 ) 
4 243 250 (1024 0 -434 ) (1024 0 -442 ) (1024 -1024 -442 ) (1024 -1024 -434 ) 
4 243 249 (1024 0 -418 ) (1024 0 -434 ) (1024 -1024 -434 ) (1024 -1024 -418 ) 
4 243 244 (1280 -1024 -480 ) (1024 -1024 -480 ) (1024 0 -480 ) (1280 0 -480 ) 
4 244 267 (1440 -1024 -480 ) (1280 -1024 -480 ) (1280 -1024 -768 ) (1440 -1024 -768 ) 
4 244 265 (1932 -1024 -480 ) (1440 -1024 -480 ) (1440 -1024 -768 ) (1932 -1024 -768 ) 
4 244 268 (1280 -1024 -480 ) (1024 -1024 -480 ) (1024 -1024 -768 ) (1280 -1024 -768 ) 
4 244 263 (1948 -1024 -480 ) (1932 -1024 -480 ) (1932 -1024 -768 ) (1948 -1024 -768 ) 
4 244 261 (2048 -1024 -768 ) (2048 -1024 -480 ) (1948 -1024 -480 ) (1948 -1024 -768 ) 
4 244 257 (1024 0 -484 ) (1024 0 -768 ) (1024 -1024 -768 ) (1024 -1024 -484 ) 
4 244 253 (1024 0 -480 ) (1024 0 -484 ) (1024 -1024 -484 ) (1024 -1024 -480 ) 
4 245 277 (0 0 768 ) (0 0 -266 ) (0 -1024 -266 ) (0 -1024 768 ) 
4 245 273 (1024 -1024 -266 ) (1024 -1024 768 ) (0 -1024 768 ) (0 -1024 -266 ) 
4 245 248 (941.237976 -32 -266 ) (941.237976 -1024 -266 ) (934.765991 -1024 -266 ) (934.766052 -32 -266 ) 
4 245 247 (0 0 -266 ) (934.766052 0 -266 ) (934.765991 -1024 -266 ) (0 -1024 -266 ) 
4 245 246 (941.237976 0 -266 ) (1024 0 -266 ) (1024 -1024 -266 ) (941.237976 -1024 -266 ) 
4 246 273 (1024 -1024 -290 ) (1024 -1024 -266 ) (941.237976 -1024 -266 ) (978 -1024 -290 ) 
4 246 248 (941.242188 -1024 -266 ) (941.242188 -32 -266 ) (978.004028 -72 -290 ) (978.004028 -1024 -290 ) 
4 246 249 (1024 -1024 -290 ) (978 -1024 -290 ) (978 0 -290 ) (1024 0 -290 ) 
4 247 277 (0 0 -266 ) (0 0 -290 ) (0 -1024 -290 ) (0 -1024 -266 ) 
4 247 273 (934.765991 -1024 -266 ) (0 -1024 -266 ) (0 -1024 -290 ) (902 -1024 -290 ) 
4 247 248 (902 -1024 -290 ) (902 -72 -290 ) (934.765808 -32 -266 ) (934.765808 -1024 -266 ) 
4 247 249 (902 -1024 -290 ) (0 -1024 -290 ) (0 0 -290 ) (902 0 -290 ) 
4 248 273 (941.237976 -1024 -266 ) (934.765991 -1024 -266 ) (902 -1024 -290 ) (978 -1024 -290 ) 
4 248 249 (978 -1024 -290 ) (902 -1024 -290 ) (902 -72 -290 ) (978 -72 -290 ) 
4 249 278 (0 0 -400 ) (0 0 -434 ) (0 -1024 -434 ) (0 -1024 -400 ) 
4 249 277 (0 0 -290 ) (0 0 -400 ) (0 -1024 -400 ) (0 -1024 -290 ) 
4 249 273 (1024 -1024 -434 ) (1024 -1024 -290 ) (0 -1024 -290 ) (0 -1024 -434 ) 
4 249 251 (978 -72 -434 ) (978 -1024 -434 ) (890 -1024 -434 ) (890 -72 -434 ) 
4 249 250 (978 0 -434 ) (1024 0 -434 ) (1024 -1024 -434 ) (978 -1024 -434 ) 
4 249 252 (0 0 -434 ) (890 0 -434 ) (890 -1024 -434 ) (0 -1024 -434 ) 
4 250 273 (1024 -1024 -442 ) (1024 -1024 -434 ) (978 -1024 -434 ) (978 -1024 -442 ) 
4 250 253 (978 0 -442 ) (1024 0 -442 ) (1024 -1024 -442 ) (978 -1024 -442 ) 
4 250 251 (978 -72 -442 ) (978 -1024 -442 ) (978 -1024 -434 ) (978 -72 -434 ) 
4 251 273 (978 -1024 -434 ) (890 -1024 -434 ) (890 -1024 -442 ) (978 -1024 -442 ) 
4 251 256 (978 -72 -442 ) (978 -1024 -442 ) (890 -1024 -442 ) (890 -72 -442 ) 
4 251 252 (890 -72 -442 ) (890 -1024 -442 ) (890 -1024 -434 ) (890 -72 -434 ) 
4 252 278 (0 0 -434 ) (0 0 -442 ) (0 -1024 -442 ) (0 -1024 -434 ) 
4 252 273 (890 -1024 -434 ) (0 -1024 -434 ) (0 -1024 -442 ) (890 -1024 -442 ) 
4 252 254 (0 0 -442 ) (890 0 -442 ) (890 -72 -442 ) (0 -72 -442 ) 
4 252 256 (890 -72 -442 ) (890 -1024 -442 ) (0 -1024 -442 ) (0 -72 -442 ) 
4 253 273 (1024 -1024 -484 ) (1024 -1024 -442 ) (978 -1024 -442 ) (978 -1024 -484 ) 
4 253 258 (978 0 -484 ) (1012 0 -484 ) (1012 -929.280029 -484 ) (978 -929.280029 -484 ) 
4 253 260 (1012 -929.280029 -484 ) (1012 -1024 -484 ) (978 -1024 -484 ) (978 -929.280029 -484 ) 
4 253 257 (1012 0 -484 ) (1024 0 -484 ) (1024 -1024 -484 ) (1012 -1024 -484 ) 
4 253 255 (978 0 -484 ) (978 -72 -484 ) (978 -72 -466 ) (978 0 -466 ) 
4 253 256 (978 -72 -484 ) (978 -1024 -484 ) (978 -1024 -442 ) (978 -72 -442 ) 
4 254 278 (0 0 -442 ) (0 0 -466 ) (0 -72 -466 ) (0 -72 -442 ) 
4 254 255 (942.800049 -72 -466 ) (0 -72 -466 ) (0 0 -466 ) (942.799988 0 -466 ) 
4 254 256 (907.600037 -72 -442 ) (0 -72 -442 ) (0 -72 -466 ) (942.799988 -72 -466 ) 
4 255 278 (0 0 -466 ) (0 0 -484 ) (0 -72 -484 ) (0 -72 -466 ) 
4 255 258 (0 0 -484 ) (978 0 -484 ) (978 -72 -484 ) (0 -72 -484 ) 
4 255 256 (0 -72 -484 ) (978 -72 -484 ) (978 -72 -466 ) (0 -72 -466 ) 
4 256 278 (0 -72 -484 ) (0 -1024 -484 ) (0 -1024 -442 ) (0 -72 -442 ) 
4 256 273 (978 -1024 -442 ) (0 -1024 -442 ) (0 -1024 -484 ) (978 -1024 -484 ) 
4 256 258 (978 -72 -484 ) (978 -929.280029 -484 ) (0 -929.280029 -484 ) (0 -72 -484 ) 
4 256 260 (978 -929.280029 -484 ) (978 -1024 -484 ) (0 -1024 -484 ) (0 -929.280029 -484 ) 
4 257 273 (1024 -1024 -768 ) (1024 -1024 -484 ) (1012 -1024 -484 ) (1012 -1024 -768 ) 
4 257 259 (1012 0 -768 ) (1012 -929.280029 -768 ) (1012 -929.280029 -741.760010 ) (1012 0 -741.760010 ) 
4 257 258 (1012 -929.280029 -741.760010 ) (1012 -929.280029 -484 ) (1012 0 -484 ) (1012 0 -741.760010 ) 
4 257 260 (1012 -929.280029 -768 ) (1012 -1024 -768 ) (1012 -1024 -484 ) (1012 -929.280029 -484 ) 
4 258 285 (0 0 -484 ) (0 0 -741.760010 ) (0 -929.280029 -741.760010 ) (0 -929.280029 -484 ) 
4 258 260 (1012 -929.280029 -741.760010 ) (1012 -929.280029 -484 ) (0 -929.280029 -484 ) (0 -929.280029 -741.760010 ) 
4 258 259 (1012 -929.280029 -741.760010 ) (0 -929.280029 -741.760010 ) (0 0 -741.760010 ) (1012 0 -741.760010 ) 
4 259 286 (0 0 -741.760010 ) (0 0 -768 ) (0 -929.280029 -768 ) (0 -929.280029 -741.760010 ) 
4 259 260 (0 -929.280029 -768 ) (1012 -929.280029 -768 ) (1012 -929.280029 -741.760010 ) (0 -929.280029 -741.760010 ) 
4 260 287 (0 -929.280029 -768 ) (0 -1024 -768 ) (0 -1024 -484 ) (0 -929.280029 -484 ) 
4 260 273 (1012 -1024 -484 ) (0 -1024 -484 ) (0 -1024 -768 ) (1012 -1024 -768 ) 
4 261 269 (1948 -1280 -768 ) (2048 -1280 -768 ) (2048 -1280 768 ) (1948 -1280 768 ) 
4 261 262 (1948 -1120 -258 ) (1948 -1120 768 ) (1948 -1024 768 ) (1948 -1024 -258 ) 
4 261 263 (1948 -1024 -768 ) (1948 -1120 -768 ) (1948 -1120 -418 ) (1948 -1024 -418 ) 
4 261 264 (1948 -1120 -768 ) (1948 -1280 -768 ) (1948 -1280 768 ) (1948 -1120 768 ) 
4 262 265 (1932 -1120 -258 ) (1932 -1120 768 ) (1932 -1024 768 ) (1932 -1024 -258 ) 
4 262 264 (1932 -1120 768 ) (1932 -1120 -258 ) (1948 -1120 -258 ) (1948 -1120 768 ) 
4 263 265 (1932 -1024 -768 ) (1932 -1120 -768 ) (1932 -1120 -418 ) (1932 -1024 -418 ) 
4 263 264 (1932 -1120 -418 ) (1932 -1120 -768 ) (1948 -1120 -768 ) (1948 -1120 -418 ) 
4 264 269 (1932 -1280 -768 ) (1948 -1280 -768 ) (1948 -1280 768 ) (1932 -1280 768 ) 
4 264 265 (1932 -1120 -768 ) (1932 -1280 -768 ) (1932 -1280 768 ) (1932 -1120 768 ) 
4 265 269 (1440 -1280 -768 ) (1932 -1280 -768 ) (1932 -1280 768 ) (1440 -1280 768 ) 
4 265 266 (1440 -1280 -444 ) (1440 -1280 768 ) (1440 -1024 768 ) (1440 -1024 -444 ) 
4 265 267 (1440 -1024 -768 ) (1440 -1280 -768 ) (1440 -1280 -480 ) (1440 -1024 -480 ) 
4 266 270 (1440 -1280 -444 ) (1440 -1280 768 ) (1280 -1280 768 ) (1280 -1280 -444 ) 
4 266 268 (1280 -1280 -444 ) (1280 -1280 768 ) (1280 -1024 768 ) (1280 -1024 -444 ) 
4 267 271 (1280 -1280 -768 ) (1440 -1280 -768 ) (1440 -1280 -480 ) (1280 -1280 -480 ) 
4 267 268 (1280 -1024 -768 ) (1280 -1280 -768 ) (1280 -1280 -480 ) (1280 -1024 -480 ) 
4 268 273 (1024 -1024 768 ) (1024 -1024 -768 ) (1024 -1280 -768 ) (1024 -1280 768 ) 
4 268 270 (1280 -1280 -444 ) (1280 -1280 768 ) (1024 -1280 768 ) (1024 -1280 -444 ) 
4 268 271 (1024 -1280 -768 ) (1280 -1280 -768 ) (1280 -1280 -480 ) (1024 -1280 -480 ) 
4 269 270 (1440 -1280 768 ) (1440 -1280 -444 ) (1440 -1440 -444 ) (1440 -1440 768 ) 
4 269 271 (1440 -1280 -480 ) (1440 -1280 -768 ) (1440 -1440 -768 ) (1440 -1440 -480 ) 
4 269 272 (1440 -1440 -768 ) (1440 -1612.800171 -768 ) (1440 -1612.800171 768 ) (1440 -1440 768 ) 
4 270 274 (1024 -1440 -444 ) (1024 -1440 768 ) (1024 -1280 768 ) (1024 -1280 -444 ) 
4 270 272 (1440 -1440 -444 ) (1440 -1440 768 ) (1024 -1440 768 ) (1024 -1440 -444 ) 
4 271 275 (1024 -1280 -768 ) (1024 -1440 -768 ) (1024 -1440 -480 ) (1024 -1280 -480 ) 
4 271 272 (1024 -1440 -768 ) (1440 -1440 -768 ) (1440 -1440 -480 ) (1024 -1440 -480 ) 
4 272 276 (1024 -1440 -768 ) (1024 -1612.800171 -768 ) (1024 -1612.800171 768 ) (1024 -1440 768 ) 
4 273 303 (0 -1024 -480 ) (0 -1024 -768 ) (0 -1280 -768 ) (0 -1280 -480 ) 
4 273 299 (0 -1056 -480 ) (0 -1280 -480 ) (0 -1280 -444 ) (0 -1056 -444 ) 
4 273 298 (0 -1024 -444 ) (0 -1024 -480 ) (0 -1056 -480 ) (0 -1056 -444 ) 
4 273 297 (0 -1280 768 ) (0 -1024 768 ) (0 -1024 -444 ) (0 -1280 -444 ) 
4 273 274 (1024 -1280 -444 ) (1024 -1280 768 ) (0 -1280 768 ) (0 -1280 -444 ) 
4 273 275 (0 -1280 -768 ) (1024 -1280 -768 ) (1024 -1280 -480 ) (0 -1280 -480 ) 
4 274 297 (0 -1440 768 ) (0 -1280 768 ) (0 -1280 -444 ) (0 -1440 -444 ) 
4 274 276 (1024 -1440 -444 ) (1024 -1440 768 ) (0 -1440 768 ) (0 -1440 -444 ) 
4 275 303 (0 -1280 -480 ) (0 -1280 -768 ) (0 -1440 -768 ) (0 -1440 -480 ) 
4 275 276 (0 -1440 -768 ) (1024 -1440 -768 ) (1024 -1440 -480 ) (0 -1440 -480 ) 
4 276 303 (0 -1440 -480 ) (0 -1440 -768 ) (0 -1612.800171 -768 ) (0 -1612.800171 -480 ) 
4 276 300 (0 -1440 -444 ) (0 -1440 -480 ) (0 -1612.800171 -480 ) (0 -1612.800171 -444 ) 
4 276 297 (0 -1612.800171 768 ) (0 -1440 768 ) (0 -1440 -444 ) (0 -1612.800171 -444 ) 
4 277 297 (0 -1024 -400 ) (0 -1024 768 ) (-1024 -1024 768 ) (-1024 -1024 -400 ) 
4 277 288 (-1024 0 768 ) (-1024 0 -400 ) (-1024 -1024 -400 ) (-1024 -1024 768 ) 
4 277 283 (-1024 -1024 -400 ) (-1024 -896 -400 ) (-544 -896 -400 ) (-544 -1024 -400 ) 
4 277 279 (-544 -640 -400 ) (-544 -896 -400 ) (-704 -896 -400 ) (-704 -640 -400 ) 
4 277 282 (-1024 -896 -400 ) (-1024 0 -400 ) (-704 0 -400 ) (-704 -896 -400 ) 
4 277 278 (-544 0 -400 ) (0 0 -400 ) (0 -1024 -400 ) (-544 -1024 -400 ) 
4 278 303 (0 -1024 -484 ) (0 -1024 -480 ) (-544 -1024 -480 ) (-544 -1024 -484 ) 
4 278 298 (0 -1024 -480 ) (0 -1024 -444 ) (-544 -1024 -444 ) (-544 -1024 -480 ) 
4 278 297 (0 -1024 -444 ) (0 -1024 -400 ) (-544 -1024 -400 ) (-544 -1024 -444 ) 
4 278 285 (-544 -929.280029 -484 ) (-544 0 -484 ) (0 0 -484 ) (0 -929.280029 -484 ) 
4 278 287 (0 -1024 -484 ) (-544 -1024 -484 ) (-544 -929.280029 -484 ) (0 -929.280029 -484 ) 
4 278 283 (-544 -1024 -444 ) (-544 -1024 -400 ) (-544 -896 -400 ) (-544 -896 -444 ) 
4 278 284 (-544 -896 -484 ) (-544 -1024 -484 ) (-544 -1024 -480 ) (-544 -896 -480 ) 
3 278 281 (-544 -896 -444 ) (-544 -896 -416 ) (-544 -733.090942 -416 ) 
5 278 280 (-544 0 -484 ) (-544 -896 -484 ) (-544 -896 -480 ) (-544 -640 -416 ) (-544 0 -416 ) 
4 278 279 (-544 -896 -416 ) (-544 -896 -400 ) (-544 -640 -400 ) (-544 -733.090942 -416 ) 
4 279 283 (-544 -896 -416 ) (-544 -896 -400 ) (-704 -896 -400 ) (-704 -896 -416 ) 
4 279 281 (-544 -896 -416 ) (-704 -896 -416 ) (-704 -733.090942 -416 ) (-544 -733.090942 -416 ) 
4 279 282 (-704 -896 -416 ) (-704 -896 -400 ) (-704 -640 -400 ) (-704 -733.090942 -416 ) 
4 280 285 (-704 0 -484 ) (-544 0 -484 ) (-544 -896 -484 ) (-704 -896 -484 ) 
4 280 284 (-704 -896 -484 ) (-544 -896 -484 ) (-544 -896 -480 ) (-704 -896 -480 ) 
5 280 282 (-704 0 -484 ) (-704 -896 -484 ) (-704 -896 -480 ) (-704 -640 -416 ) (-704 0 -416 ) 
4 281 283 (-544 -896 -444 ) (-544 -896 -416 ) (-704 -896 -416 ) (-704 -896 -444 ) 
3 281 282 (-704 -896 -444 ) (-704 -896 -416 ) (-704 -733.090942 -416 ) 
4 282 289 (-1024 0 -444 ) (-1024 0 -480 ) (-1024 -896 -480 ) (-1024 -896 -444 ) 
4 282 292 (-1024 0 -480 ) (-1024 0 -484 ) (-1024 -896 -484 ) (-1024 -896 -480 ) 
4 282 288 (-1024 0 -400 ) (-1024 0 -444 ) (-1024 -896 -444 ) (-1024 -896 -400 ) 
4 282 285 (-1024 -896 -484 ) (-1024 0 -484 ) (-704 0 -484 ) (-704 -896 -484 ) 
4 282 283 (-704 -896 -444 ) (-704 -896 -400 ) (-1024 -896 -400 ) (-1024 -896 -444 ) 
4 282 284 (-1024 -896 -484 ) (-704 -896 -484 ) (-704 -896 -480 ) (-1024 -896 -480 ) 
4 283 297 (-544 -1024 -400 ) (-1024 -1024 -400 ) (-1024 -1024 -444 ) (-544 -1024 -444 ) 
4 283 288 (-1024 -1024 -444 ) (-1024 -1024 -400 ) (-1024 -896 -400 ) (-1024 -896 -444 ) 
4 284 303 (-1024 -1024 -480 ) (-1024 -1024 -484 ) (-544 -1024 -484 ) (-544 -1024 -480 ) 
4 284 292 (-1024 -896 -484 ) (-1024 -1024 -484 ) (-1024 -1024 -480 ) (-1024 -896 -480 ) 
4 284 285 (-1024 -929.280029 -484 ) (-1024 -896 -484 ) (-544 -896 -484 ) (-544 -929.280029 -484 ) 
4 284 287 (-544 -1024 -484 ) (-1024 -1024 -484 ) (-1024 -929.280029 -484 ) (-544 -929.280029 -484 ) 
4 285 293 (-1024 0 -484 ) (-1024 0 -741.760010 ) (-1024 -929.280029 -741.760010 ) (-1024 -929.280029 -484 ) 
4 285 287 (0 -929.280029 -741.760010 ) (0 -929.280029 -484 ) (-1024 -929.280029 -484 ) (-1024 -929.280029 -741.760010 ) 
4 285 286 (0 -929.280029 -741.760010 ) (-1024 -929.280029 -741.760010 ) (-1024 0 -741.760010 ) (0 0 -741.760010 ) 
4 286 294 (-1024 0 -741.760010 ) (-1024 0 -768 ) (-1024 -929.280029 -768 ) (-1024 -929.280029 -741.760010 ) 
4 286 287 (-1024 -929.280029 -768 ) (0 -929.280029 -768 ) (0 -929.280029 -741.760010 ) (-1024 -929.280029 -741.760010 ) 
4 287 303 (0 -1024 -768 ) (0 -1024 -484 ) (-1024 -1024 -484 ) (-1024 -1024 -768 ) 
4 287 295 (-1024 -929.280029 -768 ) (-1024 -1024 -768 ) (-1024 -1024 -484 ) (-1024 -929.280029 -484 ) 
4 288 310 (-2048 0 768 ) (-2048 0 -444 ) (-2048 -1024 -444 ) (-2048 -1024 768 ) 
4 288 304 (-1024 -1024 -444 ) (-1024 -1024 768 ) (-2048 -1024 768 ) (-2048 -1024 -444 ) 
4 288 291 (-1920 -1024 -444 ) (-2048 -1024 -444 ) (-2048 -896 -444 ) (-1920 -896 -444 ) 
4 288 289 (-1760 0 -444 ) (-1024 0 -444 ) (-1024 -896 -444 ) (-1760 -896 -444 ) 
4 288 290 (-2048 -896 -444 ) (-2048 0 -444 ) (-1920 0 -444 ) (-1920 -896 -444 ) 
4 289 292 (-1760 0 -480 ) (-1024 0 -480 ) (-1024 -896 -480 ) (-1760 -896 -480 ) 
4 290 310 (-2048 0 -444 ) (-2048 0 -480 ) (-2048 -896 -480 ) (-2048 -896 -444 ) 
4 290 291 (-2048 -896 -480 ) (-1920 -896 -480 ) (-1920 -896 -444 ) (-2048 -896 -444 ) 
4 290 292 (-2048 0 -480 ) (-1920 0 -480 ) (-1920 -896 -480 ) (-2048 -896 -480 ) 
4 291 310 (-2048 -896 -480 ) (-2048 -1024 -480 ) (-2048 -1024 -444 ) (-2048 -896 -444 ) 
4 291 305 (-1920 -1024 -444 ) (-2048 -1024 -444 ) (-2048 -1024 -480 ) (-1920 -1024 -480 ) 
4 291 292 (-1920 -1024 -480 ) (-2048 -1024 -480 ) (-2048 -896 -480 ) (-1920 -896 -480 ) 
4 292 310 (-2048 0 -480 ) (-2048 0 -484 ) (-2048 -1024 -484 ) (-2048 -1024 -480 ) 
4 292 309 (-1024 -1024 -484 ) (-1024 -1024 -480 ) (-2048 -1024 -480 ) (-2048 -1024 -484 ) 
4 292 293 (-1523.199951 0 -484 ) (-1024 0 -484 ) (-1024 -929.280029 -484 ) (-1523.199951 -929.280029 -484 ) 
4 292 295 (-1024 -929.280029 -484 ) (-1024 -1024 -484 ) (-1523.199951 -1024 -484 ) (-1523.199951 -929.280029 -484 ) 
4 292 296 (-2048 0 -484 ) (-1523.199951 0 -484 ) (-1523.199951 -1024 -484 ) (-2048 -1024 -484 ) 
4 293 295 (-1523.199951 -929.280029 -484 ) (-1523.199951 -929.280029 -741.760010 ) (-1024 -929.280029 -741.760010 ) (-1024 -929.280029 -484 ) 
4 293 296 (-1523.199951 -929.280029 -741.760010 ) (-1523.199951 -929.280029 -484 ) (-1523.199951 0 -484 ) (-1523.199951 0 -741.760010 ) 
4 293 294 (-1024 -929.280029 -741.760010 ) (-1523.199951 -929.280029 -741.760010 ) (-1523.199951 0 -741.760010 ) (-1024 0 -741.760010 ) 
4 294 295 (-1523.199951 -929.280029 -741.760010 ) (-1523.199951 -929.280029 -768 ) (-1024 -929.280029 -768 ) (-1024 -929.280029 -741.760010 ) 
4 294 296 (-1523.199951 0 -768 ) (-1523.199951 -929.280029 -768 ) (-1523.199951 -929.280029 -741.760010 ) (-1523.199951 0 -741.760010 ) 
4 295 309 (-1024 -1024 -768 ) (-1024 -1024 -484 ) (-1523.199951 -1024 -484 ) (-1523.199951 -1024 -768 ) 
4 295 296 (-1523.199951 -929.280029 -768 ) (-1523.199951 -1024 -768 ) (-1523.199951 -1024 -484 ) (-1523.199951 -929.280029 -484 ) 
4 296 310 (-2048 0 -484 ) (-2048 0 -768 ) (-2048 -1024 -768 ) (-2048 -1024 -484 ) 
4 296 309 (-1523.199951 -1024 -484 ) (-2048 -1024 -484 ) (-2048 -1024 -768 ) (-1523.199951 -1024 -768 ) 
4 297 304 (-1024 -1024 768 ) (-1024 -1024 -444 ) (-1024 -1612.800171 -444 ) (-1024 -1612.800171 768 ) 
4 297 302 (-1024 -1612.800171 -444 ) (-1024 -1504 -444 ) (-768 -1504 -444 ) (-768 -1612.800171 -444 ) 
4 297 301 (-1024 -1184 -444 ) (-1024 -1056 -444 ) (-768 -1056 -444 ) (-768 -1184 -444 ) 
4 297 300 (0 -1440 -444 ) (0 -1612.800171 -444 ) (-768 -1612.800171 -444 ) (-768 -1440 -444 ) 
4 297 299 (-768 -1056 -444 ) (0 -1056 -444 ) (0 -1280 -444 ) (-768 -1280 -444 ) 
4 297 298 (-544 -1024 -444 ) (0 -1024 -444 ) (0 -1056 -444 ) (-544 -1056 -444 ) 
4 298 303 (-544 -1024 -480 ) (0 -1024 -480 ) (0 -1056 -480 ) (-544 -1056 -480 ) 
4 298 299 (-544 -1056 -480 ) (0 -1056 -480 ) (0 -1056 -444 ) (-544 -1056 -444 ) 
4 299 303 (-768 -1280 -480 ) (-768 -1056 -480 ) (0 -1056 -480 ) (0 -1280 -480 ) 
4 299 301 (-768 -1056 -444 ) (-768 -1056 -480 ) (-768 -1184 -480 ) (-768 -1184 -444 ) 
4 300 303 (-768 -1612.800171 -480 ) (-768 -1440 -480 ) (0 -1440 -480 ) (0 -1612.800171 -480 ) 
4 300 302 (-768 -1504 -480 ) (-768 -1612.800171 -480 ) (-768 -1612.800171 -444 ) (-768 -1504 -444 ) 
4 301 306 (-1024 -1056 -480 ) (-1024 -1184 -480 ) (-1024 -1184 -444 ) (-1024 -1056 -444 ) 
4 301 303 (-1024 -1184 -480 ) (-1024 -1056 -480 ) (-768 -1056 -480 ) (-768 -1184 -480 ) 
4 302 307 (-1024 -1504 -480 ) (-1024 -1612.800171 -480 ) (-1024 -1612.800171 -444 ) (-1024 -1504 -444 ) 
4 302 303 (-1024 -1612.800171 -480 ) (-1024 -1504 -480 ) (-768 -1504 -480 ) (-768 -1612.800171 -480 ) 
4 303 309 (-1024 -1024 -480 ) (-1024 -1024 -768 ) (-1024 -1612.800171 -768 ) (-1024 -1612.800171 -480 ) 
4 304 311 (-2048 -1612.800171 768 ) (-2048 -1024 768 ) (-2048 -1024 -444 ) (-2048 -1612.800171 -444 ) 
4 304 306 (-1088 -1056 -444 ) (-1024 -1056 -444 ) (-1024 -1184 -444 ) (-1088 -1184 -444 ) 
4 304 307 (-1024 -1504 -444 ) (-1024 -1612.800171 -444 ) (-1088 -1612.800171 -444 ) (-1088 -1504 -444 ) 
4 304 308 (-2048 -1612.800171 -444 ) (-2048 -1056 -444 ) (-1088 -1056 -444 ) (-1088 -1612.800171 -444 ) 
4 304 305 (-2048 -1056 -444 ) (-2048 -1024 -444 ) (-1920 -1024 -444 ) (-1920 -1056 -444 ) 
4 305 311 (-2048 -1056 -444 ) (-2048 -1024 -444 ) (-2048 -1024 -480 ) (-2048 -1056 -480 ) 
4 305 309 (-1920 -1056 -480 ) (-2048 -1056 -480 ) (-2048 -1024 -480 ) (-1920 -1024 -480 ) 
4 305 308 (-2048 -1056 -480 ) (-1920 -1056 -480 ) (-1920 -1056 -444 ) (-2048 -1056 -444 ) 
4 306 309 (-1024 -1056 -480 ) (-1024 -1184 -480 ) (-1088 -1184 -480 ) (-1088 -1056 -480 ) 
4 306 308 (-1088 -1056 -444 ) (-1088 -1056 -480 ) (-1088 -1184 -480 ) (-1088 -1184 -444 ) 
4 307 309 (-1024 -1504 -480 ) (-1024 -1612.800171 -480 ) (-1088 -1612.800171 -480 ) (-1088 -1504 -480 ) 
4 307 308 (-1088 -1504 -480 ) (-1088 -1612.800171 -480 ) (-1088 -1612.800171 -444 ) (-1088 -1504 -444 ) 
4 308 311 (-2048 -1612.800171 -444 ) (-2048 -1056 -444 ) (-2048 -1056 -480 ) (-2048 -1612.800171 -480 ) 
4 308 309 (-1088 -1612.800171 -480 ) (-2048 -1612.800171 -480 ) (-2048 -1056 -480 ) (-1088 -1056 -480 ) 
4 309 311 (-2048 -1612.800171 -480 ) (-2048 -1024 -480 ) (-2048 -1024 -768 ) (-2048 -1612.800171 -768 ) 
4 310 311 (-2048 -1024 -768 ) (-2048 -1024 768 ) (-2150.399902 -1024 768 ) (-2150.399902 -1024 -768 ) 
