PRT1
395
1056
4 1 12 (4224.220215 3072 462.299988 ) (4096 3072 462.299988 ) (4096 3072 -160 ) (4224.220215 3072 -160 ) 
4 1 7 (4096 3072 -160 ) (4096 3072 462.299988 ) (4096 3584.250000 462.299988 ) (4096 3584.250000 -160 ) 
4 1 4 (4096 3072 -160 ) (4096 3584 -160 ) (4224 3584 -160 ) (4224 3072 -160 ) 
4 1 3 (4224 3584 -160 ) (4224.220215 3584 -160 ) (4224.220215 3072 -160 ) (4224 3072 -160 ) 
4 1 2 (4096 3584 -160 ) (4096 3584.250000 -160 ) (4224.220215 3584.250000 -160 ) (4224.220215 3584 -160 ) 
4 2 8 (4096 3584 -160 ) (4096 3584.250000 -160 ) (4096 3584.250000 -446.299988 ) (4096 3584 -446.299988 ) 
4 2 6 (4096 3584 -446.299988 ) (4224 3584 -446.299988 ) (4224 3584 -352 ) (4096 3584 -352 ) 
4 2 5 (4224 3584 -352 ) (4224 3584 -324 ) (4096 3584 -324 ) (4096 3584 -352 ) 
4 2 4 (4224 3584 -278 ) (4224 3584 -160 ) (4096 3584 -160 ) (4096 3584 -278 ) 
4 2 3 (4224 3584 -446.299988 ) (4224.220215 3584 -446.299988 ) (4224.220215 3584 -160 ) (4224 3584 -160 ) 
4 3 13 (4224.220215 3072 -160 ) (4224 3072 -160 ) (4224 3072 -446.299988 ) (4224.220215 3072 -446.299988 ) 
4 3 6 (4224 3584 -352 ) (4224 3584 -446.299988 ) (4224 3072 -446.299988 ) (4224 3072 -352 ) 
4 3 5 (4224 3584 -324 ) (4224 3584 -352 ) (4224 3072 -352 ) (4224 3072 -324 ) 
4 3 4 (4224 3584 -160 ) (4224 3584 -278 ) (4224 3072 -278 ) (4224 3072 -160 ) 
4 4 14 (4224 3072 -160 ) (4096 3072 -160 ) (4096 3072 -278 ) (4224 3072 -278 ) 
4 4 9 (4096 3072 -278 ) (4096 3072 -160 ) (4096 3584 -160 ) (4096 3584 -278 ) 
4 5 15 (4096 3072 -324 ) (4096 3072 -352 ) (4224 3072 -352 ) (4224 3072 -324 ) 
4 5 10 (4096 3072 -352 ) (4096 3072 -324 ) (4096 3584 -324 ) (4096 3584 -352 ) 
4 5 6 (4096 3072 -352 ) (4096 3584 -352 ) (4224 3584 -352 ) (4224 3072 -352 ) 
4 6 16 (4096 3072 -352 ) (4096 3072 -446.299988 ) (4224 3072 -446.299988 ) (4224 3072 -352 ) 
4 6 11 (4096 3072 -446.299988 ) (4096 3072 -352 ) (4096 3584 -352 ) (4096 3584 -446.299988 ) 
4 7 39 (3072 3072 -160 ) (3072 3072 462.299988 ) (3072 3584.250000 462.299988 ) (3072 3584.250000 -160 ) 
4 7 17 (4096 3072 -160 ) (4096 3072 462.299988 ) (3072 3072 462.299988 ) (3072 3072 -160 ) 
4 7 9 (4096 3072 -160 ) (3072 3072 -160 ) (3072 3584 -160 ) (4096 3584 -160 ) 
4 7 8 (3072 3584 -160 ) (3072 3584.250000 -160 ) (4096 3584.250000 -160 ) (4096 3584 -160 ) 
4 8 40 (3072 3584 -160 ) (3072 3584.250000 -160 ) (3072 3584.250000 -446.299988 ) (3072 3584 -446.299988 ) 
4 8 11 (3072 3584 -446.299988 ) (4096 3584 -446.299988 ) (4096 3584 -352 ) (3072 3584 -352 ) 
4 8 10 (4096 3584 -352 ) (4096 3584 -324 ) (3072 3584 -324 ) (3072 3584 -352 ) 
4 8 9 (4096 3584 -278 ) (4096 3584 -160 ) (3072 3584 -160 ) (3072 3584 -278 ) 
4 9 41 (3072 3072 -278 ) (3072 3072 -160 ) (3072 3584 -160 ) (3072 3584 -278 ) 
4 9 18 (4096 3072 -278 ) (4096 3072 -160 ) (3072 3072 -160 ) (3072 3072 -278 ) 
4 10 42 (3072 3072 -352 ) (3072 3072 -324 ) (3072 3584 -324 ) (3072 3584 -352 ) 
4 10 19 (4096 3072 -352 ) (4096 3072 -324 ) (3072 3072 -324 ) (3072 3072 -352 ) 
4 10 11 (4096 3072 -352 ) (3072 3072 -352 ) (3072 3584 -352 ) (4096 3584 -352 ) 
4 11 43 (3072 3072 -446.299988 ) (3072 3072 -352 ) (3072 3584 -352 ) (3072 3584 -446.299988 ) 
4 11 20 (4096 3072 -446.299988 ) (4096 3072 -352 ) (3072 3072 -352 ) (3072 3072 -446.299988 ) 
4 12 21 (4224.220215 2048 462.299988 ) (4096 2048 462.299988 ) (4096 2048 -160 ) (4224.220215 2048 -160 ) 
4 12 17 (4096 3072 462.299988 ) (4096 3072 -160 ) (4096 2048 -160 ) (4096 2048 462.299988 ) 
4 12 14 (4224 2048 -160 ) (4096 2048 -160 ) (4096 3072 -160 ) (4224 3072 -160 ) 
4 12 13 (4224.220215 2048 -160 ) (4224 2048 -160 ) (4224 3072 -160 ) (4224.220215 3072 -160 ) 
4 13 22 (4224.220215 2048 -160 ) (4224 2048 -160 ) (4224 2048 -446.299988 ) (4224.220215 2048 -446.299988 ) 
4 13 16 (4224 3072 -446.299988 ) (4224 2048 -446.299988 ) (4224 2048 -352 ) (4224 3072 -352 ) 
4 13 15 (4224 2048 -352 ) (4224 2048 -324 ) (4224 3072 -324 ) (4224 3072 -352 ) 
4 13 14 (4224 2048 -278 ) (4224 2048 -160 ) (4224 3072 -160 ) (4224 3072 -278 ) 
4 14 23 (4224 2048 -160 ) (4096 2048 -160 ) (4096 2048 -278 ) (4224 2048 -278 ) 
4 14 18 (4096 3072 -160 ) (4096 3072 -278 ) (4096 2048 -278 ) (4096 2048 -160 ) 
4 15 24 (4096 2048 -324 ) (4096 2048 -352 ) (4224 2048 -352 ) (4224 2048 -324 ) 
4 15 19 (4096 3072 -324 ) (4096 3072 -352 ) (4096 2048 -352 ) (4096 2048 -324 ) 
4 15 16 (4096 2048 -352 ) (4096 3072 -352 ) (4224 3072 -352 ) (4224 2048 -352 ) 
4 16 25 (4096 2048 -352 ) (4096 2048 -446.299988 ) (4224 2048 -446.299988 ) (4224 2048 -352 ) 
4 16 20 (4096 3072 -352 ) (4096 3072 -446.299988 ) (4096 2048 -446.299988 ) (4096 2048 -352 ) 
4 17 54 (3072 2048 -160 ) (3072 2048 462.299988 ) (3072 3072 462.299988 ) (3072 3072 -160 ) 
4 17 26 (3072 2048 462.299988 ) (3072 2048 -160 ) (4096 2048 -160 ) (4096 2048 462.299988 ) 
4 17 18 (4096 2048 -160 ) (3072 2048 -160 ) (3072 3072 -160 ) (4096 3072 -160 ) 
4 18 55 (3072 2048 -278 ) (3072 2048 -160 ) (3072 3072 -160 ) (3072 3072 -278 ) 
4 18 27 (3072 2048 -160 ) (3072 2048 -278 ) (4096 2048 -278 ) (4096 2048 -160 ) 
4 19 56 (3072 2048 -352 ) (3072 2048 -324 ) (3072 3072 -324 ) (3072 3072 -352 ) 
4 19 28 (3072 2048 -324 ) (3072 2048 -352 ) (4096 2048 -352 ) (4096 2048 -324 ) 
4 19 20 (3072 2048 -352 ) (3072 3072 -352 ) (4096 3072 -352 ) (4096 2048 -352 ) 
4 20 57 (3072 2048 -446.299988 ) (3072 2048 -352 ) (3072 3072 -352 ) (3072 3072 -446.299988 ) 
4 20 29 (3072 2048 -352 ) (3072 2048 -446.299988 ) (4096 2048 -446.299988 ) (4096 2048 -352 ) 
4 21 30 (4224.220215 1024 462.299988 ) (4096 1024 462.299988 ) (4096 1024 -160 ) (4224.220215 1024 -160 ) 
4 21 26 (4096 2048 462.299988 ) (4096 2048 -160 ) (4096 1024 -160 ) (4096 1024 462.299988 ) 
4 21 23 (4096 1024 -160 ) (4096 2048 -160 ) (4224 2048 -160 ) (4224 1024 -160 ) 
4 21 22 (4224 2048 -160 ) (4224.220215 2048 -160 ) (4224.220215 1024 -160 ) (4224 1024 -160 ) 
4 22 31 (4224.220215 1024 -160 ) (4224 1024 -160 ) (4224 1024 -446.299988 ) (4224.220215 1024 -446.299988 ) 
4 22 25 (4224 2048 -446.299988 ) (4224 1024 -446.299988 ) (4224 1024 -352 ) (4224 2048 -352 ) 
4 22 24 (4224 1024 -352 ) (4224 1024 -324 ) (4224 2048 -324 ) (4224 2048 -352 ) 
4 22 23 (4224 1024 -278 ) (4224 1024 -160 ) (4224 2048 -160 ) (4224 2048 -278 ) 
4 23 32 (4224 1024 -160 ) (4096 1024 -160 ) (4096 1024 -278 ) (4224 1024 -278 ) 
4 23 27 (4096 2048 -160 ) (4096 2048 -278 ) (4096 1024 -278 ) (4096 1024 -160 ) 
4 24 33 (4096 1024 -324 ) (4096 1024 -352 ) (4224 1024 -352 ) (4224 1024 -324 ) 
4 24 28 (4096 2048 -324 ) (4096 2048 -352 ) (4096 1024 -352 ) (4096 1024 -324 ) 
4 24 25 (4096 1024 -352 ) (4096 2048 -352 ) (4224 2048 -352 ) (4224 1024 -352 ) 
4 25 34 (4096 1024 -352 ) (4096 1024 -446.299988 ) (4224 1024 -446.299988 ) (4224 1024 -352 ) 
4 25 29 (4096 2048 -352 ) (4096 2048 -446.299988 ) (4096 1024 -446.299988 ) (4096 1024 -352 ) 
4 26 66 (3072 1024 -160 ) (3072 1024 462.299988 ) (3072 2048 462.299988 ) (3072 2048 -160 ) 
4 26 35 (3072 1024 462.299988 ) (3072 1024 -160 ) (4096 1024 -160 ) (4096 1024 462.299988 ) 
4 26 27 (4096 1024 -160 ) (3072 1024 -160 ) (3072 2048 -160 ) (4096 2048 -160 ) 
4 27 67 (3072 1024 -278 ) (3072 1024 -160 ) (3072 2048 -160 ) (3072 2048 -278 ) 
4 27 36 (3072 1024 -160 ) (3072 1024 -278 ) (4096 1024 -278 ) (4096 1024 -160 ) 
4 28 68 (3072 1024 -352 ) (3072 1024 -324 ) (3072 2048 -324 ) (3072 2048 -352 ) 
4 28 37 (3072 1024 -324 ) (3072 1024 -352 ) (4096 1024 -352 ) (4096 1024 -324 ) 
4 28 29 (4096 2048 -352 ) (4096 1024 -352 ) (3072 1024 -352 ) (3072 2048 -352 ) 
4 29 69 (3072 1024 -446.299988 ) (3072 1024 -352 ) (3072 2048 -352 ) (3072 2048 -446.299988 ) 
4 29 38 (3072 1024 -352 ) (3072 1024 -446.299988 ) (4096 1024 -446.299988 ) (4096 1024 -352 ) 
4 30 90 (4224.220215 0 462.299988 ) (4096 0 462.299988 ) (4096 0 -160 ) (4224.220215 0 -160 ) 
4 30 35 (4096 1024 462.299988 ) (4096 1024 -160 ) (4096 0 -160 ) (4096 0 462.299988 ) 
4 30 32 (4096 0 -160 ) (4096 1024 -160 ) (4224 1024 -160 ) (4224 0 -160 ) 
4 30 31 (4224 1024 -160 ) (4224.220215 1024 -160 ) (4224.220215 0 -160 ) (4224 0 -160 ) 
4 31 91 (4224.220215 0 -160 ) (4224 0 -160 ) (4224 0 -446.299988 ) (4224.220215 0 -446.299988 ) 
4 31 34 (4224 1024 -446.299988 ) (4224 0 -446.299988 ) (4224 0 -352 ) (4224 1024 -352 ) 
4 31 33 (4224 0 -352 ) (4224 0 -324 ) (4224 1024 -324 ) (4224 1024 -352 ) 
4 31 32 (4224 0 -278 ) (4224 0 -160 ) (4224 1024 -160 ) (4224 1024 -278 ) 
4 32 92 (4224 0 -160 ) (4096 0 -160 ) (4096 0 -278 ) (4224 0 -278 ) 
4 32 36 (4096 1024 -160 ) (4096 1024 -278 ) (4096 0 -278 ) (4096 0 -160 ) 
4 33 93 (4096 0 -324 ) (4096 0 -352 ) (4224 0 -352 ) (4224 0 -324 ) 
4 33 37 (4096 1024 -324 ) (4096 1024 -352 ) (4096 0 -352 ) (4096 0 -324 ) 
4 33 34 (4096 0 -352 ) (4096 1024 -352 ) (4224 1024 -352 ) (4224 0 -352 ) 
4 34 94 (4096 0 -352 ) (4096 0 -446.299988 ) (4224 0 -446.299988 ) (4224 0 -352 ) 
4 34 38 (4096 1024 -352 ) (4096 1024 -446.299988 ) (4096 0 -446.299988 ) (4096 0 -352 ) 
4 35 95 (4096 0 -160 ) (4096 0 462.299988 ) (3072 0 462.299988 ) (3072 0 -160 ) 
4 35 70 (3072 0 -160 ) (3072 0 462.299988 ) (3072 1024 462.299988 ) (3072 1024 -160 ) 
4 35 36 (4096 0 -160 ) (3072 0 -160 ) (3072 1024 -160 ) (4096 1024 -160 ) 
4 36 96 (4096 0 -278 ) (4096 0 -160 ) (3072 0 -160 ) (3072 0 -278 ) 
4 36 71 (3072 0 -278 ) (3072 0 -160 ) (3072 1024 -160 ) (3072 1024 -278 ) 
4 37 97 (4096 0 -352 ) (4096 0 -324 ) (3072 0 -324 ) (3072 0 -352 ) 
4 37 72 (3072 0 -352 ) (3072 0 -324 ) (3072 1024 -324 ) (3072 1024 -352 ) 
4 37 38 (3072 0 -352 ) (3072 1024 -352 ) (4096 1024 -352 ) (4096 0 -352 ) 
4 38 98 (4096 0 -446.299988 ) (4096 0 -352 ) (3072 0 -352 ) (3072 0 -446.299988 ) 
4 38 73 (3072 0 -446.299988 ) (3072 0 -352 ) (3072 1024 -352 ) (3072 1024 -446.299988 ) 
4 39 54 (3072 3072 -160 ) (3072 3072 462.299988 ) (2048 3072 462.299988 ) (2048 3072 -160 ) 
4 39 44 (2048 3072 -160 ) (2048 3072 462.299988 ) (2048 3584.250000 462.299988 ) (2048 3584.250000 -160 ) 
4 39 41 (3072 3072 -160 ) (2048 3072 -160 ) (2048 3584 -160 ) (3072 3584 -160 ) 
4 39 40 (2048 3584 -160 ) (2048 3584.250000 -160 ) (3072 3584.250000 -160 ) (3072 3584 -160 ) 
4 40 45 (2048 3584 -160 ) (2048 3584.250000 -160 ) (2048 3584.250000 -446.299988 ) (2048 3584 -446.299988 ) 
4 40 43 (2048 3584 -446.299988 ) (3072 3584 -446.299988 ) (3072 3584 -352 ) (2048 3584 -352 ) 
4 40 42 (3072 3584 -352 ) (3072 3584 -324 ) (2048 3584 -324 ) (2048 3584 -352 ) 
4 40 41 (3072 3584 -278 ) (3072 3584 -160 ) (2048 3584 -160 ) (2048 3584 -278 ) 
4 41 55 (3072 3072 -278 ) (3072 3072 -160 ) (2048 3072 -160 ) (2048 3072 -278 ) 
4 41 46 (2048 3072 -278 ) (2048 3072 -160 ) (2048 3584 -160 ) (2048 3584 -278 ) 
4 42 56 (3072 3072 -352 ) (3072 3072 -324 ) (2048 3072 -324 ) (2048 3072 -352 ) 
4 42 47 (2048 3072 -352 ) (2048 3072 -324 ) (2048 3584 -324 ) (2048 3584 -352 ) 
4 42 43 (3072 3072 -352 ) (2048 3072 -352 ) (2048 3584 -352 ) (3072 3584 -352 ) 
4 43 57 (3072 3072 -446.299988 ) (3072 3072 -352 ) (2048 3072 -352 ) (2048 3072 -446.299988 ) 
4 43 48 (2048 3072 -446.299988 ) (2048 3072 -352 ) (2048 3584 -352 ) (2048 3584 -446.299988 ) 
4 44 58 (2048 3072 -160 ) (2048 3072 462.299988 ) (1024 3072 462.299988 ) (1024 3072 -160 ) 
4 44 49 (1024 3072 -160 ) (1024 3072 462.299988 ) (1024 3584.250000 462.299988 ) (1024 3584.250000 -160 ) 
4 44 46 (2048 3072 -160 ) (1024 3072 -160 ) (1024 3584 -160 ) (2048 3584 -160 ) 
4 44 45 (1024 3584 -160 ) (1024 3584.250000 -160 ) (2048 3584.250000 -160 ) (2048 3584 -160 ) 
4 45 50 (1024 3584 -160 ) (1024 3584.250000 -160 ) (1024 3584.250000 -446.299988 ) (1024 3584 -446.299988 ) 
4 45 48 (1024 3584 -446.299988 ) (2048 3584 -446.299988 ) (2048 3584 -352 ) (1024 3584 -352 ) 
4 45 47 (2048 3584 -352 ) (2048 3584 -324 ) (1024 3584 -324 ) (1024 3584 -352 ) 
4 45 46 (2048 3584 -278 ) (2048 3584 -160 ) (1024 3584 -160 ) (1024 3584 -278 ) 
4 46 59 (2048 3072 -278 ) (2048 3072 -160 ) (1024 3072 -160 ) (1024 3072 -278 ) 
4 46 51 (1024 3072 -278 ) (1024 3072 -160 ) (1024 3584 -160 ) (1024 3584 -278 ) 
4 47 60 (2048 3072 -352 ) (2048 3072 -324 ) (1024 3072 -324 ) (1024 3072 -352 ) 
4 47 52 (1024 3072 -352 ) (1024 3072 -324 ) (1024 3584 -324 ) (1024 3584 -352 ) 
4 47 48 (2048 3072 -352 ) (1024 3072 -352 ) (1024 3584 -352 ) (2048 3584 -352 ) 
4 48 61 (2048 3072 -446.299988 ) (2048 3072 -352 ) (1024 3072 -352 ) (1024 3072 -446.299988 ) 
4 48 53 (1024 3072 -446.299988 ) (1024 3072 -352 ) (1024 3584 -352 ) (1024 3584 -446.299988 ) 
4 49 211 (0 3072 -160 ) (0 3072 462.299988 ) (0 3584.250000 462.299988 ) (0 3584.250000 -160 ) 
4 49 62 (1024 3072 -160 ) (1024 3072 462.299988 ) (0 3072 462.299988 ) (0 3072 -160 ) 
4 49 51 (1024 3072 -160 ) (0 3072 -160 ) (0 3584 -160 ) (1024 3584 -160 ) 
4 49 50 (0 3584 -160 ) (0 3584.250000 -160 ) (1024 3584.250000 -160 ) (1024 3584 -160 ) 
4 50 212 (0 3584 -160 ) (0 3584.250000 -160 ) (0 3584.250000 -446.299988 ) (0 3584 -446.299988 ) 
4 50 53 (0 3584 -446.299988 ) (1024 3584 -446.299988 ) (1024 3584 -352 ) (0 3584 -352 ) 
4 50 52 (1024 3584 -352 ) (1024 3584 -324 ) (0 3584 -324 ) (0 3584 -352 ) 
4 50 51 (1024 3584 -278 ) (1024 3584 -160 ) (0 3584 -160 ) (0 3584 -278 ) 
4 51 213 (0 3072 -278 ) (0 3072 -160 ) (0 3584 -160 ) (0 3584 -278 ) 
4 51 63 (1024 3072 -278 ) (1024 3072 -160 ) (0 3072 -160 ) (0 3072 -278 ) 
4 52 214 (0 3072 -352 ) (0 3072 -324 ) (0 3584 -324 ) (0 3584 -352 ) 
4 52 64 (1024 3072 -352 ) (1024 3072 -324 ) (0 3072 -324 ) (0 3072 -352 ) 
4 52 53 (1024 3072 -352 ) (0 3072 -352 ) (0 3584 -352 ) (1024 3584 -352 ) 
4 53 215 (0 3072 -446.299988 ) (0 3072 -352 ) (0 3584 -352 ) (0 3584 -446.299988 ) 
4 53 65 (1024 3072 -446.299988 ) (1024 3072 -352 ) (0 3072 -352 ) (0 3072 -446.299988 ) 
4 54 66 (3072 2048 -160 ) (3072 2048 462.299988 ) (2048 2048 462.299988 ) (2048 2048 -160 ) 
4 54 58 (2048 2048 -160 ) (2048 2048 462.299988 ) (2048 3072 462.299988 ) (2048 3072 -160 ) 
4 54 55 (2048 2048 -160 ) (2048 3072 -160 ) (3072 3072 -160 ) (3072 2048 -160 ) 
4 55 67 (3072 2048 -278 ) (3072 2048 -160 ) (2048 2048 -160 ) (2048 2048 -278 ) 
4 55 59 (2048 2048 -278 ) (2048 2048 -160 ) (2048 3072 -160 ) (2048 3072 -278 ) 
4 56 68 (3072 2048 -352 ) (3072 2048 -324 ) (2048 2048 -324 ) (2048 2048 -352 ) 
4 56 60 (2048 2048 -352 ) (2048 2048 -324 ) (2048 3072 -324 ) (2048 3072 -352 ) 
4 56 57 (3072 2048 -352 ) (2048 2048 -352 ) (2048 3072 -352 ) (3072 3072 -352 ) 
4 57 69 (3072 2048 -446.299988 ) (3072 2048 -352 ) (2048 2048 -352 ) (2048 2048 -446.299988 ) 
4 57 61 (2048 2048 -446.299988 ) (2048 2048 -352 ) (2048 3072 -352 ) (2048 3072 -446.299988 ) 
4 58 74 (2048 2048 -160 ) (2048 2048 462.299988 ) (1024 2048 462.299988 ) (1024 2048 -160 ) 
4 58 62 (1024 3072 462.299988 ) (1024 3072 -160 ) (1024 2048 -160 ) (1024 2048 462.299988 ) 
4 58 59 (1024 2048 -160 ) (1024 3072 -160 ) (2048 3072 -160 ) (2048 2048 -160 ) 
4 59 75 (2048 2048 -278 ) (2048 2048 -160 ) (1024 2048 -160 ) (1024 2048 -278 ) 
4 59 63 (1024 3072 -160 ) (1024 3072 -278 ) (1024 2048 -278 ) (1024 2048 -160 ) 
4 60 76 (2048 2048 -352 ) (2048 2048 -324 ) (1024 2048 -324 ) (1024 2048 -352 ) 
4 60 64 (1024 3072 -324 ) (1024 3072 -352 ) (1024 2048 -352 ) (1024 2048 -324 ) 
4 60 61 (2048 2048 -352 ) (1024 2048 -352 ) (1024 3072 -352 ) (2048 3072 -352 ) 
4 61 77 (2048 2048 -446.299988 ) (2048 2048 -352 ) (1024 2048 -352 ) (1024 2048 -446.299988 ) 
4 61 65 (1024 3072 -352 ) (1024 3072 -446.299988 ) (1024 2048 -446.299988 ) (1024 2048 -352 ) 
4 62 226 (0 2048 -160 ) (0 2048 462.299988 ) (0 3072 462.299988 ) (0 3072 -160 ) 
4 62 78 (0 2048 462.299988 ) (0 2048 -160 ) (1024 2048 -160 ) (1024 2048 462.299988 ) 
4 62 63 (1024 2048 -160 ) (0 2048 -160 ) (0 3072 -160 ) (1024 3072 -160 ) 
4 63 227 (0 2048 -278 ) (0 2048 -160 ) (0 3072 -160 ) (0 3072 -278 ) 
4 63 79 (0 2048 -160 ) (0 2048 -278 ) (1024 2048 -278 ) (1024 2048 -160 ) 
4 64 228 (0 2048 -352 ) (0 2048 -324 ) (0 3072 -324 ) (0 3072 -352 ) 
4 64 80 (0 2048 -324 ) (0 2048 -352 ) (1024 2048 -352 ) (1024 2048 -324 ) 
4 64 65 (0 2048 -352 ) (0 3072 -352 ) (1024 3072 -352 ) (1024 2048 -352 ) 
4 65 229 (0 2048 -446.299988 ) (0 2048 -352 ) (0 3072 -352 ) (0 3072 -446.299988 ) 
4 65 81 (0 2048 -352 ) (0 2048 -446.299988 ) (1024 2048 -446.299988 ) (1024 2048 -352 ) 
4 66 74 (2048 2048 462.299988 ) (2048 2048 -160 ) (2048 1024 -160 ) (2048 1024 462.299988 ) 
4 66 70 (3072 1024 -160 ) (3072 1024 462.299988 ) (2048 1024 462.299988 ) (2048 1024 -160 ) 
4 66 67 (3072 1024 -160 ) (2048 1024 -160 ) (2048 2048 -160 ) (3072 2048 -160 ) 
4 67 75 (2048 2048 -160 ) (2048 2048 -278 ) (2048 1024 -278 ) (2048 1024 -160 ) 
4 67 71 (3072 1024 -278 ) (3072 1024 -160 ) (2048 1024 -160 ) (2048 1024 -278 ) 
4 68 76 (2048 2048 -324 ) (2048 2048 -352 ) (2048 1024 -352 ) (2048 1024 -324 ) 
4 68 72 (3072 1024 -352 ) (3072 1024 -324 ) (2048 1024 -324 ) (2048 1024 -352 ) 
4 68 69 (2048 1024 -352 ) (2048 2048 -352 ) (3072 2048 -352 ) (3072 1024 -352 ) 
4 69 77 (2048 2048 -352 ) (2048 2048 -446.299988 ) (2048 1024 -446.299988 ) (2048 1024 -352 ) 
4 69 73 (3072 1024 -446.299988 ) (3072 1024 -352 ) (2048 1024 -352 ) (2048 1024 -446.299988 ) 
4 70 128 (3072 0 -160 ) (3072 0 462.299988 ) (2048 0 462.299988 ) (2048 0 -160 ) 
4 70 82 (2048 0 -160 ) (2048 0 462.299988 ) (2048 1024 462.299988 ) (2048 1024 -160 ) 
4 70 71 (3072 0 -160 ) (2048 0 -160 ) (2048 1024 -160 ) (3072 1024 -160 ) 
4 71 129 (3072 0 -278 ) (3072 0 -160 ) (2048 0 -160 ) (2048 0 -278 ) 
4 71 83 (2048 0 -278 ) (2048 0 -160 ) (2048 1024 -160 ) (2048 1024 -278 ) 
4 72 130 (3072 0 -352 ) (3072 0 -324 ) (2048 0 -324 ) (2048 0 -352 ) 
4 72 84 (2048 0 -352 ) (2048 0 -324 ) (2048 1024 -324 ) (2048 1024 -352 ) 
4 72 73 (2048 0 -352 ) (2048 1024 -352 ) (3072 1024 -352 ) (3072 0 -352 ) 
4 73 131 (3072 0 -446.299988 ) (3072 0 -352 ) (2048 0 -352 ) (2048 0 -446.299988 ) 
4 73 85 (2048 0 -446.299988 ) (2048 0 -352 ) (2048 1024 -352 ) (2048 1024 -446.299988 ) 
4 74 82 (2048 1024 -160 ) (2048 1024 462.299988 ) (1024 1024 462.299988 ) (1024 1024 -160 ) 
4 74 78 (1024 2048 462.299988 ) (1024 2048 -160 ) (1024 1024 -160 ) (1024 1024 462.299988 ) 
4 74 75 (1024 1024 -160 ) (1024 2048 -160 ) (2048 2048 -160 ) (2048 1024 -160 ) 
4 75 83 (2048 1024 -278 ) (2048 1024 -160 ) (1024 1024 -160 ) (1024 1024 -278 ) 
4 75 79 (1024 2048 -160 ) (1024 2048 -278 ) (1024 1024 -278 ) (1024 1024 -160 ) 
4 76 84 (2048 1024 -352 ) (2048 1024 -324 ) (1024 1024 -324 ) (1024 1024 -352 ) 
4 76 80 (1024 2048 -324 ) (1024 2048 -352 ) (1024 1024 -352 ) (1024 1024 -324 ) 
4 76 77 (2048 1024 -352 ) (1024 1024 -352 ) (1024 2048 -352 ) (2048 2048 -352 ) 
4 77 85 (2048 1024 -446.299988 ) (2048 1024 -352 ) (1024 1024 -352 ) (1024 1024 -446.299988 ) 
4 77 81 (1024 2048 -352 ) (1024 2048 -446.299988 ) (1024 1024 -446.299988 ) (1024 1024 -352 ) 
4 78 238 (0 1024 -160 ) (0 1024 462.299988 ) (0 2048 462.299988 ) (0 2048 -160 ) 
4 78 86 (0 1024 462.299988 ) (0 1024 -160 ) (1024 1024 -160 ) (1024 1024 462.299988 ) 
4 78 79 (1024 1024 -160 ) (0 1024 -160 ) (0 2048 -160 ) (1024 2048 -160 ) 
4 79 239 (0 1024 -278 ) (0 1024 -160 ) (0 2048 -160 ) (0 2048 -278 ) 
4 79 87 (0 1024 -160 ) (0 1024 -278 ) (1024 1024 -278 ) (1024 1024 -160 ) 
4 80 240 (0 1024 -352 ) (0 1024 -324 ) (0 2048 -324 ) (0 2048 -352 ) 
4 80 88 (0 1024 -324 ) (0 1024 -352 ) (1024 1024 -352 ) (1024 1024 -324 ) 
4 80 81 (1024 2048 -352 ) (1024 1024 -352 ) (0 1024 -352 ) (0 2048 -352 ) 
4 81 241 (0 1024 -446.299988 ) (0 1024 -352 ) (0 2048 -352 ) (0 2048 -446.299988 ) 
4 81 89 (0 1024 -352 ) (0 1024 -446.299988 ) (1024 1024 -446.299988 ) (1024 1024 -352 ) 
4 82 136 (2048 0 -160 ) (2048 0 462.299988 ) (1024 0 462.299988 ) (1024 0 -160 ) 
4 82 86 (1024 1024 462.299988 ) (1024 1024 -160 ) (1024 0 -160 ) (1024 0 462.299988 ) 
4 82 83 (2048 0 -160 ) (1024 0 -160 ) (1024 1024 -160 ) (2048 1024 -160 ) 
4 83 137 (2048 0 -278 ) (2048 0 -160 ) (1024 0 -160 ) (1024 0 -278 ) 
4 83 87 (1024 1024 -160 ) (1024 1024 -278 ) (1024 0 -278 ) (1024 0 -160 ) 
4 84 138 (2048 0 -352 ) (2048 0 -324 ) (1024 0 -324 ) (1024 0 -352 ) 
4 84 88 (1024 1024 -324 ) (1024 1024 -352 ) (1024 0 -352 ) (1024 0 -324 ) 
4 84 85 (1024 1024 -352 ) (2048 1024 -352 ) (2048 0 -352 ) (1024 0 -352 ) 
4 85 139 (2048 0 -446.299988 ) (2048 0 -352 ) (1024 0 -352 ) (1024 0 -446.299988 ) 
4 85 89 (1024 1024 -352 ) (1024 1024 -446.299988 ) (1024 0 -446.299988 ) (1024 0 -352 ) 
4 86 242 (0 0 -160 ) (0 0 462.299988 ) (0 1024 462.299988 ) (0 1024 -160 ) 
4 86 141 (712 0 462.299988 ) (620 0 462.299988 ) (620 0 -160 ) (712 0 -160 ) 
4 86 140 (1024 0 -160 ) (1024 0 462.299988 ) (712 0 462.299988 ) (712 0 -160 ) 
4 86 145 (620 0 462.299988 ) (0 0 462.299988 ) (0 0 -160 ) (620 0 -160 ) 
4 86 87 (1024 0 -160 ) (0 0 -160 ) (0 1024 -160 ) (1024 1024 -160 ) 
4 87 243 (0 0 -278 ) (0 0 -160 ) (0 1024 -160 ) (0 1024 -278 ) 
4 87 146 (1024 0 -278 ) (1024 0 -160 ) (0 0 -160 ) (0 0 -278 ) 
4 88 244 (0 0 -352 ) (0 0 -324 ) (0 1024 -324 ) (0 1024 -352 ) 
4 88 147 (1024 0 -352 ) (1024 0 -324 ) (0 0 -324 ) (0 0 -352 ) 
4 88 89 (0 0 -352 ) (0 1024 -352 ) (1024 1024 -352 ) (1024 0 -352 ) 
4 89 245 (0 0 -446.299988 ) (0 0 -352 ) (0 1024 -352 ) (0 1024 -446.299988 ) 
4 89 148 (1024 0 -446.299988 ) (1024 0 -352 ) (0 0 -352 ) (0 0 -446.299988 ) 
4 90 99 (4224.220215 -1024 462.299988 ) (4096 -1024 462.299988 ) (4096 -1024 -160 ) (4224.220215 -1024 -160 ) 
4 90 95 (4096 0 462.299988 ) (4096 0 -160 ) (4096 -1024 -160 ) (4096 -1024 462.299988 ) 
4 90 92 (4096 -1024 -160 ) (4096 0 -160 ) (4224 0 -160 ) (4224 -1024 -160 ) 
4 90 91 (4224 0 -160 ) (4224.220215 0 -160 ) (4224.220215 -1024 -160 ) (4224 -1024 -160 ) 
4 91 100 (4224.220215 -1024 -160 ) (4224 -1024 -160 ) (4224 -1024 -446.299988 ) (4224.220215 -1024 -446.299988 ) 
4 91 94 (4224 0 -446.299988 ) (4224 -1024 -446.299988 ) (4224 -1024 -352 ) (4224 0 -352 ) 
4 91 93 (4224 -1024 -352 ) (4224 -1024 -324 ) (4224 0 -324 ) (4224 0 -352 ) 
4 91 92 (4224 -1024 -278 ) (4224 -1024 -160 ) (4224 0 -160 ) (4224 0 -278 ) 
4 92 101 (4224 -1024 -160 ) (4096 -1024 -160 ) (4096 -1024 -278 ) (4224 -1024 -278 ) 
4 92 96 (4096 0 -160 ) (4096 0 -278 ) (4096 -1024 -278 ) (4096 -1024 -160 ) 
4 93 102 (4096 -1024 -324 ) (4096 -1024 -352 ) (4224 -1024 -352 ) (4224 -1024 -324 ) 
4 93 97 (4096 0 -324 ) (4096 0 -352 ) (4096 -1024 -352 ) (4096 -1024 -324 ) 
4 93 94 (4096 -1024 -352 ) (4096 0 -352 ) (4224 0 -352 ) (4224 -1024 -352 ) 
4 94 103 (4096 -1024 -352 ) (4096 -1024 -446.299988 ) (4224 -1024 -446.299988 ) (4224 -1024 -352 ) 
4 94 98 (4096 0 -352 ) (4096 0 -446.299988 ) (4096 -1024 -446.299988 ) (4096 -1024 -352 ) 
4 95 128 (3072 0 462.299988 ) (3072 0 -160 ) (3072 -1024 -160 ) (3072 -1024 462.299988 ) 
4 95 104 (4096 -1024 -160 ) (4096 -1024 462.299988 ) (3072 -1024 462.299988 ) (3072 -1024 -160 ) 
4 95 96 (4096 -1024 -160 ) (3072 -1024 -160 ) (3072 0 -160 ) (4096 0 -160 ) 
4 96 129 (3072 0 -160 ) (3072 0 -278 ) (3072 -1024 -278 ) (3072 -1024 -160 ) 
4 96 105 (4096 -1024 -278 ) (4096 -1024 -160 ) (3072 -1024 -160 ) (3072 -1024 -278 ) 
4 97 130 (3072 0 -324 ) (3072 0 -352 ) (3072 -1024 -352 ) (3072 -1024 -324 ) 
4 97 106 (4096 -1024 -352 ) (4096 -1024 -324 ) (3072 -1024 -324 ) (3072 -1024 -352 ) 
4 97 98 (3072 0 -352 ) (4096 0 -352 ) (4096 -1024 -352 ) (3072 -1024 -352 ) 
4 98 131 (3072 0 -352 ) (3072 0 -446.299988 ) (3072 -1024 -446.299988 ) (3072 -1024 -352 ) 
4 98 107 (4096 -1024 -446.299988 ) (4096 -1024 -352 ) (3072 -1024 -352 ) (3072 -1024 -446.299988 ) 
4 99 108 (4224.220215 -2048 462.299988 ) (4096 -2048 462.299988 ) (4096 -2048 -160 ) (4224.220215 -2048 -160 ) 
4 99 104 (4096 -1024 462.299988 ) (4096 -1024 -160 ) (4096 -2048 -160 ) (4096 -2048 462.299988 ) 
4 99 101 (4096 -2048 -160 ) (4096 -1024 -160 ) (4224 -1024 -160 ) (4224 -2048 -160 ) 
4 99 100 (4224 -1024 -160 ) (4224.220215 -1024 -160 ) (4224.220215 -2048 -160 ) (4224 -2048 -160 ) 
4 100 109 (4224.220215 -2048 -160 ) (4224 -2048 -160 ) (4224 -2048 -446.299988 ) (4224.220215 -2048 -446.299988 ) 
4 100 103 (4224 -1024 -446.299988 ) (4224 -2048 -446.299988 ) (4224 -2048 -352 ) (4224 -1024 -352 ) 
4 100 102 (4224 -2048 -352 ) (4224 -2048 -324 ) (4224 -1024 -324 ) (4224 -1024 -352 ) 
4 100 101 (4224 -2048 -278 ) (4224 -2048 -160 ) (4224 -1024 -160 ) (4224 -1024 -278 ) 
4 101 110 (4224 -2048 -160 ) (4096 -2048 -160 ) (4096 -2048 -278 ) (4224 -2048 -278 ) 
4 101 105 (4096 -1024 -160 ) (4096 -1024 -278 ) (4096 -2048 -278 ) (4096 -2048 -160 ) 
4 102 111 (4096 -2048 -324 ) (4096 -2048 -352 ) (4224 -2048 -352 ) (4224 -2048 -324 ) 
4 102 106 (4096 -1024 -324 ) (4096 -1024 -352 ) (4096 -2048 -352 ) (4096 -2048 -324 ) 
4 102 103 (4096 -2048 -352 ) (4096 -1024 -352 ) (4224 -1024 -352 ) (4224 -2048 -352 ) 
4 103 112 (4096 -2048 -352 ) (4096 -2048 -446.299988 ) (4224 -2048 -446.299988 ) (4224 -2048 -352 ) 
4 103 107 (4096 -1024 -352 ) (4096 -1024 -446.299988 ) (4096 -2048 -446.299988 ) (4096 -2048 -352 ) 
4 104 132 (3072 -2048 -160 ) (3072 -2048 462.299988 ) (3072 -1024 462.299988 ) (3072 -1024 -160 ) 
4 104 113 (4096 -2048 -160 ) (4096 -2048 462.299988 ) (3072 -2048 462.299988 ) (3072 -2048 -160 ) 
4 104 105 (4096 -2048 -160 ) (3072 -2048 -160 ) (3072 -1024 -160 ) (4096 -1024 -160 ) 
4 105 133 (3072 -2048 -278 ) (3072 -2048 -160 ) (3072 -1024 -160 ) (3072 -1024 -278 ) 
4 105 114 (4096 -2048 -278 ) (4096 -2048 -160 ) (3072 -2048 -160 ) (3072 -2048 -278 ) 
4 106 134 (3072 -2048 -352 ) (3072 -2048 -324 ) (3072 -1024 -324 ) (3072 -1024 -352 ) 
4 106 115 (4096 -2048 -352 ) (4096 -2048 -324 ) (3072 -2048 -324 ) (3072 -2048 -352 ) 
4 106 107 (4096 -1024 -352 ) (4096 -2048 -352 ) (3072 -2048 -352 ) (3072 -1024 -352 ) 
4 107 135 (3072 -2048 -446.299988 ) (3072 -2048 -352 ) (3072 -1024 -352 ) (3072 -1024 -446.299988 ) 
4 107 116 (4096 -2048 -446.299988 ) (4096 -2048 -352 ) (3072 -2048 -352 ) (3072 -2048 -446.299988 ) 
4 108 117 (4224.220215 -3072 462.299988 ) (4096 -3072 462.299988 ) (4096 -3072 -160 ) (4224.220215 -3072 -160 ) 
4 108 113 (4096 -2048 462.299988 ) (4096 -2048 -160 ) (4096 -3072 -160 ) (4096 -3072 462.299988 ) 
4 108 110 (4224 -3072 -160 ) (4096 -3072 -160 ) (4096 -2048 -160 ) (4224 -2048 -160 ) 
4 108 109 (4224.220215 -3072 -160 ) (4224 -3072 -160 ) (4224 -2048 -160 ) (4224.220215 -2048 -160 ) 
4 109 118 (4224.220215 -3072 -160 ) (4224 -3072 -160 ) (4224 -3072 -446.299988 ) (4224.220215 -3072 -446.299988 ) 
4 109 112 (4224 -2048 -446.299988 ) (4224 -3072 -446.299988 ) (4224 -3072 -352 ) (4224 -2048 -352 ) 
4 109 111 (4224 -3072 -352 ) (4224 -3072 -324 ) (4224 -2048 -324 ) (4224 -2048 -352 ) 
4 109 110 (4224 -3072 -278 ) (4224 -3072 -160 ) (4224 -2048 -160 ) (4224 -2048 -278 ) 
4 110 119 (4224 -3072 -160 ) (4096 -3072 -160 ) (4096 -3072 -278 ) (4224 -3072 -278 ) 
4 110 114 (4096 -2048 -160 ) (4096 -2048 -278 ) (4096 -3072 -278 ) (4096 -3072 -160 ) 
4 111 120 (4096 -3072 -324 ) (4096 -3072 -352 ) (4224 -3072 -352 ) (4224 -3072 -324 ) 
4 111 115 (4096 -2048 -324 ) (4096 -2048 -352 ) (4096 -3072 -352 ) (4096 -3072 -324 ) 
4 111 112 (4096 -3072 -352 ) (4096 -2048 -352 ) (4224 -2048 -352 ) (4224 -3072 -352 ) 
4 112 121 (4096 -3072 -352 ) (4096 -3072 -446.299988 ) (4224 -3072 -446.299988 ) (4224 -3072 -352 ) 
4 112 116 (4096 -2048 -352 ) (4096 -2048 -446.299988 ) (4096 -3072 -446.299988 ) (4096 -3072 -352 ) 
4 113 176 (3072 -3072 -160 ) (3072 -3072 462.299988 ) (3072 -2048 462.299988 ) (3072 -2048 -160 ) 
4 113 123 (3072 -3072 462.299988 ) (3072 -3072 -160 ) (4096 -3072 -160 ) (4096 -3072 462.299988 ) 
4 113 114 (4096 -3072 -160 ) (3072 -3072 -160 ) (3072 -2048 -160 ) (4096 -2048 -160 ) 
4 114 177 (3072 -3072 -278 ) (3072 -3072 -160 ) (3072 -2048 -160 ) (3072 -2048 -278 ) 
4 114 124 (3072 -3072 -160 ) (3072 -3072 -278 ) (4096 -3072 -278 ) (4096 -3072 -160 ) 
4 115 178 (3072 -3072 -352 ) (3072 -3072 -324 ) (3072 -2048 -324 ) (3072 -2048 -352 ) 
4 115 125 (3072 -3072 -324 ) (3072 -3072 -352 ) (4096 -3072 -352 ) (4096 -3072 -324 ) 
4 115 116 (3072 -3072 -352 ) (3072 -2048 -352 ) (4096 -2048 -352 ) (4096 -3072 -352 ) 
4 116 179 (3072 -3072 -446.299988 ) (3072 -3072 -352 ) (3072 -2048 -352 ) (3072 -2048 -446.299988 ) 
4 116 126 (3072 -3072 -352 ) (3072 -3072 -446.299988 ) (4096 -3072 -446.299988 ) (4096 -3072 -352 ) 
4 117 123 (4096 -3072 462.299988 ) (4096 -3072 -160 ) (4096 -3584.250000 -160 ) (4096 -3584.250000 462.299988 ) 
4 117 122 (4096 -3584.250000 -160 ) (4096 -3584 -160 ) (4224.220215 -3584 -160 ) (4224.220215 -3584.250000 -160 ) 
4 117 119 (4096 -3584 -160 ) (4096 -3072 -160 ) (4224 -3072 -160 ) (4224 -3584 -160 ) 
4 117 118 (4224 -3072 -160 ) (4224.220215 -3072 -160 ) (4224.220215 -3584 -160 ) (4224 -3584 -160 ) 
4 118 122 (4224 -3584 -446.299988 ) (4224.220215 -3584 -446.299988 ) (4224.220215 -3584 -160 ) (4224 -3584 -160 ) 
4 118 121 (4224 -3072 -446.299988 ) (4224 -3584 -446.299988 ) (4224 -3584 -352 ) (4224 -3072 -352 ) 
4 118 120 (4224 -3584 -352 ) (4224 -3584 -324 ) (4224 -3072 -324 ) (4224 -3072 -352 ) 
4 118 119 (4224 -3584 -278 ) (4224 -3584 -160 ) (4224 -3072 -160 ) (4224 -3072 -278 ) 
4 119 124 (4096 -3072 -160 ) (4096 -3072 -278 ) (4096 -3584 -278 ) (4096 -3584 -160 ) 
4 119 122 (4224 -3584 -278 ) (4224 -3584 -160 ) (4096 -3584 -160 ) (4096 -3584 -278 ) 
4 120 125 (4096 -3072 -324 ) (4096 -3072 -352 ) (4096 -3584 -352 ) (4096 -3584 -324 ) 
4 120 122 (4224 -3584 -352 ) (4224 -3584 -324 ) (4096 -3584 -324 ) (4096 -3584 -352 ) 
4 120 121 (4224 -3072 -352 ) (4224 -3584 -352 ) (4096 -3584 -352 ) (4096 -3072 -352 ) 
4 121 126 (4096 -3072 -352 ) (4096 -3072 -446.299988 ) (4096 -3584 -446.299988 ) (4096 -3584 -352 ) 
4 121 122 (4096 -3584 -446.299988 ) (4224 -3584 -446.299988 ) (4224 -3584 -352 ) (4096 -3584 -352 ) 
4 122 127 (4096 -3584 -446.299988 ) (4096 -3584.250000 -446.299988 ) (4096 -3584.250000 -160 ) (4096 -3584 -160 ) 
4 123 196 (3072 -3584.250000 462.299988 ) (3072 -3072 462.299988 ) (3072 -3072 -160 ) (3072 -3584.250000 -160 ) 
4 123 127 (3072 -3584.250000 -160 ) (3072 -3584 -160 ) (4096 -3584 -160 ) (4096 -3584.250000 -160 ) 
4 123 124 (3072 -3584 -160 ) (3072 -3072 -160 ) (4096 -3072 -160 ) (4096 -3584 -160 ) 
4 124 197 (3072 -3584 -160 ) (3072 -3072 -160 ) (3072 -3072 -278 ) (3072 -3584 -278 ) 
4 124 127 (4096 -3584 -278 ) (4096 -3584 -160 ) (3072 -3584 -160 ) (3072 -3584 -278 ) 
4 125 198 (3072 -3072 -324 ) (3072 -3072 -352 ) (3072 -3584 -352 ) (3072 -3584 -324 ) 
4 125 127 (4096 -3584 -352 ) (4096 -3584 -324 ) (3072 -3584 -324 ) (3072 -3584 -352 ) 
4 125 126 (4096 -3584 -352 ) (3072 -3584 -352 ) (3072 -3072 -352 ) (4096 -3072 -352 ) 
4 126 199 (3072 -3072 -352 ) (3072 -3072 -446.299988 ) (3072 -3584 -446.299988 ) (3072 -3584 -352 ) 
4 126 127 (3072 -3584 -446.299988 ) (4096 -3584 -446.299988 ) (4096 -3584 -352 ) (3072 -3584 -352 ) 
4 127 200 (3072 -3584.250000 -160 ) (3072 -3584 -160 ) (3072 -3584 -446.299988 ) (3072 -3584.250000 -446.299988 ) 
4 128 136 (2048 0 462.299988 ) (2048 0 -160 ) (2048 -1024 -160 ) (2048 -1024 462.299988 ) 
4 128 132 (3072 -1024 -160 ) (3072 -1024 462.299988 ) (2048 -1024 462.299988 ) (2048 -1024 -160 ) 
4 128 129 (3072 -1024 -160 ) (2048 -1024 -160 ) (2048 0 -160 ) (3072 0 -160 ) 
4 129 137 (2048 0 -160 ) (2048 0 -278 ) (2048 -1024 -278 ) (2048 -1024 -160 ) 
4 129 133 (3072 -1024 -278 ) (3072 -1024 -160 ) (2048 -1024 -160 ) (2048 -1024 -278 ) 
4 130 138 (2048 0 -324 ) (2048 0 -352 ) (2048 -1024 -352 ) (2048 -1024 -324 ) 
4 130 134 (3072 -1024 -352 ) (3072 -1024 -324 ) (2048 -1024 -324 ) (2048 -1024 -352 ) 
4 130 131 (2048 -1024 -352 ) (2048 0 -352 ) (3072 0 -352 ) (3072 -1024 -352 ) 
4 131 139 (2048 0 -352 ) (2048 0 -446.299988 ) (2048 -1024 -446.299988 ) (2048 -1024 -352 ) 
4 131 135 (3072 -1024 -446.299988 ) (3072 -1024 -352 ) (2048 -1024 -352 ) (2048 -1024 -446.299988 ) 
4 132 176 (3072 -2048 -160 ) (3072 -2048 462.299988 ) (2048 -2048 462.299988 ) (2048 -2048 -160 ) 
4 132 149 (2048 -2048 -160 ) (2048 -2048 462.299988 ) (2048 -1024 462.299988 ) (2048 -1024 -160 ) 
4 132 133 (3072 -2048 -160 ) (2048 -2048 -160 ) (2048 -1024 -160 ) (3072 -1024 -160 ) 
4 133 177 (3072 -2048 -278 ) (3072 -2048 -160 ) (2048 -2048 -160 ) (2048 -2048 -278 ) 
4 133 150 (2048 -2048 -278 ) (2048 -2048 -160 ) (2048 -1024 -160 ) (2048 -1024 -278 ) 
4 134 178 (3072 -2048 -352 ) (3072 -2048 -324 ) (2048 -2048 -324 ) (2048 -2048 -352 ) 
4 134 151 (2048 -2048 -352 ) (2048 -2048 -324 ) (2048 -1024 -324 ) (2048 -1024 -352 ) 
4 134 135 (2048 -2048 -352 ) (2048 -1024 -352 ) (3072 -1024 -352 ) (3072 -2048 -352 ) 
4 135 179 (3072 -2048 -446.299988 ) (3072 -2048 -352 ) (2048 -2048 -352 ) (2048 -2048 -446.299988 ) 
4 135 152 (2048 -2048 -446.299988 ) (2048 -2048 -352 ) (2048 -1024 -352 ) (2048 -1024 -446.299988 ) 
4 136 149 (2048 -1024 -160 ) (2048 -1024 462.299988 ) (1024 -1024 462.299988 ) (1024 -1024 -160 ) 
4 136 140 (1024 0 462.299988 ) (1024 0 -160 ) (1024 -1024 -160 ) (1024 -1024 462.299988 ) 
4 136 137 (1024 -1024 -160 ) (1024 0 -160 ) (2048 0 -160 ) (2048 -1024 -160 ) 
4 137 150 (2048 -1024 -278 ) (2048 -1024 -160 ) (1024 -1024 -160 ) (1024 -1024 -278 ) 
4 137 146 (1024 0 -160 ) (1024 0 -278 ) (1024 -1024 -278 ) (1024 -1024 -160 ) 
4 138 151 (2048 -1024 -352 ) (2048 -1024 -324 ) (1024 -1024 -324 ) (1024 -1024 -352 ) 
4 138 147 (1024 0 -324 ) (1024 0 -352 ) (1024 -1024 -352 ) (1024 -1024 -324 ) 
4 138 139 (2048 -1024 -352 ) (1024 -1024 -352 ) (1024 0 -352 ) (2048 0 -352 ) 
4 139 152 (2048 -1024 -446.299988 ) (2048 -1024 -352 ) (1024 -1024 -352 ) (1024 -1024 -446.299988 ) 
4 139 148 (1024 0 -352 ) (1024 0 -446.299988 ) (1024 -1024 -446.299988 ) (1024 -1024 -352 ) 
4 140 153 (1024 -1024 -160 ) (1024 -1024 462.299988 ) (712 -1024 462.299988 ) (712 -1024 -160 ) 
4 140 146 (1024 -1024 -160 ) (712 -1024 -160 ) (712 0 -160 ) (1024 0 -160 ) 
4 140 142 (712 -672 -50 ) (712 -672 462.299988 ) (712 -580 462.299988 ) (712 -580 -50 ) 
4 140 143 (712 -580 -160 ) (712 -672 -160 ) (712 -672 -98 ) (712 -580 -98 ) 
4 140 141 (712 0 -160 ) (712 -580 -160 ) (712 -580 462.299988 ) (712 0 462.299988 ) 
4 140 144 (712 -672 -160 ) (712 -1024 -160 ) (712 -1024 462.299988 ) (712 -672 462.299988 ) 
4 141 146 (620 -580 -160 ) (620 0 -160 ) (712 0 -160 ) (712 -580 -160 ) 
4 141 142 (620 -580 462.299988 ) (620 -580 -50 ) (712 -580 -50 ) (712 -580 462.299988 ) 
4 141 143 (620 -580 -98 ) (620 -580 -160 ) (712 -580 -160 ) (712 -580 -98 ) 
4 141 145 (620 0 -160 ) (620 -580 -160 ) (620 -580 462.299988 ) (620 0 462.299988 ) 
4 142 144 (620 -672 462.299988 ) (620 -672 -50 ) (712 -672 -50 ) (712 -672 462.299988 ) 
4 142 145 (620 -672 -50 ) (620 -672 462.299988 ) (620 -580 462.299988 ) (620 -580 -50 ) 
4 143 146 (620 -672 -160 ) (620 -580 -160 ) (712 -580 -160 ) (712 -672 -160 ) 
4 143 145 (620 -580 -160 ) (620 -672 -160 ) (620 -672 -98 ) (620 -580 -98 ) 
4 143 144 (620 -672 -98 ) (620 -672 -160 ) (712 -672 -160 ) (712 -672 -98 ) 
4 144 159 (659 -1024 462.299988 ) (620 -1024 462.299988 ) (620 -1024 -160 ) (659 -1024 -160 ) 
4 144 158 (665 -1024 462.299988 ) (659 -1024 462.299988 ) (659 -1024 -160 ) (665 -1024 -160 ) 
4 144 154 (670 -1024 462.299988 ) (665 -1024 462.299988 ) (665 -1024 -160 ) (670 -1024 -160 ) 
4 144 153 (712 -1024 462.299988 ) (670 -1024 462.299988 ) (670 -1024 -160 ) (712 -1024 -160 ) 
4 144 146 (712 -1024 -160 ) (620 -1024 -160 ) (620 -672 -160 ) (712 -672 -160 ) 
4 144 145 (620 -672 -160 ) (620 -1024 -160 ) (620 -1024 462.299988 ) (620 -672 462.299988 ) 
4 145 300 (0 -1024 -160 ) (0 -1024 462.299988 ) (0 0 462.299988 ) (0 0 -160 ) 
4 145 166 (432 -1024 462.299988 ) (330 -1024 462.299988 ) (330 -1024 -160 ) (432 -1024 -160 ) 
4 145 165 (480 -1024 462.299988 ) (432 -1024 462.299988 ) (432 -1024 -160 ) (480 -1024 -160 ) 
4 145 170 (330 -1024 462.299988 ) (0 -1024 462.299988 ) (0 -1024 -160 ) (330 -1024 -160 ) 
4 145 159 (620 -1024 462.299988 ) (509 -1024 462.299988 ) (509 -1024 -160 ) (620 -1024 -160 ) 
4 145 164 (509 -1024 462.299988 ) (480 -1024 462.299988 ) (480 -1024 -160 ) (509 -1024 -160 ) 
4 145 146 (620 -1024 -160 ) (0 -1024 -160 ) (0 0 -160 ) (620 0 -160 ) 
4 146 301 (0 -1024 -278 ) (0 -1024 -160 ) (0 0 -160 ) (0 0 -278 ) 
4 146 173 (1024 -1024 -278 ) (1024 -1024 -160 ) (0 -1024 -160 ) (0 -1024 -278 ) 
4 147 302 (0 -1024 -352 ) (0 -1024 -324 ) (0 0 -324 ) (0 0 -352 ) 
4 147 174 (1024 -1024 -352 ) (1024 -1024 -324 ) (0 -1024 -324 ) (0 -1024 -352 ) 
4 147 148 (1024 0 -352 ) (1024 -1024 -352 ) (0 -1024 -352 ) (0 0 -352 ) 
4 148 303 (0 -1024 -446.299988 ) (0 -1024 -352 ) (0 0 -352 ) (0 0 -446.299988 ) 
4 148 175 (1024 -1024 -446.299988 ) (1024 -1024 -352 ) (0 -1024 -352 ) (0 -1024 -446.299988 ) 
4 149 180 (2048 -2048 -160 ) (2048 -2048 462.299988 ) (1024 -2048 462.299988 ) (1024 -2048 -160 ) 
4 149 153 (1024 -1024 462.299988 ) (1024 -1024 -160 ) (1024 -2048 -160 ) (1024 -2048 462.299988 ) 
4 149 150 (2048 -2048 -160 ) (1024 -2048 -160 ) (1024 -1024 -160 ) (2048 -1024 -160 ) 
4 150 181 (2048 -2048 -278 ) (2048 -2048 -160 ) (1024 -2048 -160 ) (1024 -2048 -278 ) 
4 150 173 (1024 -1024 -160 ) (1024 -1024 -278 ) (1024 -2048 -278 ) (1024 -2048 -160 ) 
4 151 182 (2048 -2048 -352 ) (2048 -2048 -324 ) (1024 -2048 -324 ) (1024 -2048 -352 ) 
4 151 174 (1024 -1024 -324 ) (1024 -1024 -352 ) (1024 -2048 -352 ) (1024 -2048 -324 ) 
4 151 152 (1024 -1024 -352 ) (2048 -1024 -352 ) (2048 -2048 -352 ) (1024 -2048 -352 ) 
4 152 183 (2048 -2048 -446.299988 ) (2048 -2048 -352 ) (1024 -2048 -352 ) (1024 -2048 -446.299988 ) 
4 152 175 (1024 -1024 -352 ) (1024 -1024 -446.299988 ) (1024 -2048 -446.299988 ) (1024 -2048 -352 ) 
4 153 184 (1024 -2048 -160 ) (1024 -2048 462.299988 ) (670 -2048 462.299988 ) (670 -2048 -160 ) 
4 153 173 (1024 -2048 -160 ) (670 -2048 -160 ) (670 -1024 -160 ) (1024 -1024 -160 ) 
4 153 156 (670 -2048 -76 ) (670 -2048 55 ) (670 -1973 55 ) (670 -1973 -76 ) 
4 153 155 (670 -2048 55 ) (670 -2048 462.299988 ) (670 -1973 462.299988 ) (670 -1973 55 ) 
4 153 157 (670 -1973 -160 ) (670 -2048 -160 ) (670 -2048 -76 ) (670 -1973 -76 ) 
4 153 154 (670 -1024 -160 ) (670 -1973 -160 ) (670 -1973 462.299988 ) (670 -1024 462.299988 ) 
4 154 173 (665 -1973 -160 ) (665 -1024 -160 ) (670 -1024 -160 ) (670 -1973 -160 ) 
4 154 158 (665 -1024 -160 ) (665 -1973 -160 ) (665 -1973 462.299988 ) (665 -1024 462.299988 ) 
4 154 156 (665 -1973 55 ) (665 -1973 -76 ) (670 -1973 -76 ) (670 -1973 55 ) 
4 154 155 (665 -1973 462.299988 ) (665 -1973 55 ) (670 -1973 55 ) (670 -1973 462.299988 ) 
4 154 157 (665 -1973 -76 ) (665 -1973 -160 ) (670 -1973 -160 ) (670 -1973 -76 ) 
4 155 185 (670 -2048 462.299988 ) (665 -2048 462.299988 ) (665 -2048 55 ) (670 -2048 55 ) 
4 155 158 (665 -2048 55 ) (665 -2048 462.299988 ) (665 -1973 462.299988 ) (665 -1973 55 ) 
4 155 156 (665 -2048 55 ) (665 -1973 55 ) (670 -1973 55 ) (670 -2048 55 ) 
4 156 186 (665 -2048 55 ) (665 -2048 -76 ) (670 -2048 -76 ) (670 -2048 55 ) 
4 156 158 (665 -2048 -76 ) (665 -2048 55 ) (665 -1973 55 ) (665 -1973 -76 ) 
4 156 157 (665 -2048 -76 ) (665 -1973 -76 ) (670 -1973 -76 ) (670 -2048 -76 ) 
4 157 187 (665 -2048 -76 ) (665 -2048 -160 ) (670 -2048 -160 ) (670 -2048 -76 ) 
4 157 173 (670 -2048 -160 ) (665 -2048 -160 ) (665 -1973 -160 ) (670 -1973 -160 ) 
4 157 158 (665 -1973 -160 ) (665 -2048 -160 ) (665 -2048 -76 ) (665 -1973 -76 ) 
4 158 189 (665 -2048 462.299988 ) (659 -2048 462.299988 ) (659 -2048 -160 ) (665 -2048 -160 ) 
4 158 173 (665 -2048 -160 ) (659 -2048 -160 ) (659 -1024 -160 ) (665 -1024 -160 ) 
4 158 161 (659 -1850 -80 ) (659 -1850 85 ) (659 -1849 85 ) (659 -1849 -80 ) 
4 158 160 (659 -1850 85 ) (659 -1850 462.299988 ) (659 -1849 462.299988 ) (659 -1849 85 ) 
4 158 162 (659 -1849 -160 ) (659 -1850 -160 ) (659 -1850 -80 ) (659 -1849 -80 ) 
4 158 159 (659 -1024 -160 ) (659 -1849 -160 ) (659 -1849 462.299988 ) (659 -1024 462.299988 ) 
4 158 163 (659 -1850 -160 ) (659 -2048 -160 ) (659 -2048 462.299988 ) (659 -1850 462.299988 ) 
4 159 173 (509 -1849 -160 ) (509 -1024 -160 ) (659 -1024 -160 ) (659 -1849 -160 ) 
4 159 161 (509 -1849 85 ) (509 -1849 -80 ) (659 -1849 -80 ) (659 -1849 85 ) 
4 159 160 (509 -1849 462.299988 ) (509 -1849 85 ) (659 -1849 85 ) (659 -1849 462.299988 ) 
4 159 162 (509 -1849 -80 ) (509 -1849 -160 ) (659 -1849 -160 ) (659 -1849 -80 ) 
4 159 164 (509 -1024 -160 ) (509 -1849 -160 ) (509 -1849 462.299988 ) (509 -1024 462.299988 ) 
4 160 163 (509 -1850 462.299988 ) (509 -1850 85 ) (659 -1850 85 ) (659 -1850 462.299988 ) 
4 160 164 (509 -1850 85 ) (509 -1850 462.299988 ) (509 -1849 462.299988 ) (509 -1849 85 ) 
4 160 161 (659 -1850 85 ) (509 -1850 85 ) (509 -1849 85 ) (659 -1849 85 ) 
4 161 162 (659 -1850 -80 ) (509 -1850 -80 ) (509 -1849 -80 ) (659 -1849 -80 ) 
4 161 163 (509 -1850 85 ) (509 -1850 -80 ) (659 -1850 -80 ) (659 -1850 85 ) 
4 161 164 (509 -1850 -80 ) (509 -1850 85 ) (509 -1849 85 ) (509 -1849 -80 ) 
4 162 173 (509 -1850 -160 ) (509 -1849 -160 ) (659 -1849 -160 ) (659 -1850 -160 ) 
4 162 164 (509 -1849 -160 ) (509 -1850 -160 ) (509 -1850 -80 ) (509 -1849 -80 ) 
4 162 163 (509 -1850 -80 ) (509 -1850 -160 ) (659 -1850 -160 ) (659 -1850 -80 ) 
4 163 189 (659 -2048 462.299988 ) (509 -2048 462.299988 ) (509 -2048 -160 ) (659 -2048 -160 ) 
4 163 173 (659 -2048 -160 ) (509 -2048 -160 ) (509 -1850 -160 ) (659 -1850 -160 ) 
4 163 164 (509 -1850 -160 ) (509 -2048 -160 ) (509 -2048 462.299988 ) (509 -1850 462.299988 ) 
4 164 189 (509 -2048 462.299988 ) (480 -2048 462.299988 ) (480 -2048 -160 ) (509 -2048 -160 ) 
4 164 173 (509 -2048 -160 ) (480 -2048 -160 ) (480 -1024 -160 ) (509 -1024 -160 ) 
4 164 171 (480 -2048 -94 ) (480 -2048 462.299988 ) (480 -1887.989990 462.299988 ) (480 -1887.989990 -94 ) 
4 164 172 (480 -1887.989990 -160 ) (480 -2048 -160 ) (480 -2048 -100 ) (480 -1887.989990 -100 ) 
4 164 165 (480 -1024 -160 ) (480 -1887.989990 -160 ) (480 -1887.989990 462.299988 ) (480 -1024 462.299988 ) 
4 165 173 (432 -1024 -160 ) (480 -1024 -160 ) (480 -1887.989990 -160 ) (432 -1887.989990 -160 ) 
4 165 171 (480 -1887.989990 -94 ) (480 -1887.989990 462.299988 ) (432 -1887.989990 462.299988 ) (432 -1887.989990 -94 ) 
4 165 172 (432 -1887.989990 -160 ) (480 -1887.989990 -160 ) (480 -1887.989990 -100 ) (432 -1887.989990 -100 ) 
4 165 167 (432 -1738 -26 ) (432 -1738 462.299988 ) (432 -1732 462.299988 ) (432 -1732 -26 ) 
4 165 168 (432 -1732 -160 ) (432 -1738 -160 ) (432 -1738 -138 ) (432 -1732 -138 ) 
4 165 166 (432 -1024 -160 ) (432 -1732 -160 ) (432 -1732 462.299988 ) (432 -1024 462.299988 ) 
4 165 169 (432 -1738 -160 ) (432 -1887.989990 -160 ) (432 -1887.989990 462.299988 ) (432 -1738 462.299988 ) 
4 166 173 (330 -1024 -160 ) (432 -1024 -160 ) (432 -1732 -160 ) (330 -1732 -160 ) 
4 166 167 (330 -1732 462.299988 ) (330 -1732 -26 ) (432 -1732 -26 ) (432 -1732 462.299988 ) 
4 166 168 (330 -1732 -138 ) (330 -1732 -160 ) (432 -1732 -160 ) (432 -1732 -138 ) 
4 166 170 (330 -1024 -160 ) (330 -1732 -160 ) (330 -1732 462.299988 ) (330 -1024 462.299988 ) 
4 167 169 (330 -1738 462.299988 ) (330 -1738 -26 ) (432 -1738 -26 ) (432 -1738 462.299988 ) 
4 167 170 (330 -1738 -26 ) (330 -1738 462.299988 ) (330 -1732 462.299988 ) (330 -1732 -26 ) 
4 168 173 (432 -1732 -160 ) (432 -1738 -160 ) (330 -1738 -160 ) (330 -1732 -160 ) 
4 168 170 (330 -1732 -160 ) (330 -1738 -160 ) (330 -1738 -138 ) (330 -1732 -138 ) 
4 168 169 (330 -1738 -138 ) (330 -1738 -160 ) (432 -1738 -160 ) (432 -1738 -138 ) 
4 169 173 (432 -1738 -160 ) (432 -1887.989990 -160 ) (330 -1887.989990 -160 ) (330 -1738 -160 ) 
4 169 171 (432 -1887.989990 -94 ) (432 -1887.989990 462.299988 ) (330 -1887.989990 462.299988 ) (330 -1887.989990 -94 ) 
4 169 172 (330 -1887.989990 -160 ) (432 -1887.989990 -160 ) (432 -1887.989990 -100 ) (330 -1887.989990 -100 ) 
4 169 170 (330 -1738 -160 ) (330 -1887.989990 -160 ) (330 -1887.989990 462.299988 ) (330 -1738 462.299988 ) 
4 170 304 (0 -1887.989990 462.299988 ) (0 -1024 462.299988 ) (0 -1024 -160 ) (0 -1887.989990 -160 ) 
4 170 173 (0 -1887.989990 -160 ) (0 -1024 -160 ) (330 -1024 -160 ) (330 -1887.989990 -160 ) 
4 170 171 (330 -1887.989990 -94 ) (330 -1887.989990 462.299988 ) (0 -1887.989990 462.299988 ) (0 -1887.989990 -94 ) 
4 170 172 (0 -1887.989990 -160 ) (330 -1887.989990 -160 ) (330 -1887.989990 -100 ) (0 -1887.989990 -100 ) 
4 171 305 (0 -2048 -94 ) (0 -2048 462.299988 ) (0 -1887.989990 462.299988 ) (0 -1887.989990 -94 ) 
4 171 190 (480 -2048 462.299988 ) (0 -2048 462.299988 ) (0 -2048 -94 ) (480 -2048 -94 ) 
4 172 306 (0 -2048 -160 ) (0 -2048 -100 ) (0 -1887.989990 -100 ) (0 -1887.989990 -160 ) 
4 172 191 (0 -2048 -100 ) (0 -2048 -160 ) (480 -2048 -160 ) (480 -2048 -100 ) 
4 172 173 (480 -2048 -160 ) (0 -2048 -160 ) (0 -1887.989990 -160 ) (480 -1887.989990 -160 ) 
4 173 308 (0 -2048 -278 ) (0 -2048 -160 ) (0 -1024 -160 ) (0 -1024 -278 ) 
4 173 193 (1024 -2048 -278 ) (1024 -2048 -160 ) (0 -2048 -160 ) (0 -2048 -278 ) 
4 174 309 (0 -2048 -352 ) (0 -2048 -324 ) (0 -1024 -324 ) (0 -1024 -352 ) 
4 174 194 (1024 -2048 -352 ) (1024 -2048 -324 ) (0 -2048 -324 ) (0 -2048 -352 ) 
4 174 175 (1024 -1024 -352 ) (1024 -2048 -352 ) (0 -2048 -352 ) (0 -1024 -352 ) 
4 175 310 (0 -2048 -446.299988 ) (0 -2048 -352 ) (0 -1024 -352 ) (0 -1024 -446.299988 ) 
4 175 195 (1024 -2048 -446.299988 ) (1024 -2048 -352 ) (0 -2048 -352 ) (0 -2048 -446.299988 ) 
4 176 196 (3072 -3072 -160 ) (3072 -3072 462.299988 ) (2048 -3072 462.299988 ) (2048 -3072 -160 ) 
4 176 180 (2048 -3072 -160 ) (2048 -3072 462.299988 ) (2048 -2048 462.299988 ) (2048 -2048 -160 ) 
4 176 177 (2048 -3072 -160 ) (2048 -2048 -160 ) (3072 -2048 -160 ) (3072 -3072 -160 ) 
4 177 197 (3072 -3072 -278 ) (3072 -3072 -160 ) (2048 -3072 -160 ) (2048 -3072 -278 ) 
4 177 181 (2048 -3072 -278 ) (2048 -3072 -160 ) (2048 -2048 -160 ) (2048 -2048 -278 ) 
4 178 198 (3072 -3072 -352 ) (3072 -3072 -324 ) (2048 -3072 -324 ) (2048 -3072 -352 ) 
4 178 182 (2048 -3072 -352 ) (2048 -3072 -324 ) (2048 -2048 -324 ) (2048 -2048 -352 ) 
4 178 179 (3072 -3072 -352 ) (2048 -3072 -352 ) (2048 -2048 -352 ) (3072 -2048 -352 ) 
4 179 199 (3072 -3072 -446.299988 ) (3072 -3072 -352 ) (2048 -3072 -352 ) (2048 -3072 -446.299988 ) 
4 179 183 (2048 -3072 -446.299988 ) (2048 -3072 -352 ) (2048 -2048 -352 ) (2048 -2048 -446.299988 ) 
4 180 201 (2048 -3072 -160 ) (2048 -3072 462.299988 ) (1024 -3072 462.299988 ) (1024 -3072 -160 ) 
4 180 184 (1024 -2048 462.299988 ) (1024 -2048 -160 ) (1024 -3072 -160 ) (1024 -3072 462.299988 ) 
4 180 181 (1024 -3072 -160 ) (1024 -2048 -160 ) (2048 -2048 -160 ) (2048 -3072 -160 ) 
4 181 202 (2048 -3072 -278 ) (2048 -3072 -160 ) (1024 -3072 -160 ) (1024 -3072 -278 ) 
4 181 193 (1024 -2048 -160 ) (1024 -2048 -278 ) (1024 -3072 -278 ) (1024 -3072 -160 ) 
4 182 203 (2048 -3072 -352 ) (2048 -3072 -324 ) (1024 -3072 -324 ) (1024 -3072 -352 ) 
4 182 194 (1024 -2048 -324 ) (1024 -2048 -352 ) (1024 -3072 -352 ) (1024 -3072 -324 ) 
4 182 183 (2048 -3072 -352 ) (1024 -3072 -352 ) (1024 -2048 -352 ) (2048 -2048 -352 ) 
4 183 204 (2048 -3072 -446.299988 ) (2048 -3072 -352 ) (1024 -3072 -352 ) (1024 -3072 -446.299988 ) 
4 183 195 (1024 -2048 -352 ) (1024 -2048 -446.299988 ) (1024 -3072 -446.299988 ) (1024 -3072 -352 ) 
4 184 206 (670 -3072 -160 ) (1024 -3072 -160 ) (1024 -3072 462.299988 ) (670 -3072 462.299988 ) 
4 184 193 (1024 -3072 -160 ) (670 -3072 -160 ) (670 -2048 -160 ) (1024 -2048 -160 ) 
4 184 186 (670 -2085 -76 ) (670 -2085 55 ) (670 -2048 55 ) (670 -2048 -76 ) 
4 184 185 (670 -2085 55 ) (670 -2085 462.299988 ) (670 -2048 462.299988 ) (670 -2048 55 ) 
4 184 187 (670 -2048 -160 ) (670 -2085 -160 ) (670 -2085 -76 ) (670 -2048 -76 ) 
4 184 188 (670 -2085 -160 ) (670 -3072 -160 ) (670 -3072 462.299988 ) (670 -2085 462.299988 ) 
4 185 189 (665 -2085 55 ) (665 -2085 462.299988 ) (665 -2048 462.299988 ) (665 -2048 55 ) 
4 185 188 (665 -2085 462.299988 ) (665 -2085 55 ) (670 -2085 55 ) (670 -2085 462.299988 ) 
4 185 186 (670 -2085 55 ) (665 -2085 55 ) (665 -2048 55 ) (670 -2048 55 ) 
4 186 187 (670 -2085 -76 ) (665 -2085 -76 ) (665 -2048 -76 ) (670 -2048 -76 ) 
4 186 189 (665 -2085 -76 ) (665 -2085 55 ) (665 -2048 55 ) (665 -2048 -76 ) 
4 186 188 (665 -2085 55 ) (665 -2085 -76 ) (670 -2085 -76 ) (670 -2085 55 ) 
4 187 193 (665 -2085 -160 ) (665 -2048 -160 ) (670 -2048 -160 ) (670 -2085 -160 ) 
4 187 188 (665 -2085 -76 ) (665 -2085 -160 ) (670 -2085 -160 ) (670 -2085 -76 ) 
4 187 189 (665 -2048 -160 ) (665 -2085 -160 ) (665 -2085 -76 ) (665 -2048 -76 ) 
4 188 206 (665 -3072 -160 ) (670 -3072 -160 ) (670 -3072 462.299988 ) (665 -3072 462.299988 ) 
4 188 193 (670 -3072 -160 ) (665 -3072 -160 ) (665 -2085 -160 ) (670 -2085 -160 ) 
4 188 189 (665 -2085 -160 ) (665 -3072 -160 ) (665 -3072 462.299988 ) (665 -2085 462.299988 ) 
4 189 206 (480 -3072 -160 ) (665 -3072 -160 ) (665 -3072 462.299988 ) (480 -3072 462.299988 ) 
4 189 193 (665 -3072 -160 ) (480 -3072 -160 ) (480 -2048 -160 ) (665 -2048 -160 ) 
4 189 190 (480 -2495.989990 -94 ) (480 -2495.989990 462.299988 ) (480 -2048 462.299988 ) (480 -2048 -94 ) 
4 189 191 (480 -2048 -160 ) (480 -2495.989990 -160 ) (480 -2495.989990 -100 ) (480 -2048 -100 ) 
4 189 192 (480 -2495.989990 -160 ) (480 -3072 -160 ) (480 -3072 462.299988 ) (480 -2495.989990 462.299988 ) 
4 190 327 (0 -2495.989990 462.299988 ) (0 -2048 462.299988 ) (0 -2048 -94 ) (0 -2495.989990 -94 ) 
4 190 192 (480 -2495.989990 -94 ) (480 -2495.989990 462.299988 ) (0 -2495.989990 462.299988 ) (0 -2495.989990 -94 ) 
4 191 328 (0 -2048 -100 ) (0 -2048 -160 ) (0 -2495.989990 -160 ) (0 -2495.989990 -100 ) 
4 191 193 (0 -2495.989990 -160 ) (0 -2048 -160 ) (480 -2048 -160 ) (480 -2495.989990 -160 ) 
4 191 192 (0 -2495.989990 -160 ) (480 -2495.989990 -160 ) (480 -2495.989990 -100 ) (0 -2495.989990 -100 ) 
4 192 329 (0 -3072 -160 ) (0 -3072 462.299988 ) (0 -2495.989990 462.299988 ) (0 -2495.989990 -160 ) 
4 192 206 (0 -3072 462.299988 ) (0 -3072 -160 ) (480 -3072 -160 ) (480 -3072 462.299988 ) 
4 192 193 (480 -3072 -160 ) (0 -3072 -160 ) (0 -2495.989990 -160 ) (480 -2495.989990 -160 ) 
4 193 331 (0 -3072 -278 ) (0 -3072 -160 ) (0 -2048 -160 ) (0 -2048 -278 ) 
4 193 207 (0 -3072 -160 ) (0 -3072 -278 ) (1024 -3072 -278 ) (1024 -3072 -160 ) 
4 194 332 (0 -3072 -352 ) (0 -3072 -324 ) (0 -2048 -324 ) (0 -2048 -352 ) 
4 194 208 (0 -3072 -324 ) (0 -3072 -352 ) (1024 -3072 -352 ) (1024 -3072 -324 ) 
4 194 195 (0 -3072 -352 ) (0 -2048 -352 ) (1024 -2048 -352 ) (1024 -3072 -352 ) 
4 195 333 (0 -3072 -446.299988 ) (0 -3072 -352 ) (0 -2048 -352 ) (0 -2048 -446.299988 ) 
4 195 209 (0 -3072 -352 ) (0 -3072 -446.299988 ) (1024 -3072 -446.299988 ) (1024 -3072 -352 ) 
4 196 201 (2048 -3072 462.299988 ) (2048 -3072 -160 ) (2048 -3584.250000 -160 ) (2048 -3584.250000 462.299988 ) 
4 196 200 (2048 -3584.250000 -160 ) (2048 -3584 -160 ) (3072 -3584 -160 ) (3072 -3584.250000 -160 ) 
4 196 197 (2048 -3584 -160 ) (2048 -3072 -160 ) (3072 -3072 -160 ) (3072 -3584 -160 ) 
4 197 202 (2048 -3072 -160 ) (2048 -3072 -278 ) (2048 -3584 -278 ) (2048 -3584 -160 ) 
4 197 200 (3072 -3584 -278 ) (3072 -3584 -160 ) (2048 -3584 -160 ) (2048 -3584 -278 ) 
4 198 203 (2048 -3072 -324 ) (2048 -3072 -352 ) (2048 -3584 -352 ) (2048 -3584 -324 ) 
4 198 200 (3072 -3584 -352 ) (3072 -3584 -324 ) (2048 -3584 -324 ) (2048 -3584 -352 ) 
4 198 199 (3072 -3584 -352 ) (2048 -3584 -352 ) (2048 -3072 -352 ) (3072 -3072 -352 ) 
4 199 204 (2048 -3072 -352 ) (2048 -3072 -446.299988 ) (2048 -3584 -446.299988 ) (2048 -3584 -352 ) 
4 199 200 (2048 -3584 -446.299988 ) (3072 -3584 -446.299988 ) (3072 -3584 -352 ) (2048 -3584 -352 ) 
4 200 205 (2048 -3584 -446.299988 ) (2048 -3584.250000 -446.299988 ) (2048 -3584.250000 -160 ) (2048 -3584 -160 ) 
4 201 206 (1024 -3072 462.299988 ) (1024 -3072 -160 ) (1024 -3584.250000 -160 ) (1024 -3584.250000 462.299988 ) 
4 201 205 (1024 -3584.250000 -160 ) (1024 -3584 -160 ) (2048 -3584 -160 ) (2048 -3584.250000 -160 ) 
4 201 202 (1024 -3584 -160 ) (1024 -3072 -160 ) (2048 -3072 -160 ) (2048 -3584 -160 ) 
4 202 207 (1024 -3072 -160 ) (1024 -3072 -278 ) (1024 -3584 -278 ) (1024 -3584 -160 ) 
4 202 205 (2048 -3584 -278 ) (2048 -3584 -160 ) (1024 -3584 -160 ) (1024 -3584 -278 ) 
4 203 208 (1024 -3072 -324 ) (1024 -3072 -352 ) (1024 -3584 -352 ) (1024 -3584 -324 ) 
4 203 205 (2048 -3584 -352 ) (2048 -3584 -324 ) (1024 -3584 -324 ) (1024 -3584 -352 ) 
4 203 204 (2048 -3584 -352 ) (1024 -3584 -352 ) (1024 -3072 -352 ) (2048 -3072 -352 ) 
4 204 209 (1024 -3072 -352 ) (1024 -3072 -446.299988 ) (1024 -3584 -446.299988 ) (1024 -3584 -352 ) 
4 204 205 (1024 -3584 -446.299988 ) (2048 -3584 -446.299988 ) (2048 -3584 -352 ) (1024 -3584 -352 ) 
4 205 210 (1024 -3584 -446.299988 ) (1024 -3584.250000 -446.299988 ) (1024 -3584.250000 -160 ) (1024 -3584 -160 ) 
4 206 342 (0 -3584.250000 462.299988 ) (0 -3072 462.299988 ) (0 -3072 -160 ) (0 -3584.250000 -160 ) 
4 206 210 (0 -3584.250000 -160 ) (0 -3584 -160 ) (1024 -3584 -160 ) (1024 -3584.250000 -160 ) 
4 206 207 (0 -3584 -160 ) (0 -3072 -160 ) (1024 -3072 -160 ) (1024 -3584 -160 ) 
4 207 343 (0 -3584 -160 ) (0 -3072 -160 ) (0 -3072 -278 ) (0 -3584 -278 ) 
4 207 210 (1024 -3584 -278 ) (1024 -3584 -160 ) (0 -3584 -160 ) (0 -3584 -278 ) 
4 208 344 (0 -3072 -324 ) (0 -3072 -352 ) (0 -3584 -352 ) (0 -3584 -324 ) 
4 208 210 (1024 -3584 -352 ) (1024 -3584 -324 ) (0 -3584 -324 ) (0 -3584 -352 ) 
4 208 209 (1024 -3584 -352 ) (0 -3584 -352 ) (0 -3072 -352 ) (1024 -3072 -352 ) 
4 209 345 (0 -3072 -352 ) (0 -3072 -446.299988 ) (0 -3584 -446.299988 ) (0 -3584 -352 ) 
4 209 210 (0 -3584 -446.299988 ) (1024 -3584 -446.299988 ) (1024 -3584 -352 ) (0 -3584 -352 ) 
4 210 346 (0 -3584.250000 -160 ) (0 -3584 -160 ) (0 -3584 -446.299988 ) (0 -3584.250000 -446.299988 ) 
4 211 226 (0 3072 -160 ) (0 3072 462.299988 ) (-1024 3072 462.299988 ) (-1024 3072 -160 ) 
4 211 216 (-1024 3072 -160 ) (-1024 3072 462.299988 ) (-1024 3584.250000 462.299988 ) (-1024 3584.250000 -160 ) 
4 211 213 (0 3072 -160 ) (-1024 3072 -160 ) (-1024 3584 -160 ) (0 3584 -160 ) 
4 211 212 (-1024 3584 -160 ) (-1024 3584.250000 -160 ) (0 3584.250000 -160 ) (0 3584 -160 ) 
4 212 217 (-1024 3584 -160 ) (-1024 3584.250000 -160 ) (-1024 3584.250000 -446.299988 ) (-1024 3584 -446.299988 ) 
4 212 215 (-1024 3584 -446.299988 ) (0 3584 -446.299988 ) (0 3584 -352 ) (-1024 3584 -352 ) 
4 212 214 (0 3584 -352 ) (0 3584 -324 ) (-1024 3584 -324 ) (-1024 3584 -352 ) 
4 212 213 (0 3584 -278 ) (0 3584 -160 ) (-1024 3584 -160 ) (-1024 3584 -278 ) 
4 213 227 (0 3072 -278 ) (0 3072 -160 ) (-1024 3072 -160 ) (-1024 3072 -278 ) 
4 213 218 (-1024 3072 -278 ) (-1024 3072 -160 ) (-1024 3584 -160 ) (-1024 3584 -278 ) 
4 214 228 (0 3072 -352 ) (0 3072 -324 ) (-1024 3072 -324 ) (-1024 3072 -352 ) 
4 214 219 (-1024 3072 -352 ) (-1024 3072 -324 ) (-1024 3584 -324 ) (-1024 3584 -352 ) 
4 214 215 (0 3072 -352 ) (-1024 3072 -352 ) (-1024 3584 -352 ) (0 3584 -352 ) 
4 215 229 (0 3072 -446.299988 ) (0 3072 -352 ) (-1024 3072 -352 ) (-1024 3072 -446.299988 ) 
4 215 220 (-1024 3072 -446.299988 ) (-1024 3072 -352 ) (-1024 3584 -352 ) (-1024 3584 -446.299988 ) 
4 216 230 (-1024 3072 -160 ) (-1024 3072 462.299988 ) (-2048 3072 462.299988 ) (-2048 3072 -160 ) 
4 216 221 (-2048 3072 -160 ) (-2048 3072 462.299988 ) (-2048 3584.250000 462.299988 ) (-2048 3584.250000 -160 ) 
4 216 218 (-1024 3072 -160 ) (-2048 3072 -160 ) (-2048 3584 -160 ) (-1024 3584 -160 ) 
4 216 217 (-2048 3584 -160 ) (-2048 3584.250000 -160 ) (-1024 3584.250000 -160 ) (-1024 3584 -160 ) 
4 217 222 (-2048 3584 -160 ) (-2048 3584.250000 -160 ) (-2048 3584.250000 -446.299988 ) (-2048 3584 -446.299988 ) 
4 217 220 (-2048 3584 -446.299988 ) (-1024 3584 -446.299988 ) (-1024 3584 -352 ) (-2048 3584 -352 ) 
4 217 219 (-1024 3584 -352 ) (-1024 3584 -324 ) (-2048 3584 -324 ) (-2048 3584 -352 ) 
4 217 218 (-1024 3584 -278 ) (-1024 3584 -160 ) (-2048 3584 -160 ) (-2048 3584 -278 ) 
4 218 231 (-1024 3072 -278 ) (-1024 3072 -160 ) (-2048 3072 -160 ) (-2048 3072 -278 ) 
4 218 223 (-2048 3072 -278 ) (-2048 3072 -160 ) (-2048 3584 -160 ) (-2048 3584 -278 ) 
4 219 232 (-1024 3072 -352 ) (-1024 3072 -324 ) (-2048 3072 -324 ) (-2048 3072 -352 ) 
4 219 224 (-2048 3072 -352 ) (-2048 3072 -324 ) (-2048 3584 -324 ) (-2048 3584 -352 ) 
4 219 220 (-1024 3072 -352 ) (-2048 3072 -352 ) (-2048 3584 -352 ) (-1024 3584 -352 ) 
4 220 233 (-1024 3072 -446.299988 ) (-1024 3072 -352 ) (-2048 3072 -352 ) (-2048 3072 -446.299988 ) 
4 220 225 (-2048 3072 -446.299988 ) (-2048 3072 -352 ) (-2048 3584 -352 ) (-2048 3584 -446.299988 ) 
4 221 262 (-3072 3072 -160 ) (-3072 3072 462.299988 ) (-3072 3584.250000 462.299988 ) (-3072 3584.250000 -160 ) 
4 221 234 (-2048 3072 -160 ) (-2048 3072 462.299988 ) (-3072 3072 462.299988 ) (-3072 3072 -160 ) 
4 221 223 (-2048 3072 -160 ) (-3072 3072 -160 ) (-3072 3584 -160 ) (-2048 3584 -160 ) 
4 221 222 (-3072 3584 -160 ) (-3072 3584.250000 -160 ) (-2048 3584.250000 -160 ) (-2048 3584 -160 ) 
4 222 263 (-3072 3584 -160 ) (-3072 3584.250000 -160 ) (-3072 3584.250000 -446.299988 ) (-3072 3584 -446.299988 ) 
4 222 225 (-3072 3584 -446.299988 ) (-2048 3584 -446.299988 ) (-2048 3584 -352 ) (-3072 3584 -352 ) 
4 222 224 (-2048 3584 -352 ) (-2048 3584 -324 ) (-3072 3584 -324 ) (-3072 3584 -352 ) 
4 222 223 (-2048 3584 -278 ) (-2048 3584 -160 ) (-3072 3584 -160 ) (-3072 3584 -278 ) 
4 223 264 (-3072 3072 -278 ) (-3072 3072 -160 ) (-3072 3584 -160 ) (-3072 3584 -278 ) 
4 223 235 (-2048 3072 -278 ) (-2048 3072 -160 ) (-3072 3072 -160 ) (-3072 3072 -278 ) 
4 224 265 (-3072 3072 -352 ) (-3072 3072 -324 ) (-3072 3584 -324 ) (-3072 3584 -352 ) 
4 224 236 (-2048 3072 -352 ) (-2048 3072 -324 ) (-3072 3072 -324 ) (-3072 3072 -352 ) 
4 224 225 (-2048 3072 -352 ) (-3072 3072 -352 ) (-3072 3584 -352 ) (-2048 3584 -352 ) 
4 225 266 (-3072 3072 -446.299988 ) (-3072 3072 -352 ) (-3072 3584 -352 ) (-3072 3584 -446.299988 ) 
4 225 237 (-2048 3072 -446.299988 ) (-2048 3072 -352 ) (-3072 3072 -352 ) (-3072 3072 -446.299988 ) 
4 226 238 (0 2048 -160 ) (0 2048 462.299988 ) (-1024 2048 462.299988 ) (-1024 2048 -160 ) 
4 226 230 (-1024 2048 -160 ) (-1024 2048 462.299988 ) (-1024 3072 462.299988 ) (-1024 3072 -160 ) 
4 226 227 (-1024 2048 -160 ) (-1024 3072 -160 ) (0 3072 -160 ) (0 2048 -160 ) 
4 227 239 (0 2048 -278 ) (0 2048 -160 ) (-1024 2048 -160 ) (-1024 2048 -278 ) 
4 227 231 (-1024 2048 -278 ) (-1024 2048 -160 ) (-1024 3072 -160 ) (-1024 3072 -278 ) 
4 228 240 (0 2048 -352 ) (0 2048 -324 ) (-1024 2048 -324 ) (-1024 2048 -352 ) 
4 228 232 (-1024 2048 -352 ) (-1024 2048 -324 ) (-1024 3072 -324 ) (-1024 3072 -352 ) 
4 228 229 (0 2048 -352 ) (-1024 2048 -352 ) (-1024 3072 -352 ) (0 3072 -352 ) 
4 229 241 (0 2048 -446.299988 ) (0 2048 -352 ) (-1024 2048 -352 ) (-1024 2048 -446.299988 ) 
4 229 233 (-1024 2048 -446.299988 ) (-1024 2048 -352 ) (-1024 3072 -352 ) (-1024 3072 -446.299988 ) 
4 230 246 (-1024 2048 -160 ) (-1024 2048 462.299988 ) (-2048 2048 462.299988 ) (-2048 2048 -160 ) 
4 230 234 (-2048 3072 462.299988 ) (-2048 3072 -160 ) (-2048 2048 -160 ) (-2048 2048 462.299988 ) 
4 230 231 (-2048 2048 -160 ) (-2048 3072 -160 ) (-1024 3072 -160 ) (-1024 2048 -160 ) 
4 231 247 (-1024 2048 -278 ) (-1024 2048 -160 ) (-2048 2048 -160 ) (-2048 2048 -278 ) 
4 231 235 (-2048 3072 -160 ) (-2048 3072 -278 ) (-2048 2048 -278 ) (-2048 2048 -160 ) 
4 232 248 (-1024 2048 -352 ) (-1024 2048 -324 ) (-2048 2048 -324 ) (-2048 2048 -352 ) 
4 232 236 (-2048 3072 -324 ) (-2048 3072 -352 ) (-2048 2048 -352 ) (-2048 2048 -324 ) 
4 232 233 (-1024 2048 -352 ) (-2048 2048 -352 ) (-2048 3072 -352 ) (-1024 3072 -352 ) 
4 233 249 (-1024 2048 -446.299988 ) (-1024 2048 -352 ) (-2048 2048 -352 ) (-2048 2048 -446.299988 ) 
4 233 237 (-2048 3072 -352 ) (-2048 3072 -446.299988 ) (-2048 2048 -446.299988 ) (-2048 2048 -352 ) 
4 234 273 (-3072 2048 -160 ) (-3072 2048 462.299988 ) (-3072 3072 462.299988 ) (-3072 3072 -160 ) 
4 234 250 (-3072 2048 462.299988 ) (-3072 2048 -160 ) (-2048 2048 -160 ) (-2048 2048 462.299988 ) 
4 234 235 (-2048 2048 -160 ) (-3072 2048 -160 ) (-3072 3072 -160 ) (-2048 3072 -160 ) 
4 235 274 (-3072 2048 -278 ) (-3072 2048 -160 ) (-3072 3072 -160 ) (-3072 3072 -278 ) 
4 235 251 (-3072 2048 -160 ) (-3072 2048 -278 ) (-2048 2048 -278 ) (-2048 2048 -160 ) 
4 236 275 (-3072 2048 -352 ) (-3072 2048 -324 ) (-3072 3072 -324 ) (-3072 3072 -352 ) 
4 236 252 (-3072 2048 -324 ) (-3072 2048 -352 ) (-2048 2048 -352 ) (-2048 2048 -324 ) 
4 236 237 (-3072 2048 -352 ) (-3072 3072 -352 ) (-2048 3072 -352 ) (-2048 2048 -352 ) 
4 237 276 (-3072 2048 -446.299988 ) (-3072 2048 -352 ) (-3072 3072 -352 ) (-3072 3072 -446.299988 ) 
4 237 253 (-3072 2048 -352 ) (-3072 2048 -446.299988 ) (-2048 2048 -446.299988 ) (-2048 2048 -352 ) 
4 238 246 (-1024 2048 462.299988 ) (-1024 2048 -160 ) (-1024 1024 -160 ) (-1024 1024 462.299988 ) 
4 238 242 (0 1024 -160 ) (0 1024 462.299988 ) (-1024 1024 462.299988 ) (-1024 1024 -160 ) 
4 238 239 (0 1024 -160 ) (-1024 1024 -160 ) (-1024 2048 -160 ) (0 2048 -160 ) 
4 239 247 (-1024 2048 -160 ) (-1024 2048 -278 ) (-1024 1024 -278 ) (-1024 1024 -160 ) 
4 239 243 (0 1024 -278 ) (0 1024 -160 ) (-1024 1024 -160 ) (-1024 1024 -278 ) 
4 240 248 (-1024 2048 -324 ) (-1024 2048 -352 ) (-1024 1024 -352 ) (-1024 1024 -324 ) 
4 240 244 (0 1024 -352 ) (0 1024 -324 ) (-1024 1024 -324 ) (-1024 1024 -352 ) 
4 240 241 (-1024 1024 -352 ) (-1024 2048 -352 ) (0 2048 -352 ) (0 1024 -352 ) 
4 241 249 (-1024 2048 -352 ) (-1024 2048 -446.299988 ) (-1024 1024 -446.299988 ) (-1024 1024 -352 ) 
4 241 245 (0 1024 -446.299988 ) (0 1024 -352 ) (-1024 1024 -352 ) (-1024 1024 -446.299988 ) 
4 242 300 (0 0 -160 ) (0 0 462.299988 ) (-1024 0 462.299988 ) (-1024 0 -160 ) 
4 242 254 (-1024 0 -160 ) (-1024 0 462.299988 ) (-1024 1024 462.299988 ) (-1024 1024 -160 ) 
4 242 243 (0 1024 -160 ) (0 0 -160 ) (-1024 0 -160 ) (-1024 1024 -160 ) 
4 243 301 (0 0 -278 ) (0 0 -160 ) (-1024 0 -160 ) (-1024 0 -278 ) 
4 243 255 (-1024 0 -278 ) (-1024 0 -160 ) (-1024 1024 -160 ) (-1024 1024 -278 ) 
4 244 302 (0 0 -352 ) (0 0 -324 ) (-1024 0 -324 ) (-1024 0 -352 ) 
4 244 256 (-1024 0 -352 ) (-1024 0 -324 ) (-1024 1024 -324 ) (-1024 1024 -352 ) 
4 244 245 (0 0 -352 ) (-1024 0 -352 ) (-1024 1024 -352 ) (0 1024 -352 ) 
4 245 303 (0 0 -446.299988 ) (0 0 -352 ) (-1024 0 -352 ) (-1024 0 -446.299988 ) 
4 245 257 (-1024 0 -446.299988 ) (-1024 0 -352 ) (-1024 1024 -352 ) (-1024 1024 -446.299988 ) 
4 246 254 (-1024 1024 -160 ) (-1024 1024 462.299988 ) (-2048 1024 462.299988 ) (-2048 1024 -160 ) 
4 246 250 (-2048 2048 462.299988 ) (-2048 2048 -160 ) (-2048 1024 -160 ) (-2048 1024 462.299988 ) 
4 246 247 (-2048 1024 -160 ) (-2048 2048 -160 ) (-1024 2048 -160 ) (-1024 1024 -160 ) 
4 247 255 (-1024 1024 -278 ) (-1024 1024 -160 ) (-2048 1024 -160 ) (-2048 1024 -278 ) 
4 247 251 (-2048 2048 -160 ) (-2048 2048 -278 ) (-2048 1024 -278 ) (-2048 1024 -160 ) 
4 248 256 (-1024 1024 -352 ) (-1024 1024 -324 ) (-2048 1024 -324 ) (-2048 1024 -352 ) 
4 248 252 (-2048 2048 -324 ) (-2048 2048 -352 ) (-2048 1024 -352 ) (-2048 1024 -324 ) 
4 248 249 (-1024 1024 -352 ) (-2048 1024 -352 ) (-2048 2048 -352 ) (-1024 2048 -352 ) 
4 249 257 (-1024 1024 -446.299988 ) (-1024 1024 -352 ) (-2048 1024 -352 ) (-2048 1024 -446.299988 ) 
4 249 253 (-2048 2048 -352 ) (-2048 2048 -446.299988 ) (-2048 1024 -446.299988 ) (-2048 1024 -352 ) 
4 250 282 (-3072 1024 -160 ) (-3072 1024 462.299988 ) (-3072 2048 462.299988 ) (-3072 2048 -160 ) 
4 250 258 (-3072 1024 462.299988 ) (-3072 1024 -160 ) (-2048 1024 -160 ) (-2048 1024 462.299988 ) 
4 250 251 (-2048 1024 -160 ) (-3072 1024 -160 ) (-3072 2048 -160 ) (-2048 2048 -160 ) 
4 251 283 (-3072 1024 -278 ) (-3072 1024 -160 ) (-3072 2048 -160 ) (-3072 2048 -278 ) 
4 251 259 (-3072 1024 -160 ) (-3072 1024 -278 ) (-2048 1024 -278 ) (-2048 1024 -160 ) 
4 252 284 (-3072 1024 -352 ) (-3072 1024 -324 ) (-3072 2048 -324 ) (-3072 2048 -352 ) 
4 252 260 (-3072 1024 -324 ) (-3072 1024 -352 ) (-2048 1024 -352 ) (-2048 1024 -324 ) 
4 252 253 (-2048 2048 -352 ) (-2048 1024 -352 ) (-3072 1024 -352 ) (-3072 2048 -352 ) 
4 253 285 (-3072 1024 -446.299988 ) (-3072 1024 -352 ) (-3072 2048 -352 ) (-3072 2048 -446.299988 ) 
4 253 261 (-3072 1024 -352 ) (-3072 1024 -446.299988 ) (-2048 1024 -446.299988 ) (-2048 1024 -352 ) 
4 254 311 (-1024 0 -160 ) (-1024 0 462.299988 ) (-2048 0 462.299988 ) (-2048 0 -160 ) 
4 254 258 (-2048 1024 462.299988 ) (-2048 1024 -160 ) (-2048 0 -160 ) (-2048 0 462.299988 ) 
4 254 255 (-1024 0 -160 ) (-2048 0 -160 ) (-2048 1024 -160 ) (-1024 1024 -160 ) 
4 255 312 (-1024 0 -278 ) (-1024 0 -160 ) (-2048 0 -160 ) (-2048 0 -278 ) 
4 255 259 (-2048 1024 -160 ) (-2048 1024 -278 ) (-2048 0 -278 ) (-2048 0 -160 ) 
4 256 313 (-1024 0 -352 ) (-1024 0 -324 ) (-2048 0 -324 ) (-2048 0 -352 ) 
4 256 260 (-2048 1024 -324 ) (-2048 1024 -352 ) (-2048 0 -352 ) (-2048 0 -324 ) 
4 256 257 (-2048 1024 -352 ) (-1024 1024 -352 ) (-1024 0 -352 ) (-2048 0 -352 ) 
4 257 314 (-1024 0 -446.299988 ) (-1024 0 -352 ) (-2048 0 -352 ) (-2048 0 -446.299988 ) 
4 257 261 (-2048 1024 -352 ) (-2048 1024 -446.299988 ) (-2048 0 -446.299988 ) (-2048 0 -352 ) 
4 258 315 (-2048 0 -160 ) (-2048 0 462.299988 ) (-3072 0 462.299988 ) (-3072 0 -160 ) 
4 258 286 (-3072 0 -160 ) (-3072 0 462.299988 ) (-3072 1024 462.299988 ) (-3072 1024 -160 ) 
4 258 259 (-2048 0 -160 ) (-3072 0 -160 ) (-3072 1024 -160 ) (-2048 1024 -160 ) 
4 259 316 (-2048 0 -278 ) (-2048 0 -160 ) (-3072 0 -160 ) (-3072 0 -278 ) 
4 259 287 (-3072 0 -278 ) (-3072 0 -160 ) (-3072 1024 -160 ) (-3072 1024 -278 ) 
4 260 317 (-2048 0 -352 ) (-2048 0 -324 ) (-3072 0 -324 ) (-3072 0 -352 ) 
4 260 288 (-3072 0 -352 ) (-3072 0 -324 ) (-3072 1024 -324 ) (-3072 1024 -352 ) 
4 260 261 (-3072 0 -352 ) (-3072 1024 -352 ) (-2048 1024 -352 ) (-2048 0 -352 ) 
4 261 318 (-2048 0 -446.299988 ) (-2048 0 -352 ) (-3072 0 -352 ) (-3072 0 -446.299988 ) 
4 261 289 (-3072 0 -446.299988 ) (-3072 0 -352 ) (-3072 1024 -352 ) (-3072 1024 -446.299988 ) 
4 262 273 (-3072 3072 -160 ) (-3072 3072 462.299988 ) (-4096 3072 462.299988 ) (-4096 3072 -160 ) 
4 262 267 (-4096 3072 -160 ) (-4096 3072 462.299988 ) (-4096 3584.250000 462.299988 ) (-4096 3584.250000 -160 ) 
4 262 264 (-3072 3072 -160 ) (-4096 3072 -160 ) (-4096 3584 -160 ) (-3072 3584 -160 ) 
4 262 263 (-4096 3584 -160 ) (-4096 3584.250000 -160 ) (-3072 3584.250000 -160 ) (-3072 3584 -160 ) 
4 263 268 (-4096 3584 -160 ) (-4096 3584.250000 -160 ) (-4096 3584.250000 -446.299988 ) (-4096 3584 -446.299988 ) 
4 263 266 (-4096 3584 -446.299988 ) (-3072 3584 -446.299988 ) (-3072 3584 -352 ) (-4096 3584 -352 ) 
4 263 265 (-3072 3584 -352 ) (-3072 3584 -324 ) (-4096 3584 -324 ) (-4096 3584 -352 ) 
4 263 264 (-3072 3584 -278 ) (-3072 3584 -160 ) (-4096 3584 -160 ) (-4096 3584 -278 ) 
4 264 274 (-3072 3072 -278 ) (-3072 3072 -160 ) (-4096 3072 -160 ) (-4096 3072 -278 ) 
4 264 269 (-4096 3072 -278 ) (-4096 3072 -160 ) (-4096 3584 -160 ) (-4096 3584 -278 ) 
4 265 275 (-3072 3072 -352 ) (-3072 3072 -324 ) (-4096 3072 -324 ) (-4096 3072 -352 ) 
4 265 270 (-4096 3072 -352 ) (-4096 3072 -324 ) (-4096 3584 -324 ) (-4096 3584 -352 ) 
4 265 266 (-3072 3072 -352 ) (-4096 3072 -352 ) (-4096 3584 -352 ) (-3072 3584 -352 ) 
4 266 276 (-3072 3072 -446.299988 ) (-3072 3072 -352 ) (-4096 3072 -352 ) (-4096 3072 -446.299988 ) 
4 266 271 (-4096 3072 -446.299988 ) (-4096 3072 -352 ) (-4096 3584 -352 ) (-4096 3584 -446.299988 ) 
4 267 277 (-4096 3072 -160 ) (-4096 3072 462.299988 ) (-4224.220215 3072 462.299988 ) (-4224.220215 3072 -160 ) 
4 267 269 (-4096 3072 -160 ) (-4224 3072 -160 ) (-4224 3584 -160 ) (-4096 3584 -160 ) 
4 267 272 (-4224 3072 -160 ) (-4224.220215 3072 -160 ) (-4224.220215 3584 -160 ) (-4224 3584 -160 ) 
4 267 268 (-4224.220215 3584 -160 ) (-4224.220215 3584.250000 -160 ) (-4096 3584.250000 -160 ) (-4096 3584 -160 ) 
4 268 271 (-4224 3584 -446.299988 ) (-4096 3584 -446.299988 ) (-4096 3584 -352 ) (-4224 3584 -352 ) 
4 268 270 (-4096 3584 -352 ) (-4096 3584 -324 ) (-4224 3584 -324 ) (-4224 3584 -352 ) 
4 268 269 (-4096 3584 -278 ) (-4096 3584 -160 ) (-4224 3584 -160 ) (-4224 3584 -278 ) 
4 268 272 (-4224.220215 3584 -160 ) (-4224.220215 3584 -446.299988 ) (-4224 3584 -446.299988 ) (-4224 3584 -160 ) 
4 269 278 (-4096 3072 -278 ) (-4096 3072 -160 ) (-4224 3072 -160 ) (-4224 3072 -278 ) 
4 269 272 (-4224 3584 -160 ) (-4224 3584 -278 ) (-4224 3072 -278 ) (-4224 3072 -160 ) 
4 270 279 (-4096 3072 -352 ) (-4096 3072 -324 ) (-4224 3072 -324 ) (-4224 3072 -352 ) 
4 270 272 (-4224 3584 -324 ) (-4224 3584 -352 ) (-4224 3072 -352 ) (-4224 3072 -324 ) 
4 270 271 (-4096 3072 -352 ) (-4224 3072 -352 ) (-4224 3584 -352 ) (-4096 3584 -352 ) 
4 271 280 (-4096 3072 -446.299988 ) (-4096 3072 -352 ) (-4224 3072 -352 ) (-4224 3072 -446.299988 ) 
4 271 272 (-4224 3584 -352 ) (-4224 3584 -446.299988 ) (-4224 3072 -446.299988 ) (-4224 3072 -352 ) 
4 272 281 (-4224 3072 -160 ) (-4224.220215 3072 -160 ) (-4224.220215 3072 -446.299988 ) (-4224 3072 -446.299988 ) 
4 273 282 (-3072 2048 -160 ) (-3072 2048 462.299988 ) (-4096 2048 462.299988 ) (-4096 2048 -160 ) 
4 273 277 (-4096 2048 -160 ) (-4096 2048 462.299988 ) (-4096 3072 462.299988 ) (-4096 3072 -160 ) 
4 273 274 (-4096 2048 -160 ) (-4096 3072 -160 ) (-3072 3072 -160 ) (-3072 2048 -160 ) 
4 274 283 (-3072 2048 -278 ) (-3072 2048 -160 ) (-4096 2048 -160 ) (-4096 2048 -278 ) 
4 274 278 (-4096 2048 -278 ) (-4096 2048 -160 ) (-4096 3072 -160 ) (-4096 3072 -278 ) 
4 275 284 (-3072 2048 -352 ) (-3072 2048 -324 ) (-4096 2048 -324 ) (-4096 2048 -352 ) 
4 275 279 (-4096 2048 -352 ) (-4096 2048 -324 ) (-4096 3072 -324 ) (-4096 3072 -352 ) 
4 275 276 (-3072 2048 -352 ) (-4096 2048 -352 ) (-4096 3072 -352 ) (-3072 3072 -352 ) 
4 276 285 (-3072 2048 -446.299988 ) (-3072 2048 -352 ) (-4096 2048 -352 ) (-4096 2048 -446.299988 ) 
4 276 280 (-4096 2048 -446.299988 ) (-4096 2048 -352 ) (-4096 3072 -352 ) (-4096 3072 -446.299988 ) 
4 277 290 (-4096 2048 -160 ) (-4096 2048 462.299988 ) (-4224.220215 2048 462.299988 ) (-4224.220215 2048 -160 ) 
4 277 281 (-4224.220215 3072 -160 ) (-4224 3072 -160 ) (-4224 2048 -160 ) (-4224.220215 2048 -160 ) 
4 277 278 (-4224 3072 -160 ) (-4096 3072 -160 ) (-4096 2048 -160 ) (-4224 2048 -160 ) 
4 278 291 (-4096 2048 -278 ) (-4096 2048 -160 ) (-4224 2048 -160 ) (-4224 2048 -278 ) 
4 278 281 (-4224 2048 -278 ) (-4224 2048 -160 ) (-4224 3072 -160 ) (-4224 3072 -278 ) 
4 279 292 (-4096 2048 -352 ) (-4096 2048 -324 ) (-4224 2048 -324 ) (-4224 2048 -352 ) 
4 279 281 (-4224 2048 -352 ) (-4224 2048 -324 ) (-4224 3072 -324 ) (-4224 3072 -352 ) 
4 279 280 (-4224 2048 -352 ) (-4224 3072 -352 ) (-4096 3072 -352 ) (-4096 2048 -352 ) 
4 280 293 (-4096 2048 -446.299988 ) (-4096 2048 -352 ) (-4224 2048 -352 ) (-4224 2048 -446.299988 ) 
4 280 281 (-4224 3072 -446.299988 ) (-4224 2048 -446.299988 ) (-4224 2048 -352 ) (-4224 3072 -352 ) 
4 281 294 (-4224 2048 -160 ) (-4224.220215 2048 -160 ) (-4224.220215 2048 -446.299988 ) (-4224 2048 -446.299988 ) 
4 282 290 (-4096 2048 462.299988 ) (-4096 2048 -160 ) (-4096 1024 -160 ) (-4096 1024 462.299988 ) 
4 282 286 (-3072 1024 -160 ) (-3072 1024 462.299988 ) (-4096 1024 462.299988 ) (-4096 1024 -160 ) 
4 282 283 (-3072 1024 -160 ) (-4096 1024 -160 ) (-4096 2048 -160 ) (-3072 2048 -160 ) 
4 283 291 (-4096 2048 -160 ) (-4096 2048 -278 ) (-4096 1024 -278 ) (-4096 1024 -160 ) 
4 283 287 (-3072 1024 -278 ) (-3072 1024 -160 ) (-4096 1024 -160 ) (-4096 1024 -278 ) 
4 284 292 (-4096 2048 -324 ) (-4096 2048 -352 ) (-4096 1024 -352 ) (-4096 1024 -324 ) 
4 284 288 (-3072 1024 -352 ) (-3072 1024 -324 ) (-4096 1024 -324 ) (-4096 1024 -352 ) 
4 284 285 (-4096 1024 -352 ) (-4096 2048 -352 ) (-3072 2048 -352 ) (-3072 1024 -352 ) 
4 285 293 (-4096 2048 -352 ) (-4096 2048 -446.299988 ) (-4096 1024 -446.299988 ) (-4096 1024 -352 ) 
4 285 289 (-3072 1024 -446.299988 ) (-3072 1024 -352 ) (-4096 1024 -352 ) (-4096 1024 -446.299988 ) 
4 286 357 (-3072 0 -160 ) (-3072 0 462.299988 ) (-4096 0 462.299988 ) (-4096 0 -160 ) 
4 286 295 (-4096 0 -160 ) (-4096 0 462.299988 ) (-4096 1024 462.299988 ) (-4096 1024 -160 ) 
4 286 287 (-3072 0 -160 ) (-4096 0 -160 ) (-4096 1024 -160 ) (-3072 1024 -160 ) 
4 287 358 (-3072 0 -278 ) (-3072 0 -160 ) (-4096 0 -160 ) (-4096 0 -278 ) 
4 287 296 (-4096 0 -278 ) (-4096 0 -160 ) (-4096 1024 -160 ) (-4096 1024 -278 ) 
4 288 359 (-3072 0 -352 ) (-3072 0 -324 ) (-4096 0 -324 ) (-4096 0 -352 ) 
4 288 297 (-4096 0 -352 ) (-4096 0 -324 ) (-4096 1024 -324 ) (-4096 1024 -352 ) 
4 288 289 (-4096 0 -352 ) (-4096 1024 -352 ) (-3072 1024 -352 ) (-3072 0 -352 ) 
4 289 360 (-3072 0 -446.299988 ) (-3072 0 -352 ) (-4096 0 -352 ) (-4096 0 -446.299988 ) 
4 289 298 (-4096 0 -446.299988 ) (-4096 0 -352 ) (-4096 1024 -352 ) (-4096 1024 -446.299988 ) 
4 290 295 (-4096 1024 -160 ) (-4096 1024 462.299988 ) (-4224.220215 1024 462.299988 ) (-4224.220215 1024 -160 ) 
4 290 294 (-4224.220215 2048 -160 ) (-4224 2048 -160 ) (-4224 1024 -160 ) (-4224.220215 1024 -160 ) 
4 290 291 (-4224 2048 -160 ) (-4096 2048 -160 ) (-4096 1024 -160 ) (-4224 1024 -160 ) 
4 291 296 (-4096 1024 -278 ) (-4096 1024 -160 ) (-4224 1024 -160 ) (-4224 1024 -278 ) 
4 291 294 (-4224 1024 -278 ) (-4224 1024 -160 ) (-4224 2048 -160 ) (-4224 2048 -278 ) 
4 292 297 (-4096 1024 -352 ) (-4096 1024 -324 ) (-4224 1024 -324 ) (-4224 1024 -352 ) 
4 292 294 (-4224 1024 -352 ) (-4224 1024 -324 ) (-4224 2048 -324 ) (-4224 2048 -352 ) 
4 292 293 (-4224 1024 -352 ) (-4224 2048 -352 ) (-4096 2048 -352 ) (-4096 1024 -352 ) 
4 293 298 (-4096 1024 -446.299988 ) (-4096 1024 -352 ) (-4224 1024 -352 ) (-4224 1024 -446.299988 ) 
4 293 294 (-4224 2048 -446.299988 ) (-4224 1024 -446.299988 ) (-4224 1024 -352 ) (-4224 2048 -352 ) 
4 294 299 (-4224 1024 -160 ) (-4224.220215 1024 -160 ) (-4224.220215 1024 -446.299988 ) (-4224 1024 -446.299988 ) 
4 295 365 (-4096 0 -160 ) (-4096 0 462.299988 ) (-4224.220215 0 462.299988 ) (-4224.220215 0 -160 ) 
4 295 299 (-4224 0 -160 ) (-4224.220215 0 -160 ) (-4224.220215 1024 -160 ) (-4224 1024 -160 ) 
4 295 296 (-4096 0 -160 ) (-4224 0 -160 ) (-4224 1024 -160 ) (-4096 1024 -160 ) 
4 296 366 (-4096 0 -278 ) (-4096 0 -160 ) (-4224 0 -160 ) (-4224 0 -278 ) 
4 296 299 (-4224 0 -278 ) (-4224 0 -160 ) (-4224 1024 -160 ) (-4224 1024 -278 ) 
4 297 367 (-4096 0 -352 ) (-4096 0 -324 ) (-4224 0 -324 ) (-4224 0 -352 ) 
4 297 299 (-4224 0 -352 ) (-4224 0 -324 ) (-4224 1024 -324 ) (-4224 1024 -352 ) 
4 297 298 (-4096 0 -352 ) (-4224 0 -352 ) (-4224 1024 -352 ) (-4096 1024 -352 ) 
4 298 368 (-4096 0 -446.299988 ) (-4096 0 -352 ) (-4224 0 -352 ) (-4224 0 -446.299988 ) 
4 298 299 (-4224 1024 -446.299988 ) (-4224 0 -446.299988 ) (-4224 0 -352 ) (-4224 1024 -352 ) 
4 299 369 (-4224 0 -160 ) (-4224.220215 0 -160 ) (-4224.220215 0 -446.299988 ) (-4224 0 -446.299988 ) 
4 300 311 (-1024 0 462.299988 ) (-1024 0 -160 ) (-1024 -1024 -160 ) (-1024 -1024 462.299988 ) 
4 300 304 (0 -1024 -160 ) (0 -1024 462.299988 ) (-320 -1024 462.299988 ) (-320 -1024 -160 ) 
4 300 307 (-320 -1024 462.299988 ) (-1024 -1024 462.299988 ) (-1024 -1024 -160 ) (-320 -1024 -160 ) 
4 300 301 (0 -1024 -160 ) (-1024 -1024 -160 ) (-1024 0 -160 ) (0 0 -160 ) 
4 301 312 (-1024 0 -160 ) (-1024 0 -278 ) (-1024 -1024 -278 ) (-1024 -1024 -160 ) 
4 301 308 (0 -1024 -278 ) (0 -1024 -160 ) (-1024 -1024 -160 ) (-1024 -1024 -278 ) 
4 302 313 (-1024 0 -324 ) (-1024 0 -352 ) (-1024 -1024 -352 ) (-1024 -1024 -324 ) 
4 302 309 (0 -1024 -352 ) (0 -1024 -324 ) (-1024 -1024 -324 ) (-1024 -1024 -352 ) 
4 302 303 (-1024 -1024 -352 ) (-1024 0 -352 ) (0 0 -352 ) (0 -1024 -352 ) 
4 303 314 (-1024 0 -352 ) (-1024 0 -446.299988 ) (-1024 -1024 -446.299988 ) (-1024 -1024 -352 ) 
4 303 310 (0 -1024 -446.299988 ) (0 -1024 -352 ) (-1024 -1024 -352 ) (-1024 -1024 -446.299988 ) 
4 304 308 (-320 -1887.989990 -160 ) (-320 -1024 -160 ) (0 -1024 -160 ) (0 -1887.989990 -160 ) 
4 304 305 (-320 -1887.989990 462.299988 ) (-320 -1887.989990 -94 ) (0 -1887.989990 -94 ) (0 -1887.989990 462.299988 ) 
4 304 306 (-320 -1887.989990 -100 ) (-320 -1887.989990 -160 ) (0 -1887.989990 -160 ) (0 -1887.989990 -100 ) 
4 304 307 (-320 -1024 -160 ) (-320 -1887.989990 -160 ) (-320 -1887.989990 462.299988 ) (-320 -1024 462.299988 ) 
4 305 327 (0 -2048 -94 ) (0 -2048 462.299988 ) (-320 -2048 462.299988 ) (-320 -2048 -94 ) 
4 305 307 (-320 -2048 -94 ) (-320 -2048 462.299988 ) (-320 -1887.989990 462.299988 ) (-320 -1887.989990 -94 ) 
4 306 328 (0 -2048 -160 ) (0 -2048 -100 ) (-320 -2048 -100 ) (-320 -2048 -160 ) 
4 306 308 (0 -2048 -160 ) (-320 -2048 -160 ) (-320 -1887.989990 -160 ) (0 -1887.989990 -160 ) 
4 306 307 (-320 -1887.989990 -160 ) (-320 -2048 -160 ) (-320 -2048 -100 ) (-320 -1887.989990 -100 ) 
4 307 330 (-320 -2048 462.299988 ) (-1024 -2048 462.299988 ) (-1024 -2048 -160 ) (-320 -2048 -160 ) 
4 307 319 (-1024 -2048 -160 ) (-1024 -2048 462.299988 ) (-1024 -1024 462.299988 ) (-1024 -1024 -160 ) 
4 307 308 (-320 -2048 -160 ) (-1024 -2048 -160 ) (-1024 -1024 -160 ) (-320 -1024 -160 ) 
4 308 331 (0 -2048 -278 ) (0 -2048 -160 ) (-1024 -2048 -160 ) (-1024 -2048 -278 ) 
4 308 320 (-1024 -2048 -278 ) (-1024 -2048 -160 ) (-1024 -1024 -160 ) (-1024 -1024 -278 ) 
4 309 332 (0 -2048 -352 ) (0 -2048 -324 ) (-1024 -2048 -324 ) (-1024 -2048 -352 ) 
4 309 321 (-1024 -2048 -352 ) (-1024 -2048 -324 ) (-1024 -1024 -324 ) (-1024 -1024 -352 ) 
4 309 310 (-1024 -2048 -352 ) (-1024 -1024 -352 ) (0 -1024 -352 ) (0 -2048 -352 ) 
4 310 333 (0 -2048 -446.299988 ) (0 -2048 -352 ) (-1024 -2048 -352 ) (-1024 -2048 -446.299988 ) 
4 310 322 (-1024 -2048 -446.299988 ) (-1024 -2048 -352 ) (-1024 -1024 -352 ) (-1024 -1024 -446.299988 ) 
4 311 319 (-1024 -1024 -160 ) (-1024 -1024 462.299988 ) (-2048 -1024 462.299988 ) (-2048 -1024 -160 ) 
4 311 315 (-2048 0 462.299988 ) (-2048 0 -160 ) (-2048 -1024 -160 ) (-2048 -1024 462.299988 ) 
4 311 312 (-2048 -1024 -160 ) (-2048 0 -160 ) (-1024 0 -160 ) (-1024 -1024 -160 ) 
4 312 320 (-1024 -1024 -278 ) (-1024 -1024 -160 ) (-2048 -1024 -160 ) (-2048 -1024 -278 ) 
4 312 316 (-2048 0 -160 ) (-2048 0 -278 ) (-2048 -1024 -278 ) (-2048 -1024 -160 ) 
4 313 321 (-1024 -1024 -352 ) (-1024 -1024 -324 ) (-2048 -1024 -324 ) (-2048 -1024 -352 ) 
4 313 317 (-2048 0 -324 ) (-2048 0 -352 ) (-2048 -1024 -352 ) (-2048 -1024 -324 ) 
4 313 314 (-1024 -1024 -352 ) (-2048 -1024 -352 ) (-2048 0 -352 ) (-1024 0 -352 ) 
4 314 322 (-1024 -1024 -446.299988 ) (-1024 -1024 -352 ) (-2048 -1024 -352 ) (-2048 -1024 -446.299988 ) 
4 314 318 (-2048 0 -352 ) (-2048 0 -446.299988 ) (-2048 -1024 -446.299988 ) (-2048 -1024 -352 ) 
4 315 357 (-3072 0 462.299988 ) (-3072 0 -160 ) (-3072 -1024 -160 ) (-3072 -1024 462.299988 ) 
4 315 323 (-2048 -1024 -160 ) (-2048 -1024 462.299988 ) (-3072 -1024 462.299988 ) (-3072 -1024 -160 ) 
4 315 316 (-2048 -1024 -160 ) (-3072 -1024 -160 ) (-3072 0 -160 ) (-2048 0 -160 ) 
4 316 358 (-3072 0 -160 ) (-3072 0 -278 ) (-3072 -1024 -278 ) (-3072 -1024 -160 ) 
4 316 324 (-2048 -1024 -278 ) (-2048 -1024 -160 ) (-3072 -1024 -160 ) (-3072 -1024 -278 ) 
4 317 359 (-3072 0 -324 ) (-3072 0 -352 ) (-3072 -1024 -352 ) (-3072 -1024 -324 ) 
4 317 325 (-2048 -1024 -352 ) (-2048 -1024 -324 ) (-3072 -1024 -324 ) (-3072 -1024 -352 ) 
4 317 318 (-3072 0 -352 ) (-2048 0 -352 ) (-2048 -1024 -352 ) (-3072 -1024 -352 ) 
4 318 360 (-3072 0 -352 ) (-3072 0 -446.299988 ) (-3072 -1024 -446.299988 ) (-3072 -1024 -352 ) 
4 318 326 (-2048 -1024 -446.299988 ) (-2048 -1024 -352 ) (-3072 -1024 -352 ) (-3072 -1024 -446.299988 ) 
4 319 334 (-1024 -2048 -160 ) (-1024 -2048 462.299988 ) (-2048 -2048 462.299988 ) (-2048 -2048 -160 ) 
4 319 323 (-2048 -1024 462.299988 ) (-2048 -1024 -160 ) (-2048 -2048 -160 ) (-2048 -2048 462.299988 ) 
4 319 320 (-1024 -2048 -160 ) (-2048 -2048 -160 ) (-2048 -1024 -160 ) (-1024 -1024 -160 ) 
4 320 335 (-1024 -2048 -278 ) (-1024 -2048 -160 ) (-2048 -2048 -160 ) (-2048 -2048 -278 ) 
4 320 324 (-2048 -1024 -160 ) (-2048 -1024 -278 ) (-2048 -2048 -278 ) (-2048 -2048 -160 ) 
4 321 336 (-1024 -2048 -352 ) (-1024 -2048 -324 ) (-2048 -2048 -324 ) (-2048 -2048 -352 ) 
4 321 325 (-2048 -1024 -324 ) (-2048 -1024 -352 ) (-2048 -2048 -352 ) (-2048 -2048 -324 ) 
4 321 322 (-2048 -1024 -352 ) (-1024 -1024 -352 ) (-1024 -2048 -352 ) (-2048 -2048 -352 ) 
4 322 337 (-1024 -2048 -446.299988 ) (-1024 -2048 -352 ) (-2048 -2048 -352 ) (-2048 -2048 -446.299988 ) 
4 322 326 (-2048 -1024 -352 ) (-2048 -1024 -446.299988 ) (-2048 -2048 -446.299988 ) (-2048 -2048 -352 ) 
4 323 361 (-3072 -2048 -160 ) (-3072 -2048 462.299988 ) (-3072 -1024 462.299988 ) (-3072 -1024 -160 ) 
4 323 338 (-2048 -2048 -160 ) (-2048 -2048 462.299988 ) (-3072 -2048 462.299988 ) (-3072 -2048 -160 ) 
4 323 324 (-2048 -2048 -160 ) (-3072 -2048 -160 ) (-3072 -1024 -160 ) (-2048 -1024 -160 ) 
4 324 362 (-3072 -2048 -278 ) (-3072 -2048 -160 ) (-3072 -1024 -160 ) (-3072 -1024 -278 ) 
4 324 339 (-2048 -2048 -278 ) (-2048 -2048 -160 ) (-3072 -2048 -160 ) (-3072 -2048 -278 ) 
4 325 363 (-3072 -2048 -352 ) (-3072 -2048 -324 ) (-3072 -1024 -324 ) (-3072 -1024 -352 ) 
4 325 340 (-2048 -2048 -352 ) (-2048 -2048 -324 ) (-3072 -2048 -324 ) (-3072 -2048 -352 ) 
4 325 326 (-2048 -1024 -352 ) (-2048 -2048 -352 ) (-3072 -2048 -352 ) (-3072 -1024 -352 ) 
4 326 364 (-3072 -2048 -446.299988 ) (-3072 -2048 -352 ) (-3072 -1024 -352 ) (-3072 -1024 -446.299988 ) 
4 326 341 (-2048 -2048 -446.299988 ) (-2048 -2048 -352 ) (-3072 -2048 -352 ) (-3072 -2048 -446.299988 ) 
4 327 330 (-320 -2495.989990 -94 ) (-320 -2495.989990 462.299988 ) (-320 -2048 462.299988 ) (-320 -2048 -94 ) 
4 327 329 (-320 -2495.989990 462.299988 ) (-320 -2495.989990 -94 ) (0 -2495.989990 -94 ) (0 -2495.989990 462.299988 ) 
4 328 331 (-320 -2048 -160 ) (0 -2048 -160 ) (0 -2495.989990 -160 ) (-320 -2495.989990 -160 ) 
4 328 329 (-320 -2495.989990 -100 ) (-320 -2495.989990 -160 ) (0 -2495.989990 -160 ) (0 -2495.989990 -100 ) 
4 328 330 (-320 -2048 -160 ) (-320 -2495.989990 -160 ) (-320 -2495.989990 -100 ) (-320 -2048 -100 ) 
4 329 342 (0 -3072 -160 ) (0 -3072 462.299988 ) (-320 -3072 462.299988 ) (-320 -3072 -160 ) 
4 329 331 (0 -2495.989990 -160 ) (0 -3072 -160 ) (-320 -3072 -160 ) (-320 -2495.989990 -160 ) 
4 329 330 (-320 -2495.989990 -160 ) (-320 -3072 -160 ) (-320 -3072 462.299988 ) (-320 -2495.989990 462.299988 ) 
4 330 342 (-320 -3072 462.299988 ) (-1024 -3072 462.299988 ) (-1024 -3072 -160 ) (-320 -3072 -160 ) 
4 330 334 (-1024 -3072 -160 ) (-1024 -3072 462.299988 ) (-1024 -2048 462.299988 ) (-1024 -2048 -160 ) 
4 330 331 (-1024 -3072 -160 ) (-1024 -2048 -160 ) (-320 -2048 -160 ) (-320 -3072 -160 ) 
4 331 343 (0 -3072 -278 ) (0 -3072 -160 ) (-1024 -3072 -160 ) (-1024 -3072 -278 ) 
4 331 335 (-1024 -3072 -278 ) (-1024 -3072 -160 ) (-1024 -2048 -160 ) (-1024 -2048 -278 ) 
4 332 344 (0 -3072 -352 ) (0 -3072 -324 ) (-1024 -3072 -324 ) (-1024 -3072 -352 ) 
4 332 336 (-1024 -3072 -352 ) (-1024 -3072 -324 ) (-1024 -2048 -324 ) (-1024 -2048 -352 ) 
4 332 333 (0 -3072 -352 ) (-1024 -3072 -352 ) (-1024 -2048 -352 ) (0 -2048 -352 ) 
4 333 345 (0 -3072 -446.299988 ) (0 -3072 -352 ) (-1024 -3072 -352 ) (-1024 -3072 -446.299988 ) 
4 333 337 (-1024 -3072 -446.299988 ) (-1024 -3072 -352 ) (-1024 -2048 -352 ) (-1024 -2048 -446.299988 ) 
4 334 347 (-1024 -3072 -160 ) (-1024 -3072 462.299988 ) (-2048 -3072 462.299988 ) (-2048 -3072 -160 ) 
4 334 338 (-2048 -2048 462.299988 ) (-2048 -2048 -160 ) (-2048 -3072 -160 ) (-2048 -3072 462.299988 ) 
4 334 335 (-2048 -3072 -160 ) (-2048 -2048 -160 ) (-1024 -2048 -160 ) (-1024 -3072 -160 ) 
4 335 348 (-1024 -3072 -278 ) (-1024 -3072 -160 ) (-2048 -3072 -160 ) (-2048 -3072 -278 ) 
4 335 339 (-2048 -2048 -160 ) (-2048 -2048 -278 ) (-2048 -3072 -278 ) (-2048 -3072 -160 ) 
4 336 349 (-1024 -3072 -352 ) (-1024 -3072 -324 ) (-2048 -3072 -324 ) (-2048 -3072 -352 ) 
4 336 340 (-2048 -2048 -324 ) (-2048 -2048 -352 ) (-2048 -3072 -352 ) (-2048 -3072 -324 ) 
4 336 337 (-1024 -3072 -352 ) (-2048 -3072 -352 ) (-2048 -2048 -352 ) (-1024 -2048 -352 ) 
4 337 350 (-1024 -3072 -446.299988 ) (-1024 -3072 -352 ) (-2048 -3072 -352 ) (-2048 -3072 -446.299988 ) 
4 337 341 (-2048 -2048 -352 ) (-2048 -2048 -446.299988 ) (-2048 -3072 -446.299988 ) (-2048 -3072 -352 ) 
4 338 375 (-3072 -3072 -160 ) (-3072 -3072 462.299988 ) (-3072 -2048 462.299988 ) (-3072 -2048 -160 ) 
4 338 352 (-3072 -3072 462.299988 ) (-3072 -3072 -160 ) (-2048 -3072 -160 ) (-2048 -3072 462.299988 ) 
4 338 339 (-2048 -3072 -160 ) (-3072 -3072 -160 ) (-3072 -2048 -160 ) (-2048 -2048 -160 ) 
4 339 376 (-3072 -3072 -278 ) (-3072 -3072 -160 ) (-3072 -2048 -160 ) (-3072 -2048 -278 ) 
4 339 353 (-3072 -3072 -160 ) (-3072 -3072 -278 ) (-2048 -3072 -278 ) (-2048 -3072 -160 ) 
4 340 377 (-3072 -3072 -352 ) (-3072 -3072 -324 ) (-3072 -2048 -324 ) (-3072 -2048 -352 ) 
4 340 354 (-3072 -3072 -324 ) (-3072 -3072 -352 ) (-2048 -3072 -352 ) (-2048 -3072 -324 ) 
4 340 341 (-3072 -3072 -352 ) (-3072 -2048 -352 ) (-2048 -2048 -352 ) (-2048 -3072 -352 ) 
4 341 378 (-3072 -3072 -446.299988 ) (-3072 -3072 -352 ) (-3072 -2048 -352 ) (-3072 -2048 -446.299988 ) 
4 341 355 (-3072 -3072 -352 ) (-3072 -3072 -446.299988 ) (-2048 -3072 -446.299988 ) (-2048 -3072 -352 ) 
4 342 347 (-1024 -3072 462.299988 ) (-1024 -3072 -160 ) (-1024 -3584.250000 -160 ) (-1024 -3584.250000 462.299988 ) 
4 342 346 (-1024 -3584.250000 -160 ) (-1024 -3584 -160 ) (0 -3584 -160 ) (0 -3584.250000 -160 ) 
4 342 343 (-1024 -3584 -160 ) (-1024 -3072 -160 ) (0 -3072 -160 ) (0 -3584 -160 ) 
4 343 348 (-1024 -3072 -160 ) (-1024 -3072 -278 ) (-1024 -3584 -278 ) (-1024 -3584 -160 ) 
4 343 346 (0 -3584 -278 ) (0 -3584 -160 ) (-1024 -3584 -160 ) (-1024 -3584 -278 ) 
4 344 349 (-1024 -3072 -324 ) (-1024 -3072 -352 ) (-1024 -3584 -352 ) (-1024 -3584 -324 ) 
4 344 346 (0 -3584 -352 ) (0 -3584 -324 ) (-1024 -3584 -324 ) (-1024 -3584 -352 ) 
4 344 345 (0 -3584 -352 ) (-1024 -3584 -352 ) (-1024 -3072 -352 ) (0 -3072 -352 ) 
4 345 350 (-1024 -3072 -352 ) (-1024 -3072 -446.299988 ) (-1024 -3584 -446.299988 ) (-1024 -3584 -352 ) 
4 345 346 (-1024 -3584 -446.299988 ) (0 -3584 -446.299988 ) (0 -3584 -352 ) (-1024 -3584 -352 ) 
4 346 351 (-1024 -3584 -446.299988 ) (-1024 -3584.250000 -446.299988 ) (-1024 -3584.250000 -160 ) (-1024 -3584 -160 ) 
4 347 352 (-2048 -3072 462.299988 ) (-2048 -3072 -160 ) (-2048 -3584.250000 -160 ) (-2048 -3584.250000 462.299988 ) 
4 347 351 (-2048 -3584.250000 -160 ) (-2048 -3584 -160 ) (-1024 -3584 -160 ) (-1024 -3584.250000 -160 ) 
4 347 348 (-2048 -3584 -160 ) (-2048 -3072 -160 ) (-1024 -3072 -160 ) (-1024 -3584 -160 ) 
4 348 353 (-2048 -3072 -160 ) (-2048 -3072 -278 ) (-2048 -3584 -278 ) (-2048 -3584 -160 ) 
4 348 351 (-1024 -3584 -278 ) (-1024 -3584 -160 ) (-2048 -3584 -160 ) (-2048 -3584 -278 ) 
4 349 354 (-2048 -3072 -324 ) (-2048 -3072 -352 ) (-2048 -3584 -352 ) (-2048 -3584 -324 ) 
4 349 351 (-1024 -3584 -352 ) (-1024 -3584 -324 ) (-2048 -3584 -324 ) (-2048 -3584 -352 ) 
4 349 350 (-1024 -3584 -352 ) (-2048 -3584 -352 ) (-2048 -3072 -352 ) (-1024 -3072 -352 ) 
4 350 355 (-2048 -3072 -352 ) (-2048 -3072 -446.299988 ) (-2048 -3584 -446.299988 ) (-2048 -3584 -352 ) 
4 350 351 (-2048 -3584 -446.299988 ) (-1024 -3584 -446.299988 ) (-1024 -3584 -352 ) (-2048 -3584 -352 ) 
4 351 356 (-2048 -3584 -446.299988 ) (-2048 -3584.250000 -446.299988 ) (-2048 -3584.250000 -160 ) (-2048 -3584 -160 ) 
4 352 384 (-3072 -3584.250000 462.299988 ) (-3072 -3072 462.299988 ) (-3072 -3072 -160 ) (-3072 -3584.250000 -160 ) 
4 352 356 (-3072 -3584.250000 -160 ) (-3072 -3584 -160 ) (-2048 -3584 -160 ) (-2048 -3584.250000 -160 ) 
4 352 353 (-3072 -3584 -160 ) (-3072 -3072 -160 ) (-2048 -3072 -160 ) (-2048 -3584 -160 ) 
4 353 385 (-3072 -3584 -160 ) (-3072 -3072 -160 ) (-3072 -3072 -278 ) (-3072 -3584 -278 ) 
4 353 356 (-2048 -3584 -278 ) (-2048 -3584 -160 ) (-3072 -3584 -160 ) (-3072 -3584 -278 ) 
4 354 386 (-3072 -3072 -324 ) (-3072 -3072 -352 ) (-3072 -3584 -352 ) (-3072 -3584 -324 ) 
4 354 356 (-2048 -3584 -352 ) (-2048 -3584 -324 ) (-3072 -3584 -324 ) (-3072 -3584 -352 ) 
4 354 355 (-2048 -3584 -352 ) (-3072 -3584 -352 ) (-3072 -3072 -352 ) (-2048 -3072 -352 ) 
4 355 387 (-3072 -3072 -352 ) (-3072 -3072 -446.299988 ) (-3072 -3584 -446.299988 ) (-3072 -3584 -352 ) 
4 355 356 (-3072 -3584 -446.299988 ) (-2048 -3584 -446.299988 ) (-2048 -3584 -352 ) (-3072 -3584 -352 ) 
4 356 388 (-3072 -3584.250000 -160 ) (-3072 -3584 -160 ) (-3072 -3584 -446.299988 ) (-3072 -3584.250000 -446.299988 ) 
4 357 365 (-4096 0 462.299988 ) (-4096 0 -160 ) (-4096 -1024 -160 ) (-4096 -1024 462.299988 ) 
4 357 361 (-3072 -1024 -160 ) (-3072 -1024 462.299988 ) (-4096 -1024 462.299988 ) (-4096 -1024 -160 ) 
4 357 358 (-3072 -1024 -160 ) (-4096 -1024 -160 ) (-4096 0 -160 ) (-3072 0 -160 ) 
4 358 366 (-4096 0 -160 ) (-4096 0 -278 ) (-4096 -1024 -278 ) (-4096 -1024 -160 ) 
4 358 362 (-3072 -1024 -278 ) (-3072 -1024 -160 ) (-4096 -1024 -160 ) (-4096 -1024 -278 ) 
4 359 367 (-4096 0 -324 ) (-4096 0 -352 ) (-4096 -1024 -352 ) (-4096 -1024 -324 ) 
4 359 363 (-3072 -1024 -352 ) (-3072 -1024 -324 ) (-4096 -1024 -324 ) (-4096 -1024 -352 ) 
4 359 360 (-4096 -1024 -352 ) (-4096 0 -352 ) (-3072 0 -352 ) (-3072 -1024 -352 ) 
4 360 368 (-4096 0 -352 ) (-4096 0 -446.299988 ) (-4096 -1024 -446.299988 ) (-4096 -1024 -352 ) 
4 360 364 (-3072 -1024 -446.299988 ) (-3072 -1024 -352 ) (-4096 -1024 -352 ) (-4096 -1024 -446.299988 ) 
4 361 375 (-3072 -2048 -160 ) (-3072 -2048 462.299988 ) (-4096 -2048 462.299988 ) (-4096 -2048 -160 ) 
4 361 370 (-4096 -2048 -160 ) (-4096 -2048 462.299988 ) (-4096 -1024 462.299988 ) (-4096 -1024 -160 ) 
4 361 362 (-3072 -2048 -160 ) (-4096 -2048 -160 ) (-4096 -1024 -160 ) (-3072 -1024 -160 ) 
4 362 376 (-3072 -2048 -278 ) (-3072 -2048 -160 ) (-4096 -2048 -160 ) (-4096 -2048 -278 ) 
4 362 371 (-4096 -2048 -278 ) (-4096 -2048 -160 ) (-4096 -1024 -160 ) (-4096 -1024 -278 ) 
4 363 377 (-3072 -2048 -352 ) (-3072 -2048 -324 ) (-4096 -2048 -324 ) (-4096 -2048 -352 ) 
4 363 372 (-4096 -2048 -352 ) (-4096 -2048 -324 ) (-4096 -1024 -324 ) (-4096 -1024 -352 ) 
4 363 364 (-4096 -2048 -352 ) (-4096 -1024 -352 ) (-3072 -1024 -352 ) (-3072 -2048 -352 ) 
4 364 378 (-3072 -2048 -446.299988 ) (-3072 -2048 -352 ) (-4096 -2048 -352 ) (-4096 -2048 -446.299988 ) 
4 364 373 (-4096 -2048 -446.299988 ) (-4096 -2048 -352 ) (-4096 -1024 -352 ) (-4096 -1024 -446.299988 ) 
4 365 370 (-4096 -1024 -160 ) (-4096 -1024 462.299988 ) (-4224.220215 -1024 462.299988 ) (-4224.220215 -1024 -160 ) 
4 365 369 (-4224.220215 0 -160 ) (-4224 0 -160 ) (-4224 -1024 -160 ) (-4224.220215 -1024 -160 ) 
4 365 366 (-4224 0 -160 ) (-4096 0 -160 ) (-4096 -1024 -160 ) (-4224 -1024 -160 ) 
4 366 371 (-4096 -1024 -278 ) (-4096 -1024 -160 ) (-4224 -1024 -160 ) (-4224 -1024 -278 ) 
4 366 369 (-4224 -1024 -278 ) (-4224 -1024 -160 ) (-4224 0 -160 ) (-4224 0 -278 ) 
4 367 372 (-4096 -1024 -352 ) (-4096 -1024 -324 ) (-4224 -1024 -324 ) (-4224 -1024 -352 ) 
4 367 369 (-4224 -1024 -352 ) (-4224 -1024 -324 ) (-4224 0 -324 ) (-4224 0 -352 ) 
4 367 368 (-4224 -1024 -352 ) (-4224 0 -352 ) (-4096 0 -352 ) (-4096 -1024 -352 ) 
4 368 373 (-4096 -1024 -446.299988 ) (-4096 -1024 -352 ) (-4224 -1024 -352 ) (-4224 -1024 -446.299988 ) 
4 368 369 (-4224 0 -446.299988 ) (-4224 -1024 -446.299988 ) (-4224 -1024 -352 ) (-4224 0 -352 ) 
4 369 374 (-4224 -1024 -160 ) (-4224.220215 -1024 -160 ) (-4224.220215 -1024 -446.299988 ) (-4224 -1024 -446.299988 ) 
4 370 379 (-4096 -2048 -160 ) (-4096 -2048 462.299988 ) (-4224.220215 -2048 462.299988 ) (-4224.220215 -2048 -160 ) 
4 370 374 (-4224 -2048 -160 ) (-4224.220215 -2048 -160 ) (-4224.220215 -1024 -160 ) (-4224 -1024 -160 ) 
4 370 371 (-4096 -2048 -160 ) (-4224 -2048 -160 ) (-4224 -1024 -160 ) (-4096 -1024 -160 ) 
4 371 380 (-4096 -2048 -278 ) (-4096 -2048 -160 ) (-4224 -2048 -160 ) (-4224 -2048 -278 ) 
4 371 374 (-4224 -2048 -278 ) (-4224 -2048 -160 ) (-4224 -1024 -160 ) (-4224 -1024 -278 ) 
4 372 381 (-4096 -2048 -352 ) (-4096 -2048 -324 ) (-4224 -2048 -324 ) (-4224 -2048 -352 ) 
4 372 374 (-4224 -2048 -352 ) (-4224 -2048 -324 ) (-4224 -1024 -324 ) (-4224 -1024 -352 ) 
4 372 373 (-4096 -2048 -352 ) (-4224 -2048 -352 ) (-4224 -1024 -352 ) (-4096 -1024 -352 ) 
4 373 382 (-4096 -2048 -446.299988 ) (-4096 -2048 -352 ) (-4224 -2048 -352 ) (-4224 -2048 -446.299988 ) 
4 373 374 (-4224 -1024 -446.299988 ) (-4224 -2048 -446.299988 ) (-4224 -2048 -352 ) (-4224 -1024 -352 ) 
4 374 383 (-4224 -2048 -160 ) (-4224.220215 -2048 -160 ) (-4224.220215 -2048 -446.299988 ) (-4224 -2048 -446.299988 ) 
4 375 384 (-3072 -3072 -160 ) (-3072 -3072 462.299988 ) (-4096 -3072 462.299988 ) (-4096 -3072 -160 ) 
4 375 379 (-4096 -3072 -160 ) (-4096 -3072 462.299988 ) (-4096 -2048 462.299988 ) (-4096 -2048 -160 ) 
4 375 376 (-4096 -3072 -160 ) (-4096 -2048 -160 ) (-3072 -2048 -160 ) (-3072 -3072 -160 ) 
4 376 385 (-3072 -3072 -278 ) (-3072 -3072 -160 ) (-4096 -3072 -160 ) (-4096 -3072 -278 ) 
4 376 380 (-4096 -3072 -278 ) (-4096 -3072 -160 ) (-4096 -2048 -160 ) (-4096 -2048 -278 ) 
4 377 386 (-3072 -3072 -352 ) (-3072 -3072 -324 ) (-4096 -3072 -324 ) (-4096 -3072 -352 ) 
4 377 381 (-4096 -3072 -352 ) (-4096 -3072 -324 ) (-4096 -2048 -324 ) (-4096 -2048 -352 ) 
4 377 378 (-3072 -3072 -352 ) (-4096 -3072 -352 ) (-4096 -2048 -352 ) (-3072 -2048 -352 ) 
4 378 387 (-3072 -3072 -446.299988 ) (-3072 -3072 -352 ) (-4096 -3072 -352 ) (-4096 -3072 -446.299988 ) 
4 378 382 (-4096 -3072 -446.299988 ) (-4096 -3072 -352 ) (-4096 -2048 -352 ) (-4096 -2048 -446.299988 ) 
4 379 389 (-4096 -3072 -160 ) (-4096 -3072 462.299988 ) (-4224.220215 -3072 462.299988 ) (-4224.220215 -3072 -160 ) 
4 379 383 (-4224.220215 -2048 -160 ) (-4224 -2048 -160 ) (-4224 -3072 -160 ) (-4224.220215 -3072 -160 ) 
4 379 380 (-4224 -2048 -160 ) (-4096 -2048 -160 ) (-4096 -3072 -160 ) (-4224 -3072 -160 ) 
4 380 390 (-4096 -3072 -278 ) (-4096 -3072 -160 ) (-4224 -3072 -160 ) (-4224 -3072 -278 ) 
4 380 383 (-4224 -3072 -278 ) (-4224 -3072 -160 ) (-4224 -2048 -160 ) (-4224 -2048 -278 ) 
4 381 391 (-4096 -3072 -352 ) (-4096 -3072 -324 ) (-4224 -3072 -324 ) (-4224 -3072 -352 ) 
4 381 383 (-4224 -3072 -352 ) (-4224 -3072 -324 ) (-4224 -2048 -324 ) (-4224 -2048 -352 ) 
4 381 382 (-4224 -3072 -352 ) (-4224 -2048 -352 ) (-4096 -2048 -352 ) (-4096 -3072 -352 ) 
4 382 392 (-4096 -3072 -446.299988 ) (-4096 -3072 -352 ) (-4224 -3072 -352 ) (-4224 -3072 -446.299988 ) 
4 382 383 (-4224 -2048 -446.299988 ) (-4224 -3072 -446.299988 ) (-4224 -3072 -352 ) (-4224 -2048 -352 ) 
4 383 393 (-4224 -3072 -160 ) (-4224.220215 -3072 -160 ) (-4224.220215 -3072 -446.299988 ) (-4224 -3072 -446.299988 ) 
4 384 389 (-4096 -3072 462.299988 ) (-4096 -3072 -160 ) (-4096 -3584.250000 -160 ) (-4096 -3584.250000 462.299988 ) 
4 384 388 (-4096 -3584.250000 -160 ) (-4096 -3584 -160 ) (-3072 -3584 -160 ) (-3072 -3584.250000 -160 ) 
4 384 385 (-4096 -3584 -160 ) (-4096 -3072 -160 ) (-3072 -3072 -160 ) (-3072 -3584 -160 ) 
4 385 390 (-4096 -3072 -160 ) (-4096 -3072 -278 ) (-4096 -3584 -278 ) (-4096 -3584 -160 ) 
4 385 388 (-3072 -3584 -278 ) (-3072 -3584 -160 ) (-4096 -3584 -160 ) (-4096 -3584 -278 ) 
4 386 391 (-4096 -3072 -324 ) (-4096 -3072 -352 ) (-4096 -3584 -352 ) (-4096 -3584 -324 ) 
4 386 388 (-3072 -3584 -352 ) (-3072 -3584 -324 ) (-4096 -3584 -324 ) (-4096 -3584 -352 ) 
4 386 387 (-3072 -3584 -352 ) (-4096 -3584 -352 ) (-4096 -3072 -352 ) (-3072 -3072 -352 ) 
4 387 392 (-4096 -3072 -352 ) (-4096 -3072 -446.299988 ) (-4096 -3584 -446.299988 ) (-4096 -3584 -352 ) 
4 387 388 (-4096 -3584 -446.299988 ) (-3072 -3584 -446.299988 ) (-3072 -3584 -352 ) (-4096 -3584 -352 ) 
4 388 394 (-4096 -3584 -446.299988 ) (-4096 -3584.250000 -446.299988 ) (-4096 -3584.250000 -160 ) (-4096 -3584 -160 ) 
4 389 394 (-4096 -3584 -160 ) (-4096 -3584.250000 -160 ) (-4224.220215 -3584.250000 -160 ) (-4224.220215 -3584 -160 ) 
4 389 390 (-4224 -3072 -160 ) (-4096 -3072 -160 ) (-4096 -3584 -160 ) (-4224 -3584 -160 ) 
4 389 393 (-4224.220215 -3072 -160 ) (-4224 -3072 -160 ) (-4224 -3584 -160 ) (-4224.220215 -3584 -160 ) 
4 390 394 (-4096 -3584 -278 ) (-4096 -3584 -160 ) (-4224 -3584 -160 ) (-4224 -3584 -278 ) 
4 390 393 (-4224 -3584 -278 ) (-4224 -3584 -160 ) (-4224 -3072 -160 ) (-4224 -3072 -278 ) 
4 391 394 (-4096 -3584 -352 ) (-4096 -3584 -324 ) (-4224 -3584 -324 ) (-4224 -3584 -352 ) 
4 391 393 (-4224 -3584 -352 ) (-4224 -3584 -324 ) (-4224 -3072 -324 ) (-4224 -3072 -352 ) 
4 391 392 (-4096 -3584 -352 ) (-4224 -3584 -352 ) (-4224 -3072 -352 ) (-4096 -3072 -352 ) 
4 392 394 (-4224 -3584 -446.299988 ) (-4096 -3584 -446.299988 ) (-4096 -3584 -352 ) (-4224 -3584 -352 ) 
4 392 393 (-4224 -3072 -446.299988 ) (-4224 -3584 -446.299988 ) (-4224 -3584 -352 ) (-4224 -3072 -352 ) 
4 393 394 (-4224.220215 -3584 -160 ) (-4224.220215 -3584 -446.299988 ) (-4224 -3584 -446.299988 ) (-4224 -3584 -160 ) 
